 Represent3

 Timestamp is 5f7d65d9 (Wed Oct 07 13:53:13 2020)

 Preferred load address is 10000000

 Start         Length     Name                   Class
 0001:00000000 000ae8daH .text                   CODE
 0001:000ae8e0 00000388H .text$x                 CODE
 0002:00000000 00000284H .idata$5                DATA
 0002:00000290 00016c70H .rdata                  DATA
 0002:00016f00 00000598H .xdata$x                DATA
 0002:00017498 000000dcH .idata$2                DATA
 0002:00017574 00000014H .idata$3                DATA
 0002:00017588 00000284H .idata$4                DATA
 0002:0001780c 00000a56H .idata$6                DATA
 0002:00018270 0000007dH .edata                  DATA
 0003:00000000 00000004H .CRT$XCA                DATA
 0003:00000004 00000008H .CRT$XCU                DATA
 0003:0000000c 00000004H .CRT$XCZ                DATA
 0003:00000010 00000004H .CRT$XIA                DATA
 0003:00000014 00000004H .CRT$XIZ                DATA
 0003:00000040 0000a300H .data                   DATA
 0003:0000a340 00002670H .bss                    DATA

  Address         Publics by Value              Rva+Base     Lib:Object

 0001:0000005b       ?CreateDevice@CD3D_Device@@QAE_NPAUD3DAdapterInfo@@PAUD3DDeviceInfo@@PAUD3DModeInfo@@@Z 1000105b f   D3D_Device.obj
 0001:000001df       ?SetMode@CD3D_Device@@QAE_NPAUD3DModeInfo@@@Z 100011df f   D3D_Device.obj
 0001:00000270       ?ResetDevice@CD3D_Device@@QAE_NXZ 10001270 f   D3D_Device.obj
 0001:000002c4       ?FreeDevice@CD3D_Device@@QAEXXZ 100012c4 f   D3D_Device.obj
 0001:00000317       ?ReleaseDevObjects@CD3D_Device@@QAE_NXZ 10001317 f   D3D_Device.obj
 0001:0000032b       ?RestoreDevObjects@CD3D_Device@@QAE_NXZ 1000132b f   D3D_Device.obj
 0001:0000033f       ?ResetDeviceVars@CD3D_Device@@QAEXXZ 1000133f f   D3D_Device.obj
 0001:00000395       ?Reset@CD3D_Device@@QAEXXZ 10001395 f   D3D_Device.obj
 0001:000003ed       ?FreeAll@CD3D_Device@@QAEXXZ 100013ed f   D3D_Device.obj
 0001:00000419       ?SetPresentationParams@CD3D_Device@@AAEXAAU_D3DPRESENT_PARAMETERS_@@PAUD3DModeInfo@@@Z 10001419 f   D3D_Device.obj
 0001:0000050b       ?GetDefaultMultiSampleType@CD3D_Device@@AAE?AW4_D3DMULTISAMPLE_TYPE@@I@Z 1000150b f   D3D_Device.obj
 0001:000005aa       ?SetDefaultRenderStates@CD3D_Device@@QAEXXZ 100015aa f   D3D_Device.obj
 0001:00000afd       ?SetupViewport@CD3D_Device@@QAEXIIIIMM@Z 10001afd f   D3D_Device.obj
 0001:00000c74       ?Start3D@CD3D_Device@@SA_NXZ 10001c74 f   D3D_Device.obj
 0001:00000cdd       ?End3D@CD3D_Device@@SA_NXZ 10001cdd f   D3D_Device.obj
 0001:00000d43       ?IsIn3D@CD3D_Device@@SA_NXZ 10001d43 f   D3D_Device.obj
 0001:00000d4d       ?ListDeviceCaps@CD3D_Device@@QAEXXZ 10001d4d f   D3D_Device.obj
 0001:00000f00       ??0CD3D_Device@@QAE@XZ     10001f00 f i D3D_Device.obj
 0001:00000f30       ??1CD3D_Device@@QAE@XZ     10001f30 f i D3D_Device.obj
 0001:00000fbb       ?Create@CD3D_Shell@@QAE_NXZ 10001fbb f   D3D_Shell.obj
 0001:0000104a       ?Reset@CD3D_Shell@@QAEXXZ  1000204a f   D3D_Shell.obj
 0001:0000107a       ?FreeAll@CD3D_Shell@@QAEXXZ 1000207a f   D3D_Shell.obj
 0001:000010cd       ?BuildDeviceList@CD3D_Shell@@QAE_NXZ 100020cd f   D3D_Shell.obj
 0001:00001920       ?PickDefaultDev@CD3D_Shell@@QAEPAUD3DDeviceInfo@@PAPAUD3DAdapterInfo@@@Z 10002920 f   D3D_Shell.obj
 0001:00001a08       ?PickDefaultMode@CD3D_Shell@@QAEPAUD3DModeInfo@@PAUD3DDeviceInfo@@I@Z 10002a08 f   D3D_Shell.obj
 0001:00001b19       ?ListDevices@CD3D_Shell@@QAEXXZ 10002b19 f   D3D_Shell.obj
 0001:00001bc9       ?FindDevice@CD3D_Shell@@QAEPAUD3DDeviceInfo@@PBDPAPAUD3DAdapterInfo@@@Z 10002bc9 f   D3D_Shell.obj
 0001:00001c81       ?GetAdapterInfo@CD3D_Shell@@QAEPAUD3DAdapterInfo@@I@Z 10002c81 f   D3D_Shell.obj
 0001:00001cc2       ?GetDeviceInfo@CD3D_Shell@@QAEPAUD3DDeviceInfo@@II@Z 10002cc2 f   D3D_Shell.obj
 0001:00001d27       ?GetModeInfo@CD3D_Shell@@QAEPAUD3DModeInfo@@III@Z 10002d27 f   D3D_Shell.obj
 0001:00001d90       ??0CD3D_Shell@@QAE@XZ      10002d90 f i D3D_Shell.obj
 0001:00001e00       ??1CD3D_Shell@@QAE@XZ      10002e00 f i D3D_Shell.obj
 0001:00001e60       ??0D3DAdapterInfo@@QAE@XZ  10002e60 f i D3D_Shell.obj
 0001:00001ea0       ??1D3DAdapterInfo@@QAE@XZ  10002ea0 f i D3D_Shell.obj
 0001:00001ed0       ??0D3DDeviceInfo@@QAE@XZ   10002ed0 f i D3D_Shell.obj
 0001:00001f10       ??1D3DDeviceInfo@@QAE@XZ   10002f10 f i D3D_Shell.obj
 0001:00001f40       ??0?$vector@UD3DDeviceInfo@@V?$allocator@UD3DDeviceInfo@@@std@@@std@@QAE@ABV?$allocator@UD3DDeviceInfo@@@1@@Z 10002f40 f i D3D_Shell.obj
 0001:00001f80       ??1?$vector@UD3DDeviceInfo@@V?$allocator@UD3DDeviceInfo@@@std@@@std@@QAE@XZ 10002f80 f i D3D_Shell.obj
 0001:00002000       ?begin@?$vector@UD3DDeviceInfo@@V?$allocator@UD3DDeviceInfo@@@std@@@std@@QAEPAUD3DDeviceInfo@@XZ 10003000 f i D3D_Shell.obj
 0001:00002020       ?end@?$vector@UD3DDeviceInfo@@V?$allocator@UD3DDeviceInfo@@@std@@@std@@QAEPAUD3DDeviceInfo@@XZ 10003020 f i D3D_Shell.obj
 0001:00002040       ?size@?$vector@UD3DDeviceInfo@@V?$allocator@UD3DDeviceInfo@@@std@@@std@@QBEIXZ 10003040 f i D3D_Shell.obj
 0001:00002090       ??A?$vector@UD3DDeviceInfo@@V?$allocator@UD3DDeviceInfo@@@std@@@std@@QAEAAUD3DDeviceInfo@@I@Z 10003090 f i D3D_Shell.obj
 0001:000020d0       ?push_back@?$vector@UD3DDeviceInfo@@V?$allocator@UD3DDeviceInfo@@@std@@@std@@QAEXABUD3DDeviceInfo@@@Z 100030d0 f i D3D_Shell.obj
 0001:00002110       ??0?$vector@UD3DModeInfo@@V?$allocator@UD3DModeInfo@@@std@@@std@@QAE@ABV?$allocator@UD3DModeInfo@@@1@@Z 10003110 f i D3D_Shell.obj
 0001:00002150       ??1?$vector@UD3DModeInfo@@V?$allocator@UD3DModeInfo@@@std@@@std@@QAE@XZ 10003150 f i D3D_Shell.obj
 0001:000021c0       ?begin@?$vector@UD3DModeInfo@@V?$allocator@UD3DModeInfo@@@std@@@std@@QAEPAUD3DModeInfo@@XZ 100031c0 f i D3D_Shell.obj
 0001:000021e0       ?end@?$vector@UD3DModeInfo@@V?$allocator@UD3DModeInfo@@@std@@@std@@QAEPAUD3DModeInfo@@XZ 100031e0 f i D3D_Shell.obj
 0001:00002200       ?size@?$vector@UD3DModeInfo@@V?$allocator@UD3DModeInfo@@@std@@@std@@QBEIXZ 10003200 f i D3D_Shell.obj
 0001:00002250       ??A?$vector@UD3DModeInfo@@V?$allocator@UD3DModeInfo@@@std@@@std@@QAEAAUD3DModeInfo@@I@Z 10003250 f i D3D_Shell.obj
 0001:00002280       ?push_back@?$vector@UD3DModeInfo@@V?$allocator@UD3DModeInfo@@@std@@@std@@QAEXABUD3DModeInfo@@@Z 10003280 f i D3D_Shell.obj
 0001:000022c0       ??0?$vector@UD3DAdapterInfo@@V?$allocator@UD3DAdapterInfo@@@std@@@std@@QAE@ABV?$allocator@UD3DAdapterInfo@@@1@@Z 100032c0 f i D3D_Shell.obj
 0001:00002300       ??1?$vector@UD3DAdapterInfo@@V?$allocator@UD3DAdapterInfo@@@std@@@std@@QAE@XZ 10003300 f i D3D_Shell.obj
 0001:00002380       ?begin@?$vector@UD3DAdapterInfo@@V?$allocator@UD3DAdapterInfo@@@std@@@std@@QAEPAUD3DAdapterInfo@@XZ 10003380 f i D3D_Shell.obj
 0001:000023a0       ?end@?$vector@UD3DAdapterInfo@@V?$allocator@UD3DAdapterInfo@@@std@@@std@@QAEPAUD3DAdapterInfo@@XZ 100033a0 f i D3D_Shell.obj
 0001:000023c0       ?size@?$vector@UD3DAdapterInfo@@V?$allocator@UD3DAdapterInfo@@@std@@@std@@QBEIXZ 100033c0 f i D3D_Shell.obj
 0001:00002410       ??A?$vector@UD3DAdapterInfo@@V?$allocator@UD3DAdapterInfo@@@std@@@std@@QAEAAUD3DAdapterInfo@@I@Z 10003410 f i D3D_Shell.obj
 0001:00002450       ?push_back@?$vector@UD3DAdapterInfo@@V?$allocator@UD3DAdapterInfo@@@std@@@std@@QAEXABUD3DAdapterInfo@@@Z 10003450 f i D3D_Shell.obj
 0001:00002490       ?clear@?$vector@UD3DAdapterInfo@@V?$allocator@UD3DAdapterInfo@@@std@@@std@@QAEXXZ 10003490 f i D3D_Shell.obj
 0001:000024d0       ??0?$vector@W4_D3DFORMAT@@V?$allocator@W4_D3DFORMAT@@@std@@@std@@QAE@ABV?$allocator@W4_D3DFORMAT@@@1@@Z 100034d0 f i D3D_Shell.obj
 0001:00002510       ??1?$vector@W4_D3DFORMAT@@V?$allocator@W4_D3DFORMAT@@@std@@@std@@QAE@XZ 10003510 f i D3D_Shell.obj
 0001:00002580       ?size@?$vector@W4_D3DFORMAT@@V?$allocator@W4_D3DFORMAT@@@std@@@std@@QBEIXZ 10003580 f i D3D_Shell.obj
 0001:000025d0       ??A?$vector@W4_D3DFORMAT@@V?$allocator@W4_D3DFORMAT@@@std@@@std@@QAEAAW4_D3DFORMAT@@I@Z 100035d0 f i D3D_Shell.obj
 0001:00002600       ?push_back@?$vector@W4_D3DFORMAT@@V?$allocator@W4_D3DFORMAT@@@std@@@std@@QAEXABW4_D3DFORMAT@@@Z 10003600 f i D3D_Shell.obj
 0001:00002640       ??0?$vector@_NV?$allocator@_N@std@@@std@@QAE@ABV?$allocator@_N@1@@Z 10003640 f i D3D_Shell.obj
 0001:00002680       ??1?$vector@_NV?$allocator@_N@std@@@std@@QAE@XZ 10003680 f i D3D_Shell.obj
 0001:000026f0       ??A?$vector@_NV?$allocator@_N@std@@@std@@QAEAA_NI@Z 100036f0 f i D3D_Shell.obj
 0001:00002720       ?push_back@?$vector@_NV?$allocator@_N@std@@@std@@QAEXAB_N@Z 10003720 f i D3D_Shell.obj
 0001:00002760       ?insert@?$vector@UD3DDeviceInfo@@V?$allocator@UD3DDeviceInfo@@@std@@@std@@QAEPAUD3DDeviceInfo@@PAU3@ABU3@@Z 10003760 f i D3D_Shell.obj
 0001:000027d0       ?_Destroy@?$vector@UD3DDeviceInfo@@V?$allocator@UD3DDeviceInfo@@@std@@@std@@IAEXPAUD3DDeviceInfo@@0@Z 100037d0 f i D3D_Shell.obj
 0001:00002820       ?deallocate@?$allocator@UD3DDeviceInfo@@@std@@QAEXPAXI@Z 10003820 f i D3D_Shell.obj
 0001:00002850       ?insert@?$vector@UD3DModeInfo@@V?$allocator@UD3DModeInfo@@@std@@@std@@QAEPAUD3DModeInfo@@PAU3@ABU3@@Z 10003850 f i D3D_Shell.obj
 0001:000028b0       ?_Destroy@?$vector@UD3DModeInfo@@V?$allocator@UD3DModeInfo@@@std@@@std@@IAEXPAUD3DModeInfo@@0@Z 100038b0 f i D3D_Shell.obj
 0001:000028f0       ?deallocate@?$allocator@UD3DModeInfo@@@std@@QAEXPAXI@Z 100038f0 f i D3D_Shell.obj
 0001:00002920       ?insert@?$vector@UD3DAdapterInfo@@V?$allocator@UD3DAdapterInfo@@@std@@@std@@QAEPAUD3DAdapterInfo@@PAU3@ABU3@@Z 10003920 f i D3D_Shell.obj
 0001:00002990       ?erase@?$vector@UD3DAdapterInfo@@V?$allocator@UD3DAdapterInfo@@@std@@@std@@QAEPAUD3DAdapterInfo@@PAU3@0@Z 10003990 f i D3D_Shell.obj
 0001:00002a00       ?_Destroy@?$vector@UD3DAdapterInfo@@V?$allocator@UD3DAdapterInfo@@@std@@@std@@IAEXPAUD3DAdapterInfo@@0@Z 10003a00 f i D3D_Shell.obj
 0001:00002a50       ?deallocate@?$allocator@UD3DAdapterInfo@@@std@@QAEXPAXI@Z 10003a50 f i D3D_Shell.obj
 0001:00002a80       ?begin@?$vector@W4_D3DFORMAT@@V?$allocator@W4_D3DFORMAT@@@std@@@std@@QAEPAW4_D3DFORMAT@@XZ 10003a80 f i D3D_Shell.obj
 0001:00002aa0       ?end@?$vector@W4_D3DFORMAT@@V?$allocator@W4_D3DFORMAT@@@std@@@std@@QAEPAW4_D3DFORMAT@@XZ 10003aa0 f i D3D_Shell.obj
 0001:00002ac0       ?insert@?$vector@W4_D3DFORMAT@@V?$allocator@W4_D3DFORMAT@@@std@@@std@@QAEPAW4_D3DFORMAT@@PAW43@ABW43@@Z 10003ac0 f i D3D_Shell.obj
 0001:00002b20       ?_Destroy@?$vector@W4_D3DFORMAT@@V?$allocator@W4_D3DFORMAT@@@std@@@std@@IAEXPAW4_D3DFORMAT@@0@Z 10003b20 f i D3D_Shell.obj
 0001:00002b60       ?deallocate@?$allocator@W4_D3DFORMAT@@@std@@QAEXPAXI@Z 10003b60 f i D3D_Shell.obj
 0001:00002b90       ?begin@?$vector@_NV?$allocator@_N@std@@@std@@QAEPA_NXZ 10003b90 f i D3D_Shell.obj
 0001:00002bb0       ?end@?$vector@_NV?$allocator@_N@std@@@std@@QAEPA_NXZ 10003bb0 f i D3D_Shell.obj
 0001:00002bd0       ?insert@?$vector@_NV?$allocator@_N@std@@@std@@QAEPA_NPA_NAB_N@Z 10003bd0 f i D3D_Shell.obj
 0001:00002c30       ?_Destroy@?$vector@_NV?$allocator@_N@std@@@std@@IAEXPA_N0@Z 10003c30 f i D3D_Shell.obj
 0001:00002c70       ?deallocate@?$allocator@_N@std@@QAEXPAXI@Z 10003c70 f i D3D_Shell.obj
 0001:00002ca0       ?insert@?$vector@UD3DDeviceInfo@@V?$allocator@UD3DDeviceInfo@@@std@@@std@@QAEXPAUD3DDeviceInfo@@IABU3@@Z 10003ca0 f i D3D_Shell.obj
 0001:00002f20       ?destroy@?$allocator@UD3DDeviceInfo@@@std@@QAEXPAUD3DDeviceInfo@@@Z 10003f20 f i D3D_Shell.obj
 0001:00002f50       ?insert@?$vector@UD3DModeInfo@@V?$allocator@UD3DModeInfo@@@std@@@std@@QAEXPAUD3DModeInfo@@IABU3@@Z 10003f50 f i D3D_Shell.obj
 0001:000031a0       ?destroy@?$allocator@UD3DModeInfo@@@std@@QAEXPAUD3DModeInfo@@@Z 100041a0 f i D3D_Shell.obj
 0001:000031d0       ?insert@?$vector@UD3DAdapterInfo@@V?$allocator@UD3DAdapterInfo@@@std@@@std@@QAEXPAUD3DAdapterInfo@@IABU3@@Z 100041d0 f i D3D_Shell.obj
 0001:00003450       ?destroy@?$allocator@UD3DAdapterInfo@@@std@@QAEXPAUD3DAdapterInfo@@@Z 10004450 f i D3D_Shell.obj
 0001:00003480       ?insert@?$vector@W4_D3DFORMAT@@V?$allocator@W4_D3DFORMAT@@@std@@@std@@QAEXPAW4_D3DFORMAT@@IABW43@@Z 10004480 f i D3D_Shell.obj
 0001:000036c0       ?destroy@?$allocator@W4_D3DFORMAT@@@std@@QAEXPAW4_D3DFORMAT@@@Z 100046c0 f i D3D_Shell.obj
 0001:000036f0       ?insert@?$vector@_NV?$allocator@_N@std@@@std@@QAEXPA_NIAB_N@Z 100046f0 f i D3D_Shell.obj
 0001:00003900       ?destroy@?$allocator@_N@std@@QAEXPA_N@Z 10004900 f i D3D_Shell.obj
 0001:00003930       ?_Ucopy@?$vector@UD3DDeviceInfo@@V?$allocator@UD3DDeviceInfo@@@std@@@std@@IAEPAUD3DDeviceInfo@@PBU3@0PAU3@@Z 10004930 f i D3D_Shell.obj
 0001:00003990       ?_Ufill@?$vector@UD3DDeviceInfo@@V?$allocator@UD3DDeviceInfo@@@std@@@std@@IAEXPAUD3DDeviceInfo@@IABU3@@Z 10004990 f i D3D_Shell.obj
 0001:000039e0       ?allocate@?$allocator@UD3DDeviceInfo@@@std@@QAEPAUD3DDeviceInfo@@IPBX@Z 100049e0 f i D3D_Shell.obj
 0001:00003a10       ?_Ucopy@?$vector@UD3DModeInfo@@V?$allocator@UD3DModeInfo@@@std@@@std@@IAEPAUD3DModeInfo@@PBU3@0PAU3@@Z 10004a10 f i D3D_Shell.obj
 0001:00003a60       ?_Ufill@?$vector@UD3DModeInfo@@V?$allocator@UD3DModeInfo@@@std@@@std@@IAEXPAUD3DModeInfo@@IABU3@@Z 10004a60 f i D3D_Shell.obj
 0001:00003ab0       ?allocate@?$allocator@UD3DModeInfo@@@std@@QAEPAUD3DModeInfo@@IPBX@Z 10004ab0 f i D3D_Shell.obj
 0001:00003ae0       ?_Ucopy@?$vector@UD3DAdapterInfo@@V?$allocator@UD3DAdapterInfo@@@std@@@std@@IAEPAUD3DAdapterInfo@@PBU3@0PAU3@@Z 10004ae0 f i D3D_Shell.obj
 0001:00003b40       ?_Ufill@?$vector@UD3DAdapterInfo@@V?$allocator@UD3DAdapterInfo@@@std@@@std@@IAEXPAUD3DAdapterInfo@@IABU3@@Z 10004b40 f i D3D_Shell.obj
 0001:00003b90       ?allocate@?$allocator@UD3DAdapterInfo@@@std@@QAEPAUD3DAdapterInfo@@IPBX@Z 10004b90 f i D3D_Shell.obj
 0001:00003bc0       ?_Ucopy@?$vector@W4_D3DFORMAT@@V?$allocator@W4_D3DFORMAT@@@std@@@std@@IAEPAW4_D3DFORMAT@@PBW43@0PAW43@@Z 10004bc0 f i D3D_Shell.obj
 0001:00003c10       ?_Ufill@?$vector@W4_D3DFORMAT@@V?$allocator@W4_D3DFORMAT@@@std@@@std@@IAEXPAW4_D3DFORMAT@@IABW43@@Z 10004c10 f i D3D_Shell.obj
 0001:00003c60       ?allocate@?$allocator@W4_D3DFORMAT@@@std@@QAEPAW4_D3DFORMAT@@IPBX@Z 10004c60 f i D3D_Shell.obj
 0001:00003c90       ?size@?$vector@_NV?$allocator@_N@std@@@std@@QBEIXZ 10004c90 f i D3D_Shell.obj
 0001:00003cd0       ?_Ucopy@?$vector@_NV?$allocator@_N@std@@@std@@IAEPA_NPB_N0PA_N@Z 10004cd0 f i D3D_Shell.obj
 0001:00003d20       ?_Ufill@?$vector@_NV?$allocator@_N@std@@@std@@IAEXPA_NIAB_N@Z 10004d20 f i D3D_Shell.obj
 0001:00003d70       ?allocate@?$allocator@_N@std@@QAEPA_NIPBX@Z 10004d70 f i D3D_Shell.obj
 0001:00003da0       ?construct@?$allocator@UD3DDeviceInfo@@@std@@QAEXPAUD3DDeviceInfo@@ABU3@@Z 10004da0 f i D3D_Shell.obj
 0001:00003dd0       ?construct@?$allocator@UD3DModeInfo@@@std@@QAEXPAUD3DModeInfo@@ABU3@@Z 10004dd0 f i D3D_Shell.obj
 0001:00003e00       ?construct@?$allocator@UD3DAdapterInfo@@@std@@QAEXPAUD3DAdapterInfo@@ABU3@@Z 10004e00 f i D3D_Shell.obj
 0001:00003e30       ?construct@?$allocator@W4_D3DFORMAT@@@std@@QAEXPAW4_D3DFORMAT@@ABW43@@Z 10004e30 f i D3D_Shell.obj
 0001:00003e60       ?construct@?$allocator@_N@std@@QAEXPA_NAB_N@Z 10004e60 f i D3D_Shell.obj
 0001:00003e90       ?sort@std@@YAXPAUD3DModeInfo@@0@Z 10004e90 f i D3D_Shell.obj
 0001:00003ec0       ?copy@std@@YAPAUD3DAdapterInfo@@PAU2@00@Z 10004ec0 f i D3D_Shell.obj
 0001:00003f00       ?fill@std@@YAXPAUD3DDeviceInfo@@0ABU2@@Z 10004f00 f i D3D_Shell.obj
 0001:00003f30       ?copy_backward@std@@YAPAUD3DDeviceInfo@@PAU2@00@Z 10004f30 f i D3D_Shell.obj
 0001:00003f70       ?_Destroy@std@@YAXPAUD3DDeviceInfo@@@Z 10004f70 f i D3D_Shell.obj
 0001:00003f90       ?fill@std@@YAXPAUD3DModeInfo@@0ABU2@@Z 10004f90 f i D3D_Shell.obj
 0001:00003fd0       ?copy_backward@std@@YAPAUD3DModeInfo@@PAU2@00@Z 10004fd0 f i D3D_Shell.obj
 0001:00004010       ?_Destroy@std@@YAXPAUD3DModeInfo@@@Z 10005010 f i D3D_Shell.obj
 0001:00004020       ?fill@std@@YAXPAUD3DAdapterInfo@@0ABU2@@Z 10005020 f i D3D_Shell.obj
 0001:00004050       ?copy_backward@std@@YAPAUD3DAdapterInfo@@PAU2@00@Z 10005050 f i D3D_Shell.obj
 0001:00004090       ?_Destroy@std@@YAXPAUD3DAdapterInfo@@@Z 10005090 f i D3D_Shell.obj
 0001:000040b0       ?fill@std@@YAXPAW4_D3DFORMAT@@0ABW42@@Z 100050b0 f i D3D_Shell.obj
 0001:000040e0       ?copy_backward@std@@YAPAW4_D3DFORMAT@@PAW42@00@Z 100050e0 f i D3D_Shell.obj
 0001:00004110       ?_Destroy@std@@YAXPAW4_D3DFORMAT@@@Z 10005110 f i D3D_Shell.obj
 0001:00004120       ?fill@std@@YAXPA_N0AB_N@Z  10005120 f i D3D_Shell.obj
 0001:00004150       ?copy_backward@std@@YAPA_NPA_N00@Z 10005150 f i D3D_Shell.obj
 0001:00004180       ?_Destroy@std@@YAXPA_N@Z   10005180 f i D3D_Shell.obj
 0001:00004190       ?_Allocate@std@@YAPAUD3DDeviceInfo@@HPAU2@@Z 10005190 f i D3D_Shell.obj
 0001:000041c0       ?_Allocate@std@@YAPAUD3DModeInfo@@HPAU2@@Z 100051c0 f i D3D_Shell.obj
 0001:000041f0       ?_Allocate@std@@YAPAUD3DAdapterInfo@@HPAU2@@Z 100051f0 f i D3D_Shell.obj
 0001:00004220       ?_Allocate@std@@YAPAW4_D3DFORMAT@@HPAW42@@Z 10005220 f i D3D_Shell.obj
 0001:00004250       ?_Allocate@std@@YAPA_NHPA_N@Z 10005250 f i D3D_Shell.obj
 0001:00004280       ?_Construct@std@@YAXPAUD3DDeviceInfo@@ABU2@@Z 10005280 f i D3D_Shell.obj
 0001:00004310       ??2@YAPAXIPAX@Z            10005310 f i D3D_Shell.obj
 0001:00004320       ??3@YAXPAX0@Z              10005320 f i D3D_Shell.obj
 0001:00004330       ?_Construct@std@@YAXPAUD3DModeInfo@@ABU2@@Z 10005330 f i D3D_Shell.obj
 0001:000043a0       ?_Construct@std@@YAXPAUD3DAdapterInfo@@ABU2@@Z 100053a0 f i D3D_Shell.obj
 0001:00004430       ?_Construct@std@@YAXPAW4_D3DFORMAT@@ABW42@@Z 10005430 f i D3D_Shell.obj
 0001:00004490       ?_Construct@std@@YAXPA_NAB_N@Z 10005490 f i D3D_Shell.obj
 0001:000044f0       ??4D3DAdapterInfo@@QAEAAU0@ABU0@@Z 100054f0 f i D3D_Shell.obj
 0001:00004570       ??4D3DDeviceInfo@@QAEAAU0@ABU0@@Z 10005570 f i D3D_Shell.obj
 0001:00004640       ??_GD3DDeviceInfo@@QAEPAXI@Z 10005640 f i D3D_Shell.obj
 0001:00004680       ??_GD3DAdapterInfo@@QAEPAXI@Z 10005680 f i D3D_Shell.obj
 0001:000046c0       ??0D3DDeviceInfo@@QAE@ABU0@@Z 100056c0 f i D3D_Shell.obj
 0001:00004790       ??0D3DAdapterInfo@@QAE@ABU0@@Z 10005790 f i D3D_Shell.obj
 0001:00004810       ??0?$vector@UD3DDeviceInfo@@V?$allocator@UD3DDeviceInfo@@@std@@@std@@QAE@ABV01@@Z 10005810 f i D3D_Shell.obj
 0001:00004890       ??4?$vector@UD3DDeviceInfo@@V?$allocator@UD3DDeviceInfo@@@std@@@std@@QAEAAV01@ABV01@@Z 10005890 f i D3D_Shell.obj
 0001:00004a60       ??0?$vector@UD3DModeInfo@@V?$allocator@UD3DModeInfo@@@std@@@std@@QAE@ABV01@@Z 10005a60 f i D3D_Shell.obj
 0001:00004ae0       ??4?$vector@UD3DModeInfo@@V?$allocator@UD3DModeInfo@@@std@@@std@@QAEAAV01@ABV01@@Z 10005ae0 f i D3D_Shell.obj
 0001:00004ca0       ?capacity@?$vector@UD3DDeviceInfo@@V?$allocator@UD3DDeviceInfo@@@std@@@std@@QBEIXZ 10005ca0 f i D3D_Shell.obj
 0001:00004cf0       ?begin@?$vector@UD3DDeviceInfo@@V?$allocator@UD3DDeviceInfo@@@std@@@std@@QBEPBUD3DDeviceInfo@@XZ 10005cf0 f i D3D_Shell.obj
 0001:00004d10       ?end@?$vector@UD3DDeviceInfo@@V?$allocator@UD3DDeviceInfo@@@std@@@std@@QBEPBUD3DDeviceInfo@@XZ 10005d10 f i D3D_Shell.obj
 0001:00004d30       ?capacity@?$vector@UD3DModeInfo@@V?$allocator@UD3DModeInfo@@@std@@@std@@QBEIXZ 10005d30 f i D3D_Shell.obj
 0001:00004d80       ?begin@?$vector@UD3DModeInfo@@V?$allocator@UD3DModeInfo@@@std@@@std@@QBEPBUD3DModeInfo@@XZ 10005d80 f i D3D_Shell.obj
 0001:00004da0       ?end@?$vector@UD3DModeInfo@@V?$allocator@UD3DModeInfo@@@std@@@std@@QBEPBUD3DModeInfo@@XZ 10005da0 f i D3D_Shell.obj
 0001:00004dc0       ?_Val_type@std@@YAPAUD3DModeInfo@@PBU2@@Z 10005dc0 f i D3D_Shell.obj
 0001:00004dd0       ?_Sort_0@std@@YAXPAUD3DModeInfo@@00@Z 10005dd0 f i D3D_Shell.obj
 0001:00004eb0       ?copy@std@@YAPAUD3DDeviceInfo@@PBU2@0PAU2@@Z 10005eb0 f i D3D_Shell.obj
 0001:00004ef0       ?copy@std@@YAPAUD3DModeInfo@@PBU2@0PAU2@@Z 10005ef0 f i D3D_Shell.obj
 0001:00004f40       ?_Insertion_sort@std@@YAXPAUD3DModeInfo@@0@Z 10005f40 f i D3D_Shell.obj
 0001:00004f70       ?_Sort@std@@YAXPAUD3DModeInfo@@00@Z 10005f70 f i D3D_Shell.obj
 0001:00005120       ?_Unguarded_insert@std@@YAXPAUD3DModeInfo@@U2@@Z 10006120 f i D3D_Shell.obj
 0001:000051a0       ??MD3DModeInfo@@QBE_NABU0@@Z 100061a0 f i D3D_Shell.obj
 0001:00005220       ?_Insertion_sort_1@std@@YAXPAUD3DModeInfo@@00@Z 10006220 f i D3D_Shell.obj
 0001:00005300       ?_Median@std@@YA?AUD3DModeInfo@@U2@00@Z 10006300 f i D3D_Shell.obj
 0001:00005410       ?_Unguarded_partition@std@@YAPAUD3DModeInfo@@PAU2@0U2@@Z 10006410 f i D3D_Shell.obj
 0001:00005490       ?iter_swap@std@@YAXPAUD3DModeInfo@@0@Z 10006490 f i D3D_Shell.obj
 0001:000054c0       ?_Iter_swap@std@@YAXPAUD3DModeInfo@@00@Z 100064c0 f i D3D_Shell.obj
 0001:00005530       ?d3d_GetColorMasks@@YAXW4_D3DFORMAT@@AAI1111@Z 10006530 f   D3D_Utils.obj
 0001:0000575e       ?FitTextureSize@@YAHH@Z    1000675e f   D3D_Utils.obj
 0001:000057b0       ??0KCharSet@@QAE@XZ        100067b0 f   KCharSet.obj
 0001:00005861       ??1KCharSet@@UAE@XZ        10006861 f   KCharSet.obj
 0001:000058d5       ?Init@KCharSet@@QAE_NPBDPAUIDirect3DDevice9@@@Z 100068d5 f   KCharSet.obj
 0001:00005985       ?GetInfo@KCharSet@@QAEXAAH0@Z 10006985 f   KCharSet.obj
 0001:000059af       ?Terminate@KCharSet@@QAEXXZ 100069af f   KCharSet.obj
 0001:000059ff       ?CommitText@KCharSet@@QAEXPAGHPAUKFontVertex@@@Z 100069ff f   KCharSet.obj
 0001:00005bd5       ?GetTexture@KCharSet@@QBEPAUIDirect3DTexture9@@XZ 10006bd5 f   KCharSet.obj
 0001:00005c00       ??_GKCharSet@@UAEPAXI@Z    10006c00 f i KCharSet.obj
 0001:00005c00       ??_EKCharSet@@UAEPAXI@Z    10006c00 f i KCharSet.obj
 0001:00005c40       ?GetTexture@KFontRes@@QBEPAUIDirect3DTexture9@@XZ 10006c40 f i KCharSet.obj
 0001:00005c60       ?CheckAlphaCmpCaps@KFont3@@CAXXZ 10006c60 f   KFont3.obj
 0001:00005e45       ??0KFont3@@QAE@XZ          10006e45 f   KFont3.obj
 0001:00005f16       ??1KFont3@@AAE@XZ          10006f16 f   KFont3.obj
 0001:00005f7b       ?Init@KFont3@@UAE_NPAX@Z   10006f7b f   KFont3.obj
 0001:00005fe1       ?Release@KFont3@@UAEXXZ    10006fe1 f   KFont3.obj
 0001:00006050       ?Load@KFont3@@UAE_NPBD@Z   10007050 f   KFont3.obj
 0001:0000610b       ?Terminate@KFont3@@UAEXXZ  1000710b f   KFont3.obj
 0001:000061cf       ?OutputText@KFont3@@UAEXPBDHHHIH@Z 100071cf f   KFont3.obj
 0001:0000686b       ?RenderTextDirect@KFont3@@CAXPAUKFontVertex@@I@Z 1000786b f   KFont3.obj
 0001:000068a3       ?RenderTextCmp@KFont3@@CAXPAUKFontVertex@@I@Z 100078a3 f   KFont3.obj
 0001:000069eb       ?RenderTextCmpReverse@KFont3@@CAXPAUKFontVertex@@I@Z 100079eb f   KFont3.obj
 0001:00006b6d       ?InvalidateDeviceObjects@KFont3@@QAEXXZ 10007b6d f   KFont3.obj
 0001:00006c7c       ?RestoreDeviceObjects@KFont3@@QAE_NXZ 10007c7c f   KFont3.obj
 0001:0000710c       ?GetFontSize@KFont3@@UAEXPAH0@Z 1000810c f   KFont3.obj
 0001:0000714c       ?SetBorderColor@KFont3@@UAEXI@Z 1000814c f   KFont3.obj
 0001:00007168       ?SetOutputSize@KFont3@@UAEXHH@Z 10008168 f   KFont3.obj
 0001:000071fa       ?Clone@KFont3@@UAEPAUiFont@@XZ 100081fa f   KFont3.obj
 0001:00007240       ??0iFont@@QAE@XZ           10008240 f i KFont3.obj
 0001:00007260       ??_GKFont3@@AAEPAXI@Z      10008260 f i KFont3.obj
 0001:000072a0       ??0KFontData@@QAE@XZ       100082a0 f   KFontData.obj
 0001:000072e6       ??1KFontData@@QAE@XZ       100082e6 f   KFontData.obj
 0001:0000730a       ?Load@KFontData@@QAE_NPBD@Z 1000830a f   KFontData.obj
 0001:0000757e       ?GetInfo@KFontData@@QBEXAAH0@Z 1000857e f   KFontData.obj
 0001:000075a8       ?Terminate@KFontData@@QAEXXZ 100085a8 f   KFontData.obj
 0001:0000762f       ?GetCharacterData@KFontData@@QBEPAEEE@Z 1000862f f   KFontData.obj
 0001:00007690       ?EnableTextBorder@KFontRes@@SAX_N@Z 10008690 f   KFontRes.obj
 0001:000076a8       ??0KFontRes@@QAE@XZ        100086a8 f   KFontRes.obj
 0001:00007721       ??1KFontRes@@UAE@XZ        10008721 f   KFontRes.obj
 0001:00007786       ?Init@KFontRes@@QAE_NPBDPAUIDirect3DDevice9@@@Z 10008786 f   KFontRes.obj
 0001:00007949       ?GetInfo@KFontRes@@QBEXAAH000@Z 10008949 f   KFontRes.obj
 0001:00007989       ?GetInfo@KFontRes@@QBEXAAM000@Z 10008989 f   KFontRes.obj
 0001:00007a35       ?Terminate@KFontRes@@QAEXXZ 10008a35 f   KFontRes.obj
 0001:00007aaa       ?Update@KFontRes@@QAEXPAGH@Z 10008aaa f   KFontRes.obj
 0001:00007c04       ?Update@KFontRes@@AAEXPAE0H@Z 10008c04 f   KFontRes.obj
 0001:00007ce0       ??_GKFontRes@@UAEPAXI@Z    10008ce0 f i KFontRes.obj
 0001:00007ce0       ??_EKFontRes@@UAEPAXI@Z    10008ce0 f i KFontRes.obj
 0001:00007d20       ??0KMRU@@QAE@XZ            10008d20 f   KMRU.obj
 0001:00007d66       ??1KMRU@@UAE@XZ            10008d66 f   KMRU.obj
 0001:00007d93       ?Init@KMRU@@QAE_NH@Z       10008d93 f   KMRU.obj
 0001:00007e47       ?Terminate@KMRU@@QAEXXZ    10008e47 f   KMRU.obj
 0001:00007eaf       ?GetItemData@KMRU@@AAEGH@Z 10008eaf f   KMRU.obj
 0001:00007ee7       ?Update@KMRU@@AAEXXZ       10008ee7 f   KMRU.obj
 0001:00007f54       ?Commit@KMRU@@QAEXPAGH00AAH@Z 10008f54 f   KMRU.obj
 0001:00008131       ?AdjustCharPos@KMRU@@AAEXII@Z 10009131 f   KMRU.obj
 0001:0000821f       ?GetCharPos@KMRU@@AAE_NGHHAAI@Z 1000921f f   KMRU.obj
 0001:0000832e       ?GetMostLongestUnusedItem@KMRU@@AAEIXZ 1000932e f   KMRU.obj
 0001:000083b0       ??_EKMRU@@UAEPAXI@Z        100093b0 f i KMRU.obj
 0001:000083b0       ??_GKMRU@@UAEPAXI@Z        100093b0 f i KMRU.obj
 0001:000083f0       ?Test3D@@YA_NXZ            100093f0 f   KRepresentShell3.obj
 0001:000084ba       ?SetPoint3dLighting@KRepresentShell3@@AAIXAAUVERTEX3D@@0K@Z 100094ba f   KRepresentShell3.obj
 0001:0000862b       ?RenderToA4R4G4B4@@YAXPAGIPAEAAUtagRECT@@II0@Z 1000962b f   KRepresentShell3.obj
 0001:00008792       ?WndProc@@YGJPAUHWND__@@IIJ@Z 10009792 f   KRepresentShell3.obj
 0001:000087c1       ?WorldToScreen@@YAPAUD3DXVECTOR3@@PAU1@PBU1@PBU_D3DVIEWPORT9@@PBUD3DXMATRIX@@33@Z 100097c1 f   KRepresentShell3.obj
 0001:00008887       _RepresentIsModuleRecommended 10009887 f   KRepresentShell3.obj
 0001:00008898       _CreateRepresentShell      10009898 f   KRepresentShell3.obj
 0001:000088f4       ?AdviseRepresent@KRepresentShell3@@UAEJPAUIInlinePicEngineSink@@@Z 100098f4 f   KRepresentShell3.obj
 0001:00008949       ?UnAdviseRepresent@KRepresentShell3@@UAEJPAUIInlinePicEngineSink@@@Z 10009949 f   KRepresentShell3.obj
 0001:00008974       ??0KRepresentShell3@@QAE@XZ 10009974 f   KRepresentShell3.obj
 0001:00008a9c       ??1KRepresentShell3@@AAE@XZ 10009a9c f   KRepresentShell3.obj
 0001:00008b7b       ?SetOption@KRepresentShell3@@UAEXW4RepresentOption@@_N@Z 10009b7b f   KRepresentShell3.obj
 0001:00008c06       ?SetUpProjectionMatrix@KRepresentShell3@@AAEXXZ 10009c06 f   KRepresentShell3.obj
 0001:00008cc6       ?Create@KRepresentShell3@@UAE_NHH_N@Z 10009cc6 f   KRepresentShell3.obj
 0001:00008f9d       ?InitDeviceObjects@KRepresentShell3@@AAE_NXZ 10009f9d f   KRepresentShell3.obj
 0001:0000903d       ?Release@KRepresentShell3@@UAEXXZ 1000a03d f   KRepresentShell3.obj
 0001:000090a2       ?DeleteDeviceObjects@KRepresentShell3@@AAEXXZ 1000a0a2 f   KRepresentShell3.obj
 0001:000091b6       ?InvalidateDeviceObjects@KRepresentShell3@@AAE_NXZ 1000a1b6 f   KRepresentShell3.obj
 0001:000092aa       ?RestoreDeviceObjects@KRepresentShell3@@AAE_NXZ 1000a2aa f   KRepresentShell3.obj
 0001:00009800       ?Reset@KRepresentShell3@@UAE_NHH_N@Z 1000a800 f   KRepresentShell3.obj
 0001:00009910       ?CreateAFont@KRepresentShell3@@UAE_NPBDW4CHARACTER_CODE_SET@@H@Z 1000a910 f   KRepresentShell3.obj
 0001:00009c19       ?CreateImage@KRepresentShell3@@UAEIPBDHHH@Z 1000ac19 f   KRepresentShell3.obj
 0001:00009c68       ?DrawPrimitives@KRepresentShell3@@UAEXHPAUKRepresentUnit@@IH@Z 1000ac68 f   KRepresentShell3.obj
 0001:0000a37a       ?DrawImage2D@KRepresentShell3@@AAEXHPAUKRepresentUnit@@H@Z 1000b37a f   KRepresentShell3.obj
 0001:0000a669       ?DrawImage2DStretch@KRepresentShell3@@AAEXHPAUKRepresentUnit@@@Z 1000b669 f   KRepresentShell3.obj
 0001:0000a755       ?DrawPlayer2D@KRepresentShell3@@AAEXHPAUKRepresentUnit@@H@Z 1000b755 f   KRepresentShell3.obj
 0001:0000a87f       ?GetBoundBox2D@KRepresentShell3@@AAEXHPAUKRepresentUnit@@HAAUtagRECT@@@Z 1000b87f f   KRepresentShell3.obj
 0001:0000ab55       ?DrawSprOnTexture2D@KRepresentShell3@@AAEXHPAUKRepresentUnit@@HAAUtagRECT@@AAURECTFLOAT@@H_N@Z 1000bb55 f   KRepresentShell3.obj
 0001:0000b5b9       ?DrawImage3D@KRepresentShell3@@AAEXIHPAUKRepresentUnit@@H@Z 1000c5b9 f   KRepresentShell3.obj
 0001:0000c01c       ?DrawPlayer3D@KRepresentShell3@@AAEXHPAUKRepresentUnit@@H@Z 1000d01c f   KRepresentShell3.obj
 0001:0000c18a       ?GetBoundBox3D@KRepresentShell3@@AAEXHPAUKRepresentUnit@@AAURECTFLOAT@@@Z 1000d18a f   KRepresentShell3.obj
 0001:0000c5c0       ?DrawPrimitivesOnImage@KRepresentShell3@@UAEXHPAUKRepresentUnit@@IPBDIAAF@Z 1000d5c0 f   KRepresentShell3.obj
 0001:0000ca05       ?ClearImageData@KRepresentShell3@@UAEXPBDIF@Z 1000da05 f   KRepresentShell3.obj
 0001:0000cae1       ?FreeAllImage@KRepresentShell3@@UAEXXZ 1000dae1 f   KRepresentShell3.obj
 0001:0000cb0b       ?FreeImage@KRepresentShell3@@UAEXPBD@Z 1000db0b f   KRepresentShell3.obj
 0001:0000cb4d       ?GetBitmapDataBuffer@KRepresentShell3@@UAEPAXPBDPAUKBitmapDataBuffInfo@@@Z 1000db4d f   KRepresentShell3.obj
 0001:0000cc50       ?ReleaseBitmapDataBuffer@KRepresentShell3@@UAEXPBDPAX@Z 1000dc50 f   KRepresentShell3.obj
 0001:0000ccd7       ?GetImageParam@KRepresentShell3@@UAE_NPBDPAUKImageParam@@H@Z 1000dcd7 f   KRepresentShell3.obj
 0001:0000cd29       ?GetImageFrameParam@KRepresentShell3@@UAE_NPBDHPAUKRPosition2@@1H@Z 1000dd29 f   KRepresentShell3.obj
 0001:0000cd83       ?GetImagePixelAlpha@KRepresentShell3@@UAEHPBDHHHH@Z 1000dd83 f   KRepresentShell3.obj
 0001:0000cdea       ?LookAt@KRepresentShell3@@UAEXHHH@Z 1000ddea f   KRepresentShell3.obj
 0001:0000cf70       ?OutputText@KRepresentShell3@@UAEXHPBDHHHIHHI@Z 1000df70 f   KRepresentShell3.obj
 0001:0000d198       ?OutputRichText@KRepresentShell3@@UAEHHPAUKOutputTextParam@@PBDHH@Z 1000e198 f   KRepresentShell3.obj
 0001:0000d3f1       ?LocateRichText@KRepresentShell3@@UAEHHHHPAUKOutputTextParam@@PBDHH@Z 1000e3f1 f   KRepresentShell3.obj
 0001:0000d61d       ?ReleaseAFont@KRepresentShell3@@UAEXH@Z 1000e61d f   KRepresentShell3.obj
 0001:0000d6ce       ?SaveImage@KRepresentShell3@@UAE_NPBD0H@Z 1000e6ce f   KRepresentShell3.obj
 0001:0000d71b       ?SetImageStoreBalanceParam@KRepresentShell3@@UAEXHI@Z 1000e71b f   KRepresentShell3.obj
 0001:0000d74f       ?CopyDeviceImageToImage@KRepresentShell3@@UAE_NPBDHHHHHH@Z 1000e74f f   KRepresentShell3.obj
 0001:0000d78c       ?RepresentBegin@KRepresentShell3@@UAE_NHI@Z 1000e78c f   KRepresentShell3.obj
 0001:0000d8a9       ?RepresentEnd@KRepresentShell3@@UAEXXZ 1000e8a9 f   KRepresentShell3.obj
 0001:0000d9d6       ?ViewPortCoordToSpaceCoord@KRepresentShell3@@UAEXAAH0H@Z 1000e9d6 f   KRepresentShell3.obj
 0001:0000dbd0       ?D3DTerm@KRepresentShell3@@AAEXXZ 1000ebd0 f   KRepresentShell3.obj
 0001:0000dc31       ?CoordinateTransform@KRepresentShell3@@AAEXAAH0H@Z 1000ec31 f   KRepresentShell3.obj
 0001:0000dc7e       ?DrawRect@KRepresentShell3@@AAEXHHHHK@Z 1000ec7e f   KRepresentShell3.obj
 0001:0000df18       ?DrawPoint@KRepresentShell3@@AAEXHPAUKRepresentUnit@@H@Z 1000ef18 f   KRepresentShell3.obj
 0001:0000e19c       ?DrawLine@KRepresentShell3@@AAEXHHHHK@Z 1000f19c f   KRepresentShell3.obj
 0001:0000e3b2       ?DrawRectFrame@KRepresentShell3@@AAEXHHHHK@Z 1000f3b2 f   KRepresentShell3.obj
 0001:0000e68b       ?DrawBitmap16@KRepresentShell3@@AAEXHHHHPAVTextureResBmp@@_N@Z 1000f68b f   KRepresentShell3.obj
 0001:0000ea42       ?DrawSpriteAlpha@KRepresentShell3@@AAEXHHHHHPAVTextureResSpr@@KH@Z 1000fa42 f   KRepresentShell3.obj
 0001:0000f11a       ?DrawSpritePartAlpha@KRepresentShell3@@AAEXHHHHHPAVTextureResSpr@@AAUtagRECT@@@Z 1001011a f   KRepresentShell3.obj
 0001:0000f8f8       ?DrawBitmap16Part@KRepresentShell3@@AAEXHHHHPAVTextureResBmp@@AAUtagRECT@@@Z 100108f8 f   KRepresentShell3.obj
 0001:0000fce2       ?DrawBitmap163D@KRepresentShell3@@AAEXAAURenderParam3D@@PAVTextureResBmp@@@Z 10010ce2 f   KRepresentShell3.obj
 0001:0000ffed       ?DrawBitmap163DLighting@KRepresentShell3@@AAEXAAURenderParam3D@@PAVTextureResBmp@@@Z 10010fed f   KRepresentShell3.obj
 0001:00010370       ?DrawSpriteAlpha3D@KRepresentShell3@@AAEXAAURenderParam3D@@HPAVTextureResSpr@@KHPAUtagRECT@@@Z 10011370 f   KRepresentShell3.obj
 0001:000114ad       ?DrawSpriteAlpha3DLighting@KRepresentShell3@@AAEXAAURenderParam3D@@HPAVTextureResSpr@@KHPAUtagRECT@@@Z 100124ad f   KRepresentShell3.obj
 0001:000125b1       ?BuildMesh3D@KRepresentShell3@@AAEIPAUVERTEX3D@@0IK@Z 100135b1 f   KRepresentShell3.obj
 0001:00012e6b       ?GetPoint3dLightingLerp@KRepresentShell3@@AAEIAAUD3DXVECTOR3@@@Z 10013e6b f   KRepresentShell3.obj
 0001:00013222       ?RIO_CopyBitmap16ToBuffer@KRepresentShell3@@AAEXPAVTextureResBmp@@0HH@Z 10014222 f   KRepresentShell3.obj
 0001:00013236       ?RIO_CopySprToBufferAlpha@KRepresentShell3@@AAEXPAVTextureResSpr@@HPAVTextureResBmp@@HH@Z 10014236 f   KRepresentShell3.obj
 0001:000137dd       ?SetLightInfo@KRepresentShell3@@UAEXHHPAI@Z 100147dd f   KRepresentShell3.obj
 0001:0001383f       ?SaveScreenToFile@KRepresentShell3@@UAE_NPBDW4ScreenFileType@@I@Z 1001483f f   KRepresentShell3.obj
 0001:00013b86       ?SetGamma@KRepresentShell3@@UAEXH@Z 10014b86 f   KRepresentShell3.obj
 0001:00013da0       ?GetPoint3dLighting@KRepresentShell3@@AAEIAAUD3DXVECTOR3@@@Z 10014da0 f i KRepresentShell3.obj
 0001:00013e50       ??DD3DXMATRIX@@QBE?AU0@ABU0@@Z 10014e50 f i KRepresentShell3.obj
 0001:00013eb0       ??0D3DXMATRIX@@QAE@XZ      10014eb0 f i KRepresentShell3.obj
 0001:00013ed0       ??0D3DXVECTOR3@@QAE@XZ     10014ed0 f i KRepresentShell3.obj
 0001:00013ef0       ?SetAdjustColorList@KRepresentShell3@@UAEIPAII@Z 10014ef0 f i KRepresentShell3.obj
 0001:00013f10       ??0iRepresentShell@@QAE@XZ 10014f10 f i KRepresentShell3.obj
 0001:00013f30       ??_GKRepresentShell3@@AAEPAXI@Z 10014f30 f i KRepresentShell3.obj
 0001:00013f70       ?GetAdapterInfo@CD3D_Device@@QAEPAUD3DAdapterInfo@@XZ 10014f70 f i KRepresentShell3.obj
 0001:00013f90       ?GetDeviceInfo@CD3D_Device@@QAEPAUD3DDeviceInfo@@XZ 10014f90 f i KRepresentShell3.obj
 0001:00013fb0       ?GetWidth@TextureRes@@QAEHXZ 10014fb0 f i KRepresentShell3.obj
 0001:00013fd0       ?GetHeight@TextureRes@@QAEHXZ 10014fd0 f i KRepresentShell3.obj
 0001:00013ff0       ?GetCenterX@TextureResSpr@@QAEIXZ 10014ff0 f i KRepresentShell3.obj
 0001:00014010       ?GetCenterY@TextureResSpr@@QAEIXZ 10015010 f i KRepresentShell3.obj
 0001:00014030       ?D3DXMatrixIdentity@@YAPAUD3DXMATRIX@@PAU1@@Z 10015030 f i KRepresentShell3.obj
 0001:000140e0       ??0D3DXVECTOR4@@QAE@MMMM@Z 100150e0 f i KRepresentShell3.obj
 0001:00014120       ??0D3DXVECTOR3@@QAE@MMM@Z  10015120 f i KRepresentShell3.obj
 0001:00014160       ??0RenderParam3D@@QAE@XZ   10015160 f i KRepresentShell3.obj
 0001:000141a0       ??_H@YGXPAXIHP6EX0@Z@Z     100151a0 f i KRepresentShell3.obj
 0001:000141e0       ?GetViewport@CD3D_Device@@QAE?AU_D3DVIEWPORT9@@XZ 100151e0 f i KRepresentShell3.obj
 0001:00014210       ??0KOutputTextParam@@QAE@XZ 10015210 f i KRepresentShell3.obj
 0001:00014280       ??GD3DXVECTOR3@@QBE?AU0@ABU0@@Z 10015280 f i KRepresentShell3.obj
 0001:00014300       ??DD3DXVECTOR3@@QBE?AU0@M@Z 10015300 f i KRepresentShell3.obj
 0001:00014370       ?ChaZhi@@YAMMMMMM@Z        10015370 f i KRepresentShell3.obj
 0001:00014390       ??0VERTEX3D@@QAE@XZ        10015390 f i KRepresentShell3.obj
 0001:000143c0       ?ChaZhi@@YA?AUD3DXVECTOR3@@U1@0MMM@Z 100153c0 f i KRepresentShell3.obj
 0001:00014450       ??HD3DXVECTOR3@@QBE?AU0@ABU0@@Z 10015450 f i KRepresentShell3.obj
 0001:000144d0       ??KD3DXVECTOR3@@QBE?AU0@M@Z 100154d0 f i KRepresentShell3.obj
 0001:00014550       ??YD3DXVECTOR3@@QAEAAU0@ABU0@@Z 10015550 f i KRepresentShell3.obj
 0001:000145a0       ?InitGdiplus@@YA_NXZ       100155a0 f   RepresentUtility.obj
 0001:00014603       ?ShutdownGdiplus@@YAXXZ    10015603 f   RepresentUtility.obj
 0001:00014621       ?GetEncoderClsid@@YAHPBGPAU_GUID@@@Z 10015621 f   RepresentUtility.obj
 0001:00014752       ?SaveBufferToJpgFile32@@YA_NPADPAXHHHI@Z 10015752 f   RepresentUtility.obj
 0001:00014d6f       ?SaveBufferToJpgFile24@@YA_NPADPAXHHHI@Z 10015d6f f   RepresentUtility.obj
 0001:00015390       ??0GdiplusStartupInput@Gdiplus@@QAE@P6GXW4DebugEventLevel@1@PAD@ZHH@Z 10016390 f i RepresentUtility.obj
 0001:000153d0       ?GetImageEncodersSize@Gdiplus@@YA?AW4Status@1@PAI0@Z 100163d0 f i RepresentUtility.obj
 0001:000153f0       ?GetImageEncoders@Gdiplus@@YA?AW4Status@1@IIPAVImageCodecInfo@1@@Z 100163f0 f i RepresentUtility.obj
 0001:00015410       ??3GdiplusBase@Gdiplus@@SAXPAX@Z 10016410 f i RepresentUtility.obj
 0001:00015430       ??2GdiplusBase@Gdiplus@@SAPAXI@Z 10016430 f i RepresentUtility.obj
 0001:00015450       ??0Image@Gdiplus@@QAE@PAUIStream@@H@Z 10016450 f i RepresentUtility.obj
 0001:000154c0       ??_EImage@Gdiplus@@UAEPAXI@Z 100164c0 f i RepresentUtility.obj
 0001:000154c0       ??_GImage@Gdiplus@@UAEPAXI@Z 100164c0 f i RepresentUtility.obj
 0001:00015500       ??1Image@Gdiplus@@UAE@XZ   10016500 f i RepresentUtility.obj
 0001:00015540       ?Clone@Image@Gdiplus@@UAEPAV12@XZ 10016540 f i RepresentUtility.obj
 0001:00015600       ?SetStatus@Image@Gdiplus@@IBE?AW4Status@2@W432@@Z 10016600 f i RepresentUtility.obj
 0001:00015630       ?Save@Image@Gdiplus@@QAE?AW4Status@2@PBGPBU_GUID@@PBVEncoderParameters@2@@Z 10016630 f i RepresentUtility.obj
 0001:00015670       ??0Image@Gdiplus@@IAE@PAVGpImage@1@W4Status@1@@Z 10016670 f i RepresentUtility.obj
 0001:000156b0       ?SetNativeImage@Image@Gdiplus@@IAEXPAVGpImage@2@@Z 100166b0 f i RepresentUtility.obj
 0001:000156d0       ??0KTextProcess@@QAE@XZ    100166d0 f   TextProcess.obj
 0001:00015720       ??0KTextProcess@@QAE@PBDHH@Z 10016720 f   TextProcess.obj
 0001:00015755       ?SetContent@KTextProcess@@QAEXPBDHH@Z 10016755 f   TextProcess.obj
 0001:000157cc       ?GetSimplexText@KTextProcess@@AAEHAAHAAUKTP_CTRL@1@1H@Z 100167cc f   TextProcess.obj
 0001:00015cc4       ?SeekToSpecialLine@KTextProcess@@QAEHHAAUKTP_CTRL@1@0AAHHH@Z 10016cc4 f   TextProcess.obj
 0001:0001615f       ?DrawTextLine@KTextProcess@@QAEHPAUiFont@@HPAUKOutputTextParam@@@Z 1001715f f   TextProcess.obj
 0001:00016875       ?TransXYPosToCharOffset@KTextProcess@@QAEHHHPAUiFont@@HPAUKOutputTextParam@@@Z 10017875 f   TextProcess.obj
 0001:000170b1       ?GetCurLineHeight@KTextProcess@@QAEXAAH0HH@Z 100180b1 f   TextProcess.obj
 0001:000173f0       ?Backup@KTextProcess@@QAEXXZ 100183f0 f i TextProcess.obj
 0001:00017450       ?Restore@KTextProcess@@QAEXXZ 10018450 f i TextProcess.obj
 0001:000174b0       ??0TextureRes@@QAE@XZ      100184b0 f   TextureRes.obj
 0001:000174ce       ??1TextureRes@@UAE@XZ      100184ce f   TextureRes.obj
 0001:000174e9       ?Release@TextureRes@@UAEXXZ 100184e9 f   TextureRes.obj
 0001:000174fb       ??0TextureResBmp@@QAE@XZ   100184fb f   TextureRes.obj
 0001:00017577       ??1TextureResBmp@@UAE@XZ   10018577 f   TextureRes.obj
 0001:000175d9       ?ResetVar@TextureResBmp@@UAEXXZ 100185d9 f   TextureRes.obj
 0001:00017624       ?InvalidateDeviceObjects@TextureResBmp@@UAE_NXZ 10018624 f   TextureRes.obj
 0001:00017672       ?RestoreDeviceObjects@TextureResBmp@@UAE_NXZ 10018672 f   TextureRes.obj
 0001:0001772b       ?CreateImage@TextureResBmp@@UAE_NPBDHHI@Z 1001872b f   TextureRes.obj
 0001:0001788e       ?LoadImageA@TextureResBmp@@UAE_NPADI@Z 1001888e f   TextureRes.obj
 0001:00017900       ?LoadJpegFile@TextureResBmp@@AAE_NPAD@Z 10018900 f   TextureRes.obj
 0001:00017bb6       ?LockData@TextureResBmp@@QAE_NPAPAXAAH@Z 10018bb6 f   TextureRes.obj
 0001:00017c3b       ?UnLockData@TextureResBmp@@QAEXXZ 10018c3b f   TextureRes.obj
 0001:00017cb6       ?Release@TextureResBmp@@UAEXXZ 10018cb6 f   TextureRes.obj
 0001:00017d50       ??0TextureResSpr@@QAE@XZ   10018d50 f   TextureRes.obj
 0001:00017db5       ??1TextureResSpr@@UAE@XZ   10018db5 f   TextureRes.obj
 0001:00017e17       ?ResetVar@TextureResSpr@@UAEXXZ 10018e17 f   TextureRes.obj
 0001:00017ebc       ?CreateImage@TextureResSpr@@UAE_NPBDHHI@Z 10018ebc f   TextureRes.obj
 0001:00017ed2       ?LoadImageA@TextureResSpr@@UAE_NPADI@Z 10018ed2 f   TextureRes.obj
 0001:00017f44       ?LoadSprFile@TextureResSpr@@AAE_NPAD@Z 10018f44 f   TextureRes.obj
 0001:0001837d       ?PrepareFrameData@TextureResSpr@@QAE_NPBDH_N@Z 1001937d f   TextureRes.obj
 0001:000185be       ?GetTexture@TextureResSpr@@QAEPAUIDirect3DTexture9@@HH@Z 100195be f   TextureRes.obj
 0001:00018682       ?CreateTexture16Bit@TextureResSpr@@AAEXPBDH@Z 10019682 f   TextureRes.obj
 0001:00018b2c       ?CreateTexture32Bit@TextureResSpr@@AAEXI@Z 10019b2c f   TextureRes.obj
 0001:00018b40       ?GetPixelAlpha@TextureResSpr@@QAEHHHH@Z 10019b40 f   TextureRes.obj
 0001:00018e0a       ?Release@TextureResSpr@@UAEXXZ 10019e0a f   TextureRes.obj
 0001:0001919f       ?ReleaseAFrameData@TextureResSpr@@UAE_NXZ 1001a19f f   TextureRes.obj
 0001:0001930e       ?SplitTexture@TextureResSpr@@AAEHI@Z 1001a30e f   TextureRes.obj
 0001:00019ab0       ?InvalidateDeviceObjects@TextureRes@@UAE_NXZ 1001aab0 f i TextureRes.obj
 0001:00019ad0       ?RestoreDeviceObjects@TextureRes@@UAE_NXZ 1001aad0 f i TextureRes.obj
 0001:00019af0       ??_GTextureRes@@UAEPAXI@Z  1001aaf0 f i TextureRes.obj
 0001:00019af0       ??_ETextureRes@@UAEPAXI@Z  1001aaf0 f i TextureRes.obj
 0001:00019b30       ?ReleaseAFrameData@TextureResBmp@@UAE_NXZ 1001ab30 f i TextureRes.obj
 0001:00019b70       ??_ETextureResBmp@@UAEPAXI@Z 1001ab70 f i TextureRes.obj
 0001:00019b70       ??_GTextureResBmp@@UAEPAXI@Z 1001ab70 f i TextureRes.obj
 0001:00019bb0       ??_GTextureResSpr@@UAEPAXI@Z 1001abb0 f i TextureRes.obj
 0001:00019bb0       ??_ETextureResSpr@@UAEPAXI@Z 1001abb0 f i TextureRes.obj
 0001:00019bf0       ?RenderToA4R4G4B4@@YAXPAGPAEHH1@Z 1001abf0 f i TextureRes.obj
 0001:00019c70       ??0TextureResMgr@@QAE@XZ   1001ac70 f   TextureResMgr.obj
 0001:00019d98       ??1TextureResMgr@@QAE@XZ   1001ad98 f   TextureResMgr.obj
 0001:00019e03       ?SetBalanceParam@TextureResMgr@@QAEXHI@Z 1001ae03 f   TextureResMgr.obj
 0001:00019e17       ?CheckBalance@TextureResMgr@@QAEXXZ 1001ae17 f   TextureResMgr.obj
 0001:0001a003       ?CreateImage@TextureResMgr@@QAEIPBDHHH@Z 1001b003 f   TextureResMgr.obj
 0001:0001a223       ?FindImage@TextureResMgr@@AAEHIH@Z 1001b223 f   TextureResMgr.obj
 0001:0001a3d3       ?FreeImage@TextureResMgr@@QAEXPBD@Z 1001b3d3 f   TextureResMgr.obj
 0001:0001a531       ?Free@TextureResMgr@@QAEXXZ 1001b531 f   TextureResMgr.obj
 0001:0001a659       ?GetImageParam@TextureResMgr@@QAE_NPBDPAUKImageParam@@H@Z 1001b659 f   TextureResMgr.obj
 0001:0001a7a3       ?GetImageFrameParam@TextureResMgr@@QAE_NPBDHPAUKRPosition2@@1H@Z 1001b7a3 f   TextureResMgr.obj
 0001:0001a910       ?GetImage@TextureResMgr@@QAEPAVTextureRes@@PBDAAIAAFHH_N@Z 1001b910 f   TextureResMgr.obj
 0001:0001acfd       ?GetImagePixelAlpha@TextureResMgr@@QAEHPBDHHHH@Z 1001bcfd f   TextureResMgr.obj
 0001:0001ae0f       ?LoadImageA@TextureResMgr@@ABEPAVTextureRes@@PBDI@Z 1001be0f f   TextureResMgr.obj
 0001:0001afe1       ?StartProfile@TextureResMgr@@QAEXXZ 1001bfe1 f   TextureResMgr.obj
 0001:0001b0c5       ?EndProfile@TextureResMgr@@QAEXXZ 1001c0c5 f   TextureResMgr.obj
 0001:0001b1df       ?GetProfileStringA@TextureResMgr@@QAEXPADH@Z 1001c1df f   TextureResMgr.obj
 0001:0001b295       ?InvalidateDeviceObjects@TextureResMgr@@QAE_NXZ 1001c295 f   TextureResMgr.obj
 0001:0001b393       ?RestoreDeviceObjects@TextureResMgr@@QAE_NXZ 1001c393 f   TextureResMgr.obj
 0001:0001b4a0       ??0KCriticalSection@@QAE@XZ 1001c4a0 f i TextureResMgr.obj
 0001:0001b4e0       ??1KCriticalSection@@QAE@XZ 1001c4e0 f i TextureResMgr.obj
 0001:0001b520       ??0KAutoCriticalSection@@QAE@AAVKCriticalSection@@@Z 1001c520 f i TextureResMgr.obj
 0001:0001b560       ?Lock@KCriticalSection@@QAEHXZ 1001c560 f i TextureResMgr.obj
 0001:0001b5a0       ??1KAutoCriticalSection@@QAE@XZ 1001c5a0 f i TextureResMgr.obj
 0001:0001b5d0       ?UnLock@KCriticalSection@@QAEHXZ 1001c5d0 f i TextureResMgr.obj
 0001:0001b610       ?GetFrameNum@TextureResSpr@@QAEIXZ 1001c610 f i TextureResMgr.obj
 0001:0001b630       ?GetDirections@TextureResSpr@@QAEIXZ 1001c630 f i TextureResMgr.obj
 0001:0001b650       ?GetInterval@TextureResSpr@@QAEIXZ 1001c650 f i TextureResMgr.obj
 0001:0001b670       ??0?$vector@UResNode@@V?$allocator@UResNode@@@std@@@std@@QAE@ABV?$allocator@UResNode@@@1@@Z 1001c670 f i TextureResMgr.obj
 0001:0001b6b0       ??1?$vector@UResNode@@V?$allocator@UResNode@@@std@@@std@@QAE@XZ 1001c6b0 f i TextureResMgr.obj
 0001:0001b730       ?begin@?$vector@UResNode@@V?$allocator@UResNode@@@std@@@std@@QAEPAUResNode@@XZ 1001c730 f i TextureResMgr.obj
 0001:0001b750       ?end@?$vector@UResNode@@V?$allocator@UResNode@@@std@@@std@@QAEPAUResNode@@XZ 1001c750 f i TextureResMgr.obj
 0001:0001b770       ?size@?$vector@UResNode@@V?$allocator@UResNode@@@std@@@std@@QBEIXZ 1001c770 f i TextureResMgr.obj
 0001:0001b7c0       ??A?$vector@UResNode@@V?$allocator@UResNode@@@std@@@std@@QAEAAUResNode@@I@Z 1001c7c0 f i TextureResMgr.obj
 0001:0001b7f0       ?insert@?$vector@UResNode@@V?$allocator@UResNode@@@std@@@std@@QAEPAUResNode@@PAU3@ABU3@@Z 1001c7f0 f i TextureResMgr.obj
 0001:0001b860       ?erase@?$vector@UResNode@@V?$allocator@UResNode@@@std@@@std@@QAEPAUResNode@@PAU3@@Z 1001c860 f i TextureResMgr.obj
 0001:0001b8d0       ?erase@?$vector@UResNode@@V?$allocator@UResNode@@@std@@@std@@QAEPAUResNode@@PAU3@0@Z 1001c8d0 f i TextureResMgr.obj
 0001:0001b940       ?clear@?$vector@UResNode@@V?$allocator@UResNode@@@std@@@std@@QAEXXZ 1001c940 f i TextureResMgr.obj
 0001:0001b980       ?insert@?$vector@UResNode@@V?$allocator@UResNode@@@std@@@std@@QAEXPAUResNode@@IABU3@@Z 1001c980 f i TextureResMgr.obj
 0001:0001bbe0       ?_Destroy@?$vector@UResNode@@V?$allocator@UResNode@@@std@@@std@@IAEXPAUResNode@@0@Z 1001cbe0 f i TextureResMgr.obj
 0001:0001bc20       ?deallocate@?$allocator@UResNode@@@std@@QAEXPAXI@Z 1001cc20 f i TextureResMgr.obj
 0001:0001bc50       ?_Ucopy@?$vector@UResNode@@V?$allocator@UResNode@@@std@@@std@@IAEPAUResNode@@PBU3@0PAU3@@Z 1001cc50 f i TextureResMgr.obj
 0001:0001bca0       ?_Ufill@?$vector@UResNode@@V?$allocator@UResNode@@@std@@@std@@IAEXPAUResNode@@IABU3@@Z 1001cca0 f i TextureResMgr.obj
 0001:0001bcf0       ?allocate@?$allocator@UResNode@@@std@@QAEPAUResNode@@IPBX@Z 1001ccf0 f i TextureResMgr.obj
 0001:0001bd20       ?destroy@?$allocator@UResNode@@@std@@QAEXPAUResNode@@@Z 1001cd20 f i TextureResMgr.obj
 0001:0001bd50       ?construct@?$allocator@UResNode@@@std@@QAEXPAUResNode@@ABU3@@Z 1001cd50 f i TextureResMgr.obj
 0001:0001bd80       ?copy@std@@YAPAUResNode@@PAU2@00@Z 1001cd80 f i TextureResMgr.obj
 0001:0001bdc0       ?fill@std@@YAXPAUResNode@@0ABU2@@Z 1001cdc0 f i TextureResMgr.obj
 0001:0001bdf0       ?copy_backward@std@@YAPAUResNode@@PAU2@00@Z 1001cdf0 f i TextureResMgr.obj
 0001:0001be30       ?_Allocate@std@@YAPAUResNode@@HPAU2@@Z 1001ce30 f i TextureResMgr.obj
 0001:0001be60       ?_Destroy@std@@YAXPAUResNode@@@Z 1001ce60 f i TextureResMgr.obj
 0001:0001be70       ?_Construct@std@@YAXPAUResNode@@ABU2@@Z 1001ce70 f i TextureResMgr.obj
 0001:0001beca       _GlobalMemoryStatus@4      1001ceca f   kernel32:KERNEL32.dll
 0001:0001bed0       _MultiByteToWideChar@24    1001ced0 f   kernel32:KERNEL32.dll
 0001:0001bed6       _InitializeCriticalSection@4 1001ced6 f   kernel32:KERNEL32.dll
 0001:0001bedc       _DeleteCriticalSection@4   1001cedc f   kernel32:KERNEL32.dll
 0001:0001bee2       _GetTickCount@0            1001cee2 f   kernel32:KERNEL32.dll
 0001:0001bee8       _EnterCriticalSection@4    1001cee8 f   kernel32:KERNEL32.dll
 0001:0001beee       _LeaveCriticalSection@4    1001ceee f   kernel32:KERNEL32.dll
 0001:0001bef4       _DefWindowProcA@16         1001cef4 f   user32:USER32.dll
 0001:0001befa       _SetWindowLongA@12         1001cefa f   user32:USER32.dll
 0001:0001bf00       _GetWindowLongA@8          1001cf00 f   user32:USER32.dll
 0001:0001bf06       _ClientToScreen@8          1001cf06 f   user32:USER32.dll
 0001:0001bf0c       _GetClientRect@8           1001cf0c f   user32:USER32.dll
 0001:0001bf12       _CreateStreamOnHGlobal@12  1001cf12 f   ole32:ole32.dll
 0001:0001bf60       ?init_D3DXFloat32To16Array@@YGPAUD3DXFLOAT16@@PAU1@PBMI@Z 1001cf60 f   d3dx9dt:d3dxmath.obj
 0001:0001bf71       _D3DXFloat32To16Array@12   1001cf71 f   d3dx9dt:d3dxmath.obj
 0001:0001bf77       ?c_D3DXFloat32To16Array@@YGPAUD3DXFLOAT16@@PAU1@PBMI@Z 1001cf77 f   d3dx9dt:d3dxmath.obj
 0001:0001c017       ?init_D3DXFloat16To32Array@@YGPAMPAMPBUD3DXFLOAT16@@I@Z 1001d017 f   d3dx9dt:d3dxmath.obj
 0001:0001c028       _D3DXFloat16To32Array@12   1001d028 f   d3dx9dt:d3dxmath.obj
 0001:0001c02e       ?c_D3DXFloat16To32Array@@YGPAMPAMPBUD3DXFLOAT16@@I@Z 1001d02e f   d3dx9dt:d3dxmath.obj
 0001:0001c0e9       ?init_D3DXVec2Normalize@@YGPAUD3DXVECTOR2@@PAU1@PBU1@@Z 1001d0e9 f   d3dx9dt:d3dxmath.obj
 0001:0001c0fa       _D3DXVec2Normalize@8       1001d0fa f   d3dx9dt:d3dxmath.obj
 0001:0001c100       ?init_D3DXVec2Hermite@@YGPAUD3DXVECTOR2@@PAU1@PBU1@111M@Z 1001d100 f   d3dx9dt:d3dxmath.obj
 0001:0001c12a       _D3DXVec2Hermite@24        1001d12a f   d3dx9dt:d3dxmath.obj
 0001:0001c130       ?c_D3DXVec2Hermite@@YGPAUD3DXVECTOR2@@PAU1@PBU1@111M@Z 1001d130 f   d3dx9dt:d3dxmath.obj
 0001:0001c1e0       ?init_D3DXVec2CatmullRom@@YGPAUD3DXVECTOR2@@PAU1@PBU1@111M@Z 1001d1e0 f   d3dx9dt:d3dxmath.obj
 0001:0001c20a       _D3DXVec2CatmullRom@24     1001d20a f   d3dx9dt:d3dxmath.obj
 0001:0001c210       ?c_D3DXVec2CatmullRom@@YGPAUD3DXVECTOR2@@PAU1@PBU1@111M@Z 1001d210 f   d3dx9dt:d3dxmath.obj
 0001:0001c2e9       ?init_D3DXVec2BaryCentric@@YGPAUD3DXVECTOR2@@PAU1@PBU1@11MM@Z 1001d2e9 f   d3dx9dt:d3dxmath.obj
 0001:0001c318       _D3DXVec2BaryCentric@24    1001d318 f   d3dx9dt:d3dxmath.obj
 0001:0001c31e       ?c_D3DXVec2BaryCentric@@YGPAUD3DXVECTOR2@@PAU1@PBU1@11MM@Z 1001d31e f   d3dx9dt:d3dxmath.obj
 0001:0001c375       ?init_D3DXVec2Transform@@YGPAUD3DXVECTOR4@@PAU1@PBUD3DXVECTOR2@@PBUD3DXMATRIX@@@Z 1001d375 f   d3dx9dt:d3dxmath.obj
 0001:0001c386       _D3DXVec2Transform@12      1001d386 f   d3dx9dt:d3dxmath.obj
 0001:0001c38c       ?init_D3DXVec2TransformArray@@YGPAUD3DXVECTOR4@@PAU1@IPBUD3DXVECTOR2@@IPBUD3DXMATRIX@@I@Z 1001d38c f   d3dx9dt:d3dxmath.obj
 0001:0001c39d       _D3DXVec2TransformArray@24 1001d39d f   d3dx9dt:d3dxmath.obj
 0001:0001c3a3       _acosf@4                   1001d3a3 f i d3dx9dt:d3dxmath.obj
 0001:0001c3b2       ?init_D3DXVec2TransformCoord@@YGPAUD3DXVECTOR2@@PAU1@PBU1@PBUD3DXMATRIX@@@Z 1001d3b2 f   d3dx9dt:d3dxmath.obj
 0001:0001c3c3       _D3DXVec2TransformCoord@12 1001d3c3 f   d3dx9dt:d3dxmath.obj
 0001:0001c3c9       _atan2f@8                  1001d3c9 f i d3dx9dt:d3dxmath.obj
 0001:0001c3d8       _fabsf@4                   1001d3d8 f i d3dx9dt:d3dxmath.obj
 0001:0001c3e4       ?init_D3DXVec2TransformCoordArray@@YGPAUD3DXVECTOR2@@PAU1@IPBU1@IPBUD3DXMATRIX@@I@Z 1001d3e4 f   d3dx9dt:d3dxmath.obj
 0001:0001c3f5       _D3DXVec2TransformCoordArray@24 1001d3f5 f   d3dx9dt:d3dxmath.obj
 0001:0001c3fb       _sinf@4                    1001d3fb f i d3dx9dt:d3dxmath.obj
 0001:0001c407       _sqrtf@4                   1001d407 f i d3dx9dt:d3dxmath.obj
 0001:0001c413       ?init_D3DXVec2TransformNormal@@YGPAUD3DXVECTOR2@@PAU1@PBU1@PBUD3DXMATRIX@@@Z 1001d413 f   d3dx9dt:d3dxmath.obj
 0001:0001c424       _D3DXVec2TransformNormal@12 1001d424 f   d3dx9dt:d3dxmath.obj
 0001:0001c42a       ??0D3DXVECTOR2@@QAE@XZ     1001d42a f i d3dx9dt:d3dxmath.obj
 0001:0001c42d       ?init_D3DXVec2TransformNormalArray@@YGPAUD3DXVECTOR2@@PAU1@IPBU1@IPBUD3DXMATRIX@@I@Z 1001d42d f   d3dx9dt:d3dxmath.obj
 0001:0001c43e       ??0D3DXVECTOR4@@QAE@XZ     1001d43e f i d3dx9dt:d3dxmath.obj
 0001:0001c441       _D3DXVec2TransformNormalArray@24 1001d441 f   d3dx9dt:d3dxmath.obj
 0001:0001c447       ?c_D3DXVec2TransformNormalArray@@YGPAUD3DXVECTOR2@@PAU1@IPBU1@IPBUD3DXMATRIX@@I@Z 1001d447 f   d3dx9dt:d3dxmath.obj
 0001:0001c4bb       ??0_D3DXMATRIXA16@@QAE@XZ  1001d4bb f i d3dx9dt:d3dxmath.obj
 0001:0001c4be       ??0D3DXQUATERNION@@QAE@XZ  1001d4be f i d3dx9dt:d3dxmath.obj
 0001:0001c4c1       ??0D3DXPLANE@@QAE@XZ       1001d4c1 f i d3dx9dt:d3dxmath.obj
 0001:0001c4c4       ?init_D3DXVec3Normalize@@YGPAUD3DXVECTOR3@@PAU1@PBU1@@Z 1001d4c4 f   d3dx9dt:d3dxmath.obj
 0001:0001c4d5       _D3DXVec3Normalize@8       1001d4d5 f   d3dx9dt:d3dxmath.obj
 0001:0001c4db       ?init_D3DXVec3Hermite@@YGPAUD3DXVECTOR3@@PAU1@PBU1@111M@Z 1001d4db f   d3dx9dt:d3dxmath.obj
 0001:0001c505       _D3DXVec3Hermite@24        1001d505 f   d3dx9dt:d3dxmath.obj
 0001:0001c50b       ??0D3DXVECTOR2@@QAE@MM@Z   1001d50b f i d3dx9dt:d3dxmath.obj
 0001:0001c51f       ?c_D3DXVec3Hermite@@YGPAUD3DXVECTOR3@@PAU1@PBU1@111M@Z 1001d51f f   d3dx9dt:d3dxmath.obj
 0001:0001c5f7       ?init_D3DXVec3CatmullRom@@YGPAUD3DXVECTOR3@@PAU1@PBU1@111M@Z 1001d5f7 f   d3dx9dt:d3dxmath.obj
 0001:0001c621       ??_0D3DXVECTOR2@@QAEAAU0@M@Z 1001d621 f i d3dx9dt:d3dxmath.obj
 0001:0001c63b       _D3DXVec3CatmullRom@24     1001d63b f   d3dx9dt:d3dxmath.obj
 0001:0001c641       ?c_D3DXVec3CatmullRom@@YGPAUD3DXVECTOR3@@PAU1@PBU1@111M@Z 1001d641 f   d3dx9dt:d3dxmath.obj
 0001:0001c73c       ?init_D3DXVec3BaryCentric@@YGPAUD3DXVECTOR3@@PAU1@PBU1@11MM@Z 1001d73c f   d3dx9dt:d3dxmath.obj
 0001:0001c76b       ??KD3DXVECTOR2@@QBE?AU0@M@Z 1001d76b f i d3dx9dt:d3dxmath.obj
 0001:0001c78a       _D3DXVec3BaryCentric@24    1001d78a f   d3dx9dt:d3dxmath.obj
 0001:0001c790       ?c_D3DXVec3BaryCentric@@YGPAUD3DXVECTOR3@@PAU1@PBU1@11MM@Z 1001d790 f   d3dx9dt:d3dxmath.obj
 0001:0001c801       ?init_D3DXVec3Transform@@YGPAUD3DXVECTOR4@@PAU1@PBUD3DXVECTOR3@@PBUD3DXMATRIX@@@Z 1001d801 f   d3dx9dt:d3dxmath.obj
 0001:0001c812       _D3DXVec3Transform@12      1001d812 f   d3dx9dt:d3dxmath.obj
 0001:0001c818       ?c_D3DXVec3Transform@@YGPAUD3DXVECTOR4@@PAU1@PBUD3DXVECTOR3@@PBUD3DXMATRIX@@@Z 1001d818 f   d3dx9dt:d3dxmath.obj
 0001:0001c8be       ?init_D3DXVec3TransformArray@@YGPAUD3DXVECTOR4@@PAU1@IPBUD3DXVECTOR3@@IPBUD3DXMATRIX@@I@Z 1001d8be f   d3dx9dt:d3dxmath.obj
 0001:0001c8cf       _D3DXVec3TransformArray@24 1001d8cf f   d3dx9dt:d3dxmath.obj
 0001:0001c8d5       ?c_D3DXVec3TransformArray@@YGPAUD3DXVECTOR4@@PAU1@IPBUD3DXVECTOR3@@IPBUD3DXMATRIX@@I@Z 1001d8d5 f   d3dx9dt:d3dxmath.obj
 0001:0001c9b4       ?init_D3DXVec3TransformCoord@@YGPAUD3DXVECTOR3@@PAU1@PBU1@PBUD3DXMATRIX@@@Z 1001d9b4 f   d3dx9dt:d3dxmath.obj
 0001:0001c9c5       _D3DXVec3TransformCoord@12 1001d9c5 f   d3dx9dt:d3dxmath.obj
 0001:0001c9cb       ??_0D3DXVECTOR3@@QAEAAU0@M@Z 1001d9cb f i d3dx9dt:d3dxmath.obj
 0001:0001c9ed       ?init_D3DXVec3TransformCoordArray@@YGPAUD3DXVECTOR3@@PAU1@IPBU1@IPBUD3DXMATRIX@@I@Z 1001d9ed f   d3dx9dt:d3dxmath.obj
 0001:0001c9fe       _D3DXVec3TransformCoordArray@24 1001d9fe f   d3dx9dt:d3dxmath.obj
 0001:0001ca04       ?c_D3DXVec3TransformCoordArray@@YGPAUD3DXVECTOR3@@PAU1@IPBU1@IPBUD3DXMATRIX@@I@Z 1001da04 f   d3dx9dt:d3dxmath.obj
 0001:0001cb1b       ?init_D3DXVec3TransformNormal@@YGPAUD3DXVECTOR3@@PAU1@PBU1@PBUD3DXMATRIX@@@Z 1001db1b f   d3dx9dt:d3dxmath.obj
 0001:0001cb2c       _D3DXVec3TransformNormal@12 1001db2c f   d3dx9dt:d3dxmath.obj
 0001:0001cb32       ?c_D3DXVec3TransformNormal@@YGPAUD3DXVECTOR3@@PAU1@PBU1@PBUD3DXMATRIX@@@Z 1001db32 f   d3dx9dt:d3dxmath.obj
 0001:0001cbab       ?init_D3DXVec3TransformNormalArray@@YGPAUD3DXVECTOR3@@PAU1@IPBU1@IPBUD3DXMATRIX@@I@Z 1001dbab f   d3dx9dt:d3dxmath.obj
 0001:0001cbbc       _D3DXVec3TransformNormalArray@24 1001dbbc f   d3dx9dt:d3dxmath.obj
 0001:0001cbc2       ?c_D3DXVec3TransformNormalArray@@YGPAUD3DXVECTOR3@@PAU1@IPBU1@IPBUD3DXMATRIX@@I@Z 1001dbc2 f   d3dx9dt:d3dxmath.obj
 0001:0001cc68       ?init_D3DXVec3Project@@YGPAUD3DXVECTOR3@@PAU1@PBU1@PBU_D3DVIEWPORT9@@PBUD3DXMATRIX@@33@Z 1001dc68 f   d3dx9dt:d3dxmath.obj
 0001:0001cc79       _D3DXVec3Project@24        1001dc79 f   d3dx9dt:d3dxmath.obj
 0001:0001cc7f       ?init_D3DXVec3ProjectArray@@YGPAUD3DXVECTOR3@@PAU1@IPBU1@IPBU_D3DVIEWPORT9@@PBUD3DXMATRIX@@33I@Z 1001dc7f f   d3dx9dt:d3dxmath.obj
 0001:0001cc90       _D3DXVec3ProjectArray@36   1001dc90 f   d3dx9dt:d3dxmath.obj
 0001:0001cc96       ??KD3DXVECTOR4@@QBE?AU0@M@Z 1001dc96 f i d3dx9dt:d3dxmath.obj
 0001:0001ccc5       ?init_D3DXVec3Unproject@@YGPAUD3DXVECTOR3@@PAU1@PBU1@PBU_D3DVIEWPORT9@@PBUD3DXMATRIX@@33@Z 1001dcc5 f   d3dx9dt:d3dxmath.obj
 0001:0001ccd6       _D3DXVec3Unproject@24      1001dcd6 f   d3dx9dt:d3dxmath.obj
 0001:0001ccdc       ?init_D3DXVec3UnprojectArray@@YGPAUD3DXVECTOR3@@PAU1@IPBU1@IPBU_D3DVIEWPORT9@@PBUD3DXMATRIX@@33I@Z 1001dcdc f   d3dx9dt:d3dxmath.obj
 0001:0001cced       _D3DXVec3UnprojectArray@36 1001dced f   d3dx9dt:d3dxmath.obj
 0001:0001ccf3       ?init_D3DXVec4Cross@@YGPAUD3DXVECTOR4@@PAU1@PBU1@11@Z 1001dcf3 f   d3dx9dt:d3dxmath.obj
 0001:0001cd04       _D3DXVec4Cross@16          1001dd04 f   d3dx9dt:d3dxmath.obj
 0001:0001cd0a       ?c_D3DXVec4Cross@@YGPAUD3DXVECTOR4@@PAU1@PBU1@11@Z 1001dd0a f   d3dx9dt:d3dxmath.obj
 0001:0001ce21       ?init_D3DXVec4Normalize@@YGPAUD3DXVECTOR4@@PAU1@PBU1@@Z 1001de21 f   d3dx9dt:d3dxmath.obj
 0001:0001ce32       _D3DXVec4Normalize@8       1001de32 f   d3dx9dt:d3dxmath.obj
 0001:0001ce38       ?init_D3DXVec4Hermite@@YGPAUD3DXVECTOR4@@PAU1@PBU1@111M@Z 1001de38 f   d3dx9dt:d3dxmath.obj
 0001:0001ce62       _D3DXVec4Hermite@24        1001de62 f   d3dx9dt:d3dxmath.obj
 0001:0001ce68       ?c_D3DXVec4Hermite@@YGPAUD3DXVECTOR4@@PAU1@PBU1@111M@Z 1001de68 f   d3dx9dt:d3dxmath.obj
 0001:0001cf62       ?init_D3DXVec4CatmullRom@@YGPAUD3DXVECTOR4@@PAU1@PBU1@111M@Z 1001df62 f   d3dx9dt:d3dxmath.obj
 0001:0001cf8c       _D3DXVec4CatmullRom@24     1001df8c f   d3dx9dt:d3dxmath.obj
 0001:0001cf92       ?c_D3DXVec4CatmullRom@@YGPAUD3DXVECTOR4@@PAU1@PBU1@111M@Z 1001df92 f   d3dx9dt:d3dxmath.obj
 0001:0001d0af       ?init_D3DXVec4BaryCentric@@YGPAUD3DXVECTOR4@@PAU1@PBU1@11MM@Z 1001e0af f   d3dx9dt:d3dxmath.obj
 0001:0001d0de       _D3DXVec4BaryCentric@24    1001e0de f   d3dx9dt:d3dxmath.obj
 0001:0001d0e4       ?c_D3DXVec4BaryCentric@@YGPAUD3DXVECTOR4@@PAU1@PBU1@11MM@Z 1001e0e4 f   d3dx9dt:d3dxmath.obj
 0001:0001d16f       ?init_D3DXVec4Transform@@YGPAUD3DXVECTOR4@@PAU1@PBU1@PBUD3DXMATRIX@@@Z 1001e16f f   d3dx9dt:d3dxmath.obj
 0001:0001d180       _D3DXVec4Transform@12      1001e180 f   d3dx9dt:d3dxmath.obj
 0001:0001d186       ?c_D3DXVec4Transform@@YGPAUD3DXVECTOR4@@PAU1@PBU1@PBUD3DXMATRIX@@@Z 1001e186 f   d3dx9dt:d3dxmath.obj
 0001:0001d244       ?init_D3DXVec4TransformArray@@YGPAUD3DXVECTOR4@@PAU1@IPBU1@IPBUD3DXMATRIX@@I@Z 1001e244 f   d3dx9dt:d3dxmath.obj
 0001:0001d255       _D3DXVec4TransformArray@24 1001e255 f   d3dx9dt:d3dxmath.obj
 0001:0001d25b       ?c_D3DXVec4TransformArray@@YGPAUD3DXVECTOR4@@PAU1@IPBU1@IPBUD3DXMATRIX@@I@Z 1001e25b f   d3dx9dt:d3dxmath.obj
 0001:0001d352       ??0D3DXQUATERNION@@QAE@MMMM@Z 1001e352 f i d3dx9dt:d3dxmath.obj
 0001:0001d372       ?init_D3DXMatrixDeterminant@@YGMPBUD3DXMATRIX@@@Z 1001e372 f   d3dx9dt:d3dxmath.obj
 0001:0001d383       _D3DXMatrixDeterminant@4   1001e383 f   d3dx9dt:d3dxmath.obj
 0001:0001d389       ?c_D3DXMatrixDeterminant@@YGMPBUD3DXMATRIX@@@Z 1001e389 f   d3dx9dt:d3dxmath.obj
 0001:0001d462       ??_0D3DXQUATERNION@@QAEAAU0@M@Z 1001e462 f i d3dx9dt:d3dxmath.obj
 0001:0001d48c       ??GD3DXQUATERNION@@QBE?AU0@XZ 1001e48c f i d3dx9dt:d3dxmath.obj
 0001:0001d4b4       ??HD3DXQUATERNION@@QBE?AU0@ABU0@@Z 1001e4b4 f i d3dx9dt:d3dxmath.obj
 0001:0001d4e2       ?init_D3DXMatrixMultiply@@YGPAUD3DXMATRIX@@PAU1@PBU1@1@Z 1001e4e2 f   d3dx9dt:d3dxmath.obj
 0001:0001d4f3       ??GD3DXQUATERNION@@QBE?AU0@ABU0@@Z 1001e4f3 f i d3dx9dt:d3dxmath.obj
 0001:0001d521       _D3DXMatrixMultiply@12     1001e521 f   d3dx9dt:d3dxmath.obj
 0001:0001d527       ?c_D3DXMatrixMultiply@@YGPAUD3DXMATRIX@@PAU1@PBU1@1@Z 1001e527 f   d3dx9dt:d3dxmath.obj
 0001:0001d779       ??DD3DXQUATERNION@@QBE?AU0@M@Z 1001e779 f i d3dx9dt:d3dxmath.obj
 0001:0001d7a5       ??KD3DXQUATERNION@@QBE?AU0@M@Z 1001e7a5 f i d3dx9dt:d3dxmath.obj
 0001:0001d7d4       ??0D3DXPLANE@@QAE@MMMM@Z   1001e7d4 f i d3dx9dt:d3dxmath.obj
 0001:0001d7f4       ??GD3DXPLANE@@QBE?AU0@XZ   1001e7f4 f i d3dx9dt:d3dxmath.obj
 0001:0001d81c       ?init_D3DXMatrixTranspose@@YGPAUD3DXMATRIX@@PAU1@PBU1@@Z 1001e81c f   d3dx9dt:d3dxmath.obj
 0001:0001d82d       _D3DXMatrixTranspose@8     1001e82d f   d3dx9dt:d3dxmath.obj
 0001:0001d833       ?c_D3DXMatrixTranspose@@YGPAUD3DXMATRIX@@PAU1@PBU1@@Z 1001e833 f   d3dx9dt:d3dxmath.obj
 0001:0001d8ae       ?init_D3DXMatrixMultiplyTranspose@@YGPAUD3DXMATRIX@@PAU1@PBU1@1@Z 1001e8ae f   d3dx9dt:d3dxmath.obj
 0001:0001d8bf       _D3DXMatrixMultiplyTranspose@12 1001e8bf f   d3dx9dt:d3dxmath.obj
 0001:0001d8c5       ?c_D3DXMatrixMultiplyTranspose@@YGPAUD3DXMATRIX@@PAU1@PBU1@1@Z 1001e8c5 f   d3dx9dt:d3dxmath.obj
 0001:0001db17       ?init_D3DXMatrixInverse@@YGPAUD3DXMATRIX@@PAU1@PAMPBU1@@Z 1001eb17 f   d3dx9dt:d3dxmath.obj
 0001:0001db28       _D3DXMatrixInverse@12      1001eb28 f   d3dx9dt:d3dxmath.obj
 0001:0001db2e       ?c_D3DXMatrixInverse@@YGPAUD3DXMATRIX@@PAU1@PAMPBU1@@Z 1001eb2e f   d3dx9dt:d3dxmath.obj
 0001:0001dedf       ?D3DXVec2LengthSq@@YGMPBUD3DXVECTOR2@@@Z 1001eedf f i d3dx9dt:d3dxmath.obj
 0001:0001defc       ?init_D3DXMatrixScaling@@YGPAUD3DXMATRIX@@PAU1@MMM@Z 1001eefc f   d3dx9dt:d3dxmath.obj
 0001:0001df2a       _D3DXMatrixScaling@16      1001ef2a f   d3dx9dt:d3dxmath.obj
 0001:0001df30       ?c_D3DXMatrixScaling@@YGPAUD3DXMATRIX@@PAU1@MMM@Z 1001ef30 f   d3dx9dt:d3dxmath.obj
 0001:0001df90       ?init_D3DXMatrixTranslation@@YGPAUD3DXMATRIX@@PAU1@MMM@Z 1001ef90 f   d3dx9dt:d3dxmath.obj
 0001:0001dfbe       _D3DXMatrixTranslation@16  1001efbe f   d3dx9dt:d3dxmath.obj
 0001:0001dfc4       ?c_D3DXMatrixTranslation@@YGPAUD3DXMATRIX@@PAU1@MMM@Z 1001efc4 f   d3dx9dt:d3dxmath.obj
 0001:0001e024       ?D3DXVec3LengthSq@@YGMPBUD3DXVECTOR3@@@Z 1001f024 f i d3dx9dt:d3dxmath.obj
 0001:0001e04c       ?init_D3DXMatrixRotationX@@YGPAUD3DXMATRIX@@PAU1@M@Z 1001f04c f   d3dx9dt:d3dxmath.obj
 0001:0001e06a       ?D3DXVec3Dot@@YGMPBUD3DXVECTOR3@@0@Z 1001f06a f i d3dx9dt:d3dxmath.obj
 0001:0001e08b       _D3DXMatrixRotationX@8     1001f08b f   d3dx9dt:d3dxmath.obj
 0001:0001e091       ?c_D3DXMatrixRotationX@@YGPAUD3DXMATRIX@@PAU1@M@Z 1001f091 f   d3dx9dt:d3dxmath.obj
 0001:0001e115       ?D3DXVec3Cross@@YGPAUD3DXVECTOR3@@PAU1@PBU1@1@Z 1001f115 f i d3dx9dt:d3dxmath.obj
 0001:0001e163       ?init_D3DXMatrixRotationY@@YGPAUD3DXMATRIX@@PAU1@M@Z 1001f163 f   d3dx9dt:d3dxmath.obj
 0001:0001e181       ?D3DXVec3Subtract@@YGPAUD3DXVECTOR3@@PAU1@PBU1@1@Z 1001f181 f i d3dx9dt:d3dxmath.obj
 0001:0001e1a9       _D3DXMatrixRotationY@8     1001f1a9 f   d3dx9dt:d3dxmath.obj
 0001:0001e1af       ?c_D3DXMatrixRotationY@@YGPAUD3DXMATRIX@@PAU1@M@Z 1001f1af f   d3dx9dt:d3dxmath.obj
 0001:0001e232       ?init_D3DXMatrixRotationZ@@YGPAUD3DXMATRIX@@PAU1@M@Z 1001f232 f   d3dx9dt:d3dxmath.obj
 0001:0001e250       _D3DXMatrixRotationZ@8     1001f250 f   d3dx9dt:d3dxmath.obj
 0001:0001e256       ?c_D3DXMatrixRotationZ@@YGPAUD3DXMATRIX@@PAU1@M@Z 1001f256 f   d3dx9dt:d3dxmath.obj
 0001:0001e2da       ?D3DXVec3Lerp@@YGPAUD3DXVECTOR3@@PAU1@PBU1@1M@Z 1001f2da f i d3dx9dt:d3dxmath.obj
 0001:0001e313       ?init_D3DXMatrixRotationAxis@@YGPAUD3DXMATRIX@@PAU1@PBUD3DXVECTOR3@@M@Z 1001f313 f   d3dx9dt:d3dxmath.obj
 0001:0001e334       ?D3DXVec4LengthSq@@YGMPBUD3DXVECTOR4@@@Z 1001f334 f i d3dx9dt:d3dxmath.obj
 0001:0001e367       _D3DXMatrixRotationAxis@12 1001f367 f   d3dx9dt:d3dxmath.obj
 0001:0001e36d       ?c_D3DXMatrixRotationAxis@@YGPAUD3DXMATRIX@@PAU1@PBUD3DXVECTOR3@@M@Z 1001f36d f   d3dx9dt:d3dxmath.obj
 0001:0001e487       ?init_D3DXMatrixRotationQuaternion@@YGPAUD3DXMATRIX@@PAU1@PBUD3DXQUATERNION@@@Z 1001f487 f   d3dx9dt:d3dxmath.obj
 0001:0001e498       _D3DXMatrixRotationQuaternion@8 1001f498 f   d3dx9dt:d3dxmath.obj
 0001:0001e49e       ?c_D3DXMatrixRotationQuaternion@@YGPAUD3DXMATRIX@@PAU1@PBUD3DXQUATERNION@@@Z 1001f49e f   d3dx9dt:d3dxmath.obj
 0001:0001e594       ?init_D3DXMatrixRotationYawPitchRoll@@YGPAUD3DXMATRIX@@PAU1@MMM@Z 1001f594 f   d3dx9dt:d3dxmath.obj
 0001:0001e5c2       ?D3DXMatrixIdentity@@YGPAUD3DXMATRIX@@PAU1@@Z 1001f5c2 f i d3dx9dt:d3dxmath.obj
 0001:0001e61b       _D3DXMatrixRotationYawPitchRoll@16 1001f61b f   d3dx9dt:d3dxmath.obj
 0001:0001e621       ?init_D3DXMatrixTransformation@@YGPAUD3DXMATRIX@@PAU1@PBUD3DXVECTOR3@@PBUD3DXQUATERNION@@1121@Z 1001f621 f   d3dx9dt:d3dxmath.obj
 0001:0001e632       _D3DXMatrixTransformation@28 1001f632 f   d3dx9dt:d3dxmath.obj
 0001:0001e638       ?c_D3DXMatrixTransformation@@YGPAUD3DXMATRIX@@PAU1@PBUD3DXVECTOR3@@PBUD3DXQUATERNION@@1121@Z 1001f638 f   d3dx9dt:d3dxmath.obj
 0001:0001e8e6       ?D3DXQuaternionLengthSq@@YGMPBUD3DXQUATERNION@@@Z 1001f8e6 f i d3dx9dt:d3dxmath.obj
 0001:0001e919       ?D3DXQuaternionDot@@YGMPBUD3DXQUATERNION@@0@Z 1001f919 f i d3dx9dt:d3dxmath.obj
 0001:0001e942       ?D3DXQuaternionConjugate@@YGPAUD3DXQUATERNION@@PAU1@PBU1@@Z 1001f942 f i d3dx9dt:d3dxmath.obj
 0001:0001e96b       ?D3DXPlaneDot@@YGMPBUD3DXPLANE@@PBUD3DXVECTOR4@@@Z 1001f96b f i d3dx9dt:d3dxmath.obj
 0001:0001e994       ?D3DXPlaneDotCoord@@YGMPBUD3DXPLANE@@PBUD3DXVECTOR3@@@Z 1001f994 f i d3dx9dt:d3dxmath.obj
 0001:0001e9b8       ?D3DXPlaneDotNormal@@YGMPBUD3DXPLANE@@PBUD3DXVECTOR3@@@Z 1001f9b8 f i d3dx9dt:d3dxmath.obj
 0001:0001e9d9       ?init_D3DXMatrixAffineTransformation@@YGPAUD3DXMATRIX@@PAU1@MPBUD3DXVECTOR3@@PBUD3DXQUATERNION@@1@Z 1001f9d9 f   d3dx9dt:d3dxmath.obj
 0001:0001ea00       _D3DXMatrixAffineTransformation@20 1001fa00 f   d3dx9dt:d3dxmath.obj
 0001:0001ea06       ?c_D3DXMatrixAffineTransformation@@YGPAUD3DXMATRIX@@PAU1@MPBUD3DXVECTOR3@@PBUD3DXQUATERNION@@1@Z 1001fa06 f   d3dx9dt:d3dxmath.obj
 0001:0001eb07       _D3DXMatrixLookAtRH@16     1001fb07 f   d3dx9dt:d3dxmath.obj
 0001:0001ec78       _D3DXMatrixLookAtLH@16     1001fc78 f   d3dx9dt:d3dxmath.obj
 0001:0001ede9       _D3DXMatrixPerspectiveRH@20 1001fde9 f   d3dx9dt:d3dxmath.obj
 0001:0001ee88       _D3DXMatrixPerspectiveLH@20 1001fe88 f   d3dx9dt:d3dxmath.obj
 0001:0001ef27       _D3DXMatrixPerspectiveFovRH@20 1001ff27 f   d3dx9dt:d3dxmath.obj
 0001:0001efff       _D3DXMatrixPerspectiveFovLH@20 1001ffff f   d3dx9dt:d3dxmath.obj
 0001:0001f0d7       _D3DXMatrixPerspectiveOffCenterRH@28 100200d7 f   d3dx9dt:d3dxmath.obj
 0001:0001f1b8       _D3DXMatrixPerspectiveOffCenterLH@28 100201b8 f   d3dx9dt:d3dxmath.obj
 0001:0001f29d       _D3DXMatrixOrthoRH@20      1002029d f   d3dx9dt:d3dxmath.obj
 0001:0001f344       _D3DXMatrixOrthoLH@20      10020344 f   d3dx9dt:d3dxmath.obj
 0001:0001f3ed       _D3DXMatrixOrthoOffCenterRH@28 100203ed f   d3dx9dt:d3dxmath.obj
 0001:0001f4d0       _D3DXMatrixOrthoOffCenterLH@28 100204d0 f   d3dx9dt:d3dxmath.obj
 0001:0001f5b5       ?init_D3DXMatrixShadow@@YGPAUD3DXMATRIX@@PAU1@PBUD3DXVECTOR4@@PBUD3DXPLANE@@@Z 100205b5 f   d3dx9dt:d3dxmath.obj
 0001:0001f5c6       _D3DXMatrixShadow@12       100205c6 f   d3dx9dt:d3dxmath.obj
 0001:0001f5cc       ?init_D3DXMatrixReflect@@YGPAUD3DXMATRIX@@PAU1@PBUD3DXPLANE@@@Z 100205cc f   d3dx9dt:d3dxmath.obj
 0001:0001f5dd       _D3DXMatrixReflect@8       100205dd f   d3dx9dt:d3dxmath.obj
 0001:0001f5e3       ?init_D3DXQuaternionToAxisAngle@@YGXPBUD3DXQUATERNION@@PAUD3DXVECTOR3@@PAM@Z 100205e3 f   d3dx9dt:d3dxmath.obj
 0001:0001f5f4       _D3DXQuaternionToAxisAngle@12 100205f4 f   d3dx9dt:d3dxmath.obj
 0001:0001f5fa       ?c_D3DXQuaternionToAxisAngle@@YGXPBUD3DXQUATERNION@@PAUD3DXVECTOR3@@PAM@Z 100205fa f   d3dx9dt:d3dxmath.obj
 0001:0001f634       ?init_D3DXQuaternionRotationMatrix@@YGPAUD3DXQUATERNION@@PAU1@PBUD3DXMATRIX@@@Z 10020634 f   d3dx9dt:d3dxmath.obj
 0001:0001f645       _D3DXQuaternionRotationMatrix@8 10020645 f   d3dx9dt:d3dxmath.obj
 0001:0001f64b       ?c_D3DXQuaternionRotationMatrix@@YGPAUD3DXQUATERNION@@PAU1@PBUD3DXMATRIX@@@Z 1002064b f   d3dx9dt:d3dxmath.obj
 0001:0001f78e       ?init_D3DXQuaternionRotationAxis@@YGPAUD3DXQUATERNION@@PAU1@PBUD3DXVECTOR3@@M@Z 1002078e f   d3dx9dt:d3dxmath.obj
 0001:0001f7af       _D3DXQuaternionRotationAxis@12 100207af f   d3dx9dt:d3dxmath.obj
 0001:0001f7b5       ?c_D3DXQuaternionRotationAxis@@YGPAUD3DXQUATERNION@@PAU1@PBUD3DXVECTOR3@@M@Z 100207b5 f   d3dx9dt:d3dxmath.obj
 0001:0001f821       ?init_D3DXQuaternionRotationYawPitchRoll@@YGPAUD3DXQUATERNION@@PAU1@MMM@Z 10020821 f   d3dx9dt:d3dxmath.obj
 0001:0001f84f       _D3DXQuaternionRotationYawPitchRoll@16 1002084f f   d3dx9dt:d3dxmath.obj
 0001:0001f855       ?c_D3DXQuaternionRotationYawPitchRoll@@YGPAUD3DXQUATERNION@@PAU1@MMM@Z 10020855 f   d3dx9dt:d3dxmath.obj
 0001:0001f93b       ?init_D3DXQuaternionMultiply@@YGPAUD3DXQUATERNION@@PAU1@PBU1@1@Z 1002093b f   d3dx9dt:d3dxmath.obj
 0001:0001f94c       _D3DXQuaternionMultiply@12 1002094c f   d3dx9dt:d3dxmath.obj
 0001:0001f952       ?c_D3DXQuaternionMultiply@@YGPAUD3DXQUATERNION@@PAU1@PBU1@1@Z 10020952 f   d3dx9dt:d3dxmath.obj
 0001:0001fa09       ?init_D3DXQuaternionNormalize@@YGPAUD3DXQUATERNION@@PAU1@PBU1@@Z 10020a09 f   d3dx9dt:d3dxmath.obj
 0001:0001fa1a       _D3DXQuaternionNormalize@8 10020a1a f   d3dx9dt:d3dxmath.obj
 0001:0001fa20       ?c_D3DXQuaternionNormalize@@YGPAUD3DXQUATERNION@@PAU1@PBU1@@Z 10020a20 f   d3dx9dt:d3dxmath.obj
 0001:0001fae9       ?init_D3DXQuaternionInverse@@YGPAUD3DXQUATERNION@@PAU1@PBU1@@Z 10020ae9 f   d3dx9dt:d3dxmath.obj
 0001:0001fafa       _D3DXQuaternionInverse@8   10020afa f   d3dx9dt:d3dxmath.obj
 0001:0001fb00       ?c_D3DXQuaternionInverse@@YGPAUD3DXQUATERNION@@PAU1@PBU1@@Z 10020b00 f   d3dx9dt:d3dxmath.obj
 0001:0001fbc5       ?init_D3DXQuaternionLn@@YGPAUD3DXQUATERNION@@PAU1@PBU1@@Z 10020bc5 f   d3dx9dt:d3dxmath.obj
 0001:0001fbd6       _D3DXQuaternionLn@8        10020bd6 f   d3dx9dt:d3dxmath.obj
 0001:0001fbdc       ?c_D3DXQuaternionLn@@YGPAUD3DXQUATERNION@@PAU1@PBU1@@Z 10020bdc f   d3dx9dt:d3dxmath.obj
 0001:0001fc63       ?init_D3DXQuaternionExp@@YGPAUD3DXQUATERNION@@PAU1@PBU1@@Z 10020c63 f   d3dx9dt:d3dxmath.obj
 0001:0001fc74       _D3DXQuaternionExp@8       10020c74 f   d3dx9dt:d3dxmath.obj
 0001:0001fc7a       ?c_D3DXQuaternionExp@@YGPAUD3DXQUATERNION@@PAU1@PBU1@@Z 10020c7a f   d3dx9dt:d3dxmath.obj
 0001:0001fd26       ?init_D3DXQuaternionSlerp@@YGPAUD3DXQUATERNION@@PAU1@PBU1@1M@Z 10020d26 f   d3dx9dt:d3dxmath.obj
 0001:0001fd4a       _D3DXQuaternionSlerp@16    10020d4a f   d3dx9dt:d3dxmath.obj
 0001:0001fd50       ?c_D3DXQuaternionSlerp@@YGPAUD3DXQUATERNION@@PAU1@PBU1@1M@Z 10020d50 f   d3dx9dt:d3dxmath.obj
 0001:0001fe52       ?init_D3DXQuaternionSquad@@YGPAUD3DXQUATERNION@@PAU1@PBU1@111M@Z 10020e52 f   d3dx9dt:d3dxmath.obj
 0001:0001fe7c       _D3DXQuaternionSquad@24    10020e7c f   d3dx9dt:d3dxmath.obj
 0001:0001fe82       ?c_D3DXQuaternionSquad@@YGPAUD3DXQUATERNION@@PAU1@PBU1@111M@Z 10020e82 f   d3dx9dt:d3dxmath.obj
 0001:0001fef8       ?init_D3DXQuaternionSquadSetup@@YGXPAUD3DXQUATERNION@@00PBU1@111@Z 10020ef8 f   d3dx9dt:d3dxmath.obj
 0001:0001ff09       _D3DXQuaternionSquadSetup@28 10020f09 f   d3dx9dt:d3dxmath.obj
 0001:0001ff0f       ?init_D3DXQuaternionBaryCentric@@YGPAUD3DXQUATERNION@@PAU1@PBU1@11MM@Z 10020f0f f   d3dx9dt:d3dxmath.obj
 0001:0001ff3e       _D3DXQuaternionBaryCentric@24 10020f3e f   d3dx9dt:d3dxmath.obj
 0001:0001ff44       ?c_D3DXQuaternionBaryCentric@@YGPAUD3DXQUATERNION@@PAU1@PBU1@11MM@Z 10020f44 f   d3dx9dt:d3dxmath.obj
 0001:0001ffe4       ?init_D3DXPlaneNormalize@@YGPAUD3DXPLANE@@PAU1@PBU1@@Z 10020fe4 f   d3dx9dt:d3dxmath.obj
 0001:0001fff5       _D3DXPlaneNormalize@8      10020ff5 f   d3dx9dt:d3dxmath.obj
 0001:0001fffb       ?c_D3DXPlaneNormalize@@YGPAUD3DXPLANE@@PAU1@PBU1@@Z 10020ffb f   d3dx9dt:d3dxmath.obj
 0001:000200af       ?init_D3DXPlaneIntersectLine@@YGPAUD3DXVECTOR3@@PAU1@PBUD3DXPLANE@@PBU1@2@Z 100210af f   d3dx9dt:d3dxmath.obj
 0001:000200c0       _D3DXPlaneIntersectLine@16 100210c0 f   d3dx9dt:d3dxmath.obj
 0001:000200c6       ?c_D3DXPlaneIntersectLine@@YGPAUD3DXVECTOR3@@PAU1@PBUD3DXPLANE@@PBU1@2@Z 100210c6 f   d3dx9dt:d3dxmath.obj
 0001:0002017a       ?init_D3DXPlaneFromPointNormal@@YGPAUD3DXPLANE@@PAU1@PBUD3DXVECTOR3@@1@Z 1002117a f   d3dx9dt:d3dxmath.obj
 0001:0002018b       _D3DXPlaneFromPointNormal@12 1002118b f   d3dx9dt:d3dxmath.obj
 0001:00020191       ?c_D3DXPlaneFromPointNormal@@YGPAUD3DXPLANE@@PAU1@PBUD3DXVECTOR3@@1@Z 10021191 f   d3dx9dt:d3dxmath.obj
 0001:000201dc       ?init_D3DXPlaneFromPoints@@YGPAUD3DXPLANE@@PAU1@PBUD3DXVECTOR3@@11@Z 100211dc f   d3dx9dt:d3dxmath.obj
 0001:000201ed       _D3DXPlaneFromPoints@16    100211ed f   d3dx9dt:d3dxmath.obj
 0001:000201f3       ?c_D3DXPlaneFromPoints@@YGPAUD3DXPLANE@@PAU1@PBUD3DXVECTOR3@@11@Z 100211f3 f   d3dx9dt:d3dxmath.obj
 0001:000202b7       ?init_D3DXPlaneTransform@@YGPAUD3DXPLANE@@PAU1@PBU1@PBUD3DXMATRIX@@@Z 100212b7 f   d3dx9dt:d3dxmath.obj
 0001:000202c8       _D3DXPlaneTransform@12     100212c8 f   d3dx9dt:d3dxmath.obj
 0001:000202ce       ?c_D3DXPlaneTransform@@YGPAUD3DXPLANE@@PAU1@PBU1@PBUD3DXMATRIX@@@Z 100212ce f   d3dx9dt:d3dxmath.obj
 0001:0002038c       ?init_D3DXPlaneTransformArray@@YGPAUD3DXPLANE@@PAU1@IPBU1@IPBUD3DXMATRIX@@I@Z 1002138c f   d3dx9dt:d3dxmath.obj
 0001:0002039d       _D3DXPlaneTransformArray@24 1002139d f   d3dx9dt:d3dxmath.obj
 0001:000203a3       ?c_D3DXPlaneTransformArray@@YGPAUD3DXPLANE@@PAU1@IPBU1@IPBUD3DXMATRIX@@I@Z 100213a3 f   d3dx9dt:d3dxmath.obj
 0001:0002049a       _D3DXColorAdjustSaturation@12 1002149a f   d3dx9dt:d3dxmath.obj
 0001:000204fe       _D3DXColorAdjustContrast@12 100214fe f   d3dx9dt:d3dxmath.obj
 0001:0002054a       _D3DXFresnelTerm@8         1002154a f   d3dx9dt:d3dxmath.obj
 0001:000205e7       ?D3DXPerlinNoise@@YGMPBUD3DXVECTOR3@@@Z 100215e7 f   d3dx9dt:d3dxmath.obj
 0001:00020850       ?init_D3DXPSGPUpdateSkinnedMesh@@YGXPBUD3DXMATRIX@@0PAE1KKPAPAE2KKPAMH@Z 10021850 f   d3dx9dt:d3dxmath.obj
 0001:00020861       ?D3DXPSGPUpdateSkinnedMesh@@YGXPBUD3DXMATRIX@@0PAE1KKPAPAE2KKPAMH@Z 10021861 f   d3dx9dt:d3dxmath.obj
 0001:00020867       ?init_D3DXPSGPTessellateNPatch@@YGXPAUD3DXVECTOR3@@PAUD3DXVECTOR2@@KPAM222K@Z 10021867 f   d3dx9dt:d3dxmath.obj
 0001:00020878       ?D3DXPSGPTessellateNPatch@@YGXPAUD3DXVECTOR3@@PAUD3DXVECTOR2@@KPAM222K@Z 10021878 f   d3dx9dt:d3dxmath.obj
 0001:0002087e       ?c_D3DXVec2Normalize@@YGPAUD3DXVECTOR2@@PAU1@PBU1@@Z 1002187e f   d3dx9dt:d3dxmath.obj
 0001:00020917       ?c_D3DXVec2Transform@@YGPAUD3DXVECTOR4@@PAU1@PBUD3DXVECTOR2@@PBUD3DXMATRIX@@@Z 10021917 f   d3dx9dt:d3dxmath.obj
 0001:00020995       ?c_D3DXVec2TransformArray@@YGPAUD3DXVECTOR4@@PAU1@IPBUD3DXVECTOR2@@IPBUD3DXMATRIX@@I@Z 10021995 f   d3dx9dt:d3dxmath.obj
 0001:00020a44       ?c_D3DXVec2TransformCoord@@YGPAUD3DXVECTOR2@@PAU1@PBU1@PBUD3DXMATRIX@@@Z 10021a44 f   d3dx9dt:d3dxmath.obj
 0001:00020add       ?c_D3DXVec2TransformCoordArray@@YGPAUD3DXVECTOR2@@PAU1@IPBU1@IPBUD3DXMATRIX@@I@Z 10021add f   d3dx9dt:d3dxmath.obj
 0001:00020bad       ?c_D3DXVec2TransformNormal@@YGPAUD3DXVECTOR2@@PAU1@PBU1@PBUD3DXMATRIX@@@Z 10021bad f   d3dx9dt:d3dxmath.obj
 0001:00020bf9       ?c_D3DXVec3Normalize@@YGPAUD3DXVECTOR3@@PAU1@PBU1@@Z 10021bf9 f   d3dx9dt:d3dxmath.obj
 0001:00020ca9       ?c_D3DXVec3TransformCoord@@YGPAUD3DXVECTOR3@@PAU1@PBU1@PBUD3DXMATRIX@@@Z 10021ca9 f   d3dx9dt:d3dxmath.obj
 0001:00020d89       ?c_D3DXVec3Project@@YGPAUD3DXVECTOR3@@PAU1@PBU1@PBU_D3DVIEWPORT9@@PBUD3DXMATRIX@@33@Z 10021d89 f   d3dx9dt:d3dxmath.obj
 0001:00020f32       ?c_D3DXVec3ProjectArray@@YGPAUD3DXVECTOR3@@PAU1@IPBU1@IPBU_D3DVIEWPORT9@@PBUD3DXMATRIX@@33I@Z 10021f32 f   d3dx9dt:d3dxmath.obj
 0001:00021160       ?c_D3DXVec3Unproject@@YGPAUD3DXVECTOR3@@PAU1@PBU1@PBU_D3DVIEWPORT9@@PBUD3DXMATRIX@@33@Z 10022160 f   d3dx9dt:d3dxmath.obj
 0001:00021329       ?c_D3DXVec3UnprojectArray@@YGPAUD3DXVECTOR3@@PAU1@IPBU1@IPBU_D3DVIEWPORT9@@PBUD3DXMATRIX@@33I@Z 10022329 f   d3dx9dt:d3dxmath.obj
 0001:0002157e       ?c_D3DXVec4Normalize@@YGPAUD3DXVECTOR4@@PAU1@PBU1@@Z 1002257e f   d3dx9dt:d3dxmath.obj
 0001:00021647       ??DD3DXQUATERNION@@QBE?AU0@ABU0@@Z 10022647 f i d3dx9dt:d3dxmath.obj
 0001:0002166e       ?c_D3DXMatrixRotationYawPitchRoll@@YGPAUD3DXMATRIX@@PAU1@MMM@Z 1002266e f   d3dx9dt:d3dxmath.obj
 0001:000216b1       ?c_D3DXMatrixShadow@@YGPAUD3DXMATRIX@@PAU1@PBUD3DXVECTOR4@@PBUD3DXPLANE@@@Z 100226b1 f   d3dx9dt:d3dxmath.obj
 0001:000217af       ?c_D3DXMatrixReflect@@YGPAUD3DXMATRIX@@PAU1@PBUD3DXPLANE@@@Z 100227af f   d3dx9dt:d3dxmath.obj
 0001:00021888       ?c_D3DXQuaternionSquadSetup@@YGXPAUD3DXQUATERNION@@00PBU1@111@Z 10022888 f   d3dx9dt:d3dxmath.obj
 0001:00021cc7       ?GetFormatInfo@D3DXTex@@YGPBU_D3DXFORMAT_INFO@@W4_D3DFORMAT@@@Z 10022cc7 f   d3dx9dt:d3dx9tex.obj
 0001:00021d65       ?FindClosestFormat@D3DXTex@@YG?AW4_D3DFORMAT@@PBW42@PBUtagPALETTEENTRY@@PBU_D3DXFORMAT_INFO@@@Z 10022d65 f   d3dx9dt:d3dx9tex.obj
 0001:00021dd4       ?FindClosestDeviceFormat@D3DXTex@@YG?AW4_D3DFORMAT@@PAUIDirect3DDevice9@@KW4_D3DRESOURCETYPE@@PBU_D3DXFORMAT_INFO@@@Z 10022dd4 f   d3dx9dt:d3dx9tex.obj
 0001:00021ed0       ?FindClosestExternalFormat@D3DXTex@@YG?AW4_D3DFORMAT@@W42@@Z 10022ed0 f   d3dx9dt:d3dx9tex.obj
 0001:00021eef       _D3DXGetImageInfoFromFileInMemory@12 10022eef f   d3dx9dt:d3dx9tex.obj
 0001:00021f27       _D3DXLoadSurfaceFromMemory@40 10022f27 f   d3dx9dt:d3dx9tex.obj
 0001:0002202e       ??0D3DXCOLOR@@QAE@XZ       1002302e f i d3dx9dt:d3dx9tex.obj
 0001:0002211e       _D3DXSaveSurfaceToFileA@20 1002311e f   d3dx9dt:d3dx9tex.obj
 0001:0002213b       _D3DXSaveSurfaceToFileW@20 1002313b f   d3dx9dt:d3dx9tex.obj
 0001:00022158       _D3DXLoadVolumeFromMemory@44 10023158 f   d3dx9dt:d3dx9tex.obj
 0001:0002233d       _D3DXSaveVolumeToFileA@20  1002333d f   d3dx9dt:d3dx9tex.obj
 0001:0002235a       _D3DXSaveVolumeToFileW@20  1002335a f   d3dx9dt:d3dx9tex.obj
 0001:00022701       _D3DXCheckTextureRequirements@28 10023701 f   d3dx9dt:d3dx9tex.obj
 0001:00022726       _D3DXCheckCubeTextureRequirements@24 10023726 f   d3dx9dt:d3dx9tex.obj
 0001:0002274b       _D3DXCheckVolumeTextureRequirements@32 1002374b f   d3dx9dt:d3dx9tex.obj
 0001:00022771       _D3DXCreateTexture@32      10023771 f   d3dx9dt:d3dx9tex.obj
 0001:00022808       _D3DXCreateCubeTexture@28  10023808 f   d3dx9dt:d3dx9tex.obj
 0001:00022898       _D3DXCreateVolumeTexture@36 10023898 f   d3dx9dt:d3dx9tex.obj
 0001:00022939       ??_H@YGXPAXIHP6EPAX0@Z@Z   10023939 f i d3dx9dt:d3dx9tex.obj
 0001:0002295b       ??_I@YGXPAXIHP6EX0@Z@Z     1002395b f i d3dx9dt:d3dx9tex.obj
 0001:00022985       _D3DXFillTexture@12        10023985 f   d3dx9dt:d3dx9tex.obj
 0001:00022bb3       _D3DXFillCubeTexture@12    10023bb3 f   d3dx9dt:d3dx9tex.obj
 0001:000232ed       _D3DXFillVolumeTexture@12  100242ed f   d3dx9dt:d3dx9tex.obj
 0001:00023637       _D3DXFillTextureTX@16      10024637 f   d3dx9dt:d3dx9tex.obj
 0001:00023738       _D3DXFillCubeTextureTX@16  10024738 f   d3dx9dt:d3dx9tex.obj
 0001:00023839       _D3DXFillVolumeTextureTX@16 10024839 f   d3dx9dt:d3dx9tex.obj
 0001:00023983       _D3DXComputeNormalMap@24   10024983 f   d3dx9dt:d3dx9tex.obj
 0001:0002423f       _D3DXGetImageInfoFromFileA@8 1002523f f   d3dx9dt:d3dx9tex.obj
 0001:0002427e       _D3DXGetImageInfoFromFileW@8 1002527e f   d3dx9dt:d3dx9tex.obj
 0001:000242bd       _D3DXGetImageInfoFromResourceA@12 100252bd f   d3dx9dt:d3dx9tex.obj
 0001:00024301       _D3DXGetImageInfoFromResourceW@12 10025301 f   d3dx9dt:d3dx9tex.obj
 0001:00024345       _D3DXLoadSurfaceFromFileInMemory@36 10025345 f   d3dx9dt:d3dx9tex.obj
 0001:00024423       _D3DXLoadSurfaceFromSurface@32 10025423 f   d3dx9dt:d3dx9tex.obj
 0001:00024650       _D3DXLoadVolumeFromFileInMemory@36 10025650 f   d3dx9dt:d3dx9tex.obj
 0001:00024736       _D3DXLoadVolumeFromVolume@32 10025736 f   d3dx9dt:d3dx9tex.obj
 0001:000247d0       ??_ECLockSurface@D3DXTex@@QAEPAXI@Z 100257d0 f i d3dx9dt:d3dx9tex.obj
 0001:0002481c       ??_ECLockVolume@D3DXTex@@QAEPAXI@Z 1002581c f i d3dx9dt:d3dx9tex.obj
 0001:00024868       _D3DXFilterTexture@16      10025868 f   d3dx9dt:d3dx9tex.obj
 0001:00024b72       _D3DXLoadSurfaceFromFileA@32 10025b72 f   d3dx9dt:d3dx9tex.obj
[...]
 0001:0005470d       ?write_marker_byte@D3DX@@YGXPAUjpeg_compress_struct@1@H@Z 1005570d f   d3dx9dt:jcmarker.obj
 0001:00054721       ?write_file_header@D3DX@@YGXPAUjpeg_compress_struct@1@@Z 10055721 f   d3dx9dt:jcmarker.obj
 0001:00054765       ?write_frame_header@D3DX@@YGXPAUjpeg_compress_struct@1@@Z 10055765 f   d3dx9dt:jcmarker.obj
 0001:0005482c       ?write_scan_header@D3DX@@YGXPAUjpeg_compress_struct@1@@Z 1005582c f   d3dx9dt:jcmarker.obj
 0001:000548f2       ?write_file_trailer@D3DX@@YGXPAUjpeg_compress_struct@1@@Z 100558f2 f   d3dx9dt:jcmarker.obj
 0001:00054906       ?write_tables_only@D3DX@@YGXPAUjpeg_compress_struct@1@@Z 10055906 f   d3dx9dt:jcmarker.obj
 0001:00051c04       ?out_of_memory@D3DX@@YGXPAUjpeg_common_struct@1@H@Z 10052c04 f   d3dx9dt:jmemmgr.obj
 0001:00051c18       ?alloc_small@D3DX@@YGPAXPAUjpeg_common_struct@1@HI@Z 10052c18 f   d3dx9dt:jmemmgr.obj
 0001:00051d33       ?alloc_large@D3DX@@YGPAXPAUjpeg_common_struct@1@HI@Z 10052d33 f   d3dx9dt:jmemmgr.obj
 0001:00051ddf       ?alloc_sarray@D3DX@@YGPAPAEPAUjpeg_common_struct@1@HII@Z 10052ddf f   d3dx9dt:jmemmgr.obj
 0001:00051e6c       ?alloc_barray@D3DX@@YGPAPAY0EA@FPAUjpeg_common_struct@1@HII@Z 10052e6c f   d3dx9dt:jmemmgr.obj
 0001:00051f05       ?request_virt_sarray@D3DX@@YGPAUjvirt_sarray_control@1@PAUjpeg_common_struct@1@HHIII@Z 10052f05 f   d3dx9dt:jmemmgr.obj
 0001:00051f67       ?request_virt_barray@D3DX@@YGPAUjvirt_barray_control@1@PAUjpeg_common_struct@1@HHIII@Z 10052f67 f   d3dx9dt:jmemmgr.obj
 0001:00051fc9       ?realize_virt_arrays@D3DX@@YGXPAUjpeg_common_struct@1@@Z 10052fc9 f   d3dx9dt:jmemmgr.obj
 0001:0005213f       ?do_sarray_io@D3DX@@YGXPAUjpeg_common_struct@1@PAUjvirt_sarray_control@1@H@Z 1005313f f   d3dx9dt:jmemmgr.obj
 0001:000521c6       ?do_barray_io@D3DX@@YGXPAUjpeg_common_struct@1@PAUjvirt_barray_control@1@H@Z 100531c6 f   d3dx9dt:jmemmgr.obj
 0001:00052250       ?access_virt_sarray@D3DX@@YGPAPAEPAUjpeg_common_struct@1@PAUjvirt_sarray_control@1@IIH@Z 10053250 f   d3dx9dt:jmemmgr.obj
 0001:00052368       ?access_virt_barray@D3DX@@YGPAPAY0EA@FPAUjpeg_common_struct@1@PAUjvirt_barray_control@1@IIH@Z 10053368 f   d3dx9dt:jmemmgr.obj
 0001:0005247b       ?free_pool@D3DX@@YGXPAUjpeg_common_struct@1@H@Z 1005347b f   d3dx9dt:jmemmgr.obj
 0001:00052552       ?self_destruct@D3DX@@YGXPAUjpeg_common_struct@1@@Z 10053552 f   d3dx9dt:jmemmgr.obj
 0001:000516de       ?initial_setup@D3DX@@YGXPAUjpeg_decompress_struct@1@@Z 100526de f   d3dx9dt:jdinput.obj
 0001:00051896       ?per_scan_setup@D3DX@@YGXPAUjpeg_decompress_struct@1@@Z 10052896 f   d3dx9dt:jdinput.obj
 0001:00051a07       ?latch_quant_tables@D3DX@@YGXPAUjpeg_decompress_struct@1@@Z 10052a07 f   d3dx9dt:jdinput.obj
 0001:00051a93       ?start_input_pass@D3DX@@YGXPAUjpeg_decompress_struct@1@@Z 10052a93 f   d3dx9dt:jdinput.obj
 0001:00051ad0       ?consume_markers@D3DX@@YGHPAUjpeg_decompress_struct@1@@Z 10052ad0 f   d3dx9dt:jdinput.obj
 0001:00051b6b       ?reset_input_controller@D3DX@@YGXPAUjpeg_decompress_struct@1@@Z 10052b6b f   d3dx9dt:jdinput.obj
 0001:00051ba8       ?finish_input_pass@D3DX@@YGXPAUjpeg_decompress_struct@1@@Z 10052ba8 f   d3dx9dt:jdinput.obj
 0001:000510a4       ?use_merged_upsample@D3DX@@YGHPAUjpeg_decompress_struct@1@@Z 100520a4 f   d3dx9dt:jdmaster.obj
 0001:000512ff       ?prepare_range_limit_table@D3DX@@YGXPAUjpeg_decompress_struct@1@@Z 100522ff f   d3dx9dt:jdmaster.obj
 0001:0005136b       ?master_selection@D3DX@@YGXPAUjpeg_decompress_struct@1@@Z 1005236b f   d3dx9dt:jdmaster.obj
 0001:0005150b       ?prepare_for_output_pass@D3DX@@YGXPAUjpeg_decompress_struct@1@@Z 1005250b f   d3dx9dt:jdmaster.obj
 0001:0005161e       ?finish_output_pass@D3DX@@YGXPAUjpeg_decompress_struct@1@@Z 1005261e f   d3dx9dt:jdmaster.obj
 0001:000501f8       DBGExit                    100511f8 f   d3dx9dt:d3dxfloat16.obj
 0001:00050200       ProcPrologue               10051200 f   d3dx9dt:d3dxfloat16.obj
 0001:00050243       Float32Algo                10051243 f   d3dx9dt:d3dxfloat16.obj
 0001:00050342       PostFloat32Algo            10051342 f   d3dx9dt:d3dxfloat16.obj
 0001:00050362       ProcEpilog                 10051362 f   d3dx9dt:d3dxfloat16.obj
 0001:00050098       DBGExit                    10051098 f   d3dx9dt:d3dxfloat16.obj
 0001:000500a0       ProcPrologue               100510a0 f   d3dx9dt:d3dxfloat16.obj
 0001:000500df       Float16Algo                100510df f   d3dx9dt:d3dxfloat16.obj
 0001:00050192       PostFloat16Algo            10051192 f   d3dx9dt:d3dxfloat16.obj
 0001:000501b2       ProcEpilog                 100511b2 f   d3dx9dt:d3dxfloat16.obj
 0001:00048cf2       DBGExit                    10049cf2 f   d3dx9dt:d3dxvec3.obj
 0001:00048cfd       ProcPrologue               10049cfd f   d3dx9dt:d3dxvec3.obj
 0001:00048d3d       ScalarLoop                 10049d3d f   d3dx9dt:d3dxvec3.obj
 0001:00048d76       SIMDMatrix                 10049d76 f   d3dx9dt:d3dxvec3.obj
 0001:00048e7e       TransformLoop              10049e7e f   d3dx9dt:d3dxvec3.obj
 0001:00048fcc       PostTransformLoop          10049fcc f   d3dx9dt:d3dxvec3.obj
 0001:00048ff4       ProcEpilog                 10049ff4 f   d3dx9dt:d3dxvec3.obj
 0001:00049072       DBGExit                    1004a072 f   d3dx9dt:d3dxvec3.obj
 0001:0004907d       ProcPrologue               1004a07d f   d3dx9dt:d3dxvec3.obj
 0001:000490bd       ScalarLoop                 1004a0bd f   d3dx9dt:d3dxvec3.obj
 0001:000490f6       SIMDMatrix                 1004a0f6 f   d3dx9dt:d3dxvec3.obj
 0001:000491ba       TransformLoop              1004a1ba f   d3dx9dt:d3dxvec3.obj
 0001:000492ab       PostTransformLoop          1004a2ab f   d3dx9dt:d3dxvec3.obj
 0001:000492d3       ProcEpilog                 1004a2d3 f   d3dx9dt:d3dxvec3.obj
 0001:00048bfa       DBGExit                    10049bfa f   d3dx9dt:d3dxvec3.obj
 0001:00048c02       ProcPrologue               10049c02 f   d3dx9dt:d3dxvec3.obj
 0001:00048c3c       TransformLoop              10049c3c f   d3dx9dt:d3dxvec3.obj
 0001:00048c76       ProcEpilog                 10049c76 f   d3dx9dt:d3dxvec3.obj
 0001:00048712       DBGExit                    10049712 f   d3dx9dt:d3dxvec2.obj
 0001:0004871d       ProcPrologue               1004971d f   d3dx9dt:d3dxvec2.obj
 0001:0004875d       ScalarLoop                 1004975d f   d3dx9dt:d3dxvec2.obj
 0001:00048796       SIMDMatrix                 10049796 f   d3dx9dt:d3dxvec2.obj
 0001:0004885a       TransformLoop              1004985a f   d3dx9dt:d3dxvec2.obj
 0001:00048914       PostTransformLoop          10049914 f   d3dx9dt:d3dxvec2.obj
 0001:0004893c       ProcEpilog                 1004993c f   d3dx9dt:d3dxvec2.obj
 0001:000489d2       DBGExit                    100499d2 f   d3dx9dt:d3dxvec2.obj
 0001:000489dd       ProcPrologue               100499dd f   d3dx9dt:d3dxvec2.obj
 0001:00048a1d       ScalarLoop                 10049a1d f   d3dx9dt:d3dxvec2.obj
 0001:00048a56       SIMDMatrix                 10049a56 f   d3dx9dt:d3dxvec2.obj
 0001:00048ad6       TransformLoop              10049ad6 f   d3dx9dt:d3dxvec2.obj
 0001:00048b45       PostTransformLoop          10049b45 f   d3dx9dt:d3dxvec2.obj
 0001:00048b6d       ProcEpilog                 10049b6d f   d3dx9dt:d3dxvec2.obj
 0001:00048452       DBGExit                    10049452 f   d3dx9dt:d3dxvec2.obj
 0001:0004845d       ProcPrologue               1004945d f   d3dx9dt:d3dxvec2.obj
 0001:0004849d       ScalarLoop                 1004949d f   d3dx9dt:d3dxvec2.obj
 0001:000484d6       SIMDMatrix                 100494d6 f   d3dx9dt:d3dxvec2.obj
 0001:0004859a       TransformLoop              1004959a f   d3dx9dt:d3dxvec2.obj
 0001:0004866e       PostTransformLoop          1004966e f   d3dx9dt:d3dxvec2.obj
 0001:00048696       ProcEpilog                 10049696 f   d3dx9dt:d3dxvec2.obj
 0001:0004833a       DBGExit                    1004933a f   d3dx9dt:d3dxvec4.obj
 0001:00048342       ProcPrologue               10049342 f   d3dx9dt:d3dxvec4.obj
 0001:0004837c       TransformLoop              1004937c f   d3dx9dt:d3dxvec4.obj
 0001:000483c2       ProcEpilog                 100493c2 f   d3dx9dt:d3dxvec4.obj
 0001:0004823a       DBGExit                    1004923a f   d3dx9dt:d3dxplane.obj
 0001:00048242       ProcPrologue               10049242 f   d3dx9dt:d3dxplane.obj
 0001:0004827c       TransformLoop              1004927c f   d3dx9dt:d3dxplane.obj
 0001:000482c2       ProcEpilog                 100492c2 f   d3dx9dt:d3dxplane.obj
 0001:000465a2       ?SSEFloat16Conversion8@@YGXXZ 100475a2 f   d3dx9dt:float162.obj
 0001:000433a9       ?SSEFloat16Conversion8@@YGXXZ 100443a9 f   d3dx9dt:float16.obj
 0001:00042d76       ?storeVec3@@YGXU__m128@@PAX@Z 10043d76 f   d3dx9dt:skinning.obj
 0001:0003e675       ?Decode565@D3DXTex@@YGXPAUD3DXCOLOR@@G@Z 1003f675 f   d3dx9dt:dxtn.obj
 0001:0003e6c1       ?DecodePremult@D3DXTex@@YGJPAUD3DXCOLOR@@@Z 1003f6c1 f   d3dx9dt:dxtn.obj
 0001:0003e73f       ?EncodePremult@D3DXTex@@YGJPAUD3DXCOLOR@@PBU2@@Z 1003f73f f   d3dx9dt:dxtn.obj
 0001:0003e7b7       ?F2IBegin@@YGXXZ           1003f7b7 f   d3dx9dt:dxtn.obj
 0001:0003e7d7       ?F2I@@YGHM@Z               1003f7d7 f   d3dx9dt:dxtn.obj
 0001:0003e7e8       ?F2IEnd@@YGXXZ             1003f7e8 f   d3dx9dt:dxtn.obj
 0001:0003e7f9       ?Encode565@D3DXTex@@YGGPBUD3DXCOLOR@@@Z 1003f7f9 f   d3dx9dt:dxtn.obj
 0001:0003e902       ?OptimizeAlpha@D3DXTex@@YGXPAM0PBMI@Z 1003f902 f   d3dx9dt:dxtn.obj
 0001:0003ec1d       ?OptimizeRGB@D3DXTex@@YGXPAUD3DXCOLOR@@0PBU2@I@Z 1003fc1d f   d3dx9dt:dxtn.obj
 0001:0003f1a9       ?EncodeDXT1@D3DXTex@@YGJPAEPBUD3DXCOLOR@@H@Z 100401a9 f   d3dx9dt:dxtn.obj
 0001:0003df38       ?add_huff_table@D3DX@@YGXPAUjpeg_compress_struct@1@PAPAUJHUFF_TBL@1@PBE2@Z 1003ef38 f   d3dx9dt:jcparam.obj
 0001:0003dfae       ?std_huff_tables@D3DX@@YGXPAUjpeg_compress_struct@1@@Z 1003efae f   d3dx9dt:jcparam.obj
 0001:0003e284       ?fill_a_scan@D3DX@@YGPAUjpeg_scan_info@1@PAU21@HHHHH@Z 1003f284 f   d3dx9dt:jcparam.obj
 0001:0003e2af       ?fill_scans@D3DX@@YGPAUjpeg_scan_info@1@PAU21@HHHHH@Z 1003f2af f   d3dx9dt:jcparam.obj
 0001:0003e2e7       ?fill_dc_scans@D3DX@@YGPAUjpeg_scan_info@1@PAU21@HHH@Z 1003f2e7 f   d3dx9dt:jcparam.obj
 0001:0003a8ea       ?png_format_buffer@D3DX@@YGXPAUpng_struct_def@1@PADPBD@Z 1003b8ea f   d3dx9dt:pngerror.obj
 0001:0003a974       ?png_default_error@D3DX@@YGXPAUpng_struct_def@1@PBD@Z 1003b974 f   d3dx9dt:pngerror.obj
 0001:0003a982       ?png_default_warning@D3DX@@YGXPAUpng_struct_def@1@PBD@Z 1003b982 f   d3dx9dt:pngerror.obj
 0001:0003a77e       ?error_exit@D3DX@@YGXPAUjpeg_common_struct@1@@Z 1003b77e f   d3dx9dt:jerror.obj
 0001:0003a799       ?output_message@D3DX@@YGXPAUjpeg_common_struct@1@@Z 1003b799 f   d3dx9dt:jerror.obj
 0001:0003a7b6       ?emit_message@D3DX@@YGXPAUjpeg_common_struct@1@H@Z 1003b7b6 f   d3dx9dt:jerror.obj
 0001:0003a7e9       ?format_message@D3DX@@YGXPAUjpeg_common_struct@1@PAD@Z 1003b7e9 f   d3dx9dt:jerror.obj
 0001:0003a883       ?reset_error_mgr@D3DX@@YGXPAUjpeg_common_struct@1@@Z 1003b883 f   d3dx9dt:jerror.obj
 0001:00038dfc       ?get_soi@D3DX@@YGHPAUjpeg_decompress_struct@1@@Z 10039dfc f   d3dx9dt:jdmarker.obj
 0001:00038e94       ?get_sof@D3DX@@YGHPAUjpeg_decompress_struct@1@HH@Z 10039e94 f   d3dx9dt:jdmarker.obj
 0001:0003917c       ?get_sos@D3DX@@YGHPAUjpeg_decompress_struct@1@@Z 1003a17c f   d3dx9dt:jdmarker.obj
 0001:00039421       ?get_dht@D3DX@@YGHPAUjpeg_decompress_struct@1@@Z 1003a421 f   d3dx9dt:jdmarker.obj
 0001:000396bd       ?get_dqt@D3DX@@YGHPAUjpeg_decompress_struct@1@@Z 1003a6bd f   d3dx9dt:jdmarker.obj
 0001:000398ef       ?get_dri@D3DX@@YGHPAUjpeg_decompress_struct@1@@Z 1003a8ef f   d3dx9dt:jdmarker.obj
 0001:000399c2       ?examine_app0@D3DX@@YGXPAUjpeg_decompress_struct@1@PAEIJ@Z 1003a9c2 f   d3dx9dt:jdmarker.obj
 0001:00039b9e       ?examine_app14@D3DX@@YGXPAUjpeg_decompress_struct@1@PAEIJ@Z 1003ab9e f   d3dx9dt:jdmarker.obj
 0001:00039c4c       ?get_interesting_appn@D3DX@@YGHPAUjpeg_decompress_struct@1@@Z 1003ac4c f   d3dx9dt:jdmarker.obj
 0001:00039d85       ?save_marker@D3DX@@YGHPAUjpeg_decompress_struct@1@@Z 1003ad85 f   d3dx9dt:jdmarker.obj
 0001:00039fcb       ?skip_variable@D3DX@@YGHPAUjpeg_decompress_struct@1@@Z 1003afcb f   d3dx9dt:jdmarker.obj
 0001:0003a06b       ?next_marker@D3DX@@YGHPAUjpeg_decompress_struct@1@@Z 1003b06b f   d3dx9dt:jdmarker.obj
 0001:0003a141       ?first_marker@D3DX@@YGHPAUjpeg_decompress_struct@1@@Z 1003b141 f   d3dx9dt:jdmarker.obj
 0001:0003a1d8       ?read_markers@D3DX@@YGHPAUjpeg_decompress_struct@1@@Z 1003b1d8 f   d3dx9dt:jdmarker.obj
 0001:0003a3d5       ?read_restart_marker@D3DX@@YGHPAUjpeg_decompress_struct@1@@Z 1003b3d5 f   d3dx9dt:jdmarker.obj
 0001:0003a53f       ?reset_marker_reader@D3DX@@YGXPAUjpeg_decompress_struct@1@@Z 1003b53f f   d3dx9dt:jdmarker.obj
 0001:00038a81       ?default_decompress_parms@D3DX@@YGXPAUjpeg_decompress_struct@1@@Z 10039a81 f   d3dx9dt:jdapimin.obj
 0001:00038693       ?output_pass_setup@D3DX@@YGHPAUjpeg_decompress_struct@1@@Z 10039693 f   d3dx9dt:jdapistd.obj
 0001:000378ae       ?isIntelProcessor@@YGHXZ   100388ae f   d3dx9dt:ssefasttable.obj
 0001:0003792c       ?isP4Processor@@YGHXZ      1003892c f   d3dx9dt:ssefasttable.obj
 0001:000379cb       ?isP3Processor@@YGHXZ      100389cb f   d3dx9dt:ssefasttable.obj
 0001:000366d8       ?FXLMov@D3DXShader@@YGXKKPAPANPAN@Z 100376d8 f   d3dx9dt:fxlvm.obj
 0001:00036718       ?FXLNeg@D3DXShader@@YGXKKPAPANPAN@Z 10037718 f   d3dx9dt:fxlvm.obj
 0001:00036750       ?FXLRcp@D3DXShader@@YGXKKPAPANPAN@Z 10037750 f   d3dx9dt:fxlvm.obj
 0001:00036788       ?FXLFrc@D3DXShader@@YGXKKPAPANPAN@Z 10037788 f   d3dx9dt:fxlvm.obj
 0001:000367d0       ?FXLExp@D3DXShader@@YGXKKPAPANPAN@Z 100377d0 f   d3dx9dt:fxlvm.obj
 0001:00036813       ?FXLLog@D3DXShader@@YGXKKPAPANPAN@Z 10037813 f   d3dx9dt:fxlvm.obj
 0001:00036863       ?FXLSqrt@D3DXShader@@YGXKKPAPANPAN@Z 10037863 f   d3dx9dt:fxlvm.obj
 0001:0003689d       ?FXLSin@D3DXShader@@YGXKKPAPANPAN@Z 1003789d f   d3dx9dt:fxlvm.obj
 0001:000368d5       ?FXLCos@D3DXShader@@YGXKKPAPANPAN@Z 100378d5 f   d3dx9dt:fxlvm.obj
 0001:0003690d       ?FXLASin@D3DXShader@@YGXKKPAPANPAN@Z 1003790d f   d3dx9dt:fxlvm.obj
 0001:0003694a       ?FXLACos@D3DXShader@@YGXKKPAPANPAN@Z 1003794a f   d3dx9dt:fxlvm.obj
 0001:0003698a       ?FXLATan@D3DXShader@@YGXKKPAPANPAN@Z 1003798a f   d3dx9dt:fxlvm.obj
 0001:000369c7       ?FXLMin@D3DXShader@@YGXKKPAPANPAN@Z 100379c7 f   d3dx9dt:fxlvm.obj
 0001:00036a28       ?FXLMax@D3DXShader@@YGXKKPAPANPAN@Z 10037a28 f   d3dx9dt:fxlvm.obj
 0001:00036a89       ?FXLLt@D3DXShader@@YGXKKPAPANPAN@Z 10037a89 f   d3dx9dt:fxlvm.obj
 0001:00036ae6       ?FXLGe@D3DXShader@@YGXKKPAPANPAN@Z 10037ae6 f   d3dx9dt:fxlvm.obj
 0001:00036b43       ?FXLAdd@D3DXShader@@YGXKKPAPANPAN@Z 10037b43 f   d3dx9dt:fxlvm.obj
 0001:00036b91       ?FXLMul@D3DXShader@@YGXKKPAPANPAN@Z 10037b91 f   d3dx9dt:fxlvm.obj
 0001:00036bdf       ?FXLATan2@D3DXShader@@YGXKKPAPANPAN@Z 10037bdf f   d3dx9dt:fxlvm.obj
 0001:00036c2d       ?FXLDot@D3DXShader@@YGXKKPAPANPAN@Z 10037c2d f   d3dx9dt:fxlvm.obj
 0001:00036e54       ?FXLNoise@D3DXShader@@YGXKKPAPANPAN@Z 10037e54 f   d3dx9dt:fxlvm.obj
 0001:0002f005       ?F2IBegin@@YGXXZ           10030005 f   d3dx9dt:ccodec.obj
 0001:0002f0a8       ?F2I@@YGHM@Z               100300a8 f   d3dx9dt:ccodec.obj
 0001:0002f0b9       ?F2IEnd@@YGXXZ             100300b9 f   d3dx9dt:ccodec.obj
 0001:0002a18a       ?TF_SetupTriangle@D3DXTex@@YGPAEIIH@Z 1002b18a f   d3dx9dt:cblt.obj
 0001:0002a7a2       ?c_BoxFilter2D_X8R8G8B8@D3DXTex@@YGJPAI0IIII@Z 1002b7a2 f   d3dx9dt:cblt.obj
 0001:0002a88c       ?mmx_BoxFilter2D_A8R8G8B8@D3DXTex@@YGJPAI0IIII@Z 1002b88c f   d3dx9dt:cblt.obj
 0001:0002a9c4       ?init_BoxFilter2D_A8R8G8B8@D3DXTex@@YGJPAI0IIII@Z 1002b9c4 f   d3dx9dt:cblt.obj
 0001:0002a9fc       ?init_BoxFilter2D_X8R8G8B8@D3DXTex@@YGJPAI0IIII@Z 1002b9fc f   d3dx9dt:cblt.obj
 0001:0002b604       ?F2IBegin@@YGXXZ           1002c604 f   d3dx9dt:cblt.obj
 0001:0002b624       ?F2I@@YGHM@Z               1002c624 f   d3dx9dt:cblt.obj
 0001:0002b635       ?F2IEnd@@YGXXZ             1002c635 f   d3dx9dt:cblt.obj
 0001:0002c4c3       ?LF_SetupLinear@D3DXTex@@YGPAEIIH@Z 1002d4c3 f   d3dx9dt:cblt.obj
 0001:000282cd       ?d3dx_jpeg_error_exit@D3DXTex@@YGXPAUjpeg_common_struct@D3DX@@@Z 100292cd f   d3dx9dt:cimage.obj
 0001:000282ea       ?d3dx_jpeg_ignore_message@D3DXTex@@YGXPAUjpeg_common_struct@D3DX@@@Z 100292ea f   d3dx9dt:cimage.obj
 0001:000282ed       ?d3dx_jpeg_output_message@D3DXTex@@YGXPAUjpeg_common_struct@D3DX@@@Z 100292ed f   d3dx9dt:cimage.obj
 0001:00028320       ?d3dx_jpeg_init_source@D3DXTex@@YGXPAUjpeg_decompress_struct@D3DX@@@Z 10029320 f   d3dx9dt:cimage.obj
 0001:00028323       ?d3dx_jpeg_fill_input_buffer@D3DXTex@@YGHPAUjpeg_decompress_struct@D3DX@@@Z 10029323 f   d3dx9dt:cimage.obj
 0001:0002833e       ?d3dx_jpeg_skip_input_data@D3DXTex@@YGXPAUjpeg_decompress_struct@D3DX@@J@Z 1002933e f   d3dx9dt:cimage.obj
 0001:00028353       ?d3dx_jpeg_term_source@D3DXTex@@YGXPAUjpeg_decompress_struct@D3DX@@@Z 10029353 f   d3dx9dt:cimage.obj
 0001:00028dcc       ?d3dx_png_read_fn@D3DXTex@@YAXPAUpng_struct_def@D3DX@@PAEI@Z 10029dcc f   d3dx9dt:cimage.obj
 0001:00028e0d       ?d3dx_png_error_fn@D3DXTex@@YAXPAUpng_struct_def@D3DX@@PBD@Z 10029e0d f   d3dx9dt:cimage.obj
 0001:00028e2d       ?d3dx_png_warning_fn@D3DXTex@@YAXPAUpng_struct_def@D3DX@@PBD@Z 10029e2d f   d3dx9dt:cimage.obj
 0001:000299f8       ?init_destination@D3DXTex@@YGXPAUjpeg_compress_struct@D3DX@@@Z 1002a9f8 f   d3dx9dt:cimage.obj
 0001:00029a1e       ?empty_output_buffer@D3DXTex@@YGHPAUjpeg_compress_struct@D3DX@@@Z 1002aa1e f   d3dx9dt:cimage.obj
 0001:00029a53       ?term_destination@D3DXTex@@YGXPAUjpeg_compress_struct@D3DX@@@Z 1002aa53 f   d3dx9dt:cimage.obj
 0001:00026d83       ?GetD3DRegValue@@YGHKPADPAXK@Z 10027d83 f   d3dx9dt:d3dx9dbg.obj
 0001:00026a53       ?GetD3DRegValue@@YGHKPADPAXK@Z 10027a53 f   d3dx9dt:cpudetect.obj
 0001:00026b86       ?IsIntelSSEProcessor@@YGKXZ 10027b86 f   d3dx9dt:cpudetect.obj
 0001:00026c2b       ?D3DXIsProcessorFeaturePresent@@YGHI@Z 10027c2b f   d3dx9dt:cpudetect.obj
 0001:00021cf0       ?ScoreFormat@D3DXTex@@YGIPBU_D3DXFORMAT_INFO@@0@Z 10022cf0 f   d3dx9dt:d3dx9tex.obj
 0001:00022031       ?SaveSurfaceToFile@@YGJPBXW4_D3DXIMAGE_FILEFORMAT@@PAUIDirect3DSurface9@@PBUtagPALETTEENTRY@@PBUtagRECT@@H@Z 10023031 f   d3dx9dt:d3dx9tex.obj
 0001:0002225c       ?SaveVolumeToFile@@YGJPBXW4_D3DXIMAGE_FILEFORMAT@@PAUIDirect3DVolume9@@PBUtagPALETTEENTRY@@PBU_D3DBOX@@H@Z 1002325c f   d3dx9dt:d3dx9tex.obj
 0001:00022377       ?CheckTextureRequirements@@YGJPAUIDirect3DDevice9@@PAI111KPAW4_D3DFORMAT@@W4_D3DPOOL@@W4_D3DRESOURCETYPE@@@Z 10023377 f   d3dx9dt:d3dx9tex.obj
 0001:00023565       ?FXLVMFill2@@YGXPAUD3DXVECTOR4@@PBUD3DXVECTOR2@@1PAX@Z 10024565 f   d3dx9dt:d3dx9tex.obj
 0001:000235c8       ?FXLVMFill3@@YGXPAUD3DXVECTOR4@@PBUD3DXVECTOR3@@1PAX@Z 100245c8 f   d3dx9dt:d3dx9tex.obj
 0001:0002393a       ?EvalColor@@YGMPAUD3DXCOLOR@@K@Z 1002493a f   d3dx9dt:d3dx9tex.obj
 0001:00024e0e       ?CreateTextureFromFileInMemoryEx@@YGJPAUIDirect3DDevice9@@PBXIIIIIKW4_D3DFORMAT@@W4_D3DPOOL@@KKKPAU_D3DXIMAGE_INFO@@PAUtagPALETTEENTRY@@W4_D3DRESOURCETYPE@@PAPAUIDirect3DBaseTexture9@@@Z 10025e0e f   d3dx9dt:d3dx9tex.obj
 0001:0002569f       ?SaveTextureToFile@@YGJPBXW4_D3DXIMAGE_FILEFORMAT@@PAUIDirect3DBaseTexture9@@PBUtagPALETTEENTRY@@H@Z 1002669f f   d3dx9dt:d3dx9tex.obj
 0001:0001bf18       ?WithinEpsilon@@YGHMM@Z    1001cf18 f   d3dx9dt:d3dxmath.obj
 0001:0001bf4a       ?sincosf@@YGXMPAM0@Z       1001cf4a f   d3dx9dt:d3dxmath.obj
 0001:000ae6f0       MORE32                     100af6f0 f   MSVCRTD:ullshr.obj
 0001:000ae6fa       RETZERO                    100af6fa f   MSVCRTD:ullshr.obj
 0001:000ae410       _$$$00001                  100af410 f   MSVCRTD:chkstk.obj
 0001:000ae41c       probepages                 100af41c f   MSVCRTD:chkstk.obj
 0001:000ae430       lastpage                   100af430 f   MSVCRTD:chkstk.obj
