 Sword3PaySys

 Timestamp is 60b1bcdd (Sat May 29 11:02:37 2021)

 Preferred load address is 00400000

 Start         Length     Name                   Class
 0001:00000000 000377bbH .text                   CODE
 0001:000377c0 00001b37H .text$x                 CODE
 0001:000392f7 00019909H .textbss                CODE
 0002:00000000 00003f47H .rdata                  DATA
 0002:00003f48 0000031eH .rdata$r                DATA
 0002:00004268 000015c1H .xdata$x                DATA
 0002:00005829 00000000H .edata                  DATA
 0003:00000000 00000104H .CRT$XCA                DATA
 0003:00000104 00000163H .CRT$XCU                DATA
 0003:00000268 00000104H .CRT$XCZ                DATA
 0003:0000036c 00000104H .CRT$XIA                DATA
 0003:00000470 0000010eH .CRT$XIC                DATA
 0003:00000580 00000104H .CRT$XIY                DATA
 0003:00000684 00000104H .CRT$XIZ                DATA
 0003:00000788 00000104H .CRT$XPA                DATA
 0003:0000088c 00000104H .CRT$XPX                DATA
 0003:00000990 00000104H .CRT$XPZ                DATA
 0003:00000a94 00000104H .CRT$XTA                DATA
 0003:00000b98 00000104H .CRT$XTB                DATA
 0003:00000c9c 00000104H .CRT$XTZ                DATA
 0003:00000da0 00001ccfH .data                   DATA
 0003:00002a70 00268475H .bss                    DATA
 0004:00000000 00000064H .idata$2                DATA
 0004:00000064 00000014H .idata$3                DATA
 0004:00000078 00000398H .idata$4                DATA
 0004:00000410 00000398H .idata$5                DATA
 0004:000007a8 00000ae4H .idata$6                DATA
 0005:00000000 00000400H .rsrc$01                DATA
 0005:00000400 00000d69H .rsrc$02                DATA

  Address         Publics by Value              Rva+Base     Lib:Object

 0001:00001710       ?KPIWritePrivateProfileString@@YAHPBD000@Z 00402710 f   GlobalFun.obj
 0001:00002160       __tcsncmp                  00403160 f i GlobalFun.obj
 0001:00002620       ?KPIGetPrivateProfileString@@YAKPBD00PADK0@Z 00403620 f   GlobalFun.obj
 0001:000029c0       ?KPIWaitForSingleObject@@YAKPAXK@Z 004039c0 f   GlobalFun.obj
 0001:00002a70       ?KPICloseHandle@@YAHPAX@Z  00403a70 f   GlobalFun.obj
 0001:00002ad0       ?KPITerminateThread@@YAHPAXK@Z 00403ad0 f   GlobalFun.obj
 0001:00002b30       ?KPICreateThread@@YAPAXP6GKPAX@Z0PAK@Z 00403b30 f   GlobalFun.obj
 0001:00002bb0       ?KPICreateUDPSocket@@YAIH@Z 00403bb0 f   GlobalFun.obj
 0001:00002cc0       ?KPICreateEvent@@YAPAXPAU_SECURITY_ATTRIBUTES@@HHPBD@Z 00403cc0 f   GlobalFun.obj
 0001:00002d30       ?KPISetEvent@@YAHPAX@Z     00403d30 f   GlobalFun.obj
 0001:00002d90       ?KPIResetEvent@@YAHPAX@Z   00403d90 f   GlobalFun.obj
 0001:00002df0       ?KPIGetExePath@@YAXPADK@Z  00403df0 f   GlobalFun.obj
 0001:00002eb0       ?KPICreateMutex@@YAPAXPAU_SECURITY_ATTRIBUTES@@HPBD@Z 00403eb0 f   GlobalFun.obj
 0001:00002f10       ?KPIReleaseMutex@@YAHPAX@Z 00403f10 f   GlobalFun.obj
 0001:00002f60       ?KPIHash@@YAKPADKK@Z       00403f60 f   GlobalFun.obj
 0001:00003030       ?KPIPrintToFile@@YAXPBD0ZZ 00404030 f   GlobalFun.obj
 0001:000030f0       ?KPIPrintToFile@@YAXPAU_iobuf@@PBDZZ 004040f0 f   GlobalFun.obj
 0001:00003160       ??0KThread@@QAE@XZ         00404160 f   KThread.obj
 0001:000031c0       ??_GKThread@@UAEPAXI@Z     004041c0 f i KThread.obj
 0001:000031c0       ??_EKThread@@UAEPAXI@Z     004041c0 f i KThread.obj
 0001:00003230       ??1KThread@@UAE@XZ         00404230 f   KThread.obj
 0001:000032e0       ?Start@KThread@@UAEPAXXZ   004042e0 f   KThread.obj
 0001:00003390       ?Stop@KThread@@UAEHXZ      00404390 f   KThread.obj
 0001:000034d0       ?ThreadFun@KThread@@SGKPAX@Z 004044d0 f   KThread.obj
 0001:00003560       ??0K_CS@@QAE@XZ            00404560 f   KThread.obj
 0001:000035d0       ??_GK_CS@@UAEPAXI@Z        004045d0 f i KThread.obj
 0001:000035d0       ??_EK_CS@@UAEPAXI@Z        004045d0 f i KThread.obj
 0001:00003640       ??1K_CS@@UAE@XZ            00404640 f   KThread.obj
 0001:000036b0       ?Lock@K_CS@@QAEHXZ         004046b0 f   KThread.obj
 0001:00003720       ?Unlock@K_CS@@QAEHXZ       00404720 f   KThread.obj
 0001:000037a0       ??0CLogFile@@QAE@XZ        004047a0 f   LogFile.obj
 0001:00003820       ??_ECLogFile@@UAEPAXI@Z    00404820 f i LogFile.obj
 0001:00003820       ??_GCLogFile@@UAEPAXI@Z    00404820 f i LogFile.obj
 0001:00003890       ??1CLogFile@@UAE@XZ        00404890 f   LogFile.obj
 0001:00003920       ?Initialize@CLogFile@@QAEHABV?$basic_string@DU?$char_traits@D@std@@V?$allocator@D@2@@std@@I@Z 00404920 f   LogFile.obj
 0001:00003aa0       ?Uninitialize@CLogFile@@QAEHXZ 00404aa0 f   LogFile.obj
 0001:00003b40       ?TraceLog@CLogFile@@QAEIPBXI@Z 00404b40 f   LogFile.obj
 0001:00003bf0       ?PrepareFile@CLogFile@@AAEHXZ 00404bf0 f   LogFile.obj
 0001:00003ff0       ?BeginBatch@CLogFile@@QAEKXZ 00404ff0 f   LogFile.obj
 0001:00004080       ?EndBatch@CLogFile@@QAEKXZ 00405080 f   LogFile.obj
 0001:000040f0       ?IsBatched@CLogFile@@QAEHXZ 004050f0 f   LogFile.obj
 0001:00004140       ?OpenUniDirectory@CLogFile@@CAHABV?$basic_string@DU?$char_traits@D@std@@V?$allocator@D@2@@std@@PAV23@@Z 00405140 f   LogFile.obj
 0001:00004420       ?CreateUniFile@CLogFile@@CAPAXABV?$basic_string@DU?$char_traits@D@std@@V?$allocator@D@2@@std@@PAV23@@Z 00405420 f   LogFile.obj
 0001:000046d0       ??0?$basic_string@DU?$char_traits@D@std@@V?$allocator@D@2@@std@@QAE@ABV?$allocator@D@1@@Z 004056d0 f i LogFile.obj
 0001:00004730       ??0?$basic_string@DU?$char_traits@D@std@@V?$allocator@D@2@@std@@QAE@ABV01@@Z 00405730 f i LogFile.obj
 0001:000047b0       ??1?$basic_string@DU?$char_traits@D@std@@V?$allocator@D@2@@std@@QAE@XZ 004057b0 f i LogFile.obj
 0001:00004800       ??4?$basic_string@DU?$char_traits@D@std@@V?$allocator@D@2@@std@@QAEAAV01@ABV01@@Z 00405800 f i LogFile.obj
 0001:00004850       ??Y?$basic_string@DU?$char_traits@D@std@@V?$allocator@D@2@@std@@QAEAAV01@PBD@Z 00405850 f i LogFile.obj
 0001:000048a0       ??Y?$basic_string@DU?$char_traits@D@std@@V?$allocator@D@2@@std@@QAEAAV01@D@Z 004058a0 f i LogFile.obj
 0001:000048f0       ?rbegin@?$basic_string@DU?$char_traits@D@std@@V?$allocator@D@2@@std@@QAE?AV?$reverse_iterator@PADDAADPADH@2@XZ 004058f0 f i LogFile.obj
 0001:00004950       ?rbegin@?$basic_string@DU?$char_traits@D@std@@V?$allocator@D@2@@std@@QBE?AV?$reverse_iterator@PBDDABDPBDH@2@XZ 00405950 f i LogFile.obj
 0001:000049b0       ?c_str@?$basic_string@DU?$char_traits@D@std@@V?$allocator@D@2@@std@@QBEPBDXZ 004059b0 f i LogFile.obj
 0001:00004a10       ?resize@?$basic_string@DU?$char_traits@D@std@@V?$allocator@D@2@@std@@QAEXI@Z 00405a10 f i LogFile.obj
 0001:00004aa0       ?empty@?$basic_string@DU?$char_traits@D@std@@V?$allocator@D@2@@std@@QBE_NXZ 00405aa0 f i LogFile.obj
 0001:00004ae0       ??D?$reverse_iterator@PADDAADPADH@std@@QBEAADXZ 00405ae0 f i LogFile.obj
 0001:00004b20       ??D?$reverse_iterator@PBDDABDPBDH@std@@QBEABDXZ 00405b20 f i LogFile.obj
 0001:00004b60       ?append@?$basic_string@DU?$char_traits@D@std@@V?$allocator@D@2@@std@@QAEAAV12@PBD@Z 00405b60 f i LogFile.obj
 0001:00004bc0       ?length@?$char_traits@D@std@@SAIPBD@Z 00405bc0 f i LogFile.obj
 0001:00004c10       ?append@?$basic_string@DU?$char_traits@D@std@@V?$allocator@D@2@@std@@QAEAAV12@ID@Z 00405c10 f i LogFile.obj
 0001:00004ce0       ?assign@?$char_traits@D@std@@SAPADPADIABD@Z 00405ce0 f i LogFile.obj
 0001:00004d30       ?assign@?$basic_string@DU?$char_traits@D@std@@V?$allocator@D@2@@std@@QAEAAV12@ABV12@@Z 00405d30 f i LogFile.obj
 0001:00004d90       ?assign@?$basic_string@DU?$char_traits@D@std@@V?$allocator@D@2@@std@@QAEAAV12@ABV12@II@Z 00405d90 f i LogFile.obj
 0001:00004f70       ?size@?$basic_string@DU?$char_traits@D@std@@V?$allocator@D@2@@std@@QBEIXZ 00405f70 f i LogFile.obj
 0001:00004fb0       ?copy@?$char_traits@D@std@@SAPADPADPBDI@Z 00405fb0 f i LogFile.obj
 0001:00005000       ?erase@?$basic_string@DU?$char_traits@D@std@@V?$allocator@D@2@@std@@QAEAAV12@II@Z 00406000 f i LogFile.obj
 0001:00005100       ?move@?$char_traits@D@std@@SAPADPADPBDI@Z 00406100 f i LogFile.obj
 0001:00005150       ?end@?$basic_string@DU?$char_traits@D@std@@V?$allocator@D@2@@std@@QAEPADXZ 00406150 f i LogFile.obj
 0001:000051b0       ?end@?$basic_string@DU?$char_traits@D@std@@V?$allocator@D@2@@std@@QBEPBDXZ 004061b0 f i LogFile.obj
 0001:00005210       ?_Nullstr@?$basic_string@DU?$char_traits@D@std@@V?$allocator@D@2@@std@@CAPBDXZ 00406210 f i LogFile.obj
 0001:00005240       ?_Tidy@?$basic_string@DU?$char_traits@D@std@@V?$allocator@D@2@@std@@AAEX_N@Z 00406240 f i LogFile.obj
 0001:00005350       ??0?$reverse_iterator@PADDAADPADH@std@@QAE@PAD@Z 00406350 f i LogFile.obj
 0001:00005390       ??0?$reverse_iterator@PBDDABDPBDH@std@@QAE@PBD@Z 00406390 f i LogFile.obj
 0001:000053d0       ?append@?$basic_string@DU?$char_traits@D@std@@V?$allocator@D@2@@std@@QAEAAV12@PBDI@Z 004063d0 f i LogFile.obj
 0001:000054a0       ?capacity@?$basic_string@DU?$char_traits@D@std@@V?$allocator@D@2@@std@@QBEIXZ 004064a0 f i LogFile.obj
 0001:000054e0       ?_Eos@?$basic_string@DU?$char_traits@D@std@@V?$allocator@D@2@@std@@AAEXI@Z 004064e0 f i LogFile.obj
 0001:00005550       ?assign@?$char_traits@D@std@@SAXAADABD@Z 00406550 f i LogFile.obj
 0001:00005590       ?_Freeze@?$basic_string@DU?$char_traits@D@std@@V?$allocator@D@2@@std@@AAEXXZ 00406590 f i LogFile.obj
 0001:00005650       ?_Grow@?$basic_string@DU?$char_traits@D@std@@V?$allocator@D@2@@std@@AAE_NI_N@Z 00406650 f i LogFile.obj
 0001:00005800       ?_Psum@?$basic_string@DU?$char_traits@D@std@@V?$allocator@D@2@@std@@CAPADPADI@Z 00406800 f i LogFile.obj
 0001:00005850       ?_Refcnt@?$basic_string@DU?$char_traits@D@std@@V?$allocator@D@2@@std@@AAEAAEPBD@Z 00406850 f i LogFile.obj
 0001:00005890       ?_Split@?$basic_string@DU?$char_traits@D@std@@V?$allocator@D@2@@std@@AAEXXZ 00406890 f i LogFile.obj
 0001:00005940       ?assign@?$basic_string@DU?$char_traits@D@std@@V?$allocator@D@2@@std@@QAEAAV12@PBD@Z 00406940 f i LogFile.obj
 0001:000059a0       ?assign@?$basic_string@DU?$char_traits@D@std@@V?$allocator@D@2@@std@@QAEAAV12@PBDI@Z 004069a0 f i LogFile.obj
 0001:00005a30       ?deallocate@?$allocator@D@std@@QAEXPAXI@Z 00406a30 f i LogFile.obj
 0001:00005a80       ?max_size@?$basic_string@DU?$char_traits@D@std@@V?$allocator@D@2@@std@@QBEIXZ 00406a80 f i LogFile.obj
 0001:00005af0       ?_Copy@?$basic_string@DU?$char_traits@D@std@@V?$allocator@D@2@@std@@AAEXI@Z 00406af0 f i LogFile.obj
 0001:00005ca0       ?allocate@?$allocator@D@std@@QAEPADIPBX@Z 00406ca0 f i LogFile.obj
 0001:00005cf0       ?max_size@?$allocator@D@std@@QBEIXZ 00406cf0 f i LogFile.obj
 0001:00005d50       ??Hstd@@YA?AV?$basic_string@DU?$char_traits@D@std@@V?$allocator@D@2@@0@ABV10@PBD@Z 00406d50 f i LogFile.obj
 0001:00005e10       ??8std@@YA_NABV?$allocator@D@0@0@Z 00406e10 f i LogFile.obj
 0001:00005e40       ?_Allocate@std@@YAPADHPAD@Z 00406e40 f i LogFile.obj
 0001:00005ee0       ?id@?$ctype@G@std@@$D      00406ee0 f i LogFile.obj
 0001:00005f80       ?id@?$ctype@G@std@@$E      00406f80 f i LogFile.obj
 0001:000060c0       ?ServerEventNotify@@YGXPAXABK1@Z 004070c0 f   main.obj
 0001:00006150       _WinMain@16                00407150 f   main.obj
 0001:00006c40       ?RegisterSysClass@@YAGPAUHINSTANCE__@@@Z 00407c40 f   main.obj
 0001:00006dc0       ??0TwoFixBuffer@@QAE@XZ    00407dc0 f i main.obj
 0001:00006f30       ??1TwoFixBuffer@@QAE@XZ    00407f30 f i main.obj
 0001:00006fb0       ?gTrace@@YAHPBDZZ          00407fb0 f   main.obj
 0001:000070d0       ?WriteInfo@TwoFixBuffer@@QAEHPAEK@Z 004080d0 f i main.obj
 0001:00007290       ?gTraceLogFile@@YAXPBDJ@Z  00408290 f   main.obj
 0001:00007360       ?gClearTrace@@YAXXZ        00408360 f   main.obj
 0001:000073d0       ?gTimeStamp@@YAHPAD0@Z     004083d0 f   main.obj
 0001:000074b0       ?gShowTrace@@YAXXZ         004084b0 f   main.obj
 0001:00007670       ?ReadInfo@TwoFixBuffer@@QAEPAEXZ 00408670 f i main.obj
 0001:00007760       ?HasReadInfo@TwoFixBuffer@@IAEHXZ 00408760 f i main.obj
 0001:000077e0       ?SwitchReadWrite@TwoFixBuffer@@QAEXXZ 004087e0 f i main.obj
 0001:00007930       ?HasWriteInfo@TwoFixBuffer@@IAEHXZ 00408930 f i main.obj
 0001:00007990       ?InitInstance@@YAHPAUHINSTANCE__@@HH@Z 00408990 f   main.obj
 0001:00007b20       ?About@@YGJPAUHWND__@@IIJ@Z 00408b20 f   main.obj
 0001:00007bd0       ?WndProc@@YGJPAUHWND__@@IIJ@Z 00408bd0 f   main.obj
 0001:00007f10       ??0?$basic_string@DU?$char_traits@D@std@@V?$allocator@D@2@@std@@QAE@PBDABV?$allocator@D@1@@Z 00408f10 f i main.obj
 0001:00008010       ?num_rows@S3P_MSSQLServer_Result@@UBEHXZ 00409010 f   S3P_MSSQLServer_Result.obj
 0001:000080f0       ?num_fields@S3P_MSSQLServer_Result@@UBEHXZ 004090f0 f   S3P_MSSQLServer_Result.obj
 0001:00008200       ?data_seek@S3P_MSSQLServer_Result@@UBEXIH@Z 00409200 f   S3P_MSSQLServer_Result.obj
 0001:00008410       ?get_field_data@S3P_MSSQLServer_Result@@UAE_NIPAXK@Z 00409410 f   S3P_MSSQLServer_Result.obj
 0001:00008650       ?unuse@S3P_MSSQLServer_Result@@UAEHXZ 00409650 f   S3P_MSSQLServer_Result.obj
 0001:00008750       ??4?$_com_ptr_t@V?$_com_IIID@U_Recordset@@$1?_GUID_00000556_0000_0010_8000_00aa006d2ea4@@3U__s_GUID@@A@@@@QAEAAV0@H@Z 00409750 f i S3P_MSSQLServer_Result.obj
 0001:000087b0       ??C?$_com_ptr_t@V?$_com_IIID@U_Recordset@@$1?_GUID_00000556_0000_0010_8000_00aa006d2ea4@@3U__s_GUID@@A@@@@QBEPAU_Recordset@@XZ 004097b0 f i S3P_MSSQLServer_Result.obj
 0001:00008810       ??B?$_com_ptr_t@V?$_com_IIID@U_Recordset@@$1?_GUID_00000556_0000_0010_8000_00aa006d2ea4@@3U__s_GUID@@A@@@@QBE_NXZ 00409810 f i S3P_MSSQLServer_Result.obj
 0001:00008850       ??1?$_com_ptr_t@V?$_com_IIID@UFields@@$1?_GUID_00000564_0000_0010_8000_00aa006d2ea4@@3U__s_GUID@@A@@@@QAE@XZ 00409850 f i S3P_MSSQLServer_Result.obj
 0001:000088a0       ??C?$_com_ptr_t@V?$_com_IIID@UFields@@$1?_GUID_00000564_0000_0010_8000_00aa006d2ea4@@3U__s_GUID@@A@@@@QBEPAUFields@@XZ 004098a0 f i S3P_MSSQLServer_Result.obj
 0001:00008900       ??1?$_com_ptr_t@V?$_com_IIID@UField@@$1?_GUID_00000569_0000_0010_8000_00aa006d2ea4@@3U__s_GUID@@A@@@@QAE@XZ 00409900 f i S3P_MSSQLServer_Result.obj
 0001:00008950       ??C?$_com_ptr_t@V?$_com_IIID@UField@@$1?_GUID_00000569_0000_0010_8000_00aa006d2ea4@@3U__s_GUID@@A@@@@QBEPAUField@@XZ 00409950 f i S3P_MSSQLServer_Result.obj
 0001:000089b0       ??4?$_com_ptr_t@V?$_com_IIID@U_Recordset@@$1?_GUID_00000556_0000_0010_8000_00aa006d2ea4@@3U__s_GUID@@A@@@@QAEAAV0@PAU_Recordset@@@Z 004099b0 f i S3P_MSSQLServer_Result.obj
 0001:00008a40       ?_AddRef@?$_com_ptr_t@V?$_com_IIID@U_Recordset@@$1?_GUID_00000556_0000_0010_8000_00aa006d2ea4@@3U__s_GUID@@A@@@@AAEXXZ 00409a40 f i S3P_MSSQLServer_Result.obj
 0001:00008ab0       ?_Release@?$_com_ptr_t@V?$_com_IIID@UFields@@$1?_GUID_00000564_0000_0010_8000_00aa006d2ea4@@3U__s_GUID@@A@@@@AAEXXZ 00409ab0 f i S3P_MSSQLServer_Result.obj
 0001:00008b20       ?_Release@?$_com_ptr_t@V?$_com_IIID@UField@@$1?_GUID_00000569_0000_0010_8000_00aa006d2ea4@@3U__s_GUID@@A@@@@AAEXXZ 00409b20 f i S3P_MSSQLServer_Result.obj
 0001:00008b90       ??9@YA_NHAAV?$_com_ptr_t@V?$_com_IIID@U_Recordset@@$1?_GUID_00000556_0000_0010_8000_00aa006d2ea4@@3U__s_GUID@@A@@@@@Z 00409b90 f i S3P_MSSQLServer_Result.obj
 0001:00008bf0       ??9?$_com_ptr_t@V?$_com_IIID@U_Recordset@@$1?_GUID_00000556_0000_0010_8000_00aa006d2ea4@@3U__s_GUID@@A@@@@QAE_NH@Z 00409bf0 f i S3P_MSSQLServer_Result.obj
 0001:00008c50       ??8?$_com_ptr_t@V?$_com_IIID@U_Recordset@@$1?_GUID_00000556_0000_0010_8000_00aa006d2ea4@@3U__s_GUID@@A@@@@QAE_NH@Z 00409c50 f i S3P_MSSQLServer_Result.obj
 0001:00008cb0       ??0_variant_t@@QAE@XZ      00409cb0 f i S3P_MSSQLServer_Result.obj
 0001:00008d10       ??4_variant_t@@QAEAAV0@J@Z 00409d10 f i S3P_MSSQLServer_Result.obj
 0001:00008dd0       ?Clear@_variant_t@@QAEXXZ  00409dd0 f i S3P_MSSQLServer_Result.obj
 0001:00008e30       ?CheckError@_com_util@@YAXJ@Z 00409e30 f i S3P_MSSQLServer_Result.obj
 0001:00008e80       ??1_variant_t@@QAE@XZ      00409e80 f i S3P_MSSQLServer_Result.obj
 0001:00008ee0       ??1_com_error@@UAE@XZ      00409ee0 f i S3P_MSSQLServer_Result.obj
 0001:00008f80       ??_G_com_error@@UAEPAXI@Z  00409f80 f i S3P_MSSQLServer_Result.obj
 0001:00008f80       ??_E_com_error@@UAEPAXI@Z  00409f80 f i S3P_MSSQLServer_Result.obj
 0001:00008ff0       ?GetCount@_Collection@@QAEJXZ 00409ff0 f i S3P_MSSQLServer_Result.obj
 0001:00009070       ?GetFields@Recordset15@@QAE?AV?$_com_ptr_t@V?$_com_IIID@UFields@@$1?_GUID_00000564_0000_0010_8000_00aa006d2ea4@@3U__s_GUID@@A@@@@XZ 0040a070 f i S3P_MSSQLServer_Result.obj
 0001:00009120       ??0?$_com_ptr_t@V?$_com_IIID@UFields@@$1?_GUID_00000564_0000_0010_8000_00aa006d2ea4@@3U__s_GUID@@A@@@@QAE@PAUFields@@_N@Z 0040a120 f i S3P_MSSQLServer_Result.obj
 0001:00009190       ?_AddRef@?$_com_ptr_t@V?$_com_IIID@UFields@@$1?_GUID_00000564_0000_0010_8000_00aa006d2ea4@@3U__s_GUID@@A@@@@AAEXXZ 0040a190 f i S3P_MSSQLServer_Result.obj
 0001:00009200       ?GetRecordCount@Recordset15@@QAEJXZ 0040a200 f i S3P_MSSQLServer_Result.obj
 0001:00009280       ?Close@Recordset15@@QAEJXZ 0040a280 f i S3P_MSSQLServer_Result.obj
 0001:00009300       ?Move@Recordset15@@QAEJJABV_variant_t@@@Z 0040a300 f i S3P_MSSQLServer_Result.obj
 0001:000093d0       ?MoveNext@Recordset15@@QAEJXZ 0040a3d0 f i S3P_MSSQLServer_Result.obj
 0001:00009450       ?MovePrevious@Recordset15@@QAEJXZ 0040a450 f i S3P_MSSQLServer_Result.obj
 0001:000094d0       ?MoveFirst@Recordset15@@QAEJXZ 0040a4d0 f i S3P_MSSQLServer_Result.obj
 0001:00009550       ?MoveLast@Recordset15@@QAEJXZ 0040a550 f i S3P_MSSQLServer_Result.obj
 0001:000095d0       ?GetState@Recordset15@@QAEJXZ 0040a5d0 f i S3P_MSSQLServer_Result.obj
 0001:00009660       ?GetItem@Fields15@@QAE?AV?$_com_ptr_t@V?$_com_IIID@UField@@$1?_GUID_00000569_0000_0010_8000_00aa006d2ea4@@3U__s_GUID@@A@@@@ABV_variant_t@@@Z 0040a660 f i S3P_MSSQLServer_Result.obj
 0001:00009750       ??0?$_com_ptr_t@V?$_com_IIID@UField@@$1?_GUID_00000569_0000_0010_8000_00aa006d2ea4@@3U__s_GUID@@A@@@@QAE@PAUField@@_N@Z 0040a750 f i S3P_MSSQLServer_Result.obj
 0001:000097c0       ?_AddRef@?$_com_ptr_t@V?$_com_IIID@UField@@$1?_GUID_00000569_0000_0010_8000_00aa006d2ea4@@3U__s_GUID@@A@@@@AAEXXZ 0040a7c0 f i S3P_MSSQLServer_Result.obj
 0001:00009830       ??0S3PAccount@@QAE@XZ      0040a830 f   S3PAccount.obj
 0001:00009870       ??_ES3PAccount@@UAEPAXI@Z  0040a870 f i S3PAccount.obj
 0001:00009870       ??_GS3PAccount@@UAEPAXI@Z  0040a870 f i S3PAccount.obj
 0001:000098e0       ??1S3PAccount@@UAE@XZ      0040a8e0 f   S3PAccount.obj
 0001:00009920       ?Login@S3PAccount@@SAHPAVS3PDBConVBC@@PBD1KAAGAAK@Z 0040a920 f   S3PAccount.obj
 0001:00009f10       ?LoginGame@S3PAccount@@SAHPAVS3PDBConVBC@@KPBD@Z 0040af10 f   S3PAccount.obj
 0001:0000a100       ?Logout@S3PAccount@@SAHPAVS3PDBConVBC@@KPBDG@Z 0040b100 f   S3PAccount.obj
 0001:0000a470       ?ElapseTime@S3PAccount@@SAHPAVS3PDBConVBC@@KPBDK@Z 0040b470 f   S3PAccount.obj
 0001:0000a640       ?QueryTime@S3PAccount@@SAHPAVS3PDBConVBC@@KPBDAAK@Z 0040b640 f   S3PAccount.obj
 0001:0000a7e0       ?ServerLogin@S3PAccount@@SAHPAVS3PDBConVBC@@PBD1KFQBEAAK@Z 0040b7e0 f   S3PAccount.obj
 0001:0000acb0       ?GetServerID@S3PAccount@@SAHPAVS3PDBConVBC@@PBDAAK@Z 0040bcb0 f   S3PAccount.obj
 0001:0000ae80       ?CheckAddress@S3PAccount@@SAHPAVS3PDBConVBC@@KF@Z 0040be80 f   S3PAccount.obj
 0001:0000afe0       ?UnlockAll@S3PAccount@@SAHPAVS3PDBConVBC@@K@Z 0040bfe0 f   S3PAccount.obj
 0001:0000b080       ?ElapseAll@S3PAccount@@SAHPAVS3PDBConVBC@@K@Z 0040c080 f   S3PAccount.obj
 0001:0000b120       ?GetAccountGameID@S3PAccount@@SAHPAVS3PDBConVBC@@PBDAAK@Z 0040c120 f   S3PAccount.obj
 0001:0000b380       ?GetLeftSecondsOfDeposit@S3PAccount@@KAHPAVS3PDBConVBC@@PBDAAJ22@Z 0040c380 f   S3PAccount.obj
 0001:0000b730       ?VerifyUserModifyPassword@S3PAccount@@SAHPAVS3PDBConVBC@@KPBD1@Z 0040c730 f   S3PAccount.obj
 0001:0000ba90       ??1_bstr_t@@QAE@XZ         0040ca90 f i S3PAccount.obj
 0001:0000bae0       ??B_bstr_t@@QBEPBDXZ       0040cae0 f i S3PAccount.obj
 0001:0000bb50       ?_Free@_bstr_t@@AAEXXZ     0040cb50 f i S3PAccount.obj
 0001:0000bbb0       ?Release@Data_t@_bstr_t@@QAEKXZ 0040cbb0 f i S3PAccount.obj
 0001:0000bc50       ??_GData_t@_bstr_t@@AAEPAXI@Z 0040cc50 f i S3PAccount.obj
 0001:0000bcc0       ?GetString@Data_t@_bstr_t@@QBEPBDXZ 0040ccc0 f i S3PAccount.obj
 0001:0000bd50       ??1Data_t@_bstr_t@@AAE@XZ  0040cd50 f i S3PAccount.obj
 0001:0000bda0       ?_Free@Data_t@_bstr_t@@AAEXXZ 0040cda0 f i S3PAccount.obj
 0001:0000be30       ??0_variant_t@@QAE@JG@Z    0040ce30 f i S3PAccount.obj
 0001:0000bf20       ??0_bstr_t@@QAE@ABV_variant_t@@@Z 0040cf20 f i S3PAccount.obj
 0001:0000c000       ??4_bstr_t@@QAEAAV0@PBG@Z  0040d000 f i S3PAccount.obj
 0001:0000c0d0       ??0Data_t@_bstr_t@@QAE@PBG@Z 0040d0d0 f i S3PAccount.obj
 0001:0000c170       ?ChangeType@_variant_t@@QAEXGPBV1@@Z 0040d170 f i S3PAccount.obj
 0001:0000c210       ??0S3PDB_MSSQLServer_Connection@@QAE@XZ 0040d210 f   S3PDB_MSSQLServer_Connection.obj
 0001:0000c320       ??_ES3PDB_MSSQLServer_Connection@@UAEPAXI@Z 0040d320 f i S3PDB_MSSQLServer_Connection.obj
 0001:0000c320       ??_GS3PDB_MSSQLServer_Connection@@UAEPAXI@Z 0040d320 f i S3PDB_MSSQLServer_Connection.obj
 0001:0000c390       ??1S3PDB_MSSQLServer_Connection@@UAE@XZ 0040d390 f   S3PDB_MSSQLServer_Connection.obj
 0001:0000c4d0       ?CloseConnect@S3PDB_MSSQLServer_Connection@@UAEXXZ 0040d4d0 f   S3PDB_MSSQLServer_Connection.obj
 0001:0000c570       ?OpenConnect@S3PDB_MSSQLServer_Connection@@UAE_NPAUtag_DATABASEINFO@@@Z 0040d570 f   S3PDB_MSSQLServer_Connection.obj
 0001:0000c970       ?Do@S3PDB_MSSQLServer_Connection@@UAE_NPBD@Z 0040d970 f   S3PDB_MSSQLServer_Connection.obj
 0001:0000c9f0       ?DoCmd@S3PDB_MSSQLServer_Connection@@IAE_NPBD@Z 0040d9f0 f   S3PDB_MSSQLServer_Connection.obj
 0001:0000cbd0       ?DoResult@S3PDB_MSSQLServer_Connection@@IAE_NPBD@Z 0040dbd0 f   S3PDB_MSSQLServer_Connection.obj
 0001:0000ce30       ?QuerySql@S3PDB_MSSQLServer_Connection@@UAE_NPBDPAPAVS3PResultVBC@@@Z 0040de30 f   S3PDB_MSSQLServer_Connection.obj
 0001:0000cf40       ?QueryResult@S3PDB_MSSQLServer_Connection@@IAE_NPBDPAVS3P_MSSQLServer_Result@@@Z 0040df40 f   S3PDB_MSSQLServer_Connection.obj
 0001:0000d1a0       ?QueryCmd@S3PDB_MSSQLServer_Connection@@IAE_NPBDPAVS3P_MSSQLServer_Result@@@Z 0040e1a0 f   S3PDB_MSSQLServer_Connection.obj
 0001:0000d3d0       ?GetFreeResult@S3PDB_MSSQLServer_Connection@@IAE_NPAPAVS3P_MSSQLServer_Result@@@Z 0040e3d0 f   S3PDB_MSSQLServer_Connection.obj
 0001:0000d4d0       ??4?$basic_string@DU?$char_traits@D@std@@V?$allocator@D@2@@std@@QAEAAV01@PBD@Z 0040e4d0 f i S3PDB_MSSQLServer_Connection.obj
 0001:0000d520       ??Y?$basic_string@DU?$char_traits@D@std@@V?$allocator@D@2@@std@@QAEAAV01@ABV01@@Z 0040e520 f i S3PDB_MSSQLServer_Connection.obj
 0001:0000d570       ??0?$_com_ptr_t@V?$_com_IIID@U_Connection@@$1?_GUID_00000550_0000_0010_8000_00aa006d2ea4@@3U__s_GUID@@A@@@@QAE@XZ 0040e570 f i S3PDB_MSSQLServer_Connection.obj
 0001:0000d5b0       ??0?$_com_ptr_t@V?$_com_IIID@U_Connection@@$1?_GUID_00000550_0000_0010_8000_00aa006d2ea4@@3U__s_GUID@@A@@@@QAE@H@Z 0040e5b0 f i S3PDB_MSSQLServer_Connection.obj
 0001:0000d610       ??4?$_com_ptr_t@V?$_com_IIID@U_Connection@@$1?_GUID_00000550_0000_0010_8000_00aa006d2ea4@@3U__s_GUID@@A@@@@QAEAAV0@ABV0@@Z 0040e610 f i S3PDB_MSSQLServer_Connection.obj
 0001:0000d660       ??4?$_com_ptr_t@V?$_com_IIID@U_Connection@@$1?_GUID_00000550_0000_0010_8000_00aa006d2ea4@@3U__s_GUID@@A@@@@QAEAAV0@H@Z 0040e660 f i S3PDB_MSSQLServer_Connection.obj
 0001:0000d6c0       ??1?$_com_ptr_t@V?$_com_IIID@U_Connection@@$1?_GUID_00000550_0000_0010_8000_00aa006d2ea4@@3U__s_GUID@@A@@@@QAE@XZ 0040e6c0 f i S3PDB_MSSQLServer_Connection.obj
 0001:0000d710       ??B?$_com_ptr_t@V?$_com_IIID@U_Connection@@$1?_GUID_00000550_0000_0010_8000_00aa006d2ea4@@3U__s_GUID@@A@@@@QBEPAU_Connection@@XZ 0040e710 f i S3PDB_MSSQLServer_Connection.obj
 0001:0000d750       ??C?$_com_ptr_t@V?$_com_IIID@U_Connection@@$1?_GUID_00000550_0000_0010_8000_00aa006d2ea4@@3U__s_GUID@@A@@@@QBEPAU_Connection@@XZ 0040e750 f i S3PDB_MSSQLServer_Connection.obj
 0001:0000d7b0       ??8?$_com_ptr_t@V?$_com_IIID@U_Connection@@$1?_GUID_00000550_0000_0010_8000_00aa006d2ea4@@3U__s_GUID@@A@@@@QAE_NH@Z 0040e7b0 f i S3PDB_MSSQLServer_Connection.obj
 0001:0000d810       ?CreateInstance@?$_com_ptr_t@V?$_com_IIID@U_Connection@@$1?_GUID_00000550_0000_0010_8000_00aa006d2ea4@@3U__s_GUID@@A@@@@QAEJPBDPAUIUnknown@@K@Z 0040e810 f i S3PDB_MSSQLServer_Connection.obj
 0001:0000d940       ??0?$_com_ptr_t@V?$_com_IIID@U_Recordset@@$1?_GUID_00000556_0000_0010_8000_00aa006d2ea4@@3U__s_GUID@@A@@@@QAE@XZ 0040e940 f i S3PDB_MSSQLServer_Connection.obj
 0001:0000d980       ??1?$_com_ptr_t@V?$_com_IIID@U_Recordset@@$1?_GUID_00000556_0000_0010_8000_00aa006d2ea4@@3U__s_GUID@@A@@@@QAE@XZ 0040e980 f i S3PDB_MSSQLServer_Connection.obj
 0001:0000d9d0       ?CreateInstance@?$_com_ptr_t@V?$_com_IIID@U_Recordset@@$1?_GUID_00000556_0000_0010_8000_00aa006d2ea4@@3U__s_GUID@@A@@@@QAEJPBDPAUIUnknown@@K@Z 0040e9d0 f i S3PDB_MSSQLServer_Connection.obj
 0001:0000db00       ??0?$_com_ptr_t@V?$_com_IIID@U_Command@@$1?_GUID_b08400bd_f9d1_4d02_b856_71d5dba123e9@@3U__s_GUID@@A@@@@QAE@H@Z 0040eb00 f i S3PDB_MSSQLServer_Connection.obj
 0001:0000db60       ??4?$_com_ptr_t@V?$_com_IIID@U_Command@@$1?_GUID_b08400bd_f9d1_4d02_b856_71d5dba123e9@@3U__s_GUID@@A@@@@QAEAAV0@H@Z 0040eb60 f i S3PDB_MSSQLServer_Connection.obj
 0001:0000dbc0       ??1?$_com_ptr_t@V?$_com_IIID@U_Command@@$1?_GUID_b08400bd_f9d1_4d02_b856_71d5dba123e9@@3U__s_GUID@@A@@@@QAE@XZ 0040ebc0 f i S3PDB_MSSQLServer_Connection.obj
 0001:0000dc10       ??C?$_com_ptr_t@V?$_com_IIID@U_Command@@$1?_GUID_b08400bd_f9d1_4d02_b856_71d5dba123e9@@3U__s_GUID@@A@@@@QBEPAU_Command@@XZ 0040ec10 f i S3PDB_MSSQLServer_Connection.obj
 0001:0000dc70       ??B?$_com_ptr_t@V?$_com_IIID@U_Command@@$1?_GUID_b08400bd_f9d1_4d02_b856_71d5dba123e9@@3U__s_GUID@@A@@@@QBE_NXZ 0040ec70 f i S3PDB_MSSQLServer_Connection.obj
 0001:0000dcb0       ??8?$_com_ptr_t@V?$_com_IIID@U_Command@@$1?_GUID_b08400bd_f9d1_4d02_b856_71d5dba123e9@@3U__s_GUID@@A@@@@QAE_NH@Z 0040ecb0 f i S3PDB_MSSQLServer_Connection.obj
 0001:0000dd10       ?CreateInstance@?$_com_ptr_t@V?$_com_IIID@U_Command@@$1?_GUID_b08400bd_f9d1_4d02_b856_71d5dba123e9@@3U__s_GUID@@A@@@@QAEJPBDPAUIUnknown@@K@Z 0040ed10 f i S3PDB_MSSQLServer_Connection.obj
 0001:0000de40       ?append@?$basic_string@DU?$char_traits@D@std@@V?$allocator@D@2@@std@@QAEAAV12@ABV12@@Z 0040ee40 f i S3PDB_MSSQLServer_Connection.obj
 0001:0000dea0       ??4?$_com_ptr_t@V?$_com_IIID@U_Connection@@$1?_GUID_00000550_0000_0010_8000_00aa006d2ea4@@3U__s_GUID@@A@@@@QAEAAV0@PAU_Connection@@@Z 0040eea0 f i S3PDB_MSSQLServer_Connection.obj
 0001:0000df30       ?CreateInstance@?$_com_ptr_t@V?$_com_IIID@U_Connection@@$1?_GUID_00000550_0000_0010_8000_00aa006d2ea4@@3U__s_GUID@@A@@@@QAEJPAGPAUIUnknown@@K@Z 0040ef30 f i S3PDB_MSSQLServer_Connection.obj
 0001:0000e000       ?_Release@?$_com_ptr_t@V?$_com_IIID@U_Connection@@$1?_GUID_00000550_0000_0010_8000_00aa006d2ea4@@3U__s_GUID@@A@@@@AAEXXZ 0040f000 f i S3PDB_MSSQLServer_Connection.obj
 0001:0000e070       ?_AddRef@?$_com_ptr_t@V?$_com_IIID@U_Connection@@$1?_GUID_00000550_0000_0010_8000_00aa006d2ea4@@3U__s_GUID@@A@@@@AAEXXZ 0040f070 f i S3PDB_MSSQLServer_Connection.obj
 0001:0000e0e0       ?CreateInstance@?$_com_ptr_t@V?$_com_IIID@U_Recordset@@$1?_GUID_00000556_0000_0010_8000_00aa006d2ea4@@3U__s_GUID@@A@@@@QAEJPAGPAUIUnknown@@K@Z 0040f0e0 f i S3PDB_MSSQLServer_Connection.obj
 0001:0000e1b0       ?_Release@?$_com_ptr_t@V?$_com_IIID@U_Recordset@@$1?_GUID_00000556_0000_0010_8000_00aa006d2ea4@@3U__s_GUID@@A@@@@AAEXXZ 0040f1b0 f i S3PDB_MSSQLServer_Connection.obj
 0001:0000e220       ??4?$_com_ptr_t@V?$_com_IIID@U_Command@@$1?_GUID_b08400bd_f9d1_4d02_b856_71d5dba123e9@@3U__s_GUID@@A@@@@QAEAAV0@PAU_Command@@@Z 0040f220 f i S3PDB_MSSQLServer_Connection.obj
 0001:0000e2b0       ?CreateInstance@?$_com_ptr_t@V?$_com_IIID@U_Command@@$1?_GUID_b08400bd_f9d1_4d02_b856_71d5dba123e9@@3U__s_GUID@@A@@@@QAEJPAGPAUIUnknown@@K@Z 0040f2b0 f i S3PDB_MSSQLServer_Connection.obj
 0001:0000e380       ?_Release@?$_com_ptr_t@V?$_com_IIID@U_Command@@$1?_GUID_b08400bd_f9d1_4d02_b856_71d5dba123e9@@3U__s_GUID@@A@@@@AAEXXZ 0040f380 f i S3PDB_MSSQLServer_Connection.obj
 0001:0000e3f0       ?append@?$basic_string@DU?$char_traits@D@std@@V?$allocator@D@2@@std@@QAEAAV12@ABV12@II@Z 0040f3f0 f i S3PDB_MSSQLServer_Connection.obj
 0001:0000e500       ??0_bstr_t@@QAE@PBD@Z      0040f500 f i S3PDB_MSSQLServer_Connection.obj
 0001:0000e5e0       ?CreateInstance@?$_com_ptr_t@V?$_com_IIID@U_Connection@@$1?_GUID_00000550_0000_0010_8000_00aa006d2ea4@@3U__s_GUID@@A@@@@QAEJABU_GUID@@PAUIUnknown@@K@Z 0040f5e0 f i S3PDB_MSSQLServer_Connection.obj
 0001:0000e720       ?CreateInstance@?$_com_ptr_t@V?$_com_IIID@U_Recordset@@$1?_GUID_00000556_0000_0010_8000_00aa006d2ea4@@3U__s_GUID@@A@@@@QAEJABU_GUID@@PAUIUnknown@@K@Z 0040f720 f i S3PDB_MSSQLServer_Connection.obj
 0001:0000e860       ?CreateInstance@?$_com_ptr_t@V?$_com_IIID@U_Command@@$1?_GUID_b08400bd_f9d1_4d02_b856_71d5dba123e9@@3U__s_GUID@@A@@@@QAEJABU_GUID@@PAUIUnknown@@K@Z 0040f860 f i S3PDB_MSSQLServer_Connection.obj
 0001:0000e9a0       ?_AddRef@?$_com_ptr_t@V?$_com_IIID@U_Command@@$1?_GUID_b08400bd_f9d1_4d02_b856_71d5dba123e9@@3U__s_GUID@@A@@@@AAEXXZ 0040f9a0 f i S3PDB_MSSQLServer_Connection.obj
 0001:0000ea10       ??0Data_t@_bstr_t@@QAE@PBD@Z 0040fa10 f i S3PDB_MSSQLServer_Connection.obj
 0001:0000eaa0       ?GetIID@?$_com_ptr_t@V?$_com_IIID@U_Connection@@$1?_GUID_00000550_0000_0010_8000_00aa006d2ea4@@3U__s_GUID@@A@@@@SAABU_GUID@@XZ 0040faa0 f i S3PDB_MSSQLServer_Connection.obj
 0001:0000eae0       ?GetIID@?$_com_ptr_t@V?$_com_IIID@U_Recordset@@$1?_GUID_00000556_0000_0010_8000_00aa006d2ea4@@3U__s_GUID@@A@@@@SAABU_GUID@@XZ 0040fae0 f i S3PDB_MSSQLServer_Connection.obj
 0001:0000eb20       ?GetIID@?$_com_ptr_t@V?$_com_IIID@U_Command@@$1?_GUID_b08400bd_f9d1_4d02_b856_71d5dba123e9@@3U__s_GUID@@A@@@@SAABU_GUID@@XZ 0040fb20 f i S3PDB_MSSQLServer_Connection.obj
 0001:0000eb60       ?GetIID@?$_com_IIID@U_Connection@@$1?_GUID_00000550_0000_0010_8000_00aa006d2ea4@@3U__s_GUID@@A@@SAABU_GUID@@XZ 0040fb60 f i S3PDB_MSSQLServer_Connection.obj
 0001:0000eb90       ?GetIID@?$_com_IIID@U_Recordset@@$1?_GUID_00000556_0000_0010_8000_00aa006d2ea4@@3U__s_GUID@@A@@SAABU_GUID@@XZ 0040fb90 f i S3PDB_MSSQLServer_Connection.obj
 0001:0000ebc0       ?GetIID@?$_com_IIID@U_Command@@$1?_GUID_b08400bd_f9d1_4d02_b856_71d5dba123e9@@3U__s_GUID@@A@@SAABU_GUID@@XZ 0040fbc0 f i S3PDB_MSSQLServer_Connection.obj
 0001:0000ebf0       ??9@YA_NHAAV?$_com_ptr_t@V?$_com_IIID@U_Connection@@$1?_GUID_00000550_0000_0010_8000_00aa006d2ea4@@3U__s_GUID@@A@@@@@Z 0040fbf0 f i S3PDB_MSSQLServer_Connection.obj
 0001:0000ec50       ??8@YA_NHAAV?$_com_ptr_t@V?$_com_IIID@U_Connection@@$1?_GUID_00000550_0000_0010_8000_00aa006d2ea4@@3U__s_GUID@@A@@@@@Z 0040fc50 f i S3PDB_MSSQLServer_Connection.obj
 0001:0000ecb0       ??9@YA_NHAAV?$_com_ptr_t@V?$_com_IIID@U_Command@@$1?_GUID_b08400bd_f9d1_4d02_b856_71d5dba123e9@@3U__s_GUID@@A@@@@@Z 0040fcb0 f i S3PDB_MSSQLServer_Connection.obj
 0001:0000ed10       ??9?$_com_ptr_t@V?$_com_IIID@U_Connection@@$1?_GUID_00000550_0000_0010_8000_00aa006d2ea4@@3U__s_GUID@@A@@@@QAE_NH@Z 0040fd10 f i S3PDB_MSSQLServer_Connection.obj
 0001:0000ed70       ??9?$_com_ptr_t@V?$_com_IIID@U_Command@@$1?_GUID_b08400bd_f9d1_4d02_b856_71d5dba123e9@@3U__s_GUID@@A@@@@QAE_NH@Z 0040fd70 f i S3PDB_MSSQLServer_Connection.obj
 0001:0000ee60       ??0_variant_t@@QAE@PBD@Z   0040fe60 f i S3PDB_MSSQLServer_Connection.obj
 0001:0000eee0       ??0_variant_t@@QAE@PAUIDispatch@@_N@Z 0040fee0 f i S3PDB_MSSQLServer_Connection.obj
 0001:0000ef70       ?ErrorMessage@_com_error@@QBEPBDXZ 0040ff70 f i S3PDB_MSSQLServer_Connection.obj
 0001:0000f130       ?WCode@_com_error@@QBEGXZ  00410130 f i S3PDB_MSSQLServer_Connection.obj
 0001:0000f180       ?HRESULTToWCode@_com_error@@SAGJ@Z 00410180 f i S3PDB_MSSQLServer_Connection.obj
 0001:0000f1f0       ?PutRefActiveConnection@Command15@@QAEXPAU_Connection@@@Z 004101f0 f i S3PDB_MSSQLServer_Connection.obj
 0001:0000f270       ?PutCommandText@Command15@@QAEXV_bstr_t@@@Z 00410270 f i S3PDB_MSSQLServer_Connection.obj
 0001:0000f340       ??B_bstr_t@@QBEPAGXZ       00410340 f i S3PDB_MSSQLServer_Connection.obj
 0001:0000f3b0       ?GetWString@Data_t@_bstr_t@@QBEPBGXZ 004103b0 f i S3PDB_MSSQLServer_Connection.obj
 0001:0000f3f0       ?Execute@Command15@@QAE?AV?$_com_ptr_t@V?$_com_IIID@U_Recordset@@$1?_GUID_00000556_0000_0010_8000_00aa006d2ea4@@3U__s_GUID@@A@@@@PAUtagVARIANT@@0J@Z 004103f0 f i S3PDB_MSSQLServer_Connection.obj
 0001:0000f4b0       ??0?$_com_ptr_t@V?$_com_IIID@U_Recordset@@$1?_GUID_00000556_0000_0010_8000_00aa006d2ea4@@3U__s_GUID@@A@@@@QAE@PAU_Recordset@@_N@Z 004104b0 f i S3PDB_MSSQLServer_Connection.obj
 0001:0000f520       ?Close@Connection15@@QAEJXZ 00410520 f i S3PDB_MSSQLServer_Connection.obj
 0001:0000f5a0       ?Open@Connection15@@QAEJV_bstr_t@@00J@Z 004105a0 f i S3PDB_MSSQLServer_Connection.obj
 0001:0000f6b0       ?PutCursorLocation@Connection15@@QAEXW4CursorLocationEnum@@@Z 004106b0 f i S3PDB_MSSQLServer_Connection.obj
 0001:0000f730       ?Open@Recordset15@@QAEJABV_variant_t@@0W4CursorTypeEnum@@W4LockTypeEnum@@J@Z 00410730 f i S3PDB_MSSQLServer_Connection.obj
 0001:0000f850       ??0S3P_MSSQLServer_Result@@QAE@XZ 00410850 f i S3PDB_MSSQLServer_Connection.obj
 0001:0000f900       ??1S3P_MSSQLServer_Result@@UAE@XZ 00410900 f i S3PDB_MSSQLServer_Connection.obj
 0001:0000f9b0       ?AttachResult@S3P_MSSQLServer_Result@@QAEXAAV?$_com_ptr_t@V?$_com_IIID@U_Recordset@@$1?_GUID_00000556_0000_0010_8000_00aa006d2ea4@@3U__s_GUID@@A@@@@@Z 004109b0 f i S3PDB_MSSQLServer_Connection.obj
 0001:0000fa00       ??4?$_com_ptr_t@V?$_com_IIID@U_Recordset@@$1?_GUID_00000556_0000_0010_8000_00aa006d2ea4@@3U__s_GUID@@A@@@@QAEAAV0@ABV0@@Z 00410a00 f i S3PDB_MSSQLServer_Connection.obj
 0001:0000fa50       ??_GS3P_MSSQLServer_Result@@UAEPAXI@Z 00410a50 f i S3PDB_MSSQLServer_Connection.obj
 0001:0000fa50       ??_ES3P_MSSQLServer_Result@@UAEPAXI@Z 00410a50 f i S3PDB_MSSQLServer_Connection.obj
 0001:0000fac0       ?GetGMID@@YAKXZ            00410ac0 f   S3PDBConnectionPool.obj
 0001:0000faf0       ??0S3PDBConnectionPool@@IAE@XZ 00410af0 f   S3PDBConnectionPool.obj
 0001:0000fba0       ??_ES3PDBConnectionPool@@MAEPAXI@Z 00410ba0 f i S3PDBConnectionPool.obj
 0001:0000fba0       ??_GS3PDBConnectionPool@@MAEPAXI@Z 00410ba0 f i S3PDBConnectionPool.obj
 0001:0000fc10       ??1S3PDBConnectionPool@@MAE@XZ 00410c10 f   S3PDBConnectionPool.obj
 0001:0000fd80       ?Init@S3PDBConnectionPool@@QAEHABV?$basic_string@DU?$char_traits@D@std@@V?$allocator@D@2@@std@@0K@Z 00410d80 f   S3PDBConnectionPool.obj
 0001:000100a0       ??0tag_DATABASEINFO@@QAE@XZ 004110a0 f i S3PDBConnectionPool.obj
 0001:00010170       ??1tag_DATABASEINFO@@QAE@XZ 00411170 f i S3PDBConnectionPool.obj
 0001:00010220       ?RemoveDBCon@S3PDBConnectionPool@@QAEHPAPAVS3PDBConVBC@@@Z 00411220 f   S3PDBConnectionPool.obj
 0001:00010370       ?ReturnDBCon@S3PDBConnectionPool@@QAEHPAVS3PDBConVBC@@@Z 00411370 f   S3PDBConnectionPool.obj
 0001:000104a0       ?Instance@S3PDBConnectionPool@@SAPAV1@XZ 004114a0 f   S3PDBConnectionPool.obj
 0001:00010560       ?ReleaseInstance@S3PDBConnectionPool@@SAXXZ 00411560 f   S3PDBConnectionPool.obj
 0001:000105f0       ?CreateConnection@S3PDBConnectionPool@@IAEHPAUtag_DATABASEINFO@@PAPAVS3PDBConVBC@@@Z 004115f0 f   S3PDBConnectionPool.obj
 0001:00010730       ??0?$vector@PAVS3PDBConVBC@@V?$allocator@PAVS3PDBConVBC@@@std@@@std@@QAE@ABV?$allocator@PAVS3PDBConVBC@@@1@@Z 00411730 f i S3PDBConnectionPool.obj
 0001:000107a0       ??1?$vector@PAVS3PDBConVBC@@V?$allocator@PAVS3PDBConVBC@@@std@@@std@@QAE@XZ 004117a0 f i S3PDBConnectionPool.obj
 0001:00010850       ?size@?$vector@PAVS3PDBConVBC@@V?$allocator@PAVS3PDBConVBC@@@std@@@std@@QBEIXZ 00411850 f i S3PDBConnectionPool.obj
 0001:000108b0       ??A?$vector@PAVS3PDBConVBC@@V?$allocator@PAVS3PDBConVBC@@@std@@@std@@QAEAAPAVS3PDBConVBC@@I@Z 004118b0 f i S3PDBConnectionPool.obj
 0001:00010900       ?push_back@?$vector@PAVS3PDBConVBC@@V?$allocator@PAVS3PDBConVBC@@@std@@@std@@QAEXABQAVS3PDBConVBC@@@Z 00411900 f i S3PDBConnectionPool.obj
 0001:00010960       ?IsLocked@K_CS@@QAEHXZ     00411960 f i S3PDBConnectionPool.obj
 0001:000109a0       ?begin@?$vector@PAVS3PDBConVBC@@V?$allocator@PAVS3PDBConVBC@@@std@@@std@@QAEPAPAVS3PDBConVBC@@XZ 004119a0 f i S3PDBConnectionPool.obj
 0001:000109e0       ?end@?$vector@PAVS3PDBConVBC@@V?$allocator@PAVS3PDBConVBC@@@std@@@std@@QAEPAPAVS3PDBConVBC@@XZ 004119e0 f i S3PDBConnectionPool.obj
 0001:00010a20       ?insert@?$vector@PAVS3PDBConVBC@@V?$allocator@PAVS3PDBConVBC@@@std@@@std@@QAEPAPAVS3PDBConVBC@@PAPAV3@ABQAV3@@Z 00411a20 f i S3PDBConnectionPool.obj
 0001:00010aa0       ?_Destroy@?$vector@PAVS3PDBConVBC@@V?$allocator@PAVS3PDBConVBC@@@std@@@std@@IAEXPAPAVS3PDBConVBC@@0@Z 00411aa0 f i S3PDBConnectionPool.obj
 0001:00010b10       ?deallocate@?$allocator@PAVS3PDBConVBC@@@std@@QAEXPAXI@Z 00411b10 f i S3PDBConnectionPool.obj
 0001:00010b60       ?insert@?$vector@PAVS3PDBConVBC@@V?$allocator@PAVS3PDBConVBC@@@std@@@std@@QAEXPAPAVS3PDBConVBC@@IABQAV3@@Z 00411b60 f i S3PDBConnectionPool.obj
 0001:00010e30       ?destroy@?$allocator@PAVS3PDBConVBC@@@std@@QAEXPAPAVS3PDBConVBC@@@Z 00411e30 f i S3PDBConnectionPool.obj
 0001:00010e80       ?_Ucopy@?$vector@PAVS3PDBConVBC@@V?$allocator@PAVS3PDBConVBC@@@std@@@std@@IAEPAPAVS3PDBConVBC@@PBQAV3@0PAPAV3@@Z 00411e80 f i S3PDBConnectionPool.obj
 0001:00010f00       ?_Ufill@?$vector@PAVS3PDBConVBC@@V?$allocator@PAVS3PDBConVBC@@@std@@@std@@IAEXPAPAVS3PDBConVBC@@IABQAV3@@Z 00411f00 f i S3PDBConnectionPool.obj
 0001:00010f80       ?allocate@?$allocator@PAVS3PDBConVBC@@@std@@QAEPAPAVS3PDBConVBC@@IPBX@Z 00411f80 f i S3PDBConnectionPool.obj
 0001:00010fd0       ?construct@?$allocator@PAVS3PDBConVBC@@@std@@QAEXPAPAVS3PDBConVBC@@ABQAV3@@Z 00411fd0 f i S3PDBConnectionPool.obj
 0001:00011020       ?fill@std@@YAXPAPAVS3PDBConVBC@@0ABQAV2@@Z 00412020 f i S3PDBConnectionPool.obj
 0001:00011070       ?copy_backward@std@@YAPAPAVS3PDBConVBC@@PAPAV2@00@Z 00412070 f i S3PDBConnectionPool.obj
 0001:000110d0       ?_Destroy@std@@YAXPAPAVS3PDBConVBC@@@Z 004120d0 f i S3PDBConnectionPool.obj
 0001:00011100       ?_Allocate@std@@YAPAPAVS3PDBConVBC@@HPAPAV2@@Z 00412100 f i S3PDBConnectionPool.obj
 0001:00011160       ?_Construct@std@@YAXPAPAVS3PDBConVBC@@ABQAV2@@Z 00412160 f i S3PDBConnectionPool.obj
 0001:000111d0       ??2@YAPAXIPAX@Z            004121d0 f i S3PDBConnectionPool.obj
 0001:00011290       ??0S3PDBConVBC@@IAE@XZ     00412290 f   S3PDBConVBC.obj
 0001:000112f0       ??_ES3PDBConVBC@@UAEPAXI@Z 004122f0 f i S3PDBConVBC.obj
 0001:000112f0       ??_GS3PDBConVBC@@UAEPAXI@Z 004122f0 f i S3PDBConVBC.obj
 0001:00011360       ??1S3PDBConVBC@@UAE@XZ     00412360 f   S3PDBConVBC.obj
 0001:00011440       ??0S3PDBSocketPool@@IAE@XZ 00412440 f   S3PDBSocketPool.obj
 0001:000114f0       ??_GS3PDBSocketPool@@UAEPAXI@Z 004124f0 f i S3PDBSocketPool.obj
 0001:000114f0       ??_ES3PDBSocketPool@@UAEPAXI@Z 004124f0 f i S3PDBSocketPool.obj
 0001:00011560       ??1S3PDBSocketPool@@UAE@XZ 00412560 f   S3PDBSocketPool.obj
 0001:00011660       ?Instance@S3PDBSocketPool@@SAPAV1@XZ 00412660 f   S3PDBSocketPool.obj
 0001:00011720       ?ReleaseInstance@S3PDBSocketPool@@SAXXZ 00412720 f   S3PDBSocketPool.obj
 0001:000117b0       ?Start@S3PDBSocketPool@@UAEPAXPAUIServer@@H@Z 004127b0 f   S3PDBSocketPool.obj
 0001:00011960       ?Stop@S3PDBSocketPool@@UAEHXZ 00412960 f   S3PDBSocketPool.obj
 0001:00011ae0       ?SendData@S3PDBSocketPool@@QAEHKQBXABI@Z 00412ae0 f   S3PDBSocketPool.obj
 0001:00011bf0       ?CustomSend@S3PDBSocketPool@@QAEHKDPAUKAccountHead@@@Z 00412bf0 f   S3PDBSocketPool.obj
 0001:00011db0       ?AddUserClientID@S3PDBSocketPool@@QAEHK@Z 00412db0 f   S3PDBSocketPool.obj
 0001:000121a0       ?RemoveUserClientID@S3PDBSocketPool@@QAEHK@Z 004131a0 f   S3PDBSocketPool.obj
 0001:00012290       ?ShowAllClientInfo@S3PDBSocketPool@@QAEHXZ 00413290 f   S3PDBSocketPool.obj
 0001:00012540       ??0KGatewayDataProcess@@QAE@XZ 00413540 f   S3PDBSocketPool.obj
 0001:00012740       ??0KThread_CS@@QAE@XZ      00413740 f i S3PDBSocketPool.obj
 0001:000127f0       ??1KThread_CS@@UAE@XZ      004137f0 f i S3PDBSocketPool.obj
 0001:000128b0       ??_GKThread_CS@@UAEPAXI@Z  004138b0 f i S3PDBSocketPool.obj
 0001:000128b0       ??_EKThread_CS@@UAEPAXI@Z  004138b0 f i S3PDBSocketPool.obj
 0001:00012920       ??_GKGatewayDataProcess@@UAEPAXI@Z 00413920 f i S3PDBSocketPool.obj
 0001:00012920       ??_EKGatewayDataProcess@@UAEPAXI@Z 00413920 f i S3PDBSocketPool.obj
 0001:00012990       ??1KGatewayDataProcess@@UAE@XZ 00413990 f   S3PDBSocketPool.obj
 0001:00012a70       ??1?$map@UUserName@@KUUserNameCmp@@V?$allocator@K@std@@@std@@QAE@XZ 00413a70 f i S3PDBSocketPool.obj
 0001:00012ac0       ?AutoTime@KGatewayDataProcess@@IAEXXZ 00413ac0 f   S3PDBSocketPool.obj
 0001:00012d20       ?CheckConnectAddress@KGatewayDataProcess@@IAEHK@Z 00413d20 f   S3PDBSocketPool.obj
 0001:00012da0       ?SendPing@KGatewayDataProcess@@IAEXK@Z 00413da0 f   S3PDBSocketPool.obj
 0001:00012e20       ?ProcessClientData@KGatewayDataProcess@@IAEXPBXK@Z 00413e20 f   S3PDBSocketPool.obj
 0001:00012f50       ?ProcessData@KGatewayDataProcess@@IAEKPAVS3PDBConVBC@@PBXK@Z 00413f50 f   S3PDBSocketPool.obj
 0001:000133e0       ?ProAccountLogin@KGatewayDataProcess@@IAEHPAVS3PDBConVBC@@PBDK@Z 004143e0 f   S3PDBSocketPool.obj
 0001:00013790       ?ProGameLogin@KGatewayDataProcess@@IAEHPAVS3PDBConVBC@@PBDK@Z 00414790 f   S3PDBSocketPool.obj
 0001:00013970       ?ProAccountLogout@KGatewayDataProcess@@IAEHPAVS3PDBConVBC@@PBDK@Z 00414970 f   S3PDBSocketPool.obj
 0001:00013b80       ?ProGetwayVerify@KGatewayDataProcess@@IAEHPAVS3PDBConVBC@@PBDK@Z 00414b80 f   S3PDBSocketPool.obj
 0001:00013e90       ?ProUndefine@KGatewayDataProcess@@IAEHPBDK@Z 00414e90 f   S3PDBSocketPool.obj
 0001:00013ed0       ?GetDB@KGatewayDataProcess@@IAEPAVS3PDBConVBC@@K@Z 00414ed0 f   S3PDBSocketPool.obj
 0001:00013f80       ?Main@KGatewayDataProcess@@MAEKPAX@Z 00414f80 f   S3PDBSocketPool.obj
 0001:00014220       ?Start@KGatewayDataProcess@@UAEPAXPAUIServer@@K@Z 00415220 f   S3PDBSocketPool.obj
 0001:000142f0       ?Stop@KGatewayDataProcess@@UAEHXZ 004152f0 f   S3PDBSocketPool.obj
 0001:00014390       ?ConnectErrorWork@KGatewayDataProcess@@QAEHKKF@Z 00415390 f   S3PDBSocketPool.obj
 0001:00014440       ?ConnectFreeWork@KGatewayDataProcess@@QAEHKKF@Z 00415440 f   S3PDBSocketPool.obj
 0001:00014510       ?ConnectAgainWork@KGatewayDataProcess@@QAEHKKF@Z 00415510 f   S3PDBSocketPool.obj
 0001:000145f0       ?ConnectFreeForErrorWork@KGatewayDataProcess@@QAEHKKF@Z 004155f0 f   S3PDBSocketPool.obj
 0001:000146a0       ?OutofWork@KGatewayDataProcess@@QAEHK@Z 004156a0 f   S3PDBSocketPool.obj
 0001:00014870       ?IsWork@KGatewayDataProcess@@QAEHXZ 00415870 f   S3PDBSocketPool.obj
 0001:000148f0       ?IsWorkAgain@KGatewayDataProcess@@QAEHXZ 004158f0 f   S3PDBSocketPool.obj
 0001:00014970       ?IsWantData@KGatewayDataProcess@@QAEHXZ 00415970 f   S3PDBSocketPool.obj
 0001:00014a10       ?IsError@KGatewayDataProcess@@QAEHXZ 00415a10 f   S3PDBSocketPool.obj
 0001:00014a90       ?GetStatus@KGatewayDataProcess@@QAEHXZ 00415a90 f   S3PDBSocketPool.obj
 0001:00014b00       ?SetStatus@KGatewayDataProcess@@IAE_NH@Z 00415b00 f   S3PDBSocketPool.obj
 0001:00014c60       ?IsVerifyTimeout@KGatewayDataProcess@@IAE_NXZ 00415c60 f   S3PDBSocketPool.obj
 0001:00014d00       ??0?$map@UUserName@@KUUserNameCmp@@V?$allocator@K@std@@@std@@QAE@ABUUserNameCmp@@ABV?$allocator@K@1@@Z 00415d00 f i S3PDBSocketPool.obj
 0001:00014d60       ?begin@?$map@UUserName@@KUUserNameCmp@@V?$allocator@K@std@@@std@@QAE?AViterator@?$_Tree@UUserName@@U?$pair@$$CBUUserName@@K@std@@U_Kfn@?$map@UUserName@@KUUserNameCmp@@V?$allocator@K@std@@@3@UUserNameCmp@@V?$allocator@K@3@@2@XZ 00415d60 f i S3PDBSocketPool.obj
 0001:00014dc0       ?end@?$map@UUserName@@KUUserNameCmp@@V?$allocator@K@std@@@std@@QAE?AViterator@?$_Tree@UUserName@@U?$pair@$$CBUUserName@@K@std@@U_Kfn@?$map@UUserName@@KUUserNameCmp@@V?$allocator@K@std@@@3@UUserNameCmp@@V?$allocator@K@3@@2@XZ 00415dc0 f i S3PDBSocketPool.obj
 0001:00014e20       ??A?$map@UUserName@@KUUserNameCmp@@V?$allocator@K@std@@@std@@QAEAAKABUUserName@@@Z 00415e20 f i S3PDBSocketPool.obj
 0001:00014ea0       ?erase@?$map@UUserName@@KUUserNameCmp@@V?$allocator@K@std@@@std@@QAE?AViterator@?$_Tree@UUserName@@U?$pair@$$CBUUserName@@K@std@@U_Kfn@?$map@UUserName@@KUUserNameCmp@@V?$allocator@K@std@@@3@UUserNameCmp@@V?$allocator@K@3@@2@V342@@Z 00415ea0 f i S3PDBSocketPool.obj
 0001:00014f00       ?erase@?$map@UUserName@@KUUserNameCmp@@V?$allocator@K@std@@@std@@QAEIABUUserName@@@Z 00415f00 f i S3PDBSocketPool.obj
 0001:00014f50       ?find@?$map@UUserName@@KUUserNameCmp@@V?$allocator@K@std@@@std@@QAE?AViterator@?$_Tree@UUserName@@U?$pair@$$CBUUserName@@K@std@@U_Kfn@?$map@UUserName@@KUUserNameCmp@@V?$allocator@K@std@@@3@UUserNameCmp@@V?$allocator@K@3@@2@ABUUserName@@@Z 00415f50 f i S3PDBSocketPool.obj
 0001:00014fb0       ??1?$_Tree@UUserName@@U?$pair@$$CBUUserName@@K@std@@U_Kfn@?$map@UUserName@@KUUserNameCmp@@V?$allocator@K@std@@@3@UUserNameCmp@@V?$allocator@K@3@@std@@QAE@XZ 00415fb0 f i S3PDBSocketPool.obj
 0001:000150d0       ??Citerator@?$_Tree@UUserName@@U?$pair@$$CBUUserName@@K@std@@U_Kfn@?$map@UUserName@@KUUserNameCmp@@V?$allocator@K@std@@@3@UUserNameCmp@@V?$allocator@K@3@@std@@QBEPAU?$pair@$$CBUUserName@@K@2@XZ 004160d0 f i S3PDBSocketPool.obj
 0001:00015120       ??Eiterator@?$_Tree@UUserName@@U?$pair@$$CBUUserName@@K@std@@U_Kfn@?$map@UUserName@@KUUserNameCmp@@V?$allocator@K@std@@@3@UUserNameCmp@@V?$allocator@K@3@@std@@QAE?AV012@H@Z 00416120 f i S3PDBSocketPool.obj
 0001:00015180       ??8iterator@?$_Tree@UUserName@@U?$pair@$$CBUUserName@@K@std@@U_Kfn@?$map@UUserName@@KUUserNameCmp@@V?$allocator@K@std@@@3@UUserNameCmp@@V?$allocator@K@3@@std@@QBE_NABV012@@Z 00416180 f i S3PDBSocketPool.obj
 0001:000151d0       ??9iterator@?$_Tree@UUserName@@U?$pair@$$CBUUserName@@K@std@@U_Kfn@?$map@UUserName@@KUUserNameCmp@@V?$allocator@K@std@@@3@UUserNameCmp@@V?$allocator@K@3@@std@@QBE_NABV012@@Z 004161d0 f i S3PDBSocketPool.obj
 0001:00015230       ??0?$list@PAVKGatewayDataProcess@@V?$allocator@PAVKGatewayDataProcess@@@std@@@std@@QAE@ABV?$allocator@PAVKGatewayDataProcess@@@1@@Z 00416230 f i S3PDBSocketPool.obj
 0001:000152a0       ??1?$list@PAVKGatewayDataProcess@@V?$allocator@PAVKGatewayDataProcess@@@std@@@std@@QAE@XZ 004162a0 f i S3PDBSocketPool.obj
 0001:00015340       ?begin@?$list@PAVKGatewayDataProcess@@V?$allocator@PAVKGatewayDataProcess@@@std@@@std@@QAE?AViterator@12@XZ 00416340 f i S3PDBSocketPool.obj
 0001:000153b0       ?end@?$list@PAVKGatewayDataProcess@@V?$allocator@PAVKGatewayDataProcess@@@std@@@std@@QAE?AViterator@12@XZ 004163b0 f i S3PDBSocketPool.obj
 0001:00015410       ?size@?$list@PAVKGatewayDataProcess@@V?$allocator@PAVKGatewayDataProcess@@@std@@@std@@QBEIXZ 00416410 f i S3PDBSocketPool.obj
 0001:00015450       ?push_back@?$list@PAVKGatewayDataProcess@@V?$allocator@PAVKGatewayDataProcess@@@std@@@std@@QAEXABQAVKGatewayDataProcess@@@Z 00416450 f i S3PDBSocketPool.obj
 0001:000154c0       ?clear@?$list@PAVKGatewayDataProcess@@V?$allocator@PAVKGatewayDataProcess@@@std@@@std@@QAEXXZ 004164c0 f i S3PDBSocketPool.obj
 0001:00015530       ??Diterator@?$list@PAVKGatewayDataProcess@@V?$allocator@PAVKGatewayDataProcess@@@std@@@std@@QBEAAPAVKGatewayDataProcess@@XZ 00416530 f i S3PDBSocketPool.obj
 0001:00015580       ??Eiterator@?$list@PAVKGatewayDataProcess@@V?$allocator@PAVKGatewayDataProcess@@@std@@@std@@QAE?AV012@H@Z 00416580 f i S3PDBSocketPool.obj
 0001:000155e0       ??9iterator@?$list@PAVKGatewayDataProcess@@V?$allocator@PAVKGatewayDataProcess@@@std@@@std@@QBE_NABV012@@Z 004165e0 f i S3PDBSocketPool.obj
 0001:00015640       ?insert@?$map@UUserName@@KUUserNameCmp@@V?$allocator@K@std@@@std@@QAE?AU?$pair@Viterator@?$_Tree@UUserName@@U?$pair@$$CBUUserName@@K@std@@U_Kfn@?$map@UUserName@@KUUserNameCmp@@V?$allocator@K@std@@@3@UUserNameCmp@@V?$allocator@K@3@@std@@_N@2@ABU?$pair@$$CBUUserName@@K@2@@Z 00416640 f i S3PDBSocketPool.obj
 0001:000156d0       ??0?$_Tree@UUserName@@U?$pair@$$CBUUserName@@K@std@@U_Kfn@?$map@UUserName@@KUUserNameCmp@@V?$allocator@K@std@@@3@UUserNameCmp@@V?$allocator@K@3@@std@@QAE@ABUUserNameCmp@@_NABV?$allocator@K@1@@Z 004166d0 f i S3PDBSocketPool.obj
 0001:00015740       ?begin@?$_Tree@UUserName@@U?$pair@$$CBUUserName@@K@std@@U_Kfn@?$map@UUserName@@KUUserNameCmp@@V?$allocator@K@std@@@3@UUserNameCmp@@V?$allocator@K@3@@std@@QAE?AViterator@12@XZ 00416740 f i S3PDBSocketPool.obj
 0001:000157a0       ?end@?$_Tree@UUserName@@U?$pair@$$CBUUserName@@K@std@@U_Kfn@?$map@UUserName@@KUUserNameCmp@@V?$allocator@K@std@@@3@UUserNameCmp@@V?$allocator@K@3@@std@@QAE?AViterator@12@XZ 004167a0 f i S3PDBSocketPool.obj
 0001:00015800       ?erase@?$_Tree@UUserName@@U?$pair@$$CBUUserName@@K@std@@U_Kfn@?$map@UUserName@@KUUserNameCmp@@V?$allocator@K@std@@@3@UUserNameCmp@@V?$allocator@K@3@@std@@QAE?AViterator@12@V312@@Z 00416800 f i S3PDBSocketPool.obj
 0001:00016290       ?erase@?$_Tree@UUserName@@U?$pair@$$CBUUserName@@K@std@@U_Kfn@?$map@UUserName@@KUUserNameCmp@@V?$allocator@K@std@@@3@UUserNameCmp@@V?$allocator@K@3@@std@@QAE?AViterator@12@V312@0@Z 00417290 f i S3PDBSocketPool.obj
 0001:00016450       ?erase@?$_Tree@UUserName@@U?$pair@$$CBUUserName@@K@std@@U_Kfn@?$map@UUserName@@KUUserNameCmp@@V?$allocator@K@std@@@3@UUserNameCmp@@V?$allocator@K@3@@std@@QAEIABUUserName@@@Z 00417450 f i S3PDBSocketPool.obj
 0001:000164f0       ?find@?$_Tree@UUserName@@U?$pair@$$CBUUserName@@K@std@@U_Kfn@?$map@UUserName@@KUUserNameCmp@@V?$allocator@K@std@@@3@UUserNameCmp@@V?$allocator@K@3@@std@@QAE?AViterator@12@ABUUserName@@@Z 004174f0 f i S3PDBSocketPool.obj
 0001:000165e0       ??RUserNameCmp@@QBE_NABUUserName@@0@Z 004175e0 f i S3PDBSocketPool.obj
 0001:00016640       ??_EKThread_CS@@WM@AEPAXI@Z 00417640 f i S3PDBSocketPool.obj
 0001:00016650       ?_Freenode@?$_Tree@UUserName@@U?$pair@$$CBUUserName@@K@std@@U_Kfn@?$map@UUserName@@KUUserNameCmp@@V?$allocator@K@std@@@3@UUserNameCmp@@V?$allocator@K@3@@std@@IAEXPAU_Node@12@@Z 00417650 f i S3PDBSocketPool.obj
 0001:000166a0       ??0?$pair@$$CBUUserName@@K@std@@QAE@ABUUserName@@ABK@Z 004176a0 f i S3PDBSocketPool.obj
 0001:00016700       ??Diterator@?$_Tree@UUserName@@U?$pair@$$CBUUserName@@K@std@@U_Kfn@?$map@UUserName@@KUUserNameCmp@@V?$allocator@K@std@@@3@UUserNameCmp@@V?$allocator@K@3@@std@@QBEAAU?$pair@$$CBUUserName@@K@2@XZ 00417700 f i S3PDBSocketPool.obj
 0001:00016750       ??Eiterator@?$_Tree@UUserName@@U?$pair@$$CBUUserName@@K@std@@U_Kfn@?$map@UUserName@@KUUserNameCmp@@V?$allocator@K@std@@@3@UUserNameCmp@@V?$allocator@K@3@@std@@QAEAAV012@XZ 00417750 f i S3PDBSocketPool.obj
 0001:000167a0       ?insert@?$list@PAVKGatewayDataProcess@@V?$allocator@PAVKGatewayDataProcess@@@std@@@std@@QAE?AViterator@12@V312@ABQAVKGatewayDataProcess@@@Z 004177a0 f i S3PDBSocketPool.obj
 0001:000168b0       ?erase@?$list@PAVKGatewayDataProcess@@V?$allocator@PAVKGatewayDataProcess@@@std@@@std@@QAE?AViterator@12@V312@0@Z 004178b0 f i S3PDBSocketPool.obj
 0001:00016940       ?_Buynode@?$list@PAVKGatewayDataProcess@@V?$allocator@PAVKGatewayDataProcess@@@std@@@std@@IAEPAU_Node@12@PAU312@0@Z 00417940 f i S3PDBSocketPool.obj
 0001:000169f0       ?_Freenode@?$list@PAVKGatewayDataProcess@@V?$allocator@PAVKGatewayDataProcess@@@std@@@std@@IAEXPAU_Node@12@@Z 004179f0 f i S3PDBSocketPool.obj
 0001:00016a40       ?_Next@_Acc@?$list@PAVKGatewayDataProcess@@V?$allocator@PAVKGatewayDataProcess@@@std@@@std@@SAAAPAU_Node@23@PAU423@@Z 00417a40 f i S3PDBSocketPool.obj
 0001:00016a70       ?_Value@_Acc@?$list@PAVKGatewayDataProcess@@V?$allocator@PAVKGatewayDataProcess@@@std@@@std@@SAAAPAVKGatewayDataProcess@@PAU_Node@23@@Z 00417a70 f i S3PDBSocketPool.obj
 0001:00016aa0       ??0iterator@?$list@PAVKGatewayDataProcess@@V?$allocator@PAVKGatewayDataProcess@@@std@@@std@@QAE@PAU_Node@12@@Z 00417aa0 f i S3PDBSocketPool.obj
 0001:00016af0       ??Eiterator@?$list@PAVKGatewayDataProcess@@V?$allocator@PAVKGatewayDataProcess@@@std@@@std@@QAEAAV012@XZ 00417af0 f i S3PDBSocketPool.obj
 0001:00016b50       ??8iterator@?$list@PAVKGatewayDataProcess@@V?$allocator@PAVKGatewayDataProcess@@@std@@@std@@QBE_NABV012@@Z 00417b50 f i S3PDBSocketPool.obj
 0001:00016ba0       ?deallocate@?$allocator@K@std@@QAEXPAXI@Z 00417ba0 f i S3PDBSocketPool.obj
 0001:00016bf0       ?_Color@?$_Tree@UUserName@@U?$pair@$$CBUUserName@@K@std@@U_Kfn@?$map@UUserName@@KUUserNameCmp@@V?$allocator@K@std@@@3@UUserNameCmp@@V?$allocator@K@3@@std@@KAAAW4_Redbl@12@PAU_Node@12@@Z 00417bf0 f i S3PDBSocketPool.obj
 0001:00016c20       ?_Key@?$_Tree@UUserName@@U?$pair@$$CBUUserName@@K@std@@U_Kfn@?$map@UUserName@@KUUserNameCmp@@V?$allocator@K@std@@@3@UUserNameCmp@@V?$allocator@K@3@@std@@KAABUUserName@@PAU_Node@12@@Z 00417c20 f i S3PDBSocketPool.obj
 0001:00016c70       ?_Left@?$_Tree@UUserName@@U?$pair@$$CBUUserName@@K@std@@U_Kfn@?$map@UUserName@@KUUserNameCmp@@V?$allocator@K@std@@@3@UUserNameCmp@@V?$allocator@K@3@@std@@KAAAPAU_Node@12@PAU312@@Z 00417c70 f i S3PDBSocketPool.obj
 0001:00016ca0       ?_Parent@?$_Tree@UUserName@@U?$pair@$$CBUUserName@@K@std@@U_Kfn@?$map@UUserName@@KUUserNameCmp@@V?$allocator@K@std@@@3@UUserNameCmp@@V?$allocator@K@3@@std@@KAAAPAU_Node@12@PAU312@@Z 00417ca0 f i S3PDBSocketPool.obj
 0001:00016cd0       ?_Right@?$_Tree@UUserName@@U?$pair@$$CBUUserName@@K@std@@U_Kfn@?$map@UUserName@@KUUserNameCmp@@V?$allocator@K@std@@@3@UUserNameCmp@@V?$allocator@K@3@@std@@KAAAPAU_Node@12@PAU312@@Z 00417cd0 f i S3PDBSocketPool.obj
 0001:00016d00       ?_Value@?$_Tree@UUserName@@U?$pair@$$CBUUserName@@K@std@@U_Kfn@?$map@UUserName@@KUUserNameCmp@@V?$allocator@K@std@@@3@UUserNameCmp@@V?$allocator@K@3@@std@@KAAAU?$pair@$$CBUUserName@@K@2@PAU_Node@12@@Z 00417d00 f i S3PDBSocketPool.obj
 0001:00016d30       ?size@?$_Tree@UUserName@@U?$pair@$$CBUUserName@@K@std@@U_Kfn@?$map@UUserName@@KUUserNameCmp@@V?$allocator@K@std@@@3@UUserNameCmp@@V?$allocator@K@3@@std@@QBEIXZ 00417d30 f i S3PDBSocketPool.obj
 0001:00016d70       ?insert@?$_Tree@UUserName@@U?$pair@$$CBUUserName@@K@std@@U_Kfn@?$map@UUserName@@KUUserNameCmp@@V?$allocator@K@std@@@3@UUserNameCmp@@V?$allocator@K@3@@std@@QAE?AU?$pair@Viterator@?$_Tree@UUserName@@U?$pair@$$CBUUserName@@K@std@@U_Kfn@?$map@UUserName@@KUUserNameCmp@@V?$allocator@K@std@@@3@UUserNameCmp@@V?$allocator@K@3@@std@@_N@2@ABU?$pair@$$CBUUserName@@K@2@@Z 00417d70 f i S3PDBSocketPool.obj
 0001:00017070       ?lower_bound@?$_Tree@UUserName@@U?$pair@$$CBUUserName@@K@std@@U_Kfn@?$map@UUserName@@KUUserNameCmp@@V?$allocator@K@std@@@3@UUserNameCmp@@V?$allocator@K@3@@std@@QAE?AViterator@12@ABUUserName@@@Z 00418070 f i S3PDBSocketPool.obj
 0001:000170e0       ?equal_range@?$_Tree@UUserName@@U?$pair@$$CBUUserName@@K@std@@U_Kfn@?$map@UUserName@@KUUserNameCmp@@V?$allocator@K@std@@@3@UUserNameCmp@@V?$allocator@K@3@@std@@QAE?AU?$pair@Viterator@?$_Tree@UUserName@@U?$pair@$$CBUUserName@@K@std@@U_Kfn@?$map@UUserName@@KUUserNameCmp@@V?$allocator@K@std@@@3@UUserNameCmp@@V?$allocator@K@3@@std@@V123@@2@ABUUserName@@@Z 004180e0 f i S3PDBSocketPool.obj
 0001:00017170       ?_Erase@?$_Tree@UUserName@@U?$pair@$$CBUUserName@@K@std@@U_Kfn@?$map@UUserName@@KUUserNameCmp@@V?$allocator@K@std@@@3@UUserNameCmp@@V?$allocator@K@3@@std@@IAEXPAU_Node@12@@Z 00418170 f i S3PDBSocketPool.obj
 0001:00017280       ?_Init@?$_Tree@UUserName@@U?$pair@$$CBUUserName@@K@std@@U_Kfn@?$map@UUserName@@KUUserNameCmp@@V?$allocator@K@std@@@3@UUserNameCmp@@V?$allocator@K@3@@std@@IAEXXZ 00418280 f i S3PDBSocketPool.obj
 0001:000173c0       ?_Lmost@?$_Tree@UUserName@@U?$pair@$$CBUUserName@@K@std@@U_Kfn@?$map@UUserName@@KUUserNameCmp@@V?$allocator@K@std@@@3@UUserNameCmp@@V?$allocator@K@3@@std@@IAEAAPAU_Node@12@XZ 004183c0 f i S3PDBSocketPool.obj
 0001:00017410       ?_Lrotate@?$_Tree@UUserName@@U?$pair@$$CBUUserName@@K@std@@U_Kfn@?$map@UUserName@@KUUserNameCmp@@V?$allocator@K@std@@@3@UUserNameCmp@@V?$allocator@K@3@@std@@IAEXPAU_Node@12@@Z 00418410 f i S3PDBSocketPool.obj
 0001:00017600       ?_Max@?$_Tree@UUserName@@U?$pair@$$CBUUserName@@K@std@@U_Kfn@?$map@UUserName@@KUUserNameCmp@@V?$allocator@K@std@@@3@UUserNameCmp@@V?$allocator@K@3@@std@@KAPAU_Node@12@PAU312@@Z 00418600 f i S3PDBSocketPool.obj
 0001:000176c0       ?_Min@?$_Tree@UUserName@@U?$pair@$$CBUUserName@@K@std@@U_Kfn@?$map@UUserName@@KUUserNameCmp@@V?$allocator@K@std@@@3@UUserNameCmp@@V?$allocator@K@3@@std@@KAPAU_Node@12@PAU312@@Z 004186c0 f i S3PDBSocketPool.obj
 0001:00017780       ?_Rmost@?$_Tree@UUserName@@U?$pair@$$CBUUserName@@K@std@@U_Kfn@?$map@UUserName@@KUUserNameCmp@@V?$allocator@K@std@@@3@UUserNameCmp@@V?$allocator@K@3@@std@@IAEAAPAU_Node@12@XZ 00418780 f i S3PDBSocketPool.obj
 0001:000177d0       ?_Root@?$_Tree@UUserName@@U?$pair@$$CBUUserName@@K@std@@U_Kfn@?$map@UUserName@@KUUserNameCmp@@V?$allocator@K@std@@@3@UUserNameCmp@@V?$allocator@K@3@@std@@IAEAAPAU_Node@12@XZ 004187d0 f i S3PDBSocketPool.obj
 0001:00017820       ?_Rrotate@?$_Tree@UUserName@@U?$pair@$$CBUUserName@@K@std@@U_Kfn@?$map@UUserName@@KUUserNameCmp@@V?$allocator@K@std@@@3@UUserNameCmp@@V?$allocator@K@3@@std@@IAEXPAU_Node@12@@Z 00418820 f i S3PDBSocketPool.obj
 0001:00017a10       ?_Destval@?$_Tree@UUserName@@U?$pair@$$CBUUserName@@K@std@@U_Kfn@?$map@UUserName@@KUUserNameCmp@@V?$allocator@K@std@@@3@UUserNameCmp@@V?$allocator@K@3@@std@@IAEXPAU?$pair@$$CBUUserName@@K@2@@Z 00418a10 f i S3PDBSocketPool.obj
 0001:00017a60       ?_Inc@const_iterator@?$_Tree@UUserName@@U?$pair@$$CBUUserName@@K@std@@U_Kfn@?$map@UUserName@@KUUserNameCmp@@V?$allocator@K@std@@@3@UUserNameCmp@@V?$allocator@K@3@@std@@QAEXXZ 00418a60 f i S3PDBSocketPool.obj
 0001:00017b90       ?_Mynode@const_iterator@?$_Tree@UUserName@@U?$pair@$$CBUUserName@@K@std@@U_Kfn@?$map@UUserName@@KUUserNameCmp@@V?$allocator@K@std@@@3@UUserNameCmp@@V?$allocator@K@3@@std@@QBEPAU_Node@23@XZ 00418b90 f i S3PDBSocketPool.obj
 0001:00017bd0       ??0iterator@?$_Tree@UUserName@@U?$pair@$$CBUUserName@@K@std@@U_Kfn@?$map@UUserName@@KUUserNameCmp@@V?$allocator@K@std@@@3@UUserNameCmp@@V?$allocator@K@3@@std@@QAE@PAU_Node@12@@Z 00418bd0 f i S3PDBSocketPool.obj
 0001:00017c20       ?erase@?$list@PAVKGatewayDataProcess@@V?$allocator@PAVKGatewayDataProcess@@@std@@@std@@QAE?AViterator@12@V312@@Z 00418c20 f i S3PDBSocketPool.obj
 0001:00017d30       ?_Prev@_Acc@?$list@PAVKGatewayDataProcess@@V?$allocator@PAVKGatewayDataProcess@@@std@@@std@@SAAAPAU_Node@23@PAU423@@Z 00418d30 f i S3PDBSocketPool.obj
 0001:00017d60       ?_Charalloc@?$allocator@PAVKGatewayDataProcess@@@std@@QAEPADI@Z 00418d60 f i S3PDBSocketPool.obj
 0001:00017db0       ?deallocate@?$allocator@PAVKGatewayDataProcess@@@std@@QAEXPAXI@Z 00418db0 f i S3PDBSocketPool.obj
 0001:00017e00       ?construct@?$allocator@PAVKGatewayDataProcess@@@std@@QAEXPAPAVKGatewayDataProcess@@ABQAV3@@Z 00418e00 f i S3PDBSocketPool.obj
 0001:00017e50       ??0const_iterator@?$list@PAVKGatewayDataProcess@@V?$allocator@PAVKGatewayDataProcess@@@std@@@std@@QAE@PAU_Node@12@@Z 00418e50 f i S3PDBSocketPool.obj
 0001:00017e90       ?_Mynode@const_iterator@?$list@PAVKGatewayDataProcess@@V?$allocator@PAVKGatewayDataProcess@@@std@@@std@@QBEPAU_Node@23@XZ 00418e90 f i S3PDBSocketPool.obj
 0001:00017ed0       ??0?$pair@Viterator@?$_Tree@UUserName@@U?$pair@$$CBUUserName@@K@std@@U_Kfn@?$map@UUserName@@KUUserNameCmp@@V?$allocator@K@std@@@3@UUserNameCmp@@V?$allocator@K@3@@std@@_N@std@@QAE@ABViterator@?$_Tree@UUserName@@U?$pair@$$CBUUserName@@K@std@@U_Kfn@?$map@UUserName@@KUUserNameCmp@@V?$allocator@K@std@@@3@UUserNameCmp@@V?$allocator@K@3@@1@AB_N@Z 00418ed0 f i S3PDBSocketPool.obj
 0001:00017f20       ??R_Kfn@?$map@UUserName@@KUUserNameCmp@@V?$allocator@K@std@@@std@@QBEABUUserName@@ABU?$pair@$$CBUUserName@@K@2@@Z 00418f20 f i S3PDBSocketPool.obj
 0001:00017f60       ?upper_bound@?$_Tree@UUserName@@U?$pair@$$CBUUserName@@K@std@@U_Kfn@?$map@UUserName@@KUUserNameCmp@@V?$allocator@K@std@@@3@UUserNameCmp@@V?$allocator@K@3@@std@@QAE?AViterator@12@ABUUserName@@@Z 00418f60 f i S3PDBSocketPool.obj
 0001:00017fd0       ?_Insert@?$_Tree@UUserName@@U?$pair@$$CBUUserName@@K@std@@U_Kfn@?$map@UUserName@@KUUserNameCmp@@V?$allocator@K@std@@@3@UUserNameCmp@@V?$allocator@K@3@@std@@IAE?AViterator@12@PAU_Node@12@0ABU?$pair@$$CBUUserName@@K@2@@Z 00418fd0 f i S3PDBSocketPool.obj
 0001:000185f0       ?_Lbound@?$_Tree@UUserName@@U?$pair@$$CBUUserName@@K@std@@U_Kfn@?$map@UUserName@@KUUserNameCmp@@V?$allocator@K@std@@@3@UUserNameCmp@@V?$allocator@K@3@@std@@IBEPAU_Node@12@ABUUserName@@@Z 004195f0 f i S3PDBSocketPool.obj
 0001:00018720       ?_Buynode@?$_Tree@UUserName@@U?$pair@$$CBUUserName@@K@std@@U_Kfn@?$map@UUserName@@KUUserNameCmp@@V?$allocator@K@std@@@3@UUserNameCmp@@V?$allocator@K@3@@std@@IAEPAU_Node@12@PAU312@W4_Redbl@12@@Z 00419720 f i S3PDBSocketPool.obj
 0001:000187a0       ??0const_iterator@?$_Tree@UUserName@@U?$pair@$$CBUUserName@@K@std@@U_Kfn@?$map@UUserName@@KUUserNameCmp@@V?$allocator@K@std@@@3@UUserNameCmp@@V?$allocator@K@3@@std@@QAE@PAU_Node@12@@Z 004197a0 f i S3PDBSocketPool.obj
 0001:000187e0       ??Fiterator@?$_Tree@UUserName@@U?$pair@$$CBUUserName@@K@std@@U_Kfn@?$map@UUserName@@KUUserNameCmp@@V?$allocator@K@std@@@3@UUserNameCmp@@V?$allocator@K@3@@std@@QAEAAV012@XZ 004197e0 f i S3PDBSocketPool.obj
 0001:00018830       ?destroy@?$allocator@PAVKGatewayDataProcess@@@std@@QAEXPAPAVKGatewayDataProcess@@@Z 00419830 f i S3PDBSocketPool.obj
 0001:00018880       ??0?$pair@Viterator@?$_Tree@UUserName@@U?$pair@$$CBUUserName@@K@std@@U_Kfn@?$map@UUserName@@KUUserNameCmp@@V?$allocator@K@std@@@3@UUserNameCmp@@V?$allocator@K@3@@std@@V123@@std@@QAE@ABViterator@?$_Tree@UUserName@@U?$pair@$$CBUUserName@@K@std@@U_Kfn@?$map@UUserName@@KUUserNameCmp@@V?$allocator@K@std@@@3@UUserNameCmp@@V?$allocator@K@3@@1@0@Z 00419880 f i S3PDBSocketPool.obj
 0001:000188d0       ?_Charalloc@?$allocator@K@std@@QAEPADI@Z 004198d0 f i S3PDBSocketPool.obj
 0001:00018920       ?_Root@?$_Tree@UUserName@@U?$pair@$$CBUUserName@@K@std@@U_Kfn@?$map@UUserName@@KUUserNameCmp@@V?$allocator@K@std@@@3@UUserNameCmp@@V?$allocator@K@3@@std@@IBEAAPAU_Node@12@XZ 00419920 f i S3PDBSocketPool.obj
 0001:00018970       ?_Ubound@?$_Tree@UUserName@@U?$pair@$$CBUUserName@@K@std@@U_Kfn@?$map@UUserName@@KUUserNameCmp@@V?$allocator@K@std@@@3@UUserNameCmp@@V?$allocator@K@3@@std@@IBEPAU_Node@12@ABUUserName@@@Z 00419970 f i S3PDBSocketPool.obj
 0001:00018aa0       ?_Consval@?$_Tree@UUserName@@U?$pair@$$CBUUserName@@K@std@@U_Kfn@?$map@UUserName@@KUUserNameCmp@@V?$allocator@K@std@@@3@UUserNameCmp@@V?$allocator@K@3@@std@@IAEXPAU?$pair@$$CBUUserName@@K@2@ABU32@@Z 00419aa0 f i S3PDBSocketPool.obj
 0001:00018af0       ?_Dec@const_iterator@?$_Tree@UUserName@@U?$pair@$$CBUUserName@@K@std@@U_Kfn@?$map@UUserName@@KUUserNameCmp@@V?$allocator@K@std@@@3@UUserNameCmp@@V?$allocator@K@3@@std@@QAEXXZ 00419af0 f i S3PDBSocketPool.obj
 0001:00018c70       ?swap@std@@YAXAAW4_Redbl@?$_Tree@UUserName@@U?$pair@$$CBUUserName@@K@std@@U_Kfn@?$map@UUserName@@KUUserNameCmp@@V?$allocator@K@std@@@3@UUserNameCmp@@V?$allocator@K@3@@1@0@Z 00419c70 f i S3PDBSocketPool.obj
 0001:00018cc0       ?_Distance@std@@YAXViterator@?$_Tree@UUserName@@U?$pair@$$CBUUserName@@K@std@@U_Kfn@?$map@UUserName@@KUUserNameCmp@@V?$allocator@K@std@@@3@UUserNameCmp@@V?$allocator@K@3@@1@0AAI@Z 00419cc0 f i S3PDBSocketPool.obj
 0001:00018d30       ?_Destroy@std@@YAXPAU?$pair@$$CBUUserName@@K@1@@Z 00419d30 f i S3PDBSocketPool.obj
 0001:00018d60       ?_Construct@std@@YAXPAPAVKGatewayDataProcess@@ABQAV2@@Z 00419d60 f i S3PDBSocketPool.obj
 0001:00018dd0       ?_Destroy@std@@YAXPAPAVKGatewayDataProcess@@@Z 00419dd0 f i S3PDBSocketPool.obj
 0001:00018e00       ?_Construct@std@@YAXPAU?$pair@$$CBUUserName@@K@1@ABU21@@Z 00419e00 f i S3PDBSocketPool.obj
 0001:00018e80       ?_Iter_cat@std@@YA?AUbidirectional_iterator_tag@1@ABU?$iterator@Ubidirectional_iterator_tag@std@@U?$pair@$$CBUUserName@@K@2@H@1@@Z 00419e80 f i S3PDBSocketPool.obj
 0001:00018ec0       ?_Distance@std@@YAXViterator@?$_Tree@UUserName@@U?$pair@$$CBUUserName@@K@std@@U_Kfn@?$map@UUserName@@KUUserNameCmp@@V?$allocator@K@std@@@3@UUserNameCmp@@V?$allocator@K@3@@1@0AAIUbidirectional_iterator_tag@1@@Z 00419ec0 f i S3PDBSocketPool.obj
 0001:00018fc0       ??_EKGatewayDataProcess@@WM@AEPAXI@Z 00419fc0 f i S3PDBSocketPool.obj
 0001:00018fd0       ??0S3PResultVBC@@IAE@XZ    00419fd0 f   S3PResultVBC.obj
 0001:00019010       ??_GS3PResultVBC@@MAEPAXI@Z 0041a010 f i S3PResultVBC.obj
 0001:00019010       ??_ES3PResultVBC@@MAEPAXI@Z 0041a010 f i S3PResultVBC.obj
 0001:00019080       ??1S3PResultVBC@@MAE@XZ    0041a080 f   S3PResultVBC.obj
 0001:000190b8       _WaitForSingleObject@8     0041a0b8 f   kernel32:KERNEL32.dll
 0001:000190be       _CloseHandle@4             0041a0be f   kernel32:KERNEL32.dll
 0001:000190c4       _TerminateThread@8         0041a0c4 f   kernel32:KERNEL32.dll
 0001:000190ca       _CreateEventA@16           0041a0ca f   kernel32:KERNEL32.dll
 0001:000190d0       _SetEvent@4                0041a0d0 f   kernel32:KERNEL32.dll
 0001:000190d6       _ResetEvent@4              0041a0d6 f   kernel32:KERNEL32.dll
 0001:000190dc       _GetModuleFileNameA@12     0041a0dc f   kernel32:KERNEL32.dll
 0001:000190e2       _CreateMutexA@12           0041a0e2 f   kernel32:KERNEL32.dll
 0001:000190e8       _ReleaseMutex@4            0041a0e8 f   kernel32:KERNEL32.dll
 0001:000190ee       _InitializeCriticalSection@4 0041a0ee f   kernel32:KERNEL32.dll
 0001:000190f4       _DeleteCriticalSection@4   0041a0f4 f   kernel32:KERNEL32.dll
 0001:000190fa       _EnterCriticalSection@4    0041a0fa f   kernel32:KERNEL32.dll
 0001:00019100       _LeaveCriticalSection@4    0041a100 f   kernel32:KERNEL32.dll
 0001:00019106       _GetFileAttributesA@4      0041a106 f   kernel32:KERNEL32.dll
 0001:0001910c       _WriteFile@20              0041a10c f   kernel32:KERNEL32.dll
 0001:00019112       _GetLocalTime@4            0041a112 f   kernel32:KERNEL32.dll
 0001:00019118       _GetFileSize@8             0041a118 f   kernel32:KERNEL32.dll
 0001:0001911e       _CreateDirectoryA@8        0041a11e f   kernel32:KERNEL32.dll
 0001:00019124       _CreateFileA@28            0041a124 f   kernel32:KERNEL32.dll
 0001:0001912a       _FreeLibrary@4             0041a12a f   kernel32:KERNEL32.dll
 0001:00019130       _GetProcAddress@8          0041a130 f   kernel32:KERNEL32.dll
 0001:00019136       _LoadLibraryA@4            0041a136 f   kernel32:KERNEL32.dll
 0001:0001913c       _LocalFree@4               0041a13c f   kernel32:KERNEL32.dll
 0001:00019142       _InterlockedDecrement@4    0041a142 f   kernel32:KERNEL32.dll
 0001:00019148       _GetLastError@0            0041a148 f   kernel32:KERNEL32.dll
 0001:0001914e       _MultiByteToWideChar@24    0041a14e f   kernel32:KERNEL32.dll
 0001:00019154       _lstrlenA@4                0041a154 f   kernel32:KERNEL32.dll
 0001:0001915a       _LocalAlloc@8              0041a15a f   kernel32:KERNEL32.dll
 0001:00019160       _FormatMessageA@28         0041a160 f   kernel32:KERNEL32.dll
 0001:00019166       _Sleep@4                   0041a166 f   kernel32:KERNEL32.dll
 0001:0001916c       _GetTickCount@0            0041a16c f   kernel32:KERNEL32.dll
 0001:00019172       _DispatchMessageA@4        0041a172 f   user32:USER32.dll
 0001:00019178       _TranslateMessage@4        0041a178 f   user32:USER32.dll
 0001:0001917e       _GetMessageA@16            0041a17e f   user32:USER32.dll
 0001:00019184       _LoadStringA@16            0041a184 f   user32:USER32.dll
 0001:0001918a       _MessageBoxA@16            0041a18a f   user32:USER32.dll
 0001:00019190       _RegisterClassExA@4        0041a190 f   user32:USER32.dll
 0001:00019196       _LoadCursorA@8             0041a196 f   user32:USER32.dll
 0001:0001919c       _LoadIconA@8               0041a19c f   user32:USER32.dll
 0001:000191a2       _SendMessageA@16           0041a1a2 f   user32:USER32.dll
 0001:000191a8       _SetTimer@16               0041a1a8 f   user32:USER32.dll
 0001:000191ae       _UpdateWindow@4            0041a1ae f   user32:USER32.dll
 0001:000191b4       _ShowWindow@8              0041a1b4 f   user32:USER32.dll
 0001:000191ba       _GetClientRect@8           0041a1ba f   user32:USER32.dll
 0001:000191c0       _CreateWindowExA@48        0041a1c0 f   user32:USER32.dll
 0001:000191c6       _EndDialog@8               0041a1c6 f   user32:USER32.dll
 0001:000191cc       _MoveWindow@24             0041a1cc f   user32:USER32.dll
 0001:000191d2       _DestroyWindow@4           0041a1d2 f   user32:USER32.dll
 0001:000191d8       _PostQuitMessage@4         0041a1d8 f   user32:USER32.dll
 0001:000191de       _KillTimer@8               0041a1de f   user32:USER32.dll
 0001:000191e4       _EndPaint@8                0041a1e4 f   user32:USER32.dll
 0001:000191ea       _BeginPaint@8              0041a1ea f   user32:USER32.dll
 0001:000191f0       _DefWindowProcA@16         0041a1f0 f   user32:USER32.dll
 0001:000191f6       _DialogBoxParamA@20        0041a1f6 f   user32:USER32.dll
 0001:000191fc       _wsprintfA                 0041a1fc f   user32:USER32.dll
 0001:00019202       _CoInitializeEx@8          0041a202 f   ole32:ole32.dll
 0001:00019208       _CoUninitialize@0          0041a208 f   ole32:ole32.dll
 0001:0001920e       _CLSIDFromProgID@8         0041a20e f   ole32:ole32.dll
 0001:00019214       _CLSIDFromString@8         0041a214 f   ole32:ole32.dll
 0001:0001921a       _OleRun@4                  0041a21a f   ole32:ole32.dll
 0001:00019220       _CoCreateInstance@20       0041a220 f   ole32:ole32.dll
 0001:00019226       _VariantInit@4             0041a226 f   oleaut32:OLEAUT32.dll
 0001:0001922c       _VariantClear@4            0041a22c f   oleaut32:OLEAUT32.dll
 0001:00019232       _SysFreeString@4           0041a232 f   oleaut32:OLEAUT32.dll
 0001:00019238       _SysAllocString@4          0041a238 f   oleaut32:OLEAUT32.dll
 0001:0001923e       _VariantChangeType@16      0041a23e f   oleaut32:OLEAUT32.dll
 0001:00019244       _WSACleanup@0              0041a244 f   Ws2_32:WS2_32.dll
 0001:0001924a       _closesocket@4             0041a24a f   Ws2_32:WS2_32.dll
 0001:00019250       _bind@12                   0041a250 f   Ws2_32:WS2_32.dll
 0001:00019256       _htonl@4                   0041a256 f   Ws2_32:WS2_32.dll
 0001:0001925c       _htons@4                   0041a25c f   Ws2_32:WS2_32.dll
 0001:00019262       _socket@12                 0041a262 f   Ws2_32:WS2_32.dll
 0001:00019268       _WSAStartup@8              0041a268 f   Ws2_32:WS2_32.dll
 0001:0001926e       _inet_addr@4               0041a26e f   Ws2_32:WS2_32.dll
 0001:00019274       _inet_ntoa@4               0041a274 f   Ws2_32:WS2_32.dll
 0001:00019280       __chkesp                   0041a280 f   LIBCMTD:chkesp.obj
 0001:000192c0       _strlen                    0041a2c0 f   LIBCMTD:strlen.obj
 0001:00019340       ??3@YAXPAX@Z               0041a340 f   LIBCMTD:dbgdel.obj
 0001:000193f0       _memcpy                    0041a3f0 f   LIBCMTD:memcpy.obj
 0001:00019730       _fwrite                    0041a730 f   LIBCMTD:fwrite.obj
 0001:00019770       __fwrite_lk                0041a770 f   LIBCMTD:fwrite.obj
 0001:00019990       _fclose                    0041a990 f   LIBCMTD:fclose.obj
 0001:00019a20       __fclose_lk                0041aa20 f   LIBCMTD:fclose.obj
 0001:00019ae0       _fread                     0041aae0 f   LIBCMTD:fread.obj
 0001:00019b20       __fread_lk                 0041ab20 f   LIBCMTD:fread.obj
 0001:00019cf0       ??2@YAPAXI@Z               0041acf0 f   LIBCMTD:new.obj
 0001:00019d10       _ftell                     0041ad10 f   LIBCMTD:ftell.obj
 0001:00019d80       __ftell_lk                 0041ad80 f   LIBCMTD:ftell.obj
 0001:0001a020       _fseek                     0041b020 f   LIBCMTD:fseek.obj
 0001:0001a090       __fseek_lk                 0041b090 f   LIBCMTD:fseek.obj
 0001:0001a1c0       __fsopen                   0041b1c0 f   LIBCMTD:fopen.obj
 0001:0001a2c0       _fopen                     0041b2c0 f   LIBCMTD:fopen.obj
 0001:0001a2e0       ?_JumpToContinuation@@YGXPAXPAUEHRegistrationNode@@@Z 0041b2e0 f   LIBCMTD:trnsctrl.obj
 0001:0001a320       ?_CallMemberFunction0@@YGXPAX0@Z 0041b320 f   LIBCMTD:trnsctrl.obj
 0001:0001a330       ?_CallMemberFunction1@@YGXPAX00@Z 0041b330 f   LIBCMTD:trnsctrl.obj
 0001:0001a340       ?_CallMemberFunction2@@YGXPAX00H@Z 0041b340 f   LIBCMTD:trnsctrl.obj
 0001:0001a350       ?_UnwindNestedFrames@@YGXPAUEHRegistrationNode@@PAUEHExceptionRecord@@@Z 0041b350 f   LIBCMTD:trnsctrl.obj
 0001:0001a3b0       ___CxxFrameHandler         0041b3b0 f   LIBCMTD:trnsctrl.obj
 0001:0001a3f0       ___CxxLongjmpUnwind@4      0041b3f0 f   LIBCMTD:trnsctrl.obj
 0001:0001a420       ?_CallCatchBlock2@@YAPAXPAUEHRegistrationNode@@PBU_s_FuncInfo@@PAXHK@Z 0041b420 f   LIBCMTD:trnsctrl.obj
 0001:0001a4d0       ?_CallSETranslator@@YAHPAUEHExceptionRecord@@PAUEHRegistrationNode@@PAX2PBU_s_FuncInfo@@H1@Z 0041b4d0 f   LIBCMTD:trnsctrl.obj
 0001:0001a630       ?_GetRangeOfTrysToCheck@@YAPBU_s_TryBlockMapEntry@@PBU_s_FuncInfo@@HHPAI1@Z 0041b630 f   LIBCMTD:trnsctrl.obj
 0001:0001a6c0       __global_unwind2           0041b6c0 f   LIBCMTD:exsup.obj
 0001:0001a702       __local_unwind2            0041b702 f   LIBCMTD:exsup.obj
 0001:0001a75a       __NLG_Return2              0041b75a f   LIBCMTD:exsup.obj
 0001:0001a76a       __abnormal_termination     0041b76a f   LIBCMTD:exsup.obj
 0001:0001a78d       __NLG_Notify1              0041b78d f   LIBCMTD:exsup.obj
 0001:0001a796       __NLG_Notify               0041b796 f   LIBCMTD:exsup.obj
 0001:0001a7a9       __NLG_Dispatch             0041b7a9 f   LIBCMTD:exsup.obj
 0001:0001a7b0       __mbsnbcmp                 0041b7b0 f   LIBCMTD:mbsnbcmp.obj
 0001:0001a9a0       _strcpy                    0041b9a0 f   LIBCMTD:strcat.obj
 0001:0001a9b0       _strcat                    0041b9b0 f   LIBCMTD:strcat.obj
 0001:0001aa90       __beginthreadex            0041ba90 f   LIBCMTD:threadex.obj
 0001:0001ac20       __endthreadex              0041bc20 f   LIBCMTD:threadex.obj
 0001:0001ac70       _memset                    0041bc70 f   LIBCMTD:memset.obj
 0001:0001acd0       __assert                   0041bcd0 f   LIBCMTD:assert.obj
 0001:0001b050       _vfprintf                  0041c050 f   LIBCMTD:vfprintf.obj
 0001:0001b110       __purecall                 0041c110 f   LIBCMTD:purevirt.obj
 0001:0001b120       _sprintf                   0041c120 f   LIBCMTD:sprintf.obj
 0001:0001b220       _memmove                   0041c220 f   LIBCMTD:memmove.obj
 0001:0001b560       __onexit                   0041c560 f   LIBCMTD:onexit.obj
 0001:0001b620       _atexit                    0041c620 f   LIBCMTD:onexit.obj
 0001:0001b640       ___onexitinit              0041c640 f   LIBCMTD:onexit.obj
 0001:0001b690       _atol                      0041c690 f   LIBCMTD:atox.obj
 0001:0001b790       _atoi                      0041c790 f   LIBCMTD:atox.obj
 0001:0001b7b0       __atoi64                   0041c7b0 f   LIBCMTD:atox.obj
 0001:0001b8e0       _vsprintf                  0041c8e0 f   LIBCMTD:vsprintf.obj
 0001:0001b9e0       _localtime                 0041c9e0 f   LIBCMTD:localtim.obj
 0001:0001bc40       _time                      0041cc40 f   LIBCMTD:time.obj
 0001:0001bdd0       ??1type_info@@UAE@XZ       0041cdd0 f   LIBCMTD:typinfo.obj
 0001:0001be10       ??_Gtype_info@@UAEPAXI@Z   0041ce10 f i LIBCMTD:typinfo.obj
 0001:0001be10       ??_Etype_info@@UAEPAXI@Z   0041ce10 f i LIBCMTD:typinfo.obj
 0001:0001be40       ??8type_info@@QBEHABV0@@Z  0041ce40 f   LIBCMTD:typinfo.obj
 0001:0001be70       ??9type_info@@QBEHABV0@@Z  0041ce70 f   LIBCMTD:typinfo.obj
 0001:0001bea0       ?before@type_info@@QBEHABV1@@Z 0041cea0 f   LIBCMTD:typinfo.obj
 0001:0001bed0       ?raw_name@type_info@@QBEPBDXZ 0041ced0 f   LIBCMTD:typinfo.obj
 0001:0001bef0       ??0type_info@@AAE@ABV0@@Z  0041cef0 f   LIBCMTD:typinfo.obj
 0001:0001bf10       ??4type_info@@AAEAAV0@ABV0@@Z 0041cf10 f   LIBCMTD:typinfo.obj
 0001:0001bf20       __chkstk                   0041cf20 f   LIBCMTD:chkstk.obj
 0001:0001bf20       __alloca_probe             0041cf20 f   LIBCMTD:chkstk.obj
 0001:0001bf50       _strncpy                   0041cf50 f   LIBCMTD:strncpy.obj
 0001:0001c050       _WinMainCRTStartup         0041d050 f   LIBCMTD:wincrt0.obj
 0001:0001c1c0       __amsg_exit                0041d1c0 f   LIBCMTD:wincrt0.obj
 0001:0001c220       __CrtDbgBreak              0041d220 f   LIBCMTD:dbgrpt.obj
 0001:0001c230       __CrtSetReportMode         0041d230 f   LIBCMTD:dbgrpt.obj
 0001:0001c290       __CrtSetReportFile         0041d290 f   LIBCMTD:dbgrpt.obj
 0001:0001c310       __CrtSetReportHook         0041d310 f   LIBCMTD:dbgrpt.obj
 0001:0001c330       __CrtDbgReport             0041d330 f   LIBCMTD:dbgrpt.obj
 0001:0001c9d0       __mtinitlocks              0041d9d0 f   LIBCMTD:mlock.obj
 0001:0001ca10       __mtdeletelocks            0041da10 f   LIBCMTD:mlock.obj
 0001:0001cab0       __lock                     0041dab0 f   LIBCMTD:mlock.obj
 0001:0001cb50       __unlock                   0041db50 f   LIBCMTD:mlock.obj
 0001:0001cb70       __lockerr_exit             0041db70 f   LIBCMTD:mlock.obj
 0001:0001cb90       _malloc                    0041db90 f   LIBCMTD:dbgheap.obj
 0001:0001cbb0       __malloc_dbg               0041dbb0 f   LIBCMTD:dbgheap.obj
 0001:0001cbe0       __nh_malloc                0041dbe0 f   LIBCMTD:dbgheap.obj
 0001:0001cc00       __nh_malloc_dbg            0041dc00 f   LIBCMTD:dbgheap.obj
 0001:0001cc60       __heap_alloc               0041dc60 f   LIBCMTD:dbgheap.obj
 0001:0001cc80       __heap_alloc_dbg           0041dc80 f   LIBCMTD:dbgheap.obj
 0001:0001cfa0       _calloc                    0041dfa0 f   LIBCMTD:dbgheap.obj
 0001:0001cfc0       __calloc_dbg               0041dfc0 f   LIBCMTD:dbgheap.obj
 0001:0001d020       _realloc                   0041e020 f   LIBCMTD:dbgheap.obj
 0001:0001d040       __realloc_dbg              0041e040 f   LIBCMTD:dbgheap.obj
 0001:0001d5a0       __expand                   0041e5a0 f   LIBCMTD:dbgheap.obj
 0001:0001d5c0       __expand_dbg               0041e5c0 f   LIBCMTD:dbgheap.obj
 0001:0001d600       _free                      0041e600 f   LIBCMTD:dbgheap.obj
 0001:0001d620       __free_lk                  0041e620 f   LIBCMTD:dbgheap.obj
 0001:0001d640       __free_dbg                 0041e640 f   LIBCMTD:dbgheap.obj
 0001:0001d670       __free_dbg_lk              0041e670 f   LIBCMTD:dbgheap.obj
 0001:0001da60       __msize                    0041ea60 f   LIBCMTD:dbgheap.obj
 0001:0001da80       __msize_dbg                0041ea80 f   LIBCMTD:dbgheap.obj
 0001:0001dbe0       __CrtSetBreakAlloc         0041ebe0 f   LIBCMTD:dbgheap.obj
 0001:0001dc00       __CrtSetDbgBlockType       0041ec00 f   LIBCMTD:dbgheap.obj
 0001:0001dca0       __CrtSetAllocHook          0041eca0 f   LIBCMTD:dbgheap.obj
 0001:0001dd50       __CrtCheckMemory           0041ed50 f   LIBCMTD:dbgheap.obj
 0001:0001e0c0       __CrtSetDbgFlag            0041f0c0 f   LIBCMTD:dbgheap.obj
 0001:0001e0f0       __CrtDoForAllClientObjects 0041f0f0 f   LIBCMTD:dbgheap.obj
 0001:0001e160       __CrtIsValidPointer        0041f160 f   LIBCMTD:dbgheap.obj
 0001:0001e1b0       __CrtIsValidHeapPointer    0041f1b0 f   LIBCMTD:dbgheap.obj
 0001:0001e240       __CrtIsMemoryBlock         0041f240 f   LIBCMTD:dbgheap.obj
 0001:0001e330       __CrtSetDumpClient         0041f330 f   LIBCMTD:dbgheap.obj
 0001:0001e350       __CrtMemCheckpoint         0041f350 f   LIBCMTD:dbgheap.obj
 0001:0001e4c0       __CrtMemDifference         0041f4c0 f   LIBCMTD:dbgheap.obj
 0001:0001e5f0       __CrtMemDumpAllObjectsSince 0041f5f0 f   LIBCMTD:dbgheap.obj
 0001:0001e9d0       __CrtDumpMemoryLeaks       0041f9d0 f   LIBCMTD:dbgheap.obj
 0001:0001ea50       __CrtMemDumpStatistics     0041fa50 f   LIBCMTD:dbgheap.obj
 0001:0001eb20       ___initstdio               0041fb20 f   LIBCMTD:_file.obj
 0001:0001ec50       ___endstdio                0041fc50 f   LIBCMTD:_file.obj
[...]
 0003:000024a8       ??_R0?AVout_of_range@std@@@8 0045c4a8     libcpmtd:string.obj
 0003:000024c8       __GUID_df0b3d60_548f_101b_8e65_08002b2bd119 0045c4c8     comsupp:comsupp.obj
 0003:000024d8       __GUID_1cf2b120_547d_101b_8e65_08002b2bd119 0045c4d8     comsupp:comsupp.obj
 0003:000024e8       __GUID_00020400_0000_0000_c000_000000000046 0045c4e8     comsupp:comsupp.obj
 0003:000024f8       ?__pMyUnhandledExceptionFilter@@3PAXA 0045c4f8     LIBCMTD:throw.obj
 0003:00002aa0       ?g_szWindowClass@@3PADA    0045caa0     main.obj
 0003:00002ba8       ?g_TraceBuffer@@3VTwoFixBuffer@@A 0045cba8     main.obj
 0003:00202bf8       ?g_listwnd@@3PAUHWND__@@A  0065cbf8     main.obj
 0003:00202bfc       ?g_cnt@@3JA                0065cbfc     main.obj
 0003:00202c04       ?g_hInst@@3PAUHINSTANCE__@@A 0065cc04     main.obj
 0003:00202c08       ?g_nShowTime@@3HA          0065cc08     main.obj
 0003:002692c0       ?m_pInstance@S3PDBConnectionPool@@1PAV1@A 006c32c0     S3PDBConnectionPool.obj
 0003:002692cc       ?m_pInstance@S3PDBSocketPool@@1PAV1@A 006c32cc     S3PDBSocketPool.obj
 0003:002692d0       ?_Nil@?$_Tree@UUserName@@U?$pair@$$CBUUserName@@K@std@@U_Kfn@?$map@UUserName@@KUUserNameCmp@@V?$allocator@K@std@@@3@UUserNameCmp@@V?$allocator@K@3@@std@@1PAU_Node@12@A 006c32d0     S3PDBSocketPool.obj
 0003:002692d4       ?_Nilrefs@?$_Tree@UUserName@@U?$pair@$$CBUUserName@@K@std@@U_Kfn@?$map@UUserName@@KUUserNameCmp@@V?$allocator@K@std@@@3@UUserNameCmp@@V?$allocator@K@3@@std@@1IA 006c32d4     S3PDBSocketPool.obj
 0003:002692f0       __aenvptr                  006c32f0     LIBCMTD:wincrt0.obj
 0003:002692f4       __wenvptr                  006c32f4     LIBCMTD:wincrt0.obj
 0003:002692f8       ___error_mode              006c32f8     LIBCMTD:wincrt0.obj
 0003:00269374       __cflush                   006c3374     LIBCMTD:_file.obj
 0003:0026937c       __umaskval                 006c337c     LIBCMTD:crt0dat.obj
 0003:00269380       __osver                    006c3380     LIBCMTD:crt0dat.obj
 0003:00269384       __winver                   006c3384     LIBCMTD:crt0dat.obj
 0003:00269388       __winmajor                 006c3388     LIBCMTD:crt0dat.obj
 0003:0026938c       __winminor                 006c338c     LIBCMTD:crt0dat.obj
 0003:00269390       ___argc                    006c3390     LIBCMTD:crt0dat.obj
 0003:00269394       ___argv                    006c3394     LIBCMTD:crt0dat.obj
 0003:00269398       ___wargv                   006c3398     LIBCMTD:crt0dat.obj
 0003:0026939c       __environ                  006c339c     LIBCMTD:crt0dat.obj
 0003:002693a0       ___initenv                 006c33a0     LIBCMTD:crt0dat.obj
 0003:002693a4       __wenviron                 006c33a4     LIBCMTD:crt0dat.obj
 0003:002693a8       ___winitenv                006c33a8     LIBCMTD:crt0dat.obj
 0003:002693ac       __pgmptr                   006c33ac     LIBCMTD:crt0dat.obj
 0003:002693b0       __wpgmptr                  006c33b0     LIBCMTD:crt0dat.obj
 0003:002693b4       __exitflag                 006c33b4     LIBCMTD:crt0dat.obj
 0003:002693b8       __C_Termination_Done       006c33b8     LIBCMTD:crt0dat.obj
 0003:002693bc       __C_Exit_Done              006c33bc     LIBCMTD:crt0dat.obj
 0003:002693e4       __stdbuf                   006c33e4     LIBCMTD:_sftbuf.obj
 0003:002695dc       __adbgmsg                  006c35dc     LIBCMTD:crt0msg.obj
 0003:002695e0       __newmode                  006c35e0     LIBCMTD:_newmode.obj
 0003:002695e4       ?_pnhHeap@@3P6AHI@ZA       006c35e4     LIBCMTD:handler.obj
 0003:002695e8       __commode                  006c35e8     LIBCMTD:ncommode.obj
 0003:002695f0       ___lc_handle               006c35f0     LIBCMTD:nlsdata2.obj
 0003:00269608       ___lc_codepage             006c3608     LIBCMTD:nlsdata2.obj
 0003:0026960c       ___lc_collate_cp           006c360c     LIBCMTD:nlsdata2.obj
 0003:00269618       __fmode                    006c3618     LIBCMTD:txtmode.obj
 0003:00269628       ___lc_time_intl            006c3628     LIBCMTD:inittime.obj
 0003:00269644       ___lc_id                   006c3644     LIBCMTD:nlsdata3.obj
 0003:00269698       ___lconv_static_null       006c3698     LIBCMTD:lconv.obj
 0003:002696c8       ?vtMissing@@3V_variant_t@@A 006c36c8     comsupp:comutil.obj
 0003:002696d8       __GUID_00000000_0000_0000_0000_000000000000 006c36d8     comsupp:comsupp.obj
 0003:002696e8       ??_B?1???id@?$ctype@G@std@@$D@@9@51 006c36e8     <common>
 0003:002696f4       ___alternate_form          006c36f4     <common>
 0003:00269704       ___no_lead_zeros           006c3704     <common>
 0003:00269708       ___setlc_active            006c3708     <common>
 0003:00269718       ___unguarded_readlc_active 006c3718     <common>
 0003:0026971c       ___sbh_sizeHeaderList      006c371c     <common>
 0003:0026972c       ___sbh_indGroupDefer       006c372c     <common>
 0003:00269730       ___sbh_pHeaderScan         006c3730     <common>
 0003:00269734       ___sbh_pHeaderDefer        006c3734     <common>
 0003:00269738       ___sbh_cntHeaderList       006c3738     <common>
 0003:0026973c       ___sbh_pHeaderList         006c373c     <common>
 0003:00269740       __crtheap                  006c3740     <common>
 0003:0026974c       ___env_initialized         006c374c     <common>
 0003:0026975c       ___mbctype_initialized     006c375c     <common>
 0003:00269760       ___onexitend               006c3760     <common>
 0003:00269764       ___onexitbegin             006c3764     <common>
 0003:00269768       __FPinit                   006c3768     <common>
 0003:0026976c       ___mbcodepage              006c376c     <common>
 0003:002697f0       ___mbulinfo                006c37f0     <common>
 0003:002697fc       ___ismbcodepage            006c37fc     <common>
 0003:00269800       __mbcasemap                006c3800     <common>
 0003:00269900       __mbctype                  006c3900     <common>
 0003:00269a04       ___mblcid                  006c3a04     <common>
 0003:00269a20       ___pioinfo                 006c3a20     <common>
 0003:00269b5c       __nhandle                  006c3b5c     <common>
 0003:00269b60       ___piob                    006c3b60     <common>
 0003:00269ea0       __bufin                    006c3ea0     <common>
 0003:0026aea0       __nstream                  006c4ea0     <common>
 0003:0026aea4       __pfnDumpClient            006c4ea4     <common>
 0003:0026aeb0       __pfnReportHook            006c4eb0     <common>
 0003:0026aebc       __acmdln                   006c4ebc     <common>
 0003:0026aec8       __FPmtinit                 006c4ec8     <common>
 0003:0026aed8       __FPmtterm                 006c4ed8     <common>
 0003:0026aedc       ??_B?1???id@?$collate@D@std@@$D@@9@51 006c4edc     <common>
 0004:00000000       __IMPORT_DESCRIPTOR_KERNEL32 006c5000     kernel32:KERNEL32.dll
 0004:00000014       __IMPORT_DESCRIPTOR_USER32 006c5014     user32:USER32.dll
 0004:00000028       __IMPORT_DESCRIPTOR_ole32  006c5028     ole32:ole32.dll
 0004:0000003c       __IMPORT_DESCRIPTOR_OLEAUT32 006c503c     oleaut32:OLEAUT32.dll
 0004:00000050       __IMPORT_DESCRIPTOR_WS2_32 006c5050     Ws2_32:WS2_32.dll
 0004:00000064       __NULL_IMPORT_DESCRIPTOR   006c5064     kernel32:KERNEL32.dll
 0004:00000410       __imp__WaitForSingleObject@8 006c5410     kernel32:KERNEL32.dll
 0004:00000414       __imp__CloseHandle@4       006c5414     kernel32:KERNEL32.dll
 0004:00000418       __imp__TerminateThread@8   006c5418     kernel32:KERNEL32.dll
 0004:0000041c       __imp__CreateEventA@16     006c541c     kernel32:KERNEL32.dll
 0004:00000420       __imp__SetEvent@4          006c5420     kernel32:KERNEL32.dll
 0004:00000424       __imp__ResetEvent@4        006c5424     kernel32:KERNEL32.dll
 0004:00000428       __imp__GetModuleFileNameA@12 006c5428     kernel32:KERNEL32.dll
 0004:0000042c       __imp__CreateMutexA@12     006c542c     kernel32:KERNEL32.dll
 0004:00000430       __imp__ReleaseMutex@4      006c5430     kernel32:KERNEL32.dll
 0004:00000434       __imp__InitializeCriticalSection@4 006c5434     kernel32:KERNEL32.dll
 0004:00000438       __imp__DeleteCriticalSection@4 006c5438     kernel32:KERNEL32.dll
 0004:0000043c       __imp__EnterCriticalSection@4 006c543c     kernel32:KERNEL32.dll
 0004:00000440       __imp__LeaveCriticalSection@4 006c5440     kernel32:KERNEL32.dll
 0004:00000444       __imp__GetFileAttributesA@4 006c5444     kernel32:KERNEL32.dll
 0004:00000448       __imp__WriteFile@20        006c5448     kernel32:KERNEL32.dll
 0004:0000044c       __imp__GetLocalTime@4      006c544c     kernel32:KERNEL32.dll
 0004:00000450       __imp__GetFileSize@8       006c5450     kernel32:KERNEL32.dll
 0004:00000454       __imp__CreateDirectoryA@8  006c5454     kernel32:KERNEL32.dll
 0004:00000458       __imp__CreateFileA@28      006c5458     kernel32:KERNEL32.dll
 0004:0000045c       __imp__FreeLibrary@4       006c545c     kernel32:KERNEL32.dll
 0004:00000460       __imp__GetProcAddress@8    006c5460     kernel32:KERNEL32.dll
 0004:00000464       __imp__LoadLibraryA@4      006c5464     kernel32:KERNEL32.dll
 0004:00000468       __imp__LocalFree@4         006c5468     kernel32:KERNEL32.dll
 0004:0000046c       __imp__InterlockedDecrement@4 006c546c     kernel32:KERNEL32.dll
 0004:00000470       __imp__GetLastError@0      006c5470     kernel32:KERNEL32.dll
 0004:00000474       __imp__MultiByteToWideChar@24 006c5474     kernel32:KERNEL32.dll
 0004:00000478       __imp__lstrlenA@4          006c5478     kernel32:KERNEL32.dll
 0004:0000047c       __imp__LocalAlloc@8        006c547c     kernel32:KERNEL32.dll
 0004:00000480       __imp__FormatMessageA@28   006c5480     kernel32:KERNEL32.dll
 0004:00000484       __imp__Sleep@4             006c5484     kernel32:KERNEL32.dll
 0004:00000488       __imp__GetTickCount@0      006c5488     kernel32:KERNEL32.dll
 0004:0000048c       __imp__lstrlenW@4          006c548c     kernel32:KERNEL32.dll
 0004:00000490       __imp__InterlockedExchange@8 006c5490     kernel32:KERNEL32.dll
 0004:00000494       __imp__GetLocaleInfoW@16   006c5494     kernel32:KERNEL32.dll
 0004:00000498       __imp__SetEnvironmentVariableA@8 006c5498     kernel32:KERNEL32.dll
 0004:0000049c       __imp__CompareStringW@24   006c549c     kernel32:KERNEL32.dll
 0004:000004a0       __imp__CompareStringA@24   006c54a0     kernel32:KERNEL32.dll
 0004:000004a4       __imp__GetVersionExA@4     006c54a4     kernel32:KERNEL32.dll
 0004:000004a8       __imp__GetUserDefaultLCID@0 006c54a8     kernel32:KERNEL32.dll
 0004:000004ac       __imp__EnumSystemLocalesA@8 006c54ac     kernel32:KERNEL32.dll
 0004:000004b0       __imp__GetLocaleInfoA@16   006c54b0     kernel32:KERNEL32.dll
 0004:000004b4       __imp__IsValidCodePage@4   006c54b4     kernel32:KERNEL32.dll
 0004:000004b8       __imp__IsValidLocale@8     006c54b8     kernel32:KERNEL32.dll
 0004:000004bc       __imp__SetEndOfFile@4      006c54bc     kernel32:KERNEL32.dll
 0004:000004c0       __imp__GetStringTypeW@16   006c54c0     kernel32:KERNEL32.dll
 0004:000004c4       __imp__GetStringTypeA@20   006c54c4     kernel32:KERNEL32.dll
 0004:000004c8       __imp__LCMapStringW@24     006c54c8     kernel32:KERNEL32.dll
 0004:000004cc       __imp__LCMapStringA@24     006c54cc     kernel32:KERNEL32.dll
 0004:000004d0       __imp__IsBadCodePtr@4      006c54d0     kernel32:KERNEL32.dll
 0004:000004d4       __imp__SetUnhandledExceptionFilter@4 006c54d4     kernel32:KERNEL32.dll
 0004:000004d8       __imp__FlushFileBuffers@4  006c54d8     kernel32:KERNEL32.dll
 0004:000004dc       __imp__SetStdHandle@8      006c54dc     kernel32:KERNEL32.dll
 0004:000004e0       __imp__VirtualAlloc@16     006c54e0     kernel32:KERNEL32.dll
 0004:000004e4       __imp__HeapReAlloc@16      006c54e4     kernel32:KERNEL32.dll
 0004:000004e8       __imp__HeapAlloc@12        006c54e8     kernel32:KERNEL32.dll
 0004:000004ec       __imp__VirtualFree@12      006c54ec     kernel32:KERNEL32.dll
 0004:000004f0       __imp__HeapCreate@12       006c54f0     kernel32:KERNEL32.dll
 0004:000004f4       __imp__HeapDestroy@4       006c54f4     kernel32:KERNEL32.dll
 0004:000004f8       __imp__GetEnvironmentStringsW@0 006c54f8     kernel32:KERNEL32.dll
 0004:000004fc       __imp__GetEnvironmentStrings@0 006c54fc     kernel32:KERNEL32.dll
 0004:00000500       __imp__FreeEnvironmentStringsW@4 006c5500     kernel32:KERNEL32.dll
 0004:00000504       __imp__FreeEnvironmentStringsA@4 006c5504     kernel32:KERNEL32.dll
 0004:00000508       __imp__HeapFree@12         006c5508     kernel32:KERNEL32.dll
 0004:0000050c       __imp__WideCharToMultiByte@32 006c550c     kernel32:KERNEL32.dll
 0004:00000510       __imp__SetConsoleCtrlHandler@8 006c5510     kernel32:KERNEL32.dll
 0004:00000514       __imp__UnhandledExceptionFilter@4 006c5514     kernel32:KERNEL32.dll
 0004:00000518       __imp__GetCurrentProcess@0 006c5518     kernel32:KERNEL32.dll
 0004:0000051c       __imp__TerminateProcess@8  006c551c     kernel32:KERNEL32.dll
 0004:00000520       __imp__GetOEMCP@0          006c5520     kernel32:KERNEL32.dll
 0004:00000524       __imp__GetACP@0            006c5524     kernel32:KERNEL32.dll
 0004:00000528       __imp__GetCPInfo@8         006c5528     kernel32:KERNEL32.dll
 0004:0000052c       __imp__GetCurrentThread@0  006c552c     kernel32:KERNEL32.dll
 0004:00000530       __imp__TlsGetValue@4       006c5530     kernel32:KERNEL32.dll
 0004:00000534       __imp__SetLastError@4      006c5534     kernel32:KERNEL32.dll
 0004:00000538       __imp__TlsFree@4           006c5538     kernel32:KERNEL32.dll
 0004:0000053c       __imp__RaiseException@16   006c553c     kernel32:KERNEL32.dll
 0004:00000540       __imp__TlsAlloc@0          006c5540     kernel32:KERNEL32.dll
 0004:00000544       __imp__SetFilePointer@16   006c5544     kernel32:KERNEL32.dll
 0004:00000548       __imp__GetFileType@4       006c5548     kernel32:KERNEL32.dll
 0004:0000054c       __imp__RtlUnwind@16        006c554c     kernel32:KERNEL32.dll
 0004:00000550       __imp__CreateThread@24     006c5550     kernel32:KERNEL32.dll
 0004:00000554       __imp__GetCurrentThreadId@0 006c5554     kernel32:KERNEL32.dll
 0004:00000558       __imp__TlsSetValue@8       006c5558     kernel32:KERNEL32.dll
 0004:0000055c       __imp__ExitThread@4        006c555c     kernel32:KERNEL32.dll
 0004:00000560       __imp__GetTimeZoneInformation@4 006c5560     kernel32:KERNEL32.dll
 0004:00000564       __imp__GetSystemTime@4     006c5564     kernel32:KERNEL32.dll
 0004:00000568       __imp__GetModuleHandleA@4  006c5568     kernel32:KERNEL32.dll
 0004:0000056c       __imp__GetStartupInfoA@4   006c556c     kernel32:KERNEL32.dll
 0004:00000570       __imp__GetCommandLineA@0   006c5570     kernel32:KERNEL32.dll
 0004:00000574       __imp__GetVersion@0        006c5574     kernel32:KERNEL32.dll
 0004:00000578       __imp__ExitProcess@4       006c5578     kernel32:KERNEL32.dll
 0004:0000057c       __imp__DebugBreak@0        006c557c     kernel32:KERNEL32.dll
 0004:00000580       __imp__GetStdHandle@4      006c5580     kernel32:KERNEL32.dll
 0004:00000584       __imp__OutputDebugStringA@4 006c5584     kernel32:KERNEL32.dll
 0004:00000588       __imp__InterlockedIncrement@4 006c5588     kernel32:KERNEL32.dll
 0004:0000058c       __imp__FatalAppExitA@8     006c558c     kernel32:KERNEL32.dll
 0004:00000590       __imp__IsBadWritePtr@8     006c5590     kernel32:KERNEL32.dll
 0004:00000594       __imp__IsBadReadPtr@8      006c5594     kernel32:KERNEL32.dll
 0004:00000598       __imp__HeapValidate@12     006c5598     kernel32:KERNEL32.dll
 0004:0000059c       __imp__ReadFile@20         006c559c     kernel32:KERNEL32.dll
 0004:000005a0       __imp__SetHandleCount@4    006c55a0     kernel32:KERNEL32.dll
 0004:000005a4       \177KERNEL32_NULL_THUNK_DATA 006c55a4     kernel32:KERNEL32.dll
 0004:00000620       __imp__SetErrorInfo@8      006c5620     oleaut32:OLEAUT32.dll
 0004:00000624       __imp__CreateErrorInfo@4   006c5624     oleaut32:OLEAUT32.dll
 0004:00000628       __imp__VariantInit@4       006c5628     oleaut32:OLEAUT32.dll
 0004:0000062c       __imp__VariantClear@4      006c562c     oleaut32:OLEAUT32.dll
 0004:00000630       __imp__SysFreeString@4     006c5630     oleaut32:OLEAUT32.dll
 0004:00000634       __imp__SysAllocString@4    006c5634     oleaut32:OLEAUT32.dll
 0004:00000638       __imp__VariantChangeType@16 006c5638     oleaut32:OLEAUT32.dll
 0004:0000063c       __imp__GetErrorInfo@8      006c563c     oleaut32:OLEAUT32.dll
 0004:00000640       \177OLEAUT32_NULL_THUNK_DATA 006c5640     oleaut32:OLEAUT32.dll
 0004:00000670       __imp__GetClientRect@8     006c5670     user32:USER32.dll
 0004:00000674       __imp__ShowWindow@8        006c5674     user32:USER32.dll
 0004:00000678       __imp__UpdateWindow@4      006c5678     user32:USER32.dll
 0004:0000067c       __imp__SetTimer@16         006c567c     user32:USER32.dll
 0004:00000680       __imp__SendMessageA@16     006c5680     user32:USER32.dll
 0004:00000684       __imp__LoadIconA@8         006c5684     user32:USER32.dll
 0004:00000688       __imp__LoadCursorA@8       006c5688     user32:USER32.dll
 0004:0000068c       __imp__RegisterClassExA@4  006c568c     user32:USER32.dll
 0004:00000690       __imp__DefWindowProcA@16   006c5690     user32:USER32.dll
 0004:00000694       __imp__DispatchMessageA@4  006c5694     user32:USER32.dll
 0004:00000698       __imp__TranslateMessage@4  006c5698     user32:USER32.dll
 0004:0000069c       __imp__GetMessageA@16      006c569c     user32:USER32.dll
 0004:000006a0       __imp__LoadStringA@16      006c56a0     user32:USER32.dll
 0004:000006a4       __imp__wsprintfA           006c56a4     user32:USER32.dll
 0004:000006a8       __imp__DialogBoxParamA@20  006c56a8     user32:USER32.dll
 0004:000006ac       __imp__CreateWindowExA@48  006c56ac     user32:USER32.dll
 0004:000006b0       __imp__BeginPaint@8        006c56b0     user32:USER32.dll
 0004:000006b4       __imp__EndPaint@8          006c56b4     user32:USER32.dll
 0004:000006b8       __imp__KillTimer@8         006c56b8     user32:USER32.dll
 0004:000006bc       __imp__PostQuitMessage@4   006c56bc     user32:USER32.dll
 0004:000006c0       __imp__DestroyWindow@4     006c56c0     user32:USER32.dll
 0004:000006c4       __imp__MoveWindow@24       006c56c4     user32:USER32.dll
 0004:000006c8       __imp__EndDialog@8         006c56c8     user32:USER32.dll
 0004:000006cc       __imp__MessageBoxA@16      006c56cc     user32:USER32.dll
 0004:000006d0       \177USER32_NULL_THUNK_DATA 006c56d0     user32:USER32.dll
 0004:0000070c       __imp__WSACleanup@0        006c570c     Ws2_32:WS2_32.dll
 0004:00000710       __imp__closesocket@4       006c5710     Ws2_32:WS2_32.dll
 0004:00000714       __imp__bind@12             006c5714     Ws2_32:WS2_32.dll
 0004:00000718       __imp__htonl@4             006c5718     Ws2_32:WS2_32.dll
 0004:0000071c       __imp__htons@4             006c571c     Ws2_32:WS2_32.dll
 0004:00000720       __imp__socket@12           006c5720     Ws2_32:WS2_32.dll
 0004:00000724       __imp__inet_addr@4         006c5724     Ws2_32:WS2_32.dll
 0004:00000728       __imp__inet_ntoa@4         006c5728     Ws2_32:WS2_32.dll
 0004:0000072c       __imp__WSAStartup@8        006c572c     Ws2_32:WS2_32.dll
 0004:00000730       \177WS2_32_NULL_THUNK_DATA 006c5730     Ws2_32:WS2_32.dll
 0004:00000760       __imp__CLSIDFromProgID@8   006c5760     ole32:ole32.dll
 0004:00000764       __imp__CLSIDFromString@8   006c5764     ole32:ole32.dll
 0004:00000768       __imp__OleRun@4            006c5768     ole32:ole32.dll
 0004:0000076c       __imp__CoCreateInstance@20 006c576c     ole32:ole32.dll
 0004:00000770       __imp__CoUninitialize@0    006c5770     ole32:ole32.dll
 0004:00000774       __imp__CoInitializeEx@8    006c5774     ole32:ole32.dll
 0004:00000778       \177ole32_NULL_THUNK_DATA  006c5778     ole32:ole32.dll

 entry point at        0001:0001c050

