 S3RelayServer

 Timestamp is 60ff966c (Tue Jul 27 12:15:24 2021)

 Preferred load address is 00400000

 Start         Length     Name                   Class
 0001:00000000 0003733dH .text                   CODE
 0001:00037340 00001b57H .text$x                 CODE
 0001:00038e97 0001a309H .textbss                CODE
 0002:00000000 00003722H .rdata                  DATA
 0002:00003728 0000031eH .rdata$r                DATA
 0002:00003a48 0000153eH .xdata$x                DATA
 0002:00004f86 00000000H .edata                  DATA
 0003:00000000 00000104H .CRT$XCA                DATA
 0003:00000104 00000163H .CRT$XCU                DATA
 0003:00000268 00000104H .CRT$XCZ                DATA
 0003:0000036c 00000104H .CRT$XIA                DATA
 0003:00000470 0000010eH .CRT$XIC                DATA
 0003:00000580 00000104H .CRT$XIY                DATA
 0003:00000684 00000104H .CRT$XIZ                DATA
 0003:00000788 00000104H .CRT$XPA                DATA
 0003:0000088c 00000104H .CRT$XPX                DATA
 0003:00000990 00000104H .CRT$XPZ                DATA
 0003:00000a94 00000104H .CRT$XTA                DATA
 0003:00000b98 00000104H .CRT$XTB                DATA
 0003:00000c9c 00000104H .CRT$XTZ                DATA
 0003:00000da0 00001cdcH .data                   DATA
 0003:00002a80 00268485H .bss                    DATA
 0004:00000000 00000064H .idata$2                DATA
 0004:00000064 00000014H .idata$3                DATA
 0004:00000078 000003a4H .idata$4                DATA
 0004:0000041c 000003a4H .idata$5                DATA
 0004:000007c0 00000ae4H .idata$6                DATA
 0005:00000000 00000421H .rsrc$01                DATA
 0005:00000430 00000d73H .rsrc$02                DATA

  Address         Publics by Value              Rva+Base     Lib:Object

 0001:000016c0       ?KPIWritePrivateProfileString@@YAHPBD000@Z 004026c0 f   GlobalFun.obj
 0001:00002110       __tcsncmp                  00403110 f i GlobalFun.obj
 0001:000025d0       ?KPIGetPrivateProfileString@@YAKPBD00PADK0@Z 004035d0 f   GlobalFun.obj
 0001:00002970       ?KPIWaitForSingleObject@@YAKPAXK@Z 00403970 f   GlobalFun.obj
 0001:00002a20       ?KPICloseHandle@@YAHPAX@Z  00403a20 f   GlobalFun.obj
 0001:00002a80       ?KPITerminateThread@@YAHPAXK@Z 00403a80 f   GlobalFun.obj
 0001:00002ae0       ?KPICreateThread@@YAPAXP6GKPAX@Z0PAK@Z 00403ae0 f   GlobalFun.obj
 0001:00002b60       ?KPICreateUDPSocket@@YAIH@Z 00403b60 f   GlobalFun.obj
 0001:00002c70       ?KPICreateEvent@@YAPAXPAU_SECURITY_ATTRIBUTES@@HHPBD@Z 00403c70 f   GlobalFun.obj
 0001:00002ce0       ?KPISetEvent@@YAHPAX@Z     00403ce0 f   GlobalFun.obj
 0001:00002d40       ?KPIResetEvent@@YAHPAX@Z   00403d40 f   GlobalFun.obj
 0001:00002da0       ?KPIGetExePath@@YAXPADK@Z  00403da0 f   GlobalFun.obj
 0001:00002e60       ?KPICreateMutex@@YAPAXPAU_SECURITY_ATTRIBUTES@@HPBD@Z 00403e60 f   GlobalFun.obj
 0001:00002ec0       ?KPIReleaseMutex@@YAHPAX@Z 00403ec0 f   GlobalFun.obj
 0001:00002f10       ?KPIHash@@YAKPADKK@Z       00403f10 f   GlobalFun.obj
 0001:00002fe0       ?KPIPrintToFile@@YAXPBD0ZZ 00403fe0 f   GlobalFun.obj
 0001:000030a0       ?KPIPrintToFile@@YAXPAU_iobuf@@PBDZZ 004040a0 f   GlobalFun.obj
 0001:00003110       ??0KThread@@QAE@XZ         00404110 f   KThread.obj
 0001:00003170       ??_EKThread@@UAEPAXI@Z     00404170 f i KThread.obj
 0001:00003170       ??_GKThread@@UAEPAXI@Z     00404170 f i KThread.obj
 0001:000031e0       ??1KThread@@UAE@XZ         004041e0 f   KThread.obj
 0001:00003290       ?Start@KThread@@UAEPAXXZ   00404290 f   KThread.obj
 0001:00003340       ?Stop@KThread@@UAEHXZ      00404340 f   KThread.obj
 0001:00003480       ?ThreadFun@KThread@@SGKPAX@Z 00404480 f   KThread.obj
 0001:00003510       ??0K_CS@@QAE@XZ            00404510 f   KThread.obj
 0001:00003580       ??_EK_CS@@UAEPAXI@Z        00404580 f i KThread.obj
 0001:00003580       ??_GK_CS@@UAEPAXI@Z        00404580 f i KThread.obj
 0001:000035f0       ??1K_CS@@UAE@XZ            004045f0 f   KThread.obj
 0001:00003660       ?Lock@K_CS@@QAEHXZ         00404660 f   KThread.obj
 0001:000036d0       ?Unlock@K_CS@@QAEHXZ       004046d0 f   KThread.obj
 0001:00003750       ??0CLogFile@@QAE@XZ        00404750 f   LogFile.obj
 0001:000037d0       ??_GCLogFile@@UAEPAXI@Z    004047d0 f i LogFile.obj
 0001:000037d0       ??_ECLogFile@@UAEPAXI@Z    004047d0 f i LogFile.obj
 0001:00003840       ??1CLogFile@@UAE@XZ        00404840 f   LogFile.obj
 0001:000038d0       ?Initialize@CLogFile@@QAEHABV?$basic_string@DU?$char_traits@D@std@@V?$allocator@D@2@@std@@I@Z 004048d0 f   LogFile.obj
 0001:00003a50       ?Uninitialize@CLogFile@@QAEHXZ 00404a50 f   LogFile.obj
 0001:00003af0       ?TraceLog@CLogFile@@QAEIPBXI@Z 00404af0 f   LogFile.obj
 0001:00003ba0       ?PrepareFile@CLogFile@@AAEHXZ 00404ba0 f   LogFile.obj
 0001:00003fa0       ?BeginBatch@CLogFile@@QAEKXZ 00404fa0 f   LogFile.obj
 0001:00004030       ?EndBatch@CLogFile@@QAEKXZ 00405030 f   LogFile.obj
 0001:000040a0       ?IsBatched@CLogFile@@QAEHXZ 004050a0 f   LogFile.obj
 0001:000040f0       ?OpenUniDirectory@CLogFile@@CAHABV?$basic_string@DU?$char_traits@D@std@@V?$allocator@D@2@@std@@PAV23@@Z 004050f0 f   LogFile.obj
 0001:000043d0       ?CreateUniFile@CLogFile@@CAPAXABV?$basic_string@DU?$char_traits@D@std@@V?$allocator@D@2@@std@@PAV23@@Z 004053d0 f   LogFile.obj
 0001:00004680       ??0?$basic_string@DU?$char_traits@D@std@@V?$allocator@D@2@@std@@QAE@ABV?$allocator@D@1@@Z 00405680 f i LogFile.obj
 0001:000046e0       ??0?$basic_string@DU?$char_traits@D@std@@V?$allocator@D@2@@std@@QAE@ABV01@@Z 004056e0 f i LogFile.obj
 0001:00004760       ??1?$basic_string@DU?$char_traits@D@std@@V?$allocator@D@2@@std@@QAE@XZ 00405760 f i LogFile.obj
 0001:000047b0       ??4?$basic_string@DU?$char_traits@D@std@@V?$allocator@D@2@@std@@QAEAAV01@ABV01@@Z 004057b0 f i LogFile.obj
 0001:00004800       ??Y?$basic_string@DU?$char_traits@D@std@@V?$allocator@D@2@@std@@QAEAAV01@PBD@Z 00405800 f i LogFile.obj
 0001:00004850       ??Y?$basic_string@DU?$char_traits@D@std@@V?$allocator@D@2@@std@@QAEAAV01@D@Z 00405850 f i LogFile.obj
 0001:000048a0       ?rbegin@?$basic_string@DU?$char_traits@D@std@@V?$allocator@D@2@@std@@QAE?AV?$reverse_iterator@PADDAADPADH@2@XZ 004058a0 f i LogFile.obj
 0001:00004900       ?rbegin@?$basic_string@DU?$char_traits@D@std@@V?$allocator@D@2@@std@@QBE?AV?$reverse_iterator@PBDDABDPBDH@2@XZ 00405900 f i LogFile.obj
 0001:00004960       ?c_str@?$basic_string@DU?$char_traits@D@std@@V?$allocator@D@2@@std@@QBEPBDXZ 00405960 f i LogFile.obj
 0001:000049c0       ?resize@?$basic_string@DU?$char_traits@D@std@@V?$allocator@D@2@@std@@QAEXI@Z 004059c0 f i LogFile.obj
 0001:00004a50       ?empty@?$basic_string@DU?$char_traits@D@std@@V?$allocator@D@2@@std@@QBE_NXZ 00405a50 f i LogFile.obj
 0001:00004a90       ??D?$reverse_iterator@PADDAADPADH@std@@QBEAADXZ 00405a90 f i LogFile.obj
 0001:00004ad0       ??D?$reverse_iterator@PBDDABDPBDH@std@@QBEABDXZ 00405ad0 f i LogFile.obj
 0001:00004b10       ?append@?$basic_string@DU?$char_traits@D@std@@V?$allocator@D@2@@std@@QAEAAV12@PBD@Z 00405b10 f i LogFile.obj
 0001:00004b70       ?length@?$char_traits@D@std@@SAIPBD@Z 00405b70 f i LogFile.obj
 0001:00004bc0       ?append@?$basic_string@DU?$char_traits@D@std@@V?$allocator@D@2@@std@@QAEAAV12@ID@Z 00405bc0 f i LogFile.obj
 0001:00004c90       ?assign@?$char_traits@D@std@@SAPADPADIABD@Z 00405c90 f i LogFile.obj
 0001:00004ce0       ?assign@?$basic_string@DU?$char_traits@D@std@@V?$allocator@D@2@@std@@QAEAAV12@ABV12@@Z 00405ce0 f i LogFile.obj
 0001:00004d40       ?assign@?$basic_string@DU?$char_traits@D@std@@V?$allocator@D@2@@std@@QAEAAV12@ABV12@II@Z 00405d40 f i LogFile.obj
 0001:00004f20       ?size@?$basic_string@DU?$char_traits@D@std@@V?$allocator@D@2@@std@@QBEIXZ 00405f20 f i LogFile.obj
 0001:00004f60       ?copy@?$char_traits@D@std@@SAPADPADPBDI@Z 00405f60 f i LogFile.obj
 0001:00004fb0       ?erase@?$basic_string@DU?$char_traits@D@std@@V?$allocator@D@2@@std@@QAEAAV12@II@Z 00405fb0 f i LogFile.obj
 0001:000050b0       ?move@?$char_traits@D@std@@SAPADPADPBDI@Z 004060b0 f i LogFile.obj
 0001:00005100       ?end@?$basic_string@DU?$char_traits@D@std@@V?$allocator@D@2@@std@@QAEPADXZ 00406100 f i LogFile.obj
 0001:00005160       ?end@?$basic_string@DU?$char_traits@D@std@@V?$allocator@D@2@@std@@QBEPBDXZ 00406160 f i LogFile.obj
 0001:000051c0       ?_Nullstr@?$basic_string@DU?$char_traits@D@std@@V?$allocator@D@2@@std@@CAPBDXZ 004061c0 f i LogFile.obj
 0001:000051f0       ?_Tidy@?$basic_string@DU?$char_traits@D@std@@V?$allocator@D@2@@std@@AAEX_N@Z 004061f0 f i LogFile.obj
 0001:00005300       ??0?$reverse_iterator@PADDAADPADH@std@@QAE@PAD@Z 00406300 f i LogFile.obj
 0001:00005340       ??0?$reverse_iterator@PBDDABDPBDH@std@@QAE@PBD@Z 00406340 f i LogFile.obj
 0001:00005380       ?append@?$basic_string@DU?$char_traits@D@std@@V?$allocator@D@2@@std@@QAEAAV12@PBDI@Z 00406380 f i LogFile.obj
 0001:00005450       ?capacity@?$basic_string@DU?$char_traits@D@std@@V?$allocator@D@2@@std@@QBEIXZ 00406450 f i LogFile.obj
 0001:00005490       ?_Eos@?$basic_string@DU?$char_traits@D@std@@V?$allocator@D@2@@std@@AAEXI@Z 00406490 f i LogFile.obj
 0001:00005500       ?assign@?$char_traits@D@std@@SAXAADABD@Z 00406500 f i LogFile.obj
 0001:00005540       ?_Freeze@?$basic_string@DU?$char_traits@D@std@@V?$allocator@D@2@@std@@AAEXXZ 00406540 f i LogFile.obj
 0001:00005600       ?_Grow@?$basic_string@DU?$char_traits@D@std@@V?$allocator@D@2@@std@@AAE_NI_N@Z 00406600 f i LogFile.obj
 0001:000057b0       ?_Psum@?$basic_string@DU?$char_traits@D@std@@V?$allocator@D@2@@std@@CAPADPADI@Z 004067b0 f i LogFile.obj
 0001:00005800       ?_Refcnt@?$basic_string@DU?$char_traits@D@std@@V?$allocator@D@2@@std@@AAEAAEPBD@Z 00406800 f i LogFile.obj
 0001:00005840       ?_Split@?$basic_string@DU?$char_traits@D@std@@V?$allocator@D@2@@std@@AAEXXZ 00406840 f i LogFile.obj
 0001:000058f0       ?assign@?$basic_string@DU?$char_traits@D@std@@V?$allocator@D@2@@std@@QAEAAV12@PBD@Z 004068f0 f i LogFile.obj
 0001:00005950       ?assign@?$basic_string@DU?$char_traits@D@std@@V?$allocator@D@2@@std@@QAEAAV12@PBDI@Z 00406950 f i LogFile.obj
 0001:000059e0       ?deallocate@?$allocator@D@std@@QAEXPAXI@Z 004069e0 f i LogFile.obj
 0001:00005a30       ?max_size@?$basic_string@DU?$char_traits@D@std@@V?$allocator@D@2@@std@@QBEIXZ 00406a30 f i LogFile.obj
 0001:00005aa0       ?_Copy@?$basic_string@DU?$char_traits@D@std@@V?$allocator@D@2@@std@@AAEXI@Z 00406aa0 f i LogFile.obj
 0001:00005c50       ?allocate@?$allocator@D@std@@QAEPADIPBX@Z 00406c50 f i LogFile.obj
 0001:00005ca0       ?max_size@?$allocator@D@std@@QBEIXZ 00406ca0 f i LogFile.obj
 0001:00005d00       ??Hstd@@YA?AV?$basic_string@DU?$char_traits@D@std@@V?$allocator@D@2@@0@ABV10@PBD@Z 00406d00 f i LogFile.obj
 0001:00005dc0       ??8std@@YA_NABV?$allocator@D@0@0@Z 00406dc0 f i LogFile.obj
 0001:00005df0       ?_Allocate@std@@YAPADHPAD@Z 00406df0 f i LogFile.obj
 0001:00005e90       ?id@?$ctype@G@std@@$D      00406e90 f i LogFile.obj
 0001:00005f30       ?id@?$ctype@G@std@@$E      00406f30 f i LogFile.obj
 0001:00006070       ?ServerEventNotify@@YGXPAXABK1@Z 00407070 f   main.obj
 0001:00006100       _WinMain@16                00407100 f   main.obj
 0001:00006bb0       ?RegisterSysClass@@YAGPAUHINSTANCE__@@@Z 00407bb0 f   main.obj
 0001:00006d30       ??0TwoFixBuffer@@QAE@XZ    00407d30 f i main.obj
 0001:00006ea0       ??1TwoFixBuffer@@QAE@XZ    00407ea0 f i main.obj
 0001:00006f20       ?gTrace@@YAHPBDZZ          00407f20 f   main.obj
 0001:00007040       ?WriteInfo@TwoFixBuffer@@QAEHPAEK@Z 00408040 f i main.obj
 0001:00007200       ?gTimeStamp@@YAHPAD0@Z     00408200 f   main.obj
 0001:000072e0       ?gTraceLogFile@@YAXPBDJ@Z  004082e0 f   main.obj
 0001:000073b0       ?gClearTrace@@YAXXZ        004083b0 f   main.obj
 0001:00007420       ?gShowTrace@@YAXXZ         00408420 f   main.obj
 0001:000075e0       ?ReadInfo@TwoFixBuffer@@QAEPAEXZ 004085e0 f i main.obj
 0001:000076d0       ?HasReadInfo@TwoFixBuffer@@IAEHXZ 004086d0 f i main.obj
 0001:00007750       ?SwitchReadWrite@TwoFixBuffer@@QAEXXZ 00408750 f i main.obj
 0001:000078a0       ?HasWriteInfo@TwoFixBuffer@@IAEHXZ 004088a0 f i main.obj
 0001:00007900       ?InitInstance@@YAHPAUHINSTANCE__@@HH@Z 00408900 f   main.obj
 0001:00007a90       ?About@@YGJPAUHWND__@@IIJ@Z 00408a90 f   main.obj
 0001:00007b40       ?WndProc@@YGJPAUHWND__@@IIJ@Z 00408b40 f   main.obj
 0001:00007e80       ??0?$basic_string@DU?$char_traits@D@std@@V?$allocator@D@2@@std@@QAE@PBDABV?$allocator@D@1@@Z 00408e80 f i main.obj
 0001:00007f80       ??1S3P_MSSQLServer_Result@@UAE@XZ 00408f80 f   S3P_MSSQLServer_Result.obj
 0001:00008060       ?num_rows@S3P_MSSQLServer_Result@@UBEHXZ 00409060 f   S3P_MSSQLServer_Result.obj
 0001:00008140       ?num_fields@S3P_MSSQLServer_Result@@UBEHXZ 00409140 f   S3P_MSSQLServer_Result.obj
 0001:00008250       ?data_seek@S3P_MSSQLServer_Result@@UBEXIH@Z 00409250 f   S3P_MSSQLServer_Result.obj
 0001:00008460       ?get_field_data@S3P_MSSQLServer_Result@@UAE_NIPAXK@Z 00409460 f   S3P_MSSQLServer_Result.obj
 0001:000086a0       ?unuse@S3P_MSSQLServer_Result@@UAEHXZ 004096a0 f   S3P_MSSQLServer_Result.obj
 0001:000087b0       ?GetResult@S3P_MSSQLServer_Result@@UAEHPAPAU_Recordset@@@Z 004097b0 f   S3P_MSSQLServer_Result.obj
 0001:000088d0       ??4?$_com_ptr_t@V?$_com_IIID@U_Recordset@@$1?_GUID_00000556_0000_0010_8000_00aa006d2ea4@@3U__s_GUID@@A@@@@QAEAAV0@H@Z 004098d0 f i S3P_MSSQLServer_Result.obj
 0001:00008930       ??1?$_com_ptr_t@V?$_com_IIID@U_Recordset@@$1?_GUID_00000556_0000_0010_8000_00aa006d2ea4@@3U__s_GUID@@A@@@@QAE@XZ 00409930 f i S3P_MSSQLServer_Result.obj
 0001:00008980       ??B?$_com_ptr_t@V?$_com_IIID@U_Recordset@@$1?_GUID_00000556_0000_0010_8000_00aa006d2ea4@@3U__s_GUID@@A@@@@QBEPAU_Recordset@@XZ 00409980 f i S3P_MSSQLServer_Result.obj
 0001:000089c0       ??C?$_com_ptr_t@V?$_com_IIID@U_Recordset@@$1?_GUID_00000556_0000_0010_8000_00aa006d2ea4@@3U__s_GUID@@A@@@@QBEPAU_Recordset@@XZ 004099c0 f i S3P_MSSQLServer_Result.obj
 0001:00008a20       ??B?$_com_ptr_t@V?$_com_IIID@U_Recordset@@$1?_GUID_00000556_0000_0010_8000_00aa006d2ea4@@3U__s_GUID@@A@@@@QBE_NXZ 00409a20 f i S3P_MSSQLServer_Result.obj
 0001:00008a60       ??8?$_com_ptr_t@V?$_com_IIID@U_Recordset@@$1?_GUID_00000556_0000_0010_8000_00aa006d2ea4@@3U__s_GUID@@A@@@@QAE_NH@Z 00409a60 f i S3P_MSSQLServer_Result.obj
 0001:00008ac0       ?CreateInstance@?$_com_ptr_t@V?$_com_IIID@U_Recordset@@$1?_GUID_00000556_0000_0010_8000_00aa006d2ea4@@3U__s_GUID@@A@@@@QAEJPBDPAUIUnknown@@K@Z 00409ac0 f i S3P_MSSQLServer_Result.obj
 0001:00008bf0       ??1?$_com_ptr_t@V?$_com_IIID@UFields@@$1?_GUID_00000564_0000_0010_8000_00aa006d2ea4@@3U__s_GUID@@A@@@@QAE@XZ 00409bf0 f i S3P_MSSQLServer_Result.obj
 0001:00008c40       ??C?$_com_ptr_t@V?$_com_IIID@UFields@@$1?_GUID_00000564_0000_0010_8000_00aa006d2ea4@@3U__s_GUID@@A@@@@QBEPAUFields@@XZ 00409c40 f i S3P_MSSQLServer_Result.obj
 0001:00008ca0       ??1?$_com_ptr_t@V?$_com_IIID@UField@@$1?_GUID_00000569_0000_0010_8000_00aa006d2ea4@@3U__s_GUID@@A@@@@QAE@XZ 00409ca0 f i S3P_MSSQLServer_Result.obj
 0001:00008cf0       ??C?$_com_ptr_t@V?$_com_IIID@UField@@$1?_GUID_00000569_0000_0010_8000_00aa006d2ea4@@3U__s_GUID@@A@@@@QBEPAUField@@XZ 00409cf0 f i S3P_MSSQLServer_Result.obj
 0001:00008d50       ??4?$_com_ptr_t@V?$_com_IIID@U_Recordset@@$1?_GUID_00000556_0000_0010_8000_00aa006d2ea4@@3U__s_GUID@@A@@@@QAEAAV0@PAU_Recordset@@@Z 00409d50 f i S3P_MSSQLServer_Result.obj
 0001:00008de0       ?CreateInstance@?$_com_ptr_t@V?$_com_IIID@U_Recordset@@$1?_GUID_00000556_0000_0010_8000_00aa006d2ea4@@3U__s_GUID@@A@@@@QAEJPAGPAUIUnknown@@K@Z 00409de0 f i S3P_MSSQLServer_Result.obj
 0001:00008eb0       ?_Release@?$_com_ptr_t@V?$_com_IIID@U_Recordset@@$1?_GUID_00000556_0000_0010_8000_00aa006d2ea4@@3U__s_GUID@@A@@@@AAEXXZ 00409eb0 f i S3P_MSSQLServer_Result.obj
 0001:00008f20       ?_AddRef@?$_com_ptr_t@V?$_com_IIID@U_Recordset@@$1?_GUID_00000556_0000_0010_8000_00aa006d2ea4@@3U__s_GUID@@A@@@@AAEXXZ 00409f20 f i S3P_MSSQLServer_Result.obj
 0001:00008f90       ?_Release@?$_com_ptr_t@V?$_com_IIID@UFields@@$1?_GUID_00000564_0000_0010_8000_00aa006d2ea4@@3U__s_GUID@@A@@@@AAEXXZ 00409f90 f i S3P_MSSQLServer_Result.obj
 0001:00009000       ?_Release@?$_com_ptr_t@V?$_com_IIID@UField@@$1?_GUID_00000569_0000_0010_8000_00aa006d2ea4@@3U__s_GUID@@A@@@@AAEXXZ 0040a000 f i S3P_MSSQLServer_Result.obj
 0001:00009070       ?CreateInstance@?$_com_ptr_t@V?$_com_IIID@U_Recordset@@$1?_GUID_00000556_0000_0010_8000_00aa006d2ea4@@3U__s_GUID@@A@@@@QAEJABU_GUID@@PAUIUnknown@@K@Z 0040a070 f i S3P_MSSQLServer_Result.obj
 0001:000091b0       ?GetIID@?$_com_ptr_t@V?$_com_IIID@U_Recordset@@$1?_GUID_00000556_0000_0010_8000_00aa006d2ea4@@3U__s_GUID@@A@@@@SAABU_GUID@@XZ 0040a1b0 f i S3P_MSSQLServer_Result.obj
 0001:000091f0       ?GetIID@?$_com_IIID@U_Recordset@@$1?_GUID_00000556_0000_0010_8000_00aa006d2ea4@@3U__s_GUID@@A@@SAABU_GUID@@XZ 0040a1f0 f i S3P_MSSQLServer_Result.obj
 0001:00009220       ??9@YA_NHAAV?$_com_ptr_t@V?$_com_IIID@U_Recordset@@$1?_GUID_00000556_0000_0010_8000_00aa006d2ea4@@3U__s_GUID@@A@@@@@Z 0040a220 f i S3P_MSSQLServer_Result.obj
 0001:00009280       ??9?$_com_ptr_t@V?$_com_IIID@U_Recordset@@$1?_GUID_00000556_0000_0010_8000_00aa006d2ea4@@3U__s_GUID@@A@@@@QAE_NH@Z 0040a280 f i S3P_MSSQLServer_Result.obj
 0001:000092e0       ??0_variant_t@@QAE@XZ      0040a2e0 f i S3P_MSSQLServer_Result.obj
 0001:00009340       ??4_variant_t@@QAEAAV0@J@Z 0040a340 f i S3P_MSSQLServer_Result.obj
 0001:00009400       ?Clear@_variant_t@@QAEXXZ  0040a400 f i S3P_MSSQLServer_Result.obj
 0001:00009460       ?CheckError@_com_util@@YAXJ@Z 0040a460 f i S3P_MSSQLServer_Result.obj
 0001:000094b0       ??1_variant_t@@QAE@XZ      0040a4b0 f i S3P_MSSQLServer_Result.obj
 0001:00009510       ??1_com_error@@UAE@XZ      0040a510 f i S3P_MSSQLServer_Result.obj
 0001:000095b0       ??_G_com_error@@UAEPAXI@Z  0040a5b0 f i S3P_MSSQLServer_Result.obj
 0001:000095b0       ??_E_com_error@@UAEPAXI@Z  0040a5b0 f i S3P_MSSQLServer_Result.obj
 0001:00009620       ?GetCount@_Collection@@QAEJXZ 0040a620 f i S3P_MSSQLServer_Result.obj
 0001:000096a0       ?GetFields@Recordset15@@QAE?AV?$_com_ptr_t@V?$_com_IIID@UFields@@$1?_GUID_00000564_0000_0010_8000_00aa006d2ea4@@3U__s_GUID@@A@@@@XZ 0040a6a0 f i S3P_MSSQLServer_Result.obj
 0001:00009750       ??0?$_com_ptr_t@V?$_com_IIID@UFields@@$1?_GUID_00000564_0000_0010_8000_00aa006d2ea4@@3U__s_GUID@@A@@@@QAE@PAUFields@@_N@Z 0040a750 f i S3P_MSSQLServer_Result.obj
 0001:000097c0       ?_AddRef@?$_com_ptr_t@V?$_com_IIID@UFields@@$1?_GUID_00000564_0000_0010_8000_00aa006d2ea4@@3U__s_GUID@@A@@@@AAEXXZ 0040a7c0 f i S3P_MSSQLServer_Result.obj
 0001:00009830       ?GetRecordCount@Recordset15@@QAEJXZ 0040a830 f i S3P_MSSQLServer_Result.obj
 0001:000098b0       ?Close@Recordset15@@QAEJXZ 0040a8b0 f i S3P_MSSQLServer_Result.obj
 0001:00009930       ?Move@Recordset15@@QAEJJABV_variant_t@@@Z 0040a930 f i S3P_MSSQLServer_Result.obj
 0001:00009a00       ?MoveNext@Recordset15@@QAEJXZ 0040aa00 f i S3P_MSSQLServer_Result.obj
 0001:00009a80       ?MovePrevious@Recordset15@@QAEJXZ 0040aa80 f i S3P_MSSQLServer_Result.obj
 0001:00009b00       ?MoveFirst@Recordset15@@QAEJXZ 0040ab00 f i S3P_MSSQLServer_Result.obj
 0001:00009b80       ?MoveLast@Recordset15@@QAEJXZ 0040ab80 f i S3P_MSSQLServer_Result.obj
 0001:00009c00       ?GetState@Recordset15@@QAEJXZ 0040ac00 f i S3P_MSSQLServer_Result.obj
 0001:00009c90       ?GetItem@Fields15@@QAE?AV?$_com_ptr_t@V?$_com_IIID@UField@@$1?_GUID_00000569_0000_0010_8000_00aa006d2ea4@@3U__s_GUID@@A@@@@ABV_variant_t@@@Z 0040ac90 f i S3P_MSSQLServer_Result.obj
 0001:00009d80       ??0?$_com_ptr_t@V?$_com_IIID@UField@@$1?_GUID_00000569_0000_0010_8000_00aa006d2ea4@@3U__s_GUID@@A@@@@QAE@PAUField@@_N@Z 0040ad80 f i S3P_MSSQLServer_Result.obj
 0001:00009df0       ?_AddRef@?$_com_ptr_t@V?$_com_IIID@UField@@$1?_GUID_00000569_0000_0010_8000_00aa006d2ea4@@3U__s_GUID@@A@@@@AAEXXZ 0040adf0 f i S3P_MSSQLServer_Result.obj
 0001:00009e60       ??_ES3P_MSSQLServer_Result@@UAEPAXI@Z 0040ae60 f i S3P_MSSQLServer_Result.obj
 0001:00009e60       ??_GS3P_MSSQLServer_Result@@UAEPAXI@Z 0040ae60 f i S3P_MSSQLServer_Result.obj
 0001:00009ed0       ??0S3PAccount@@QAE@XZ      0040aed0 f   S3PAccount.obj
 0001:00009f10       ??_GS3PAccount@@UAEPAXI@Z  0040af10 f i S3PAccount.obj
 0001:00009f10       ??_ES3PAccount@@UAEPAXI@Z  0040af10 f i S3PAccount.obj
 0001:00009f80       ??1S3PAccount@@UAE@XZ      0040af80 f   S3PAccount.obj
 0001:00009fc0       ?ServerLogin@S3PAccount@@SAHPAVS3PDBConVBC@@PBD1KFQBEAAK@Z 0040afc0 f   S3PAccount.obj
 0001:0000a490       ?CheckAddress@S3PAccount@@SAHPAVS3PDBConVBC@@KF@Z 0040b490 f   S3PAccount.obj
 0001:0000a5f0       ?ServerLogout@S3PAccount@@SAHPAVS3PDBConVBC@@KH@Z 0040b5f0 f   S3PAccount.obj
 0001:0000a640       ?GetAccountCount@S3PAccount@@SAHPAVS3PDBConVBC@@KHAAK@Z 0040b640 f   S3PAccount.obj
 0001:0000a8c0       ?GetAccountGameID@S3PAccount@@SAHPAVS3PDBConVBC@@PBDAAK@Z 0040b8c0 f   S3PAccount.obj
 0001:0000ab20       ?UnlockAccount@S3PAccount@@SAHPAVS3PDBConVBC@@PBD@Z 0040bb20 f   S3PAccount.obj
 0001:0000ac80       ?FreezeAccount@S3PAccount@@SAHPAVS3PDBConVBC@@PBD@Z 0040bc80 f   S3PAccount.obj
 0001:0000adf0       ?UnlockServer@S3PAccount@@SAHPAVS3PDBConVBC@@K@Z 0040bdf0 f   S3PAccount.obj
 0001:0000aeb0       ?GetAccountsTime@S3PAccount@@SAHPAVS3PDBConVBC@@KKAAV?$list@UKAccountUserTimeInfo@@V?$allocator@UKAccountUserTimeInfo@@@std@@@std@@@Z 0040beb0 f   S3PAccount.obj
 0001:0000b300       ?GetServerID@S3PAccount@@SAHPAVS3PDBConVBC@@PBDAAK@Z 0040c300 f   S3PAccount.obj
 0001:0000b4d0       ??4?$basic_string@DU?$char_traits@D@std@@V?$allocator@D@2@@std@@QAEAAV01@PBD@Z 0040c4d0 f i S3PAccount.obj
 0001:0000b520       ?push_back@?$list@UKAccountUserTimeInfo@@V?$allocator@UKAccountUserTimeInfo@@@std@@@std@@QAEXABUKAccountUserTimeInfo@@@Z 0040c520 f i S3PAccount.obj
 0001:0000b590       ?end@?$list@UKAccountUserTimeInfo@@V?$allocator@UKAccountUserTimeInfo@@@std@@@std@@QAE?AViterator@12@XZ 0040c590 f i S3PAccount.obj
 0001:0000b5f0       ?insert@?$list@UKAccountUserTimeInfo@@V?$allocator@UKAccountUserTimeInfo@@@std@@@std@@QAE?AViterator@12@V312@ABUKAccountUserTimeInfo@@@Z 0040c5f0 f i S3PAccount.obj
 0001:0000b700       ?_Buynode@?$list@UKAccountUserTimeInfo@@V?$allocator@UKAccountUserTimeInfo@@@std@@@std@@IAEPAU_Node@12@PAU312@0@Z 0040c700 f i S3PAccount.obj
 0001:0000b7b0       ?_Next@_Acc@?$list@UKAccountUserTimeInfo@@V?$allocator@UKAccountUserTimeInfo@@@std@@@std@@SAAAPAU_Node@23@PAU423@@Z 0040c7b0 f i S3PAccount.obj
 0001:0000b7e0       ?_Prev@_Acc@?$list@UKAccountUserTimeInfo@@V?$allocator@UKAccountUserTimeInfo@@@std@@@std@@SAAAPAU_Node@23@PAU423@@Z 0040c7e0 f i S3PAccount.obj
 0001:0000b810       ?_Value@_Acc@?$list@UKAccountUserTimeInfo@@V?$allocator@UKAccountUserTimeInfo@@@std@@@std@@SAAAUKAccountUserTimeInfo@@PAU_Node@23@@Z 0040c810 f i S3PAccount.obj
 0001:0000b840       ?construct@?$allocator@UKAccountUserTimeInfo@@@std@@QAEXPAUKAccountUserTimeInfo@@ABU3@@Z 0040c840 f i S3PAccount.obj
 0001:0000b890       ?_Mynode@const_iterator@?$list@UKAccountUserTimeInfo@@V?$allocator@UKAccountUserTimeInfo@@@std@@@std@@QBEPAU_Node@23@XZ 0040c890 f i S3PAccount.obj
 0001:0000b8d0       ??0iterator@?$list@UKAccountUserTimeInfo@@V?$allocator@UKAccountUserTimeInfo@@@std@@@std@@QAE@PAU_Node@12@@Z 0040c8d0 f i S3PAccount.obj
 0001:0000b920       ?_Charalloc@?$allocator@UKAccountUserTimeInfo@@@std@@QAEPADI@Z 0040c920 f i S3PAccount.obj
 0001:0000b970       ??0const_iterator@?$list@UKAccountUserTimeInfo@@V?$allocator@UKAccountUserTimeInfo@@@std@@@std@@QAE@PAU_Node@12@@Z 0040c970 f i S3PAccount.obj
 0001:0000b9b0       ?_Construct@std@@YAXPAUKAccountUserTimeInfo@@ABU2@@Z 0040c9b0 f i S3PAccount.obj
 0001:0000ba30       ??2@YAPAXIPAX@Z            0040ca30 f i S3PAccount.obj
 0001:0000baf0       ??0_bstr_t@@QAE@PAG_N@Z    0040caf0 f i S3PAccount.obj
 0001:0000bbd0       ??1_bstr_t@@QAE@XZ         0040cbd0 f i S3PAccount.obj
 0001:0000bc20       ??B_bstr_t@@QBEPBDXZ       0040cc20 f i S3PAccount.obj
 0001:0000bc90       ?_Free@_bstr_t@@AAEXXZ     0040cc90 f i S3PAccount.obj
 0001:0000bcf0       ??0Data_t@_bstr_t@@QAE@PAG_N@Z 0040ccf0 f i S3PAccount.obj
 0001:0000bdc0       ?Release@Data_t@_bstr_t@@QAEKXZ 0040cdc0 f i S3PAccount.obj
 0001:0000be60       ??_GData_t@_bstr_t@@AAEPAXI@Z 0040ce60 f i S3PAccount.obj
 0001:0000bed0       ?GetString@Data_t@_bstr_t@@QBEPBDXZ 0040ced0 f i S3PAccount.obj
 0001:0000bf60       ??1Data_t@_bstr_t@@AAE@XZ  0040cf60 f i S3PAccount.obj
 0001:0000bfb0       ?_Free@Data_t@_bstr_t@@AAEXXZ 0040cfb0 f i S3PAccount.obj
 0001:0000c040       ??0_variant_t@@QAE@JG@Z    0040d040 f i S3PAccount.obj
 0001:0000c130       ??0_bstr_t@@QAE@ABV_variant_t@@@Z 0040d130 f i S3PAccount.obj
 0001:0000c210       ??4_bstr_t@@QAEAAV0@PBG@Z  0040d210 f i S3PAccount.obj
 0001:0000c2e0       ??0Data_t@_bstr_t@@QAE@PBG@Z 0040d2e0 f i S3PAccount.obj
 0001:0000c380       ?ChangeType@_variant_t@@QAEXGPBV1@@Z 0040d380 f i S3PAccount.obj
 0001:0000c420       ??0S3PDB_MSSQLServer_Connection@@QAE@XZ 0040d420 f   S3PDB_MSSQLServer_Connection.obj
 0001:0000c530       ??_GS3PDB_MSSQLServer_Connection@@UAEPAXI@Z 0040d530 f i S3PDB_MSSQLServer_Connection.obj
 0001:0000c530       ??_ES3PDB_MSSQLServer_Connection@@UAEPAXI@Z 0040d530 f i S3PDB_MSSQLServer_Connection.obj
 0001:0000c5a0       ??1S3PDB_MSSQLServer_Connection@@UAE@XZ 0040d5a0 f   S3PDB_MSSQLServer_Connection.obj
 0001:0000c6e0       ?CloseConnect@S3PDB_MSSQLServer_Connection@@UAEXXZ 0040d6e0 f   S3PDB_MSSQLServer_Connection.obj
 0001:0000c780       ?OpenConnect@S3PDB_MSSQLServer_Connection@@UAE_NPAUtag_DATABASEINFO@@@Z 0040d780 f   S3PDB_MSSQLServer_Connection.obj
 0001:0000cb80       ?Do@S3PDB_MSSQLServer_Connection@@UAE_NPBD@Z 0040db80 f   S3PDB_MSSQLServer_Connection.obj
 0001:0000ce40       ?DoSql@S3PDB_MSSQLServer_Connection@@UAE_NPBDPAU_Recordset@@@Z 0040de40 f   S3PDB_MSSQLServer_Connection.obj
 0001:0000d000       ?QuerySql@S3PDB_MSSQLServer_Connection@@UAE_NPBDPAPAVS3PResultVBC@@@Z 0040e000 f   S3PDB_MSSQLServer_Connection.obj
 0001:0000d0f0       ?GetFreeResult@S3PDB_MSSQLServer_Connection@@IAE_NPAPAVS3PResultVBC@@PAPAU_Recordset@@@Z 0040e0f0 f   S3PDB_MSSQLServer_Connection.obj
 0001:0000d220       ??Y?$basic_string@DU?$char_traits@D@std@@V?$allocator@D@2@@std@@QAEAAV01@ABV01@@Z 0040e220 f i S3PDB_MSSQLServer_Connection.obj
 0001:0000d270       ??0?$_com_ptr_t@V?$_com_IIID@U_Connection@@$1?_GUID_00000550_0000_0010_8000_00aa006d2ea4@@3U__s_GUID@@A@@@@QAE@XZ 0040e270 f i S3PDB_MSSQLServer_Connection.obj
 0001:0000d2b0       ??0?$_com_ptr_t@V?$_com_IIID@U_Connection@@$1?_GUID_00000550_0000_0010_8000_00aa006d2ea4@@3U__s_GUID@@A@@@@QAE@H@Z 0040e2b0 f i S3PDB_MSSQLServer_Connection.obj
 0001:0000d310       ??4?$_com_ptr_t@V?$_com_IIID@U_Connection@@$1?_GUID_00000550_0000_0010_8000_00aa006d2ea4@@3U__s_GUID@@A@@@@QAEAAV0@ABV0@@Z 0040e310 f i S3PDB_MSSQLServer_Connection.obj
 0001:0000d360       ??4?$_com_ptr_t@V?$_com_IIID@U_Connection@@$1?_GUID_00000550_0000_0010_8000_00aa006d2ea4@@3U__s_GUID@@A@@@@QAEAAV0@H@Z 0040e360 f i S3PDB_MSSQLServer_Connection.obj
 0001:0000d3c0       ??1?$_com_ptr_t@V?$_com_IIID@U_Connection@@$1?_GUID_00000550_0000_0010_8000_00aa006d2ea4@@3U__s_GUID@@A@@@@QAE@XZ 0040e3c0 f i S3PDB_MSSQLServer_Connection.obj
 0001:0000d410       ??B?$_com_ptr_t@V?$_com_IIID@U_Connection@@$1?_GUID_00000550_0000_0010_8000_00aa006d2ea4@@3U__s_GUID@@A@@@@QBEPAU_Connection@@XZ 0040e410 f i S3PDB_MSSQLServer_Connection.obj
 0001:0000d450       ??C?$_com_ptr_t@V?$_com_IIID@U_Connection@@$1?_GUID_00000550_0000_0010_8000_00aa006d2ea4@@3U__s_GUID@@A@@@@QBEPAU_Connection@@XZ 0040e450 f i S3PDB_MSSQLServer_Connection.obj
 0001:0000d4b0       ??8?$_com_ptr_t@V?$_com_IIID@U_Connection@@$1?_GUID_00000550_0000_0010_8000_00aa006d2ea4@@3U__s_GUID@@A@@@@QAE_NH@Z 0040e4b0 f i S3PDB_MSSQLServer_Connection.obj
 0001:0000d510       ?CreateInstance@?$_com_ptr_t@V?$_com_IIID@U_Connection@@$1?_GUID_00000550_0000_0010_8000_00aa006d2ea4@@3U__s_GUID@@A@@@@QAEJPBDPAUIUnknown@@K@Z 0040e510 f i S3PDB_MSSQLServer_Connection.obj
 0001:0000d640       ??0?$_com_ptr_t@V?$_com_IIID@U_Command@@$1?_GUID_b08400bd_f9d1_4d02_b856_71d5dba123e9@@3U__s_GUID@@A@@@@QAE@H@Z 0040e640 f i S3PDB_MSSQLServer_Connection.obj
 0001:0000d6a0       ??4?$_com_ptr_t@V?$_com_IIID@U_Command@@$1?_GUID_b08400bd_f9d1_4d02_b856_71d5dba123e9@@3U__s_GUID@@A@@@@QAEAAV0@H@Z 0040e6a0 f i S3PDB_MSSQLServer_Connection.obj
 0001:0000d700       ??1?$_com_ptr_t@V?$_com_IIID@U_Command@@$1?_GUID_b08400bd_f9d1_4d02_b856_71d5dba123e9@@3U__s_GUID@@A@@@@QAE@XZ 0040e700 f i S3PDB_MSSQLServer_Connection.obj
 0001:0000d750       ??C?$_com_ptr_t@V?$_com_IIID@U_Command@@$1?_GUID_b08400bd_f9d1_4d02_b856_71d5dba123e9@@3U__s_GUID@@A@@@@QBEPAU_Command@@XZ 0040e750 f i S3PDB_MSSQLServer_Connection.obj
 0001:0000d7b0       ??B?$_com_ptr_t@V?$_com_IIID@U_Command@@$1?_GUID_b08400bd_f9d1_4d02_b856_71d5dba123e9@@3U__s_GUID@@A@@@@QBE_NXZ 0040e7b0 f i S3PDB_MSSQLServer_Connection.obj
 0001:0000d7f0       ?CreateInstance@?$_com_ptr_t@V?$_com_IIID@U_Command@@$1?_GUID_b08400bd_f9d1_4d02_b856_71d5dba123e9@@3U__s_GUID@@A@@@@QAEJPBDPAUIUnknown@@K@Z 0040e7f0 f i S3PDB_MSSQLServer_Connection.obj
 0001:0000d920       ?append@?$basic_string@DU?$char_traits@D@std@@V?$allocator@D@2@@std@@QAEAAV12@ABV12@@Z 0040e920 f i S3PDB_MSSQLServer_Connection.obj
 0001:0000d980       ??4?$_com_ptr_t@V?$_com_IIID@U_Connection@@$1?_GUID_00000550_0000_0010_8000_00aa006d2ea4@@3U__s_GUID@@A@@@@QAEAAV0@PAU_Connection@@@Z 0040e980 f i S3PDB_MSSQLServer_Connection.obj
 0001:0000da10       ?CreateInstance@?$_com_ptr_t@V?$_com_IIID@U_Connection@@$1?_GUID_00000550_0000_0010_8000_00aa006d2ea4@@3U__s_GUID@@A@@@@QAEJPAGPAUIUnknown@@K@Z 0040ea10 f i S3PDB_MSSQLServer_Connection.obj
 0001:0000dae0       ?_Release@?$_com_ptr_t@V?$_com_IIID@U_Connection@@$1?_GUID_00000550_0000_0010_8000_00aa006d2ea4@@3U__s_GUID@@A@@@@AAEXXZ 0040eae0 f i S3PDB_MSSQLServer_Connection.obj
 0001:0000db50       ?_AddRef@?$_com_ptr_t@V?$_com_IIID@U_Connection@@$1?_GUID_00000550_0000_0010_8000_00aa006d2ea4@@3U__s_GUID@@A@@@@AAEXXZ 0040eb50 f i S3PDB_MSSQLServer_Connection.obj
 0001:0000dbc0       ??4?$_com_ptr_t@V?$_com_IIID@U_Command@@$1?_GUID_b08400bd_f9d1_4d02_b856_71d5dba123e9@@3U__s_GUID@@A@@@@QAEAAV0@PAU_Command@@@Z 0040ebc0 f i S3PDB_MSSQLServer_Connection.obj
 0001:0000dc50       ?CreateInstance@?$_com_ptr_t@V?$_com_IIID@U_Command@@$1?_GUID_b08400bd_f9d1_4d02_b856_71d5dba123e9@@3U__s_GUID@@A@@@@QAEJPAGPAUIUnknown@@K@Z 0040ec50 f i S3PDB_MSSQLServer_Connection.obj
 0001:0000dd20       ?_Release@?$_com_ptr_t@V?$_com_IIID@U_Command@@$1?_GUID_b08400bd_f9d1_4d02_b856_71d5dba123e9@@3U__s_GUID@@A@@@@AAEXXZ 0040ed20 f i S3PDB_MSSQLServer_Connection.obj
 0001:0000dd90       ?append@?$basic_string@DU?$char_traits@D@std@@V?$allocator@D@2@@std@@QAEAAV12@ABV12@II@Z 0040ed90 f i S3PDB_MSSQLServer_Connection.obj
 0001:0000dea0       ?CreateInstance@?$_com_ptr_t@V?$_com_IIID@U_Connection@@$1?_GUID_00000550_0000_0010_8000_00aa006d2ea4@@3U__s_GUID@@A@@@@QAEJABU_GUID@@PAUIUnknown@@K@Z 0040eea0 f i S3PDB_MSSQLServer_Connection.obj
 0001:0000dfe0       ??0_bstr_t@@QAE@PBD@Z      0040efe0 f i S3PDB_MSSQLServer_Connection.obj
 0001:0000e0c0       ?CreateInstance@?$_com_ptr_t@V?$_com_IIID@U_Command@@$1?_GUID_b08400bd_f9d1_4d02_b856_71d5dba123e9@@3U__s_GUID@@A@@@@QAEJABU_GUID@@PAUIUnknown@@K@Z 0040f0c0 f i S3PDB_MSSQLServer_Connection.obj
 0001:0000e200       ?_AddRef@?$_com_ptr_t@V?$_com_IIID@U_Command@@$1?_GUID_b08400bd_f9d1_4d02_b856_71d5dba123e9@@3U__s_GUID@@A@@@@AAEXXZ 0040f200 f i S3PDB_MSSQLServer_Connection.obj
 0001:0000e270       ?GetIID@?$_com_ptr_t@V?$_com_IIID@U_Connection@@$1?_GUID_00000550_0000_0010_8000_00aa006d2ea4@@3U__s_GUID@@A@@@@SAABU_GUID@@XZ 0040f270 f i S3PDB_MSSQLServer_Connection.obj
 0001:0000e2b0       ?GetIID@?$_com_ptr_t@V?$_com_IIID@U_Command@@$1?_GUID_b08400bd_f9d1_4d02_b856_71d5dba123e9@@3U__s_GUID@@A@@@@SAABU_GUID@@XZ 0040f2b0 f i S3PDB_MSSQLServer_Connection.obj
 0001:0000e2f0       ?GetIID@?$_com_IIID@U_Connection@@$1?_GUID_00000550_0000_0010_8000_00aa006d2ea4@@3U__s_GUID@@A@@SAABU_GUID@@XZ 0040f2f0 f i S3PDB_MSSQLServer_Connection.obj
 0001:0000e320       ?GetIID@?$_com_IIID@U_Command@@$1?_GUID_b08400bd_f9d1_4d02_b856_71d5dba123e9@@3U__s_GUID@@A@@SAABU_GUID@@XZ 0040f320 f i S3PDB_MSSQLServer_Connection.obj
 0001:0000e350       ??9@YA_NHAAV?$_com_ptr_t@V?$_com_IIID@U_Connection@@$1?_GUID_00000550_0000_0010_8000_00aa006d2ea4@@3U__s_GUID@@A@@@@@Z 0040f350 f i S3PDB_MSSQLServer_Connection.obj
 0001:0000e3b0       ??8@YA_NHAAV?$_com_ptr_t@V?$_com_IIID@U_Connection@@$1?_GUID_00000550_0000_0010_8000_00aa006d2ea4@@3U__s_GUID@@A@@@@@Z 0040f3b0 f i S3PDB_MSSQLServer_Connection.obj
 0001:0000e410       ??9?$_com_ptr_t@V?$_com_IIID@U_Connection@@$1?_GUID_00000550_0000_0010_8000_00aa006d2ea4@@3U__s_GUID@@A@@@@QAE_NH@Z 0040f410 f i S3PDB_MSSQLServer_Connection.obj
 0001:0000e470       ??0Data_t@_bstr_t@@QAE@PBD@Z 0040f470 f i S3PDB_MSSQLServer_Connection.obj
 0001:0000e590       ??0_variant_t@@QAE@PBD@Z   0040f590 f i S3PDB_MSSQLServer_Connection.obj
 0001:0000e610       ??0_variant_t@@QAE@PAUIDispatch@@_N@Z 0040f610 f i S3PDB_MSSQLServer_Connection.obj
 0001:0000e6a0       ?ErrorMessage@_com_error@@QBEPBDXZ 0040f6a0 f i S3PDB_MSSQLServer_Connection.obj
 0001:0000e860       ?WCode@_com_error@@QBEGXZ  0040f860 f i S3PDB_MSSQLServer_Connection.obj
 0001:0000e8b0       ?HRESULTToWCode@_com_error@@SAGJ@Z 0040f8b0 f i S3PDB_MSSQLServer_Connection.obj
 0001:0000e920       ?PutRefActiveConnection@Command15@@QAEXPAU_Connection@@@Z 0040f920 f i S3PDB_MSSQLServer_Connection.obj
 0001:0000e9a0       ?PutCommandText@Command15@@QAEXV_bstr_t@@@Z 0040f9a0 f i S3PDB_MSSQLServer_Connection.obj
 0001:0000ea70       ??B_bstr_t@@QBEPAGXZ       0040fa70 f i S3PDB_MSSQLServer_Connection.obj
 0001:0000eae0       ?GetWString@Data_t@_bstr_t@@QBEPBGXZ 0040fae0 f i S3PDB_MSSQLServer_Connection.obj
 0001:0000eb20       ?Execute@Command15@@QAE?AV?$_com_ptr_t@V?$_com_IIID@U_Recordset@@$1?_GUID_00000556_0000_0010_8000_00aa006d2ea4@@3U__s_GUID@@A@@@@PAUtagVARIANT@@0J@Z 0040fb20 f i S3PDB_MSSQLServer_Connection.obj
 0001:0000ebe0       ??0?$_com_ptr_t@V?$_com_IIID@U_Recordset@@$1?_GUID_00000556_0000_0010_8000_00aa006d2ea4@@3U__s_GUID@@A@@@@QAE@PAU_Recordset@@_N@Z 0040fbe0 f i S3PDB_MSSQLServer_Connection.obj
 0001:0000ec50       ?Close@Connection15@@QAEJXZ 0040fc50 f i S3PDB_MSSQLServer_Connection.obj
 0001:0000ecd0       ?Open@Connection15@@QAEJV_bstr_t@@00J@Z 0040fcd0 f i S3PDB_MSSQLServer_Connection.obj
 0001:0000ede0       ?PutCursorLocation@Connection15@@QAEXW4CursorLocationEnum@@@Z 0040fde0 f i S3PDB_MSSQLServer_Connection.obj
 0001:0000ee60       ?Open@Recordset15@@QAEJABV_variant_t@@0W4CursorTypeEnum@@W4LockTypeEnum@@J@Z 0040fe60 f i S3PDB_MSSQLServer_Connection.obj
 0001:0000ef80       ??0S3P_MSSQLServer_Result@@QAE@XZ 0040ff80 f i S3PDB_MSSQLServer_Connection.obj
 0001:0000f040       ??0?$_com_ptr_t@V?$_com_IIID@U_Recordset@@$1?_GUID_00000556_0000_0010_8000_00aa006d2ea4@@3U__s_GUID@@A@@@@QAE@XZ 00410040 f i S3PDB_MSSQLServer_Connection.obj
 0001:0000f080       ?GetGMID@@YAKXZ            00410080 f   S3PDBConnectionPool.obj
 0001:0000f0b0       ??0S3PDBConnectionPool@@IAE@XZ 004100b0 f   S3PDBConnectionPool.obj
 0001:0000f160       ??_ES3PDBConnectionPool@@MAEPAXI@Z 00410160 f i S3PDBConnectionPool.obj
 0001:0000f160       ??_GS3PDBConnectionPool@@MAEPAXI@Z 00410160 f i S3PDBConnectionPool.obj
 0001:0000f1d0       ??1S3PDBConnectionPool@@MAE@XZ 004101d0 f   S3PDBConnectionPool.obj
 0001:0000f340       ?Init@S3PDBConnectionPool@@QAEHABV?$basic_string@DU?$char_traits@D@std@@V?$allocator@D@2@@std@@0K@Z 00410340 f   S3PDBConnectionPool.obj
 0001:0000f660       ??0tag_DATABASEINFO@@QAE@XZ 00410660 f i S3PDBConnectionPool.obj
 0001:0000f730       ??1tag_DATABASEINFO@@QAE@XZ 00410730 f i S3PDBConnectionPool.obj
 0001:0000f7e0       ?RemoveDBCon@S3PDBConnectionPool@@QAEHPAPAVS3PDBConVBC@@@Z 004107e0 f   S3PDBConnectionPool.obj
 0001:0000f930       ?ReturnDBCon@S3PDBConnectionPool@@QAEHPAVS3PDBConVBC@@@Z 00410930 f   S3PDBConnectionPool.obj
 0001:0000fa60       ?Instance@S3PDBConnectionPool@@SAPAV1@XZ 00410a60 f   S3PDBConnectionPool.obj
 0001:0000fb20       ?ReleaseInstance@S3PDBConnectionPool@@SAXXZ 00410b20 f   S3PDBConnectionPool.obj
 0001:0000fbb0       ?CreateConnection@S3PDBConnectionPool@@IAEHPAUtag_DATABASEINFO@@PAPAVS3PDBConVBC@@@Z 00410bb0 f   S3PDBConnectionPool.obj
 0001:0000fcf0       ??0?$vector@PAVS3PDBConVBC@@V?$allocator@PAVS3PDBConVBC@@@std@@@std@@QAE@ABV?$allocator@PAVS3PDBConVBC@@@1@@Z 00410cf0 f i S3PDBConnectionPool.obj
 0001:0000fd60       ??1?$vector@PAVS3PDBConVBC@@V?$allocator@PAVS3PDBConVBC@@@std@@@std@@QAE@XZ 00410d60 f i S3PDBConnectionPool.obj
 0001:0000fe10       ?size@?$vector@PAVS3PDBConVBC@@V?$allocator@PAVS3PDBConVBC@@@std@@@std@@QBEIXZ 00410e10 f i S3PDBConnectionPool.obj
 0001:0000fe70       ??A?$vector@PAVS3PDBConVBC@@V?$allocator@PAVS3PDBConVBC@@@std@@@std@@QAEAAPAVS3PDBConVBC@@I@Z 00410e70 f i S3PDBConnectionPool.obj
 0001:0000fec0       ?push_back@?$vector@PAVS3PDBConVBC@@V?$allocator@PAVS3PDBConVBC@@@std@@@std@@QAEXABQAVS3PDBConVBC@@@Z 00410ec0 f i S3PDBConnectionPool.obj
 0001:0000ff20       ?IsLocked@K_CS@@QAEHXZ     00410f20 f i S3PDBConnectionPool.obj
 0001:0000ff60       ?begin@?$vector@PAVS3PDBConVBC@@V?$allocator@PAVS3PDBConVBC@@@std@@@std@@QAEPAPAVS3PDBConVBC@@XZ 00410f60 f i S3PDBConnectionPool.obj
 0001:0000ffa0       ?end@?$vector@PAVS3PDBConVBC@@V?$allocator@PAVS3PDBConVBC@@@std@@@std@@QAEPAPAVS3PDBConVBC@@XZ 00410fa0 f i S3PDBConnectionPool.obj
 0001:0000ffe0       ?insert@?$vector@PAVS3PDBConVBC@@V?$allocator@PAVS3PDBConVBC@@@std@@@std@@QAEPAPAVS3PDBConVBC@@PAPAV3@ABQAV3@@Z 00410fe0 f i S3PDBConnectionPool.obj
 0001:00010060       ?_Destroy@?$vector@PAVS3PDBConVBC@@V?$allocator@PAVS3PDBConVBC@@@std@@@std@@IAEXPAPAVS3PDBConVBC@@0@Z 00411060 f i S3PDBConnectionPool.obj
 0001:000100d0       ?deallocate@?$allocator@PAVS3PDBConVBC@@@std@@QAEXPAXI@Z 004110d0 f i S3PDBConnectionPool.obj
 0001:00010120       ?insert@?$vector@PAVS3PDBConVBC@@V?$allocator@PAVS3PDBConVBC@@@std@@@std@@QAEXPAPAVS3PDBConVBC@@IABQAV3@@Z 00411120 f i S3PDBConnectionPool.obj
 0001:000103f0       ?destroy@?$allocator@PAVS3PDBConVBC@@@std@@QAEXPAPAVS3PDBConVBC@@@Z 004113f0 f i S3PDBConnectionPool.obj
 0001:00010440       ?_Ucopy@?$vector@PAVS3PDBConVBC@@V?$allocator@PAVS3PDBConVBC@@@std@@@std@@IAEPAPAVS3PDBConVBC@@PBQAV3@0PAPAV3@@Z 00411440 f i S3PDBConnectionPool.obj
 0001:000104c0       ?_Ufill@?$vector@PAVS3PDBConVBC@@V?$allocator@PAVS3PDBConVBC@@@std@@@std@@IAEXPAPAVS3PDBConVBC@@IABQAV3@@Z 004114c0 f i S3PDBConnectionPool.obj
 0001:00010540       ?allocate@?$allocator@PAVS3PDBConVBC@@@std@@QAEPAPAVS3PDBConVBC@@IPBX@Z 00411540 f i S3PDBConnectionPool.obj
 0001:00010590       ?construct@?$allocator@PAVS3PDBConVBC@@@std@@QAEXPAPAVS3PDBConVBC@@ABQAV3@@Z 00411590 f i S3PDBConnectionPool.obj
 0001:000105e0       ?fill@std@@YAXPAPAVS3PDBConVBC@@0ABQAV2@@Z 004115e0 f i S3PDBConnectionPool.obj
 0001:00010630       ?copy_backward@std@@YAPAPAVS3PDBConVBC@@PAPAV2@00@Z 00411630 f i S3PDBConnectionPool.obj
 0001:00010690       ?_Destroy@std@@YAXPAPAVS3PDBConVBC@@@Z 00411690 f i S3PDBConnectionPool.obj
 0001:000106c0       ?_Allocate@std@@YAPAPAVS3PDBConVBC@@HPAPAV2@@Z 004116c0 f i S3PDBConnectionPool.obj
 0001:00010720       ?_Construct@std@@YAXPAPAVS3PDBConVBC@@ABQAV2@@Z 00411720 f i S3PDBConnectionPool.obj
 0001:00010820       ??0S3PDBConVBC@@IAE@XZ     00411820 f   S3PDBConVBC.obj
 0001:00010880       ??_ES3PDBConVBC@@UAEPAXI@Z 00411880 f i S3PDBConVBC.obj
 0001:00010880       ??_GS3PDBConVBC@@UAEPAXI@Z 00411880 f i S3PDBConVBC.obj
 0001:000108f0       ??1S3PDBConVBC@@UAE@XZ     004118f0 f   S3PDBConVBC.obj
 0001:000109d0       ??0S3PDBSocketPool@@IAE@XZ 004119d0 f   S3PDBSocketPool.obj
 0001:00010a80       ??_ES3PDBSocketPool@@UAEPAXI@Z 00411a80 f i S3PDBSocketPool.obj
 0001:00010a80       ??_GS3PDBSocketPool@@UAEPAXI@Z 00411a80 f i S3PDBSocketPool.obj
 0001:00010af0       ??1S3PDBSocketPool@@UAE@XZ 00411af0 f   S3PDBSocketPool.obj
 0001:00010bf0       ??1?$map@KPAVKGatewayDataProcess@@U?$less@K@std@@V?$allocator@PAVKGatewayDataProcess@@@3@@std@@QAE@XZ 00411bf0 f i S3PDBSocketPool.obj
 0001:00010c40       ?Instance@S3PDBSocketPool@@SAPAV1@XZ 00411c40 f   S3PDBSocketPool.obj
 0001:00010d30       ?ReleaseInstance@S3PDBSocketPool@@SAXXZ 00411d30 f   S3PDBSocketPool.obj
 0001:00010dc0       ?Start@S3PDBSocketPool@@UAEPAXPAUIServer@@@Z 00411dc0 f   S3PDBSocketPool.obj
 0001:00010e60       ?Stop@S3PDBSocketPool@@UAEHXZ 00411e60 f   S3PDBSocketPool.obj
 0001:00010f00       ?SendData@S3PDBSocketPool@@QAEHKQBXABI@Z 00411f00 f   S3PDBSocketPool.obj
 0001:00011000       ?CustomSend@S3PDBSocketPool@@QAEHKDPAUKAccountHead@@@Z 00412000 f   S3PDBSocketPool.obj
 0001:000111c0       ?SendRelayData@S3PDBSocketPool@@QAEXKPADQBXABI12@Z 004121c0 f   S3PDBSocketPool.obj
 0001:00011390       ?SendRelayData@S3PDBSocketPool@@QAEXKQBXABI01@Z 00412390 f   S3PDBSocketPool.obj
 0001:00011500       ?AddUserClientID@S3PDBSocketPool@@QAEHK@Z 00412500 f   S3PDBSocketPool.obj
 0001:000117d0       ?RemoveUserClientID@S3PDBSocketPool@@QAEHK@Z 004127d0 f   S3PDBSocketPool.obj
 0001:000119f0       ?ShowAllClientInfo@S3PDBSocketPool@@QAEHXZ 004129f0 f   S3PDBSocketPool.obj
 0001:00011b40       ?FindGatewayByServerName@S3PDBSocketPool@@QAEHPBDAAK@Z 00412b40 f   S3PDBSocketPool.obj
 0001:00011c80       ?FindGatewayByID@S3PDBSocketPool@@QAEPAVKGatewayDataProcess@@K@Z 00412c80 f   S3PDBSocketPool.obj
 0001:00011d70       ?FindGatewayClientByAddress@S3PDBSocketPool@@QAEHKAAK@Z 00412d70 f   S3PDBSocketPool.obj
 0001:00011e70       ?BroadGMData@S3PDBSocketPool@@QAEXPBDK@Z 00412e70 f   S3PDBSocketPool.obj
 0001:00011fd0       ?StopAllUserClientConnect@S3PDBSocketPool@@QAEHXZ 00412fd0 f   S3PDBSocketPool.obj
 0001:000120c0       ?NotifyRelayLoginInfo@S3PDBSocketPool@@QAEXKKKABV?$basic_string@DU?$char_traits@D@std@@V?$allocator@D@2@@std@@@Z 004130c0 f   S3PDBSocketPool.obj
 0001:000122f0       ?NotifyRelayLogoutInfo@S3PDBSocketPool@@QAEXKABV?$basic_string@DU?$char_traits@D@std@@V?$allocator@D@2@@std@@@Z 004132f0 f   S3PDBSocketPool.obj
 0001:00012430       ??0KGatewayDataProcess@@QAE@KKF@Z 00413430 f   S3PDBSocketPool.obj
 0001:00012570       ??0KThread_CS@@QAE@XZ      00413570 f i S3PDBSocketPool.obj
 0001:00012620       ??1KThread_CS@@UAE@XZ      00413620 f i S3PDBSocketPool.obj
 0001:000126e0       ??_EKThread_CS@@UAEPAXI@Z  004136e0 f i S3PDBSocketPool.obj
 0001:000126e0       ??_GKThread_CS@@UAEPAXI@Z  004136e0 f i S3PDBSocketPool.obj
 0001:00012750       ??_EKGatewayDataProcess@@UAEPAXI@Z 00413750 f i S3PDBSocketPool.obj
 0001:00012750       ??_GKGatewayDataProcess@@UAEPAXI@Z 00413750 f i S3PDBSocketPool.obj
 0001:000127c0       ??1KGatewayDataProcess@@UAE@XZ 004137c0 f   S3PDBSocketPool.obj
 0001:00012890       ?Close@KGatewayDataProcess@@IAEXXZ 00413890 f   S3PDBSocketPool.obj
 0001:00012940       ?AutoTime@KGatewayDataProcess@@IAEXXZ 00413940 f   S3PDBSocketPool.obj
 0001:00012a10       ?CheckConnectAddress@KGatewayDataProcess@@IAEHXZ 00413a10 f   S3PDBSocketPool.obj
 0001:00012aa0       ?IsStartAutoTime@KGatewayDataProcess@@IAEHXZ 00413aa0 f   S3PDBSocketPool.obj
 0001:00012b00       ?StartAutoTime@KGatewayDataProcess@@IAEHXZ 00413b00 f   S3PDBSocketPool.obj
 0001:00012b90       ?ProcessClientData@KGatewayDataProcess@@IAEXPBXK@Z 00413b90 f   S3PDBSocketPool.obj
 0001:00012d60       ?ProcessData@KGatewayDataProcess@@IAEKPAVS3PDBConVBC@@PBXK@Z 00413d60 f   S3PDBSocketPool.obj
 0001:000130d0       ?ProRelayVerify@KGatewayDataProcess@@IAEHPAVS3PDBConVBC@@PBDK@Z 004140d0 f   S3PDBSocketPool.obj
 0001:00013420       ?ProRelayClose@KGatewayDataProcess@@IAEHPAVS3PDBConVBC@@PBDK@Z 00414420 f   S3PDBSocketPool.obj
 0001:000134e0       ?ProRelayInfo@KGatewayDataProcess@@IAEHPAVS3PDBConVBC@@PBDK@Z 004144e0 f   S3PDBSocketPool.obj
 0001:00013870       ?ProAccountLogout@KGatewayDataProcess@@IAEHPAVS3PDBConVBC@@PBDK@Z 00414870 f   S3PDBSocketPool.obj
 0001:00013a30       ?ProGameLogin@KGatewayDataProcess@@IAEHPAVS3PDBConVBC@@PBDK@Z 00414a30 f   S3PDBSocketPool.obj
 0001:00013c30       ?ProRelayIPData@KGatewayDataProcess@@IAEHPBDK@Z 00414c30 f   S3PDBSocketPool.obj
 0001:00013de0       ?ProRelayAskData@KGatewayDataProcess@@IAEHPAVS3PDBConVBC@@PBDK@Z 00414de0 f   S3PDBSocketPool.obj
 0001:00014070       ?ProGMFamily@KGatewayDataProcess@@IAEHPAVS3PDBConVBC@@PBDK@Z 00415070 f   S3PDBSocketPool.obj
 0001:00014390       ?GetDB@KGatewayDataProcess@@IAEPAVS3PDBConVBC@@K@Z 00415390 f   S3PDBSocketPool.obj
 0001:00014440       ?Main@KGatewayDataProcess@@MAEKPAX@Z 00415440 f   S3PDBSocketPool.obj
 0001:000146b0       ?Start@KGatewayDataProcess@@UAEPAXPAUIServer@@@Z 004156b0 f   S3PDBSocketPool.obj
 0001:00014760       ?Stop@KGatewayDataProcess@@UAEHXZ 00415760 f   S3PDBSocketPool.obj
 0001:000147f0       ?ProAutoTime@KGatewayDataProcess@@IAEHPAVS3PDBConVBC@@@Z 004157f0 f   S3PDBSocketPool.obj
 0001:00014ac0       ?ExecuteAction@KGatewayDataProcess@@IAEXPAD0@Z 00415ac0 f   S3PDBSocketPool.obj
 0001:00014ba0       ?ExecuteAction@KGatewayDataProcess@@IAEXPAD@Z 00415ba0 f   S3PDBSocketPool.obj
 0001:00014c80       ?SendSystemInfo@KGatewayDataProcess@@IAEXKPAD00H@Z 00415c80 f   S3PDBSocketPool.obj
 0001:00014da0       ??A?$basic_string@DU?$char_traits@D@std@@V?$allocator@D@2@@std@@QAEAADI@Z 00415da0 f i S3PDBSocketPool.obj
 0001:00014e20       ?gGetMacAndIPAddress@@YAHPAEPAK01KK@Z 00415e20 f i S3PDBSocketPool.obj
 0001:00015210       ??0?$map@KPAVKGatewayDataProcess@@U?$less@K@std@@V?$allocator@PAVKGatewayDataProcess@@@3@@std@@QAE@ABU?$less@K@1@ABV?$allocator@PAVKGatewayDataProcess@@@1@@Z 00416210 f i S3PDBSocketPool.obj
 0001:00015270       ?begin@?$map@KPAVKGatewayDataProcess@@U?$less@K@std@@V?$allocator@PAVKGatewayDataProcess@@@3@@std@@QAE?AViterator@?$_Tree@KU?$pair@$$CBKPAVKGatewayDataProcess@@@std@@U_Kfn@?$map@KPAVKGatewayDataProcess@@U?$less@K@std@@V?$allocator@PAVKGatewayDataProcess@@@3@@2@U?$less@K@2@V?$allocator@PAVKGatewayDataProcess@@@2@@2@XZ 00416270 f i S3PDBSocketPool.obj
 0001:000152d0       ?end@?$map@KPAVKGatewayDataProcess@@U?$less@K@std@@V?$allocator@PAVKGatewayDataProcess@@@3@@std@@QAE?AViterator@?$_Tree@KU?$pair@$$CBKPAVKGatewayDataProcess@@@std@@U_Kfn@?$map@KPAVKGatewayDataProcess@@U?$less@K@std@@V?$allocator@PAVKGatewayDataProcess@@@3@@2@U?$less@K@2@V?$allocator@PAVKGatewayDataProcess@@@2@@2@XZ 004162d0 f i S3PDBSocketPool.obj
 0001:00015330       ?size@?$map@KPAVKGatewayDataProcess@@U?$less@K@std@@V?$allocator@PAVKGatewayDataProcess@@@3@@std@@QBEIXZ 00416330 f i S3PDBSocketPool.obj
 0001:00015380       ??A?$map@KPAVKGatewayDataProcess@@U?$less@K@std@@V?$allocator@PAVKGatewayDataProcess@@@3@@std@@QAEAAPAVKGatewayDataProcess@@ABK@Z 00416380 f i S3PDBSocketPool.obj
 0001:00015400       ?erase@?$map@KPAVKGatewayDataProcess@@U?$less@K@std@@V?$allocator@PAVKGatewayDataProcess@@@3@@std@@QAE?AViterator@?$_Tree@KU?$pair@$$CBKPAVKGatewayDataProcess@@@std@@U_Kfn@?$map@KPAVKGatewayDataProcess@@U?$less@K@std@@V?$allocator@PAVKGatewayDataProcess@@@3@@2@U?$less@K@2@V?$allocator@PAVKGatewayDataProcess@@@2@@2@V342@@Z 00416400 f i S3PDBSocketPool.obj
 0001:00015460       ?find@?$map@KPAVKGatewayDataProcess@@U?$less@K@std@@V?$allocator@PAVKGatewayDataProcess@@@3@@std@@QAE?AViterator@?$_Tree@KU?$pair@$$CBKPAVKGatewayDataProcess@@@std@@U_Kfn@?$map@KPAVKGatewayDataProcess@@U?$less@K@std@@V?$allocator@PAVKGatewayDataProcess@@@3@@2@U?$less@K@2@V?$allocator@PAVKGatewayDataProcess@@@2@@2@ABK@Z 00416460 f i S3PDBSocketPool.obj
 0001:000154c0       ??1?$_Tree@KU?$pair@$$CBKPAVKGatewayDataProcess@@@std@@U_Kfn@?$map@KPAVKGatewayDataProcess@@U?$less@K@std@@V?$allocator@PAVKGatewayDataProcess@@@3@@2@U?$less@K@2@V?$allocator@PAVKGatewayDataProcess@@@2@@std@@QAE@XZ 004164c0 f i S3PDBSocketPool.obj
 0001:000155e0       ??Citerator@?$_Tree@KU?$pair@$$CBKPAVKGatewayDataProcess@@@std@@U_Kfn@?$map@KPAVKGatewayDataProcess@@U?$less@K@std@@V?$allocator@PAVKGatewayDataProcess@@@3@@2@U?$less@K@2@V?$allocator@PAVKGatewayDataProcess@@@2@@std@@QBEPAU?$pair@$$CBKPAVKGatewayDataProcess@@@2@XZ 004165e0 f i S3PDBSocketPool.obj
 0001:00015630       ??Eiterator@?$_Tree@KU?$pair@$$CBKPAVKGatewayDataProcess@@@std@@U_Kfn@?$map@KPAVKGatewayDataProcess@@U?$less@K@std@@V?$allocator@PAVKGatewayDataProcess@@@3@@2@U?$less@K@2@V?$allocator@PAVKGatewayDataProcess@@@2@@std@@QAE?AV012@H@Z 00416630 f i S3PDBSocketPool.obj
 0001:00015690       ??9iterator@?$_Tree@KU?$pair@$$CBKPAVKGatewayDataProcess@@@std@@U_Kfn@?$map@KPAVKGatewayDataProcess@@U?$less@K@std@@V?$allocator@PAVKGatewayDataProcess@@@3@@2@U?$less@K@2@V?$allocator@PAVKGatewayDataProcess@@@2@@std@@QBE_NABV012@@Z 00416690 f i S3PDBSocketPool.obj
 0001:000156f0       ??0?$list@UKAccountUserTimeInfo@@V?$allocator@UKAccountUserTimeInfo@@@std@@@std@@QAE@ABV?$allocator@UKAccountUserTimeInfo@@@1@@Z 004166f0 f i S3PDBSocketPool.obj
 0001:00015760       ??1?$list@UKAccountUserTimeInfo@@V?$allocator@UKAccountUserTimeInfo@@@std@@@std@@QAE@XZ 00416760 f i S3PDBSocketPool.obj
 0001:00015800       ?begin@?$list@UKAccountUserTimeInfo@@V?$allocator@UKAccountUserTimeInfo@@@std@@@std@@QAE?AViterator@12@XZ 00416800 f i S3PDBSocketPool.obj
 0001:00015870       ??Citerator@?$list@UKAccountUserTimeInfo@@V?$allocator@UKAccountUserTimeInfo@@@std@@@std@@QBEPAUKAccountUserTimeInfo@@XZ 00416870 f i S3PDBSocketPool.obj
 0001:000158c0       ??Eiterator@?$list@UKAccountUserTimeInfo@@V?$allocator@UKAccountUserTimeInfo@@@std@@@std@@QAE?AV012@H@Z 004168c0 f i S3PDBSocketPool.obj
 0001:00015920       ??9iterator@?$list@UKAccountUserTimeInfo@@V?$allocator@UKAccountUserTimeInfo@@@std@@@std@@QBE_NABV012@@Z 00416920 f i S3PDBSocketPool.obj
 0001:00015980       ?insert@?$map@KPAVKGatewayDataProcess@@U?$less@K@std@@V?$allocator@PAVKGatewayDataProcess@@@3@@std@@QAE?AU?$pair@Viterator@?$_Tree@KU?$pair@$$CBKPAVKGatewayDataProcess@@@std@@U_Kfn@?$map@KPAVKGatewayDataProcess@@U?$less@K@std@@V?$allocator@PAVKGatewayDataProcess@@@3@@2@U?$less@K@2@V?$allocator@PAVKGatewayDataProcess@@@2@@std@@_N@2@ABU?$pair@$$CBKPAVKGatewayDataProcess@@@2@@Z 00416980 f i S3PDBSocketPool.obj
 0001:00015a10       ??0?$_Tree@KU?$pair@$$CBKPAVKGatewayDataProcess@@@std@@U_Kfn@?$map@KPAVKGatewayDataProcess@@U?$less@K@std@@V?$allocator@PAVKGatewayDataProcess@@@3@@2@U?$less@K@2@V?$allocator@PAVKGatewayDataProcess@@@2@@std@@QAE@ABU?$less@K@1@_NABV?$allocator@PAVKGatewayDataProcess@@@1@@Z 00416a10 f i S3PDBSocketPool.obj
 0001:00015a80       ?begin@?$_Tree@KU?$pair@$$CBKPAVKGatewayDataProcess@@@std@@U_Kfn@?$map@KPAVKGatewayDataProcess@@U?$less@K@std@@V?$allocator@PAVKGatewayDataProcess@@@3@@2@U?$less@K@2@V?$allocator@PAVKGatewayDataProcess@@@2@@std@@QAE?AViterator@12@XZ 00416a80 f i S3PDBSocketPool.obj
 0001:00015ae0       ?end@?$_Tree@KU?$pair@$$CBKPAVKGatewayDataProcess@@@std@@U_Kfn@?$map@KPAVKGatewayDataProcess@@U?$less@K@std@@V?$allocator@PAVKGatewayDataProcess@@@3@@2@U?$less@K@2@V?$allocator@PAVKGatewayDataProcess@@@2@@std@@QAE?AViterator@12@XZ 00416ae0 f i S3PDBSocketPool.obj
 0001:00015b40       ?size@?$_Tree@KU?$pair@$$CBKPAVKGatewayDataProcess@@@std@@U_Kfn@?$map@KPAVKGatewayDataProcess@@U?$less@K@std@@V?$allocator@PAVKGatewayDataProcess@@@3@@2@U?$less@K@2@V?$allocator@PAVKGatewayDataProcess@@@2@@std@@QBEIXZ 00416b40 f i S3PDBSocketPool.obj
 0001:00015b80       ?erase@?$_Tree@KU?$pair@$$CBKPAVKGatewayDataProcess@@@std@@U_Kfn@?$map@KPAVKGatewayDataProcess@@U?$less@K@std@@V?$allocator@PAVKGatewayDataProcess@@@3@@2@U?$less@K@2@V?$allocator@PAVKGatewayDataProcess@@@2@@std@@QAE?AViterator@12@V312@@Z 00416b80 f i S3PDBSocketPool.obj
 0001:00016610       ??_EKThread_CS@@WM@AEPAXI@Z 00417610 f i S3PDBSocketPool.obj
 0001:00016620       ?erase@?$_Tree@KU?$pair@$$CBKPAVKGatewayDataProcess@@@std@@U_Kfn@?$map@KPAVKGatewayDataProcess@@U?$less@K@std@@V?$allocator@PAVKGatewayDataProcess@@@3@@2@U?$less@K@2@V?$allocator@PAVKGatewayDataProcess@@@2@@std@@QAE?AViterator@12@V312@0@Z 00417620 f i S3PDBSocketPool.obj
 0001:000167e0       ?find@?$_Tree@KU?$pair@$$CBKPAVKGatewayDataProcess@@@std@@U_Kfn@?$map@KPAVKGatewayDataProcess@@U?$less@K@std@@V?$allocator@PAVKGatewayDataProcess@@@3@@2@U?$less@K@2@V?$allocator@PAVKGatewayDataProcess@@@2@@std@@QAE?AViterator@12@ABK@Z 004177e0 f i S3PDBSocketPool.obj
 0001:000168d0       ?_Freenode@?$_Tree@KU?$pair@$$CBKPAVKGatewayDataProcess@@@std@@U_Kfn@?$map@KPAVKGatewayDataProcess@@U?$less@K@std@@V?$allocator@PAVKGatewayDataProcess@@@3@@2@U?$less@K@2@V?$allocator@PAVKGatewayDataProcess@@@2@@std@@IAEXPAU_Node@12@@Z 004178d0 f i S3PDBSocketPool.obj
 0001:00016920       ??0?$pair@$$CBKPAVKGatewayDataProcess@@@std@@QAE@ABKABQAVKGatewayDataProcess@@@Z 00417920 f i S3PDBSocketPool.obj
 0001:00016970       ??Diterator@?$_Tree@KU?$pair@$$CBKPAVKGatewayDataProcess@@@std@@U_Kfn@?$map@KPAVKGatewayDataProcess@@U?$less@K@std@@V?$allocator@PAVKGatewayDataProcess@@@3@@2@U?$less@K@2@V?$allocator@PAVKGatewayDataProcess@@@2@@std@@QBEAAU?$pair@$$CBKPAVKGatewayDataProcess@@@2@XZ 00417970 f i S3PDBSocketPool.obj
 0001:000169c0       ??Eiterator@?$_Tree@KU?$pair@$$CBKPAVKGatewayDataProcess@@@std@@U_Kfn@?$map@KPAVKGatewayDataProcess@@U?$less@K@std@@V?$allocator@PAVKGatewayDataProcess@@@3@@2@U?$less@K@2@V?$allocator@PAVKGatewayDataProcess@@@2@@std@@QAEAAV012@XZ 004179c0 f i S3PDBSocketPool.obj
 0001:00016a10       ??8iterator@?$_Tree@KU?$pair@$$CBKPAVKGatewayDataProcess@@@std@@U_Kfn@?$map@KPAVKGatewayDataProcess@@U?$less@K@std@@V?$allocator@PAVKGatewayDataProcess@@@3@@2@U?$less@K@2@V?$allocator@PAVKGatewayDataProcess@@@2@@std@@QBE_NABV012@@Z 00417a10 f i S3PDBSocketPool.obj
 0001:00016a60       ?erase@?$list@UKAccountUserTimeInfo@@V?$allocator@UKAccountUserTimeInfo@@@std@@@std@@QAE?AViterator@12@V312@0@Z 00417a60 f i S3PDBSocketPool.obj
 0001:00016af0       ?_Freenode@?$list@UKAccountUserTimeInfo@@V?$allocator@UKAccountUserTimeInfo@@@std@@@std@@IAEXPAU_Node@12@@Z 00417af0 f i S3PDBSocketPool.obj
 0001:00016b40       ??Diterator@?$list@UKAccountUserTimeInfo@@V?$allocator@UKAccountUserTimeInfo@@@std@@@std@@QBEAAUKAccountUserTimeInfo@@XZ 00417b40 f i S3PDBSocketPool.obj
 0001:00016b90       ??Eiterator@?$list@UKAccountUserTimeInfo@@V?$allocator@UKAccountUserTimeInfo@@@std@@@std@@QAEAAV012@XZ 00417b90 f i S3PDBSocketPool.obj
 0001:00016bf0       ??8iterator@?$list@UKAccountUserTimeInfo@@V?$allocator@UKAccountUserTimeInfo@@@std@@@std@@QBE_NABV012@@Z 00417bf0 f i S3PDBSocketPool.obj
 0001:00016c40       ??R?$less@K@std@@QBE_NABK0@Z 00417c40 f i S3PDBSocketPool.obj
 0001:00016c90       ?deallocate@?$allocator@PAVKGatewayDataProcess@@@std@@QAEXPAXI@Z 00417c90 f i S3PDBSocketPool.obj
 0001:00016ce0       ?_Color@?$_Tree@KU?$pair@$$CBKPAVKGatewayDataProcess@@@std@@U_Kfn@?$map@KPAVKGatewayDataProcess@@U?$less@K@std@@V?$allocator@PAVKGatewayDataProcess@@@3@@2@U?$less@K@2@V?$allocator@PAVKGatewayDataProcess@@@2@@std@@KAAAW4_Redbl@12@PAU_Node@12@@Z 00417ce0 f i S3PDBSocketPool.obj
 0001:00016d10       ?_Key@?$_Tree@KU?$pair@$$CBKPAVKGatewayDataProcess@@@std@@U_Kfn@?$map@KPAVKGatewayDataProcess@@U?$less@K@std@@V?$allocator@PAVKGatewayDataProcess@@@3@@2@U?$less@K@2@V?$allocator@PAVKGatewayDataProcess@@@2@@std@@KAABKPAU_Node@12@@Z 00417d10 f i S3PDBSocketPool.obj
 0001:00016d60       ?_Left@?$_Tree@KU?$pair@$$CBKPAVKGatewayDataProcess@@@std@@U_Kfn@?$map@KPAVKGatewayDataProcess@@U?$less@K@std@@V?$allocator@PAVKGatewayDataProcess@@@3@@2@U?$less@K@2@V?$allocator@PAVKGatewayDataProcess@@@2@@std@@KAAAPAU_Node@12@PAU312@@Z 00417d60 f i S3PDBSocketPool.obj
 0001:00016d90       ?_Parent@?$_Tree@KU?$pair@$$CBKPAVKGatewayDataProcess@@@std@@U_Kfn@?$map@KPAVKGatewayDataProcess@@U?$less@K@std@@V?$allocator@PAVKGatewayDataProcess@@@3@@2@U?$less@K@2@V?$allocator@PAVKGatewayDataProcess@@@2@@std@@KAAAPAU_Node@12@PAU312@@Z 00417d90 f i S3PDBSocketPool.obj
 0001:00016dc0       ?_Right@?$_Tree@KU?$pair@$$CBKPAVKGatewayDataProcess@@@std@@U_Kfn@?$map@KPAVKGatewayDataProcess@@U?$less@K@std@@V?$allocator@PAVKGatewayDataProcess@@@3@@2@U?$less@K@2@V?$allocator@PAVKGatewayDataProcess@@@2@@std@@KAAAPAU_Node@12@PAU312@@Z 00417dc0 f i S3PDBSocketPool.obj
 0001:00016df0       ?_Value@?$_Tree@KU?$pair@$$CBKPAVKGatewayDataProcess@@@std@@U_Kfn@?$map@KPAVKGatewayDataProcess@@U?$less@K@std@@V?$allocator@PAVKGatewayDataProcess@@@3@@2@U?$less@K@2@V?$allocator@PAVKGatewayDataProcess@@@2@@std@@KAAAU?$pair@$$CBKPAVKGatewayDataProcess@@@2@PAU_Node@12@@Z 00417df0 f i S3PDBSocketPool.obj
 0001:00016e20       ?insert@?$_Tree@KU?$pair@$$CBKPAVKGatewayDataProcess@@@std@@U_Kfn@?$map@KPAVKGatewayDataProcess@@U?$less@K@std@@V?$allocator@PAVKGatewayDataProcess@@@3@@2@U?$less@K@2@V?$allocator@PAVKGatewayDataProcess@@@2@@std@@QAE?AU?$pair@Viterator@?$_Tree@KU?$pair@$$CBKPAVKGatewayDataProcess@@@std@@U_Kfn@?$map@KPAVKGatewayDataProcess@@U?$less@K@std@@V?$allocator@PAVKGatewayDataProcess@@@3@@2@U?$less@K@2@V?$allocator@PAVKGatewayDataProcess@@@2@@std@@_N@2@ABU?$pair@$$CBKPAVKGatewayDataProcess@@@2@@Z 00417e20 f i S3PDBSocketPool.obj
 0001:00017120       ?lower_bound@?$_Tree@KU?$pair@$$CBKPAVKGatewayDataProcess@@@std@@U_Kfn@?$map@KPAVKGatewayDataProcess@@U?$less@K@std@@V?$allocator@PAVKGatewayDataProcess@@@3@@2@U?$less@K@2@V?$allocator@PAVKGatewayDataProcess@@@2@@std@@QAE?AViterator@12@ABK@Z 00418120 f i S3PDBSocketPool.obj
 0001:00017190       ?_Erase@?$_Tree@KU?$pair@$$CBKPAVKGatewayDataProcess@@@std@@U_Kfn@?$map@KPAVKGatewayDataProcess@@U?$less@K@std@@V?$allocator@PAVKGatewayDataProcess@@@3@@2@U?$less@K@2@V?$allocator@PAVKGatewayDataProcess@@@2@@std@@IAEXPAU_Node@12@@Z 00418190 f i S3PDBSocketPool.obj
 0001:000172a0       ?_Init@?$_Tree@KU?$pair@$$CBKPAVKGatewayDataProcess@@@std@@U_Kfn@?$map@KPAVKGatewayDataProcess@@U?$less@K@std@@V?$allocator@PAVKGatewayDataProcess@@@3@@2@U?$less@K@2@V?$allocator@PAVKGatewayDataProcess@@@2@@std@@IAEXXZ 004182a0 f i S3PDBSocketPool.obj
 0001:000173e0       ?_Lmost@?$_Tree@KU?$pair@$$CBKPAVKGatewayDataProcess@@@std@@U_Kfn@?$map@KPAVKGatewayDataProcess@@U?$less@K@std@@V?$allocator@PAVKGatewayDataProcess@@@3@@2@U?$less@K@2@V?$allocator@PAVKGatewayDataProcess@@@2@@std@@IAEAAPAU_Node@12@XZ 004183e0 f i S3PDBSocketPool.obj
 0001:00017430       ?_Lrotate@?$_Tree@KU?$pair@$$CBKPAVKGatewayDataProcess@@@std@@U_Kfn@?$map@KPAVKGatewayDataProcess@@U?$less@K@std@@V?$allocator@PAVKGatewayDataProcess@@@3@@2@U?$less@K@2@V?$allocator@PAVKGatewayDataProcess@@@2@@std@@IAEXPAU_Node@12@@Z 00418430 f i S3PDBSocketPool.obj
 0001:00017620       ?_Max@?$_Tree@KU?$pair@$$CBKPAVKGatewayDataProcess@@@std@@U_Kfn@?$map@KPAVKGatewayDataProcess@@U?$less@K@std@@V?$allocator@PAVKGatewayDataProcess@@@3@@2@U?$less@K@2@V?$allocator@PAVKGatewayDataProcess@@@2@@std@@KAPAU_Node@12@PAU312@@Z 00418620 f i S3PDBSocketPool.obj
 0001:000176e0       ?_Min@?$_Tree@KU?$pair@$$CBKPAVKGatewayDataProcess@@@std@@U_Kfn@?$map@KPAVKGatewayDataProcess@@U?$less@K@std@@V?$allocator@PAVKGatewayDataProcess@@@3@@2@U?$less@K@2@V?$allocator@PAVKGatewayDataProcess@@@2@@std@@KAPAU_Node@12@PAU312@@Z 004186e0 f i S3PDBSocketPool.obj
 0001:000177a0       ?_Rmost@?$_Tree@KU?$pair@$$CBKPAVKGatewayDataProcess@@@std@@U_Kfn@?$map@KPAVKGatewayDataProcess@@U?$less@K@std@@V?$allocator@PAVKGatewayDataProcess@@@3@@2@U?$less@K@2@V?$allocator@PAVKGatewayDataProcess@@@2@@std@@IAEAAPAU_Node@12@XZ 004187a0 f i S3PDBSocketPool.obj
 0001:000177f0       ?_Root@?$_Tree@KU?$pair@$$CBKPAVKGatewayDataProcess@@@std@@U_Kfn@?$map@KPAVKGatewayDataProcess@@U?$less@K@std@@V?$allocator@PAVKGatewayDataProcess@@@3@@2@U?$less@K@2@V?$allocator@PAVKGatewayDataProcess@@@2@@std@@IAEAAPAU_Node@12@XZ 004187f0 f i S3PDBSocketPool.obj
 0001:00017840       ?_Rrotate@?$_Tree@KU?$pair@$$CBKPAVKGatewayDataProcess@@@std@@U_Kfn@?$map@KPAVKGatewayDataProcess@@U?$less@K@std@@V?$allocator@PAVKGatewayDataProcess@@@3@@2@U?$less@K@2@V?$allocator@PAVKGatewayDataProcess@@@2@@std@@IAEXPAU_Node@12@@Z 00418840 f i S3PDBSocketPool.obj
 0001:00017a30       ?_Destval@?$_Tree@KU?$pair@$$CBKPAVKGatewayDataProcess@@@std@@U_Kfn@?$map@KPAVKGatewayDataProcess@@U?$less@K@std@@V?$allocator@PAVKGatewayDataProcess@@@3@@2@U?$less@K@2@V?$allocator@PAVKGatewayDataProcess@@@2@@std@@IAEXPAU?$pair@$$CBKPAVKGatewayDataProcess@@@2@@Z 00418a30 f i S3PDBSocketPool.obj
 0001:00017a80       ?_Inc@const_iterator@?$_Tree@KU?$pair@$$CBKPAVKGatewayDataProcess@@@std@@U_Kfn@?$map@KPAVKGatewayDataProcess@@U?$less@K@std@@V?$allocator@PAVKGatewayDataProcess@@@3@@2@U?$less@K@2@V?$allocator@PAVKGatewayDataProcess@@@2@@std@@QAEXXZ 00418a80 f i S3PDBSocketPool.obj
 0001:00017bb0       ?_Mynode@const_iterator@?$_Tree@KU?$pair@$$CBKPAVKGatewayDataProcess@@@std@@U_Kfn@?$map@KPAVKGatewayDataProcess@@U?$less@K@std@@V?$allocator@PAVKGatewayDataProcess@@@3@@2@U?$less@K@2@V?$allocator@PAVKGatewayDataProcess@@@2@@std@@QBEPAU_Node@23@XZ 00418bb0 f i S3PDBSocketPool.obj
 0001:00017bf0       ??0iterator@?$_Tree@KU?$pair@$$CBKPAVKGatewayDataProcess@@@std@@U_Kfn@?$map@KPAVKGatewayDataProcess@@U?$less@K@std@@V?$allocator@PAVKGatewayDataProcess@@@3@@2@U?$less@K@2@V?$allocator@PAVKGatewayDataProcess@@@2@@std@@QAE@PAU_Node@12@@Z 00418bf0 f i S3PDBSocketPool.obj
 0001:00017c40       ?erase@?$list@UKAccountUserTimeInfo@@V?$allocator@UKAccountUserTimeInfo@@@std@@@std@@QAE?AViterator@12@V312@@Z 00418c40 f i S3PDBSocketPool.obj
 0001:00017d50       ?deallocate@?$allocator@UKAccountUserTimeInfo@@@std@@QAEXPAXI@Z 00418d50 f i S3PDBSocketPool.obj
 0001:00017da0       ??0?$pair@Viterator@?$_Tree@KU?$pair@$$CBKPAVKGatewayDataProcess@@@std@@U_Kfn@?$map@KPAVKGatewayDataProcess@@U?$less@K@std@@V?$allocator@PAVKGatewayDataProcess@@@3@@2@U?$less@K@2@V?$allocator@PAVKGatewayDataProcess@@@2@@std@@_N@std@@QAE@ABViterator@?$_Tree@KU?$pair@$$CBKPAVKGatewayDataProcess@@@std@@U_Kfn@?$map@KPAVKGatewayDataProcess@@U?$less@K@std@@V?$allocator@PAVKGatewayDataProcess@@@3@@2@U?$less@K@2@V?$allocator@PAVKGatewayDataProcess@@@2@@1@AB_N@Z 00418da0 f i S3PDBSocketPool.obj
 0001:00017df0       ??R_Kfn@?$map@KPAVKGatewayDataProcess@@U?$less@K@std@@V?$allocator@PAVKGatewayDataProcess@@@3@@std@@QBEABKABU?$pair@$$CBKPAVKGatewayDataProcess@@@2@@Z 00418df0 f i S3PDBSocketPool.obj
 0001:00017e30       ?_Insert@?$_Tree@KU?$pair@$$CBKPAVKGatewayDataProcess@@@std@@U_Kfn@?$map@KPAVKGatewayDataProcess@@U?$less@K@std@@V?$allocator@PAVKGatewayDataProcess@@@3@@2@U?$less@K@2@V?$allocator@PAVKGatewayDataProcess@@@2@@std@@IAE?AViterator@12@PAU_Node@12@0ABU?$pair@$$CBKPAVKGatewayDataProcess@@@2@@Z 00418e30 f i S3PDBSocketPool.obj
 0001:00018450       ?_Lbound@?$_Tree@KU?$pair@$$CBKPAVKGatewayDataProcess@@@std@@U_Kfn@?$map@KPAVKGatewayDataProcess@@U?$less@K@std@@V?$allocator@PAVKGatewayDataProcess@@@3@@2@U?$less@K@2@V?$allocator@PAVKGatewayDataProcess@@@2@@std@@IBEPAU_Node@12@ABK@Z 00419450 f i S3PDBSocketPool.obj
 0001:00018580       ?_Buynode@?$_Tree@KU?$pair@$$CBKPAVKGatewayDataProcess@@@std@@U_Kfn@?$map@KPAVKGatewayDataProcess@@U?$less@K@std@@V?$allocator@PAVKGatewayDataProcess@@@3@@2@U?$less@K@2@V?$allocator@PAVKGatewayDataProcess@@@2@@std@@IAEPAU_Node@12@PAU312@W4_Redbl@12@@Z 00419580 f i S3PDBSocketPool.obj
 0001:00018600       ??0const_iterator@?$_Tree@KU?$pair@$$CBKPAVKGatewayDataProcess@@@std@@U_Kfn@?$map@KPAVKGatewayDataProcess@@U?$less@K@std@@V?$allocator@PAVKGatewayDataProcess@@@3@@2@U?$less@K@2@V?$allocator@PAVKGatewayDataProcess@@@2@@std@@QAE@PAU_Node@12@@Z 00419600 f i S3PDBSocketPool.obj
 0001:00018640       ??Fiterator@?$_Tree@KU?$pair@$$CBKPAVKGatewayDataProcess@@@std@@U_Kfn@?$map@KPAVKGatewayDataProcess@@U?$less@K@std@@V?$allocator@PAVKGatewayDataProcess@@@3@@2@U?$less@K@2@V?$allocator@PAVKGatewayDataProcess@@@2@@std@@QAEAAV012@XZ 00419640 f i S3PDBSocketPool.obj
 0001:00018690       ?destroy@?$allocator@UKAccountUserTimeInfo@@@std@@QAEXPAUKAccountUserTimeInfo@@@Z 00419690 f i S3PDBSocketPool.obj
 0001:000186e0       ?_Charalloc@?$allocator@PAVKGatewayDataProcess@@@std@@QAEPADI@Z 004196e0 f i S3PDBSocketPool.obj
 0001:00018730       ?_Root@?$_Tree@KU?$pair@$$CBKPAVKGatewayDataProcess@@@std@@U_Kfn@?$map@KPAVKGatewayDataProcess@@U?$less@K@std@@V?$allocator@PAVKGatewayDataProcess@@@3@@2@U?$less@K@2@V?$allocator@PAVKGatewayDataProcess@@@2@@std@@IBEAAPAU_Node@12@XZ 00419730 f i S3PDBSocketPool.obj
 0001:00018780       ?_Consval@?$_Tree@KU?$pair@$$CBKPAVKGatewayDataProcess@@@std@@U_Kfn@?$map@KPAVKGatewayDataProcess@@U?$less@K@std@@V?$allocator@PAVKGatewayDataProcess@@@3@@2@U?$less@K@2@V?$allocator@PAVKGatewayDataProcess@@@2@@std@@IAEXPAU?$pair@$$CBKPAVKGatewayDataProcess@@@2@ABU32@@Z 00419780 f i S3PDBSocketPool.obj
 0001:000187d0       ?_Dec@const_iterator@?$_Tree@KU?$pair@$$CBKPAVKGatewayDataProcess@@@std@@U_Kfn@?$map@KPAVKGatewayDataProcess@@U?$less@K@std@@V?$allocator@PAVKGatewayDataProcess@@@3@@2@U?$less@K@2@V?$allocator@PAVKGatewayDataProcess@@@2@@std@@QAEXXZ 004197d0 f i S3PDBSocketPool.obj
 0001:00018950       ?swap@std@@YAXAAW4_Redbl@?$_Tree@KU?$pair@$$CBKPAVKGatewayDataProcess@@@std@@U_Kfn@?$map@KPAVKGatewayDataProcess@@U?$less@K@std@@V?$allocator@PAVKGatewayDataProcess@@@3@@2@U?$less@K@2@V?$allocator@PAVKGatewayDataProcess@@@2@@1@0@Z 00419950 f i S3PDBSocketPool.obj
 0001:000189a0       ?_Destroy@std@@YAXPAU?$pair@$$CBKPAVKGatewayDataProcess@@@1@@Z 004199a0 f i S3PDBSocketPool.obj
 0001:000189d0       ?_Destroy@std@@YAXPAUKAccountUserTimeInfo@@@Z 004199d0 f i S3PDBSocketPool.obj
 0001:00018a00       ?_Construct@std@@YAXPAU?$pair@$$CBKPAVKGatewayDataProcess@@@1@ABU21@@Z 00419a00 f i S3PDBSocketPool.obj
 0001:00018b10       ??_EKGatewayDataProcess@@WM@AEPAXI@Z 00419b10 f i S3PDBSocketPool.obj
 0001:00018b20       ??0S3PResultVBC@@IAE@XZ    00419b20 f   S3PResultVBC.obj
 0001:00018b60       ??_ES3PResultVBC@@MAEPAXI@Z 00419b60 f i S3PResultVBC.obj
 0001:00018b60       ??_GS3PResultVBC@@MAEPAXI@Z 00419b60 f i S3PResultVBC.obj
 0001:00018bd0       ??1S3PResultVBC@@MAE@XZ    00419bd0 f   S3PResultVBC.obj
 0001:00018c08       _WaitForSingleObject@8     00419c08 f   kernel32:KERNEL32.dll
 0001:00018c0e       _CloseHandle@4             00419c0e f   kernel32:KERNEL32.dll
 0001:00018c14       _TerminateThread@8         00419c14 f   kernel32:KERNEL32.dll
 0001:00018c1a       _CreateEventA@16           00419c1a f   kernel32:KERNEL32.dll
 0001:00018c20       _SetEvent@4                00419c20 f   kernel32:KERNEL32.dll
 0001:00018c26       _ResetEvent@4              00419c26 f   kernel32:KERNEL32.dll
 0001:00018c2c       _GetModuleFileNameA@12     00419c2c f   kernel32:KERNEL32.dll
 0001:00018c32       _CreateMutexA@12           00419c32 f   kernel32:KERNEL32.dll
 0001:00018c38       _ReleaseMutex@4            00419c38 f   kernel32:KERNEL32.dll
 0001:00018c3e       _InitializeCriticalSection@4 00419c3e f   kernel32:KERNEL32.dll
 0001:00018c44       _DeleteCriticalSection@4   00419c44 f   kernel32:KERNEL32.dll
 0001:00018c4a       _EnterCriticalSection@4    00419c4a f   kernel32:KERNEL32.dll
 0001:00018c50       _LeaveCriticalSection@4    00419c50 f   kernel32:KERNEL32.dll
 0001:00018c56       _GetFileAttributesA@4      00419c56 f   kernel32:KERNEL32.dll
 0001:00018c5c       _WriteFile@20              00419c5c f   kernel32:KERNEL32.dll
 0001:00018c62       _GetLocalTime@4            00419c62 f   kernel32:KERNEL32.dll
 0001:00018c68       _GetFileSize@8             00419c68 f   kernel32:KERNEL32.dll
 0001:00018c6e       _CreateDirectoryA@8        00419c6e f   kernel32:KERNEL32.dll
 0001:00018c74       _CreateFileA@28            00419c74 f   kernel32:KERNEL32.dll
 0001:00018c7a       _FreeLibrary@4             00419c7a f   kernel32:KERNEL32.dll
 0001:00018c80       _GetProcAddress@8          00419c80 f   kernel32:KERNEL32.dll
 0001:00018c86       _LoadLibraryA@4            00419c86 f   kernel32:KERNEL32.dll
 0001:00018c8c       _GetLastError@0            00419c8c f   kernel32:KERNEL32.dll
 0001:00018c92       _MultiByteToWideChar@24    00419c92 f   kernel32:KERNEL32.dll
 0001:00018c98       _lstrlenA@4                00419c98 f   kernel32:KERNEL32.dll
 0001:00018c9e       _LocalFree@4               00419c9e f   kernel32:KERNEL32.dll
 0001:00018ca4       _InterlockedDecrement@4    00419ca4 f   kernel32:KERNEL32.dll
 0001:00018caa       _LocalAlloc@8              00419caa f   kernel32:KERNEL32.dll
 0001:00018cb0       _FormatMessageA@28         00419cb0 f   kernel32:KERNEL32.dll
 0001:00018cb6       _Sleep@4                   00419cb6 f   kernel32:KERNEL32.dll
 0001:00018cbc       _GetTickCount@0            00419cbc f   kernel32:KERNEL32.dll
 0001:00018cc2       _DispatchMessageA@4        00419cc2 f   user32:USER32.dll
 0001:00018cc8       _TranslateMessage@4        00419cc8 f   user32:USER32.dll
 0001:00018cce       _GetMessageA@16            00419cce f   user32:USER32.dll
 0001:00018cd4       _LoadStringA@16            00419cd4 f   user32:USER32.dll
 0001:00018cda       _MessageBoxA@16            00419cda f   user32:USER32.dll
 0001:00018ce0       _RegisterClassExA@4        00419ce0 f   user32:USER32.dll
 0001:00018ce6       _LoadCursorA@8             00419ce6 f   user32:USER32.dll
 0001:00018cec       _LoadIconA@8               00419cec f   user32:USER32.dll
 0001:00018cf2       _SendMessageA@16           00419cf2 f   user32:USER32.dll
 0001:00018cf8       _SetTimer@16               00419cf8 f   user32:USER32.dll
 0001:00018cfe       _UpdateWindow@4            00419cfe f   user32:USER32.dll
 0001:00018d04       _ShowWindow@8              00419d04 f   user32:USER32.dll
 0001:00018d0a       _GetClientRect@8           00419d0a f   user32:USER32.dll
 0001:00018d10       _CreateWindowExA@48        00419d10 f   user32:USER32.dll
 0001:00018d16       _EndDialog@8               00419d16 f   user32:USER32.dll
 0001:00018d1c       _MoveWindow@24             00419d1c f   user32:USER32.dll
 0001:00018d22       _DestroyWindow@4           00419d22 f   user32:USER32.dll
 0001:00018d28       _PostQuitMessage@4         00419d28 f   user32:USER32.dll
 0001:00018d2e       _KillTimer@8               00419d2e f   user32:USER32.dll
 0001:00018d34       _EndPaint@8                00419d34 f   user32:USER32.dll
 0001:00018d3a       _BeginPaint@8              00419d3a f   user32:USER32.dll
 0001:00018d40       _DefWindowProcA@16         00419d40 f   user32:USER32.dll
 0001:00018d46       _DialogBoxParamA@20        00419d46 f   user32:USER32.dll
 0001:00018d4c       _wsprintfA                 00419d4c f   user32:USER32.dll
 0001:00018d52       _CLSIDFromProgID@8         00419d52 f   ole32:ole32.dll
 0001:00018d58       _CLSIDFromString@8         00419d58 f   ole32:ole32.dll
 0001:00018d5e       _OleRun@4                  00419d5e f   ole32:ole32.dll
 0001:00018d64       _CoCreateInstance@20       00419d64 f   ole32:ole32.dll
 0001:00018d6a       _CoInitializeEx@8          00419d6a f   ole32:ole32.dll
 0001:00018d70       _CoUninitialize@0          00419d70 f   ole32:ole32.dll
 0001:00018d76       _VariantInit@4             00419d76 f   oleaut32:OLEAUT32.dll
 0001:00018d7c       _VariantClear@4            00419d7c f   oleaut32:OLEAUT32.dll
 0001:00018d82       _SysAllocStringByteLen@8   00419d82 f   oleaut32:OLEAUT32.dll
 0001:00018d88       _SysStringByteLen@4        00419d88 f   oleaut32:OLEAUT32.dll
 0001:00018d8e       _SysFreeString@4           00419d8e f   oleaut32:OLEAUT32.dll
 0001:00018d94       _SysAllocString@4          00419d94 f   oleaut32:OLEAUT32.dll
 0001:00018d9a       _VariantChangeType@16      00419d9a f   oleaut32:OLEAUT32.dll
 0001:00018da0       _WSACleanup@0              00419da0 f   Ws2_32:WS2_32.dll
 0001:00018da6       _closesocket@4             00419da6 f   Ws2_32:WS2_32.dll
 0001:00018dac       _bind@12                   00419dac f   Ws2_32:WS2_32.dll
 0001:00018db2       _htonl@4                   00419db2 f   Ws2_32:WS2_32.dll
 0001:00018db8       _htons@4                   00419db8 f   Ws2_32:WS2_32.dll
 0001:00018dbe       _socket@12                 00419dbe f   Ws2_32:WS2_32.dll
 0001:00018dc4       _WSAStartup@8              00419dc4 f   Ws2_32:WS2_32.dll
 0001:00018dca       _inet_addr@4               00419dca f   Ws2_32:WS2_32.dll
 0001:00018dd0       _inet_ntoa@4               00419dd0 f   Ws2_32:WS2_32.dll
 0001:00018de0       __chkesp                   00419de0 f   LIBCMTD:chkesp.obj
 0001:00018e20       _strlen                    00419e20 f   LIBCMTD:strlen.obj
 0001:00018ea0       ??3@YAXPAX@Z               00419ea0 f   LIBCMTD:dbgdel.obj
 0001:00018f50       _memcpy                    00419f50 f   LIBCMTD:memcpy.obj
 0001:00019290       _fwrite                    0041a290 f   LIBCMTD:fwrite.obj
 0001:000192d0       __fwrite_lk                0041a2d0 f   LIBCMTD:fwrite.obj
 0001:000194f0       _fclose                    0041a4f0 f   LIBCMTD:fclose.obj
 0001:00019580       __fclose_lk                0041a580 f   LIBCMTD:fclose.obj
 0001:00019640       _fread                     0041a640 f   LIBCMTD:fread.obj
 0001:00019680       __fread_lk                 0041a680 f   LIBCMTD:fread.obj
 0001:00019850       ??2@YAPAXI@Z               0041a850 f   LIBCMTD:new.obj
 0001:00019870       _ftell                     0041a870 f   LIBCMTD:ftell.obj
 0001:000198e0       __ftell_lk                 0041a8e0 f   LIBCMTD:ftell.obj
 0001:00019b80       _fseek                     0041ab80 f   LIBCMTD:fseek.obj
 0001:00019bf0       __fseek_lk                 0041abf0 f   LIBCMTD:fseek.obj
 0001:00019d20       __fsopen                   0041ad20 f   LIBCMTD:fopen.obj
 0001:00019e20       _fopen                     0041ae20 f   LIBCMTD:fopen.obj
 0001:00019e40       ?_JumpToContinuation@@YGXPAXPAUEHRegistrationNode@@@Z 0041ae40 f   LIBCMTD:trnsctrl.obj
 0001:00019e80       ?_CallMemberFunction0@@YGXPAX0@Z 0041ae80 f   LIBCMTD:trnsctrl.obj
 0001:00019e90       ?_CallMemberFunction1@@YGXPAX00@Z 0041ae90 f   LIBCMTD:trnsctrl.obj
 0001:00019ea0       ?_CallMemberFunction2@@YGXPAX00H@Z 0041aea0 f   LIBCMTD:trnsctrl.obj
 0001:00019eb0       ?_UnwindNestedFrames@@YGXPAUEHRegistrationNode@@PAUEHExceptionRecord@@@Z 0041aeb0 f   LIBCMTD:trnsctrl.obj
 0001:00019f10       ___CxxFrameHandler         0041af10 f   LIBCMTD:trnsctrl.obj
 0001:00019f50       ___CxxLongjmpUnwind@4      0041af50 f   LIBCMTD:trnsctrl.obj
 0001:00019f80       ?_CallCatchBlock2@@YAPAXPAUEHRegistrationNode@@PBU_s_FuncInfo@@PAXHK@Z 0041af80 f   LIBCMTD:trnsctrl.obj
 0001:0001a030       ?_CallSETranslator@@YAHPAUEHExceptionRecord@@PAUEHRegistrationNode@@PAX2PBU_s_FuncInfo@@H1@Z 0041b030 f   LIBCMTD:trnsctrl.obj
 0001:0001a190       ?_GetRangeOfTrysToCheck@@YAPBU_s_TryBlockMapEntry@@PBU_s_FuncInfo@@HHPAI1@Z 0041b190 f   LIBCMTD:trnsctrl.obj
 0001:0001a220       __global_unwind2           0041b220 f   LIBCMTD:exsup.obj
 0001:0001a262       __local_unwind2            0041b262 f   LIBCMTD:exsup.obj
 0001:0001a2ba       __NLG_Return2              0041b2ba f   LIBCMTD:exsup.obj
 0001:0001a2ca       __abnormal_termination     0041b2ca f   LIBCMTD:exsup.obj
 0001:0001a2ed       __NLG_Notify1              0041b2ed f   LIBCMTD:exsup.obj
 0001:0001a2f6       __NLG_Notify               0041b2f6 f   LIBCMTD:exsup.obj
 0001:0001a309       __NLG_Dispatch             0041b309 f   LIBCMTD:exsup.obj
 0001:0001a310       __mbsnbcmp                 0041b310 f   LIBCMTD:mbsnbcmp.obj
 0001:0001a500       _strcpy                    0041b500 f   LIBCMTD:strcat.obj
 0001:0001a510       _strcat                    0041b510 f   LIBCMTD:strcat.obj
 0001:0001a5f0       __beginthreadex            0041b5f0 f   LIBCMTD:threadex.obj
 0001:0001a780       __endthreadex              0041b780 f   LIBCMTD:threadex.obj
 0001:0001a7d0       _memset                    0041b7d0 f   LIBCMTD:memset.obj
 0001:0001a830       __assert                   0041b830 f   LIBCMTD:assert.obj
 0001:0001abb0       _vfprintf                  0041bbb0 f   LIBCMTD:vfprintf.obj
 0001:0001ac70       __purecall                 0041bc70 f   LIBCMTD:purevirt.obj
 0001:0001ac80       _sprintf                   0041bc80 f   LIBCMTD:sprintf.obj
 0001:0001ad80       _memmove                   0041bd80 f   LIBCMTD:memmove.obj
 0001:0001b0c0       __onexit                   0041c0c0 f   LIBCMTD:onexit.obj
 0001:0001b180       _atexit                    0041c180 f   LIBCMTD:onexit.obj
 0001:0001b1a0       ___onexitinit              0041c1a0 f   LIBCMTD:onexit.obj
 0001:0001b1f0       _atol                      0041c1f0 f   LIBCMTD:atox.obj
 0001:0001b2f0       _atoi                      0041c2f0 f   LIBCMTD:atox.obj
 0001:0001b310       __atoi64                   0041c310 f   LIBCMTD:atox.obj
 0001:0001b440       _vsprintf                  0041c440 f   LIBCMTD:vsprintf.obj
 0001:0001b540       _localtime                 0041c540 f   LIBCMTD:localtim.obj
 0001:0001b7a0       _time                      0041c7a0 f   LIBCMTD:time.obj
 0001:0001b930       ??1type_info@@UAE@XZ       0041c930 f   LIBCMTD:typinfo.obj
 0001:0001b970       ??_Gtype_info@@UAEPAXI@Z   0041c970 f i LIBCMTD:typinfo.obj
 0001:0001b970       ??_Etype_info@@UAEPAXI@Z   0041c970 f i LIBCMTD:typinfo.obj
 0001:0001b9a0       ??8type_info@@QBEHABV0@@Z  0041c9a0 f   LIBCMTD:typinfo.obj
 0001:0001b9d0       ??9type_info@@QBEHABV0@@Z  0041c9d0 f   LIBCMTD:typinfo.obj
 0001:0001ba00       ?before@type_info@@QBEHABV1@@Z 0041ca00 f   LIBCMTD:typinfo.obj
 0001:0001ba30       ?raw_name@type_info@@QBEPBDXZ 0041ca30 f   LIBCMTD:typinfo.obj
 0001:0001ba50       ??0type_info@@AAE@ABV0@@Z  0041ca50 f   LIBCMTD:typinfo.obj
 0001:0001ba70       ??4type_info@@AAEAAV0@ABV0@@Z 0041ca70 f   LIBCMTD:typinfo.obj
 0001:0001ba80       __alloca_probe             0041ca80 f   LIBCMTD:chkstk.obj
 0001:0001ba80       __chkstk                   0041ca80 f   LIBCMTD:chkstk.obj
 0001:0001bab0       _strncpy                   0041cab0 f   LIBCMTD:strncpy.obj
 0001:0001bbb0       _strcmp                    0041cbb0 f   LIBCMTD:strcmp.obj
 0001:0001bc40       __CrtDbgBreak              0041cc40 f   LIBCMTD:dbgrpt.obj
 0001:0001bc50       __CrtSetReportMode         0041cc50 f   LIBCMTD:dbgrpt.obj
 0001:0001bcb0       __CrtSetReportFile         0041ccb0 f   LIBCMTD:dbgrpt.obj
 0001:0001bd30       __CrtSetReportHook         0041cd30 f   LIBCMTD:dbgrpt.obj
 0001:0001bd50       __CrtDbgReport             0041cd50 f   LIBCMTD:dbgrpt.obj
 0001:0001c3f0       _WinMainCRTStartup         0041d3f0 f   LIBCMTD:wincrt0.obj
 0001:0001c560       __amsg_exit                0041d560 f   LIBCMTD:wincrt0.obj
 0001:0001c5c0       __mtinitlocks              0041d5c0 f   LIBCMTD:mlock.obj
 0001:0001c600       __mtdeletelocks            0041d600 f   LIBCMTD:mlock.obj
 0001:0001c6a0       __lock                     0041d6a0 f   LIBCMTD:mlock.obj
 0001:0001c740       __unlock                   0041d740 f   LIBCMTD:mlock.obj
 0001:0001c760       __lockerr_exit             0041d760 f   LIBCMTD:mlock.obj
 0001:0001c780       _malloc                    0041d780 f   LIBCMTD:dbgheap.obj
 0001:0001c7a0       __malloc_dbg               0041d7a0 f   LIBCMTD:dbgheap.obj
 0001:0001c7d0       __nh_malloc                0041d7d0 f   LIBCMTD:dbgheap.obj
 0001:0001c7f0       __nh_malloc_dbg            0041d7f0 f   LIBCMTD:dbgheap.obj
 0001:0001c850       __heap_alloc               0041d850 f   LIBCMTD:dbgheap.obj
 0001:0001c870       __heap_alloc_dbg           0041d870 f   LIBCMTD:dbgheap.obj
 0001:0001cb90       _calloc                    0041db90 f   LIBCMTD:dbgheap.obj
 0001:0001cbb0       __calloc_dbg               0041dbb0 f   LIBCMTD:dbgheap.obj
 0001:0001cc10       _realloc                   0041dc10 f   LIBCMTD:dbgheap.obj
 0001:0001cc30       __realloc_dbg              0041dc30 f   LIBCMTD:dbgheap.obj
 0001:0001d190       __expand                   0041e190 f   LIBCMTD:dbgheap.obj
 0001:0001d1b0       __expand_dbg               0041e1b0 f   LIBCMTD:dbgheap.obj
 0001:0001d1f0       _free                      0041e1f0 f   LIBCMTD:dbgheap.obj
 0001:0001d210       __free_lk                  0041e210 f   LIBCMTD:dbgheap.obj
 0001:0001d230       __free_dbg                 0041e230 f   LIBCMTD:dbgheap.obj
 0001:0001d260       __free_dbg_lk              0041e260 f   LIBCMTD:dbgheap.obj
 0001:0001d650       __msize                    0041e650 f   LIBCMTD:dbgheap.obj
 0001:0001d670       __msize_dbg                0041e670 f   LIBCMTD:dbgheap.obj
 0001:0001d7d0       __CrtSetBreakAlloc         0041e7d0 f   LIBCMTD:dbgheap.obj
[...]
 0003:00002508       ?__pMyUnhandledExceptionFilter@@3PAXA 0045c508     LIBCMTD:throw.obj
 0003:00002ab0       ?g_szWindowClass@@3PADA    0045cab0     main.obj
 0003:00002bb8       ?g_TraceBuffer@@3VTwoFixBuffer@@A 0045cbb8     main.obj
 0003:00202c08       ?g_listwnd@@3PAUHWND__@@A  0065cc08     main.obj
 0003:00202c0c       ?g_cnt@@3JA                0065cc0c     main.obj
 0003:00202c14       ?g_hInst@@3PAUHINSTANCE__@@A 0065cc14     main.obj
 0003:00202c18       ?g_nShowTime@@3HA          0065cc18     main.obj
 0003:002692d0       ?m_pInstance@S3PDBConnectionPool@@1PAV1@A 006c32d0     S3PDBConnectionPool.obj
 0003:002692dc       ?m_pInstance@S3PDBSocketPool@@1PAV1@A 006c32dc     S3PDBSocketPool.obj
 0003:002692e0       ?m_SelfAddress@S3PDBSocketPool@@2KA 006c32e0     S3PDBSocketPool.obj
 0003:002692e8       ?_Nil@?$_Tree@KU?$pair@$$CBKPAVKGatewayDataProcess@@@std@@U_Kfn@?$map@KPAVKGatewayDataProcess@@U?$less@K@std@@V?$allocator@PAVKGatewayDataProcess@@@3@@2@U?$less@K@2@V?$allocator@PAVKGatewayDataProcess@@@2@@std@@1PAU_Node@12@A 006c32e8     S3PDBSocketPool.obj
 0003:002692ec       ?_Nilrefs@?$_Tree@KU?$pair@$$CBKPAVKGatewayDataProcess@@@std@@U_Kfn@?$map@KPAVKGatewayDataProcess@@U?$less@K@std@@V?$allocator@PAVKGatewayDataProcess@@@3@@2@U?$less@K@2@V?$allocator@PAVKGatewayDataProcess@@@2@@std@@1IA 006c32ec     S3PDBSocketPool.obj
 0003:0026930c       __aenvptr                  006c330c     LIBCMTD:wincrt0.obj
 0003:00269310       __wenvptr                  006c3310     LIBCMTD:wincrt0.obj
 0003:00269314       ___error_mode              006c3314     LIBCMTD:wincrt0.obj
 0003:0026938c       __cflush                   006c338c     LIBCMTD:_file.obj
 0003:00269394       __umaskval                 006c3394     LIBCMTD:crt0dat.obj
 0003:00269398       __osver                    006c3398     LIBCMTD:crt0dat.obj
 0003:0026939c       __winver                   006c339c     LIBCMTD:crt0dat.obj
 0003:002693a0       __winmajor                 006c33a0     LIBCMTD:crt0dat.obj
 0003:002693a4       __winminor                 006c33a4     LIBCMTD:crt0dat.obj
 0003:002693a8       ___argc                    006c33a8     LIBCMTD:crt0dat.obj
 0003:002693ac       ___argv                    006c33ac     LIBCMTD:crt0dat.obj
 0003:002693b0       ___wargv                   006c33b0     LIBCMTD:crt0dat.obj
 0003:002693b4       __environ                  006c33b4     LIBCMTD:crt0dat.obj
 0003:002693b8       ___initenv                 006c33b8     LIBCMTD:crt0dat.obj
 0003:002693bc       __wenviron                 006c33bc     LIBCMTD:crt0dat.obj
 0003:002693c0       ___winitenv                006c33c0     LIBCMTD:crt0dat.obj
 0003:002693c4       __pgmptr                   006c33c4     LIBCMTD:crt0dat.obj
 0003:002693c8       __wpgmptr                  006c33c8     LIBCMTD:crt0dat.obj
 0003:002693cc       __exitflag                 006c33cc     LIBCMTD:crt0dat.obj
 0003:002693d0       __C_Termination_Done       006c33d0     LIBCMTD:crt0dat.obj
 0003:002693d4       __C_Exit_Done              006c33d4     LIBCMTD:crt0dat.obj
 0003:002693fc       __stdbuf                   006c33fc     LIBCMTD:_sftbuf.obj
 0003:002695f4       __adbgmsg                  006c35f4     LIBCMTD:crt0msg.obj
 0003:002695f8       __newmode                  006c35f8     LIBCMTD:_newmode.obj
 0003:002695fc       ?_pnhHeap@@3P6AHI@ZA       006c35fc     LIBCMTD:handler.obj
 0003:00269600       __commode                  006c3600     LIBCMTD:ncommode.obj
 0003:00269608       ___lc_handle               006c3608     LIBCMTD:nlsdata2.obj
 0003:00269620       ___lc_codepage             006c3620     LIBCMTD:nlsdata2.obj
 0003:00269624       ___lc_collate_cp           006c3624     LIBCMTD:nlsdata2.obj
 0003:00269630       __fmode                    006c3630     LIBCMTD:txtmode.obj
 0003:00269640       ___lc_time_intl            006c3640     LIBCMTD:inittime.obj
 0003:0026965c       ___lc_id                   006c365c     LIBCMTD:nlsdata3.obj
 0003:002696b0       ___lconv_static_null       006c36b0     LIBCMTD:lconv.obj
 0003:002696e0       ?vtMissing@@3V_variant_t@@A 006c36e0     comsupp:comutil.obj
 0003:002696f0       __GUID_00000000_0000_0000_0000_000000000000 006c36f0     comsupp:comsupp.obj
 0003:00269700       ??_B?1???id@?$ctype@G@std@@$D@@9@51 006c3700     <common>
 0003:0026970c       ___alternate_form          006c370c     <common>
 0003:0026971c       ___no_lead_zeros           006c371c     <common>
 0003:00269720       ___setlc_active            006c3720     <common>
 0003:00269730       ___unguarded_readlc_active 006c3730     <common>
 0003:00269734       ___sbh_sizeHeaderList      006c3734     <common>
 0003:00269744       ___sbh_indGroupDefer       006c3744     <common>
 0003:00269748       ___sbh_pHeaderScan         006c3748     <common>
 0003:0026974c       ___sbh_pHeaderDefer        006c374c     <common>
 0003:00269750       ___sbh_cntHeaderList       006c3750     <common>
 0003:00269754       ___sbh_pHeaderList         006c3754     <common>
 0003:00269758       __crtheap                  006c3758     <common>
 0003:00269764       ___env_initialized         006c3764     <common>
 0003:00269774       ___mbctype_initialized     006c3774     <common>
 0003:00269778       ___onexitend               006c3778     <common>
 0003:0026977c       ___onexitbegin             006c377c     <common>
 0003:00269780       __FPinit                   006c3780     <common>
 0003:00269784       ___mbcodepage              006c3784     <common>
 0003:00269800       ___mbulinfo                006c3800     <common>
 0003:0026980c       ___ismbcodepage            006c380c     <common>
 0003:00269820       __mbcasemap                006c3820     <common>
 0003:00269920       __mbctype                  006c3920     <common>
 0003:00269a24       ___mblcid                  006c3a24     <common>
 0003:00269a40       ___pioinfo                 006c3a40     <common>
 0003:00269b7c       __nhandle                  006c3b7c     <common>
 0003:00269b80       ___piob                    006c3b80     <common>
 0003:00269ec0       __bufin                    006c3ec0     <common>
 0003:0026aec0       __nstream                  006c4ec0     <common>
 0003:0026aec4       __pfnDumpClient            006c4ec4     <common>
 0003:0026aed0       __acmdln                   006c4ed0     <common>
 0003:0026aedc       __pfnReportHook            006c4edc     <common>
 0003:0026aee8       __FPmtinit                 006c4ee8     <common>
 0003:0026aef8       __FPmtterm                 006c4ef8     <common>
 0003:0026aefc       ??_B?1???id@?$collate@D@std@@$D@@9@51 006c4efc     <common>
 0004:00000000       __IMPORT_DESCRIPTOR_KERNEL32 006c5000     kernel32:KERNEL32.dll
 0004:00000014       __IMPORT_DESCRIPTOR_USER32 006c5014     user32:USER32.dll
 0004:00000028       __IMPORT_DESCRIPTOR_ole32  006c5028     ole32:ole32.dll
 0004:0000003c       __IMPORT_DESCRIPTOR_OLEAUT32 006c503c     oleaut32:OLEAUT32.dll
 0004:00000050       __IMPORT_DESCRIPTOR_WS2_32 006c5050     Ws2_32:WS2_32.dll
 0004:00000064       __NULL_IMPORT_DESCRIPTOR   006c5064     kernel32:KERNEL32.dll
 0004:0000041c       __imp__WaitForSingleObject@8 006c541c     kernel32:KERNEL32.dll
 0004:00000420       __imp__CloseHandle@4       006c5420     kernel32:KERNEL32.dll
 0004:00000424       __imp__TerminateThread@8   006c5424     kernel32:KERNEL32.dll
 0004:00000428       __imp__CreateEventA@16     006c5428     kernel32:KERNEL32.dll
 0004:0000042c       __imp__SetEvent@4          006c542c     kernel32:KERNEL32.dll
 0004:00000430       __imp__ResetEvent@4        006c5430     kernel32:KERNEL32.dll
 0004:00000434       __imp__GetModuleFileNameA@12 006c5434     kernel32:KERNEL32.dll
 0004:00000438       __imp__CreateMutexA@12     006c5438     kernel32:KERNEL32.dll
 0004:0000043c       __imp__ReleaseMutex@4      006c543c     kernel32:KERNEL32.dll
 0004:00000440       __imp__InitializeCriticalSection@4 006c5440     kernel32:KERNEL32.dll
 0004:00000444       __imp__DeleteCriticalSection@4 006c5444     kernel32:KERNEL32.dll
 0004:00000448       __imp__EnterCriticalSection@4 006c5448     kernel32:KERNEL32.dll
 0004:0000044c       __imp__LeaveCriticalSection@4 006c544c     kernel32:KERNEL32.dll
 0004:00000450       __imp__GetFileAttributesA@4 006c5450     kernel32:KERNEL32.dll
 0004:00000454       __imp__WriteFile@20        006c5454     kernel32:KERNEL32.dll
 0004:00000458       __imp__GetLocalTime@4      006c5458     kernel32:KERNEL32.dll
 0004:0000045c       __imp__GetFileSize@8       006c545c     kernel32:KERNEL32.dll
 0004:00000460       __imp__CreateDirectoryA@8  006c5460     kernel32:KERNEL32.dll
 0004:00000464       __imp__CreateFileA@28      006c5464     kernel32:KERNEL32.dll
 0004:00000468       __imp__FreeLibrary@4       006c5468     kernel32:KERNEL32.dll
 0004:0000046c       __imp__GetProcAddress@8    006c546c     kernel32:KERNEL32.dll
 0004:00000470       __imp__LoadLibraryA@4      006c5470     kernel32:KERNEL32.dll
 0004:00000474       __imp__GetLastError@0      006c5474     kernel32:KERNEL32.dll
 0004:00000478       __imp__MultiByteToWideChar@24 006c5478     kernel32:KERNEL32.dll
 0004:0000047c       __imp__lstrlenA@4          006c547c     kernel32:KERNEL32.dll
 0004:00000480       __imp__LocalFree@4         006c5480     kernel32:KERNEL32.dll
 0004:00000484       __imp__InterlockedDecrement@4 006c5484     kernel32:KERNEL32.dll
 0004:00000488       __imp__LocalAlloc@8        006c5488     kernel32:KERNEL32.dll
 0004:0000048c       __imp__FormatMessageA@28   006c548c     kernel32:KERNEL32.dll
 0004:00000490       __imp__Sleep@4             006c5490     kernel32:KERNEL32.dll
 0004:00000494       __imp__GetTickCount@0      006c5494     kernel32:KERNEL32.dll
 0004:00000498       __imp__lstrlenW@4          006c5498     kernel32:KERNEL32.dll
 0004:0000049c       __imp__InterlockedExchange@8 006c549c     kernel32:KERNEL32.dll
 0004:000004a0       __imp__GetLocaleInfoW@16   006c54a0     kernel32:KERNEL32.dll
 0004:000004a4       __imp__SetEnvironmentVariableA@8 006c54a4     kernel32:KERNEL32.dll
 0004:000004a8       __imp__CompareStringW@24   006c54a8     kernel32:KERNEL32.dll
 0004:000004ac       __imp__CompareStringA@24   006c54ac     kernel32:KERNEL32.dll
 0004:000004b0       __imp__GetVersionExA@4     006c54b0     kernel32:KERNEL32.dll
 0004:000004b4       __imp__GetUserDefaultLCID@0 006c54b4     kernel32:KERNEL32.dll
 0004:000004b8       __imp__EnumSystemLocalesA@8 006c54b8     kernel32:KERNEL32.dll
 0004:000004bc       __imp__GetLocaleInfoA@16   006c54bc     kernel32:KERNEL32.dll
 0004:000004c0       __imp__IsValidCodePage@4   006c54c0     kernel32:KERNEL32.dll
 0004:000004c4       __imp__IsValidLocale@8     006c54c4     kernel32:KERNEL32.dll
 0004:000004c8       __imp__SetEndOfFile@4      006c54c8     kernel32:KERNEL32.dll
 0004:000004cc       __imp__GetStringTypeW@16   006c54cc     kernel32:KERNEL32.dll
 0004:000004d0       __imp__GetStringTypeA@20   006c54d0     kernel32:KERNEL32.dll
 0004:000004d4       __imp__LCMapStringW@24     006c54d4     kernel32:KERNEL32.dll
 0004:000004d8       __imp__LCMapStringA@24     006c54d8     kernel32:KERNEL32.dll
 0004:000004dc       __imp__IsBadCodePtr@4      006c54dc     kernel32:KERNEL32.dll
 0004:000004e0       __imp__SetUnhandledExceptionFilter@4 006c54e0     kernel32:KERNEL32.dll
 0004:000004e4       __imp__FlushFileBuffers@4  006c54e4     kernel32:KERNEL32.dll
 0004:000004e8       __imp__SetStdHandle@8      006c54e8     kernel32:KERNEL32.dll
 0004:000004ec       __imp__VirtualAlloc@16     006c54ec     kernel32:KERNEL32.dll
 0004:000004f0       __imp__HeapReAlloc@16      006c54f0     kernel32:KERNEL32.dll
 0004:000004f4       __imp__HeapAlloc@12        006c54f4     kernel32:KERNEL32.dll
 0004:000004f8       __imp__VirtualFree@12      006c54f8     kernel32:KERNEL32.dll
 0004:000004fc       __imp__HeapCreate@12       006c54fc     kernel32:KERNEL32.dll
 0004:00000500       __imp__HeapDestroy@4       006c5500     kernel32:KERNEL32.dll
 0004:00000504       __imp__GetEnvironmentStringsW@0 006c5504     kernel32:KERNEL32.dll
 0004:00000508       __imp__GetEnvironmentStrings@0 006c5508     kernel32:KERNEL32.dll
 0004:0000050c       __imp__FreeEnvironmentStringsW@4 006c550c     kernel32:KERNEL32.dll
 0004:00000510       __imp__FreeEnvironmentStringsA@4 006c5510     kernel32:KERNEL32.dll
 0004:00000514       __imp__HeapFree@12         006c5514     kernel32:KERNEL32.dll
 0004:00000518       __imp__WideCharToMultiByte@32 006c5518     kernel32:KERNEL32.dll
 0004:0000051c       __imp__SetConsoleCtrlHandler@8 006c551c     kernel32:KERNEL32.dll
 0004:00000520       __imp__UnhandledExceptionFilter@4 006c5520     kernel32:KERNEL32.dll
 0004:00000524       __imp__GetCurrentProcess@0 006c5524     kernel32:KERNEL32.dll
 0004:00000528       __imp__TerminateProcess@8  006c5528     kernel32:KERNEL32.dll
 0004:0000052c       __imp__GetOEMCP@0          006c552c     kernel32:KERNEL32.dll
 0004:00000530       __imp__GetACP@0            006c5530     kernel32:KERNEL32.dll
 0004:00000534       __imp__GetCPInfo@8         006c5534     kernel32:KERNEL32.dll
 0004:00000538       __imp__GetCurrentThread@0  006c5538     kernel32:KERNEL32.dll
 0004:0000053c       __imp__TlsGetValue@4       006c553c     kernel32:KERNEL32.dll
 0004:00000540       __imp__SetLastError@4      006c5540     kernel32:KERNEL32.dll
 0004:00000544       __imp__TlsFree@4           006c5544     kernel32:KERNEL32.dll
 0004:00000548       __imp__TlsAlloc@0          006c5548     kernel32:KERNEL32.dll
 0004:0000054c       __imp__RaiseException@16   006c554c     kernel32:KERNEL32.dll
 0004:00000550       __imp__SetFilePointer@16   006c5550     kernel32:KERNEL32.dll
 0004:00000554       __imp__GetFileType@4       006c5554     kernel32:KERNEL32.dll
 0004:00000558       __imp__SetHandleCount@4    006c5558     kernel32:KERNEL32.dll
 0004:0000055c       __imp__ReadFile@20         006c555c     kernel32:KERNEL32.dll
 0004:00000560       __imp__RtlUnwind@16        006c5560     kernel32:KERNEL32.dll
 0004:00000564       __imp__CreateThread@24     006c5564     kernel32:KERNEL32.dll
 0004:00000568       __imp__GetCurrentThreadId@0 006c5568     kernel32:KERNEL32.dll
 0004:0000056c       __imp__TlsSetValue@8       006c556c     kernel32:KERNEL32.dll
 0004:00000570       __imp__ExitThread@4        006c5570     kernel32:KERNEL32.dll
 0004:00000574       __imp__GetTimeZoneInformation@4 006c5574     kernel32:KERNEL32.dll
 0004:00000578       __imp__GetSystemTime@4     006c5578     kernel32:KERNEL32.dll
 0004:0000057c       __imp__DebugBreak@0        006c557c     kernel32:KERNEL32.dll
 0004:00000580       __imp__GetStdHandle@4      006c5580     kernel32:KERNEL32.dll
 0004:00000584       __imp__OutputDebugStringA@4 006c5584     kernel32:KERNEL32.dll
 0004:00000588       __imp__InterlockedIncrement@4 006c5588     kernel32:KERNEL32.dll
 0004:0000058c       __imp__GetModuleHandleA@4  006c558c     kernel32:KERNEL32.dll
 0004:00000590       __imp__GetStartupInfoA@4   006c5590     kernel32:KERNEL32.dll
 0004:00000594       __imp__GetCommandLineA@0   006c5594     kernel32:KERNEL32.dll
 0004:00000598       __imp__GetVersion@0        006c5598     kernel32:KERNEL32.dll
 0004:0000059c       __imp__ExitProcess@4       006c559c     kernel32:KERNEL32.dll
 0004:000005a0       __imp__FatalAppExitA@8     006c55a0     kernel32:KERNEL32.dll
 0004:000005a4       __imp__IsBadWritePtr@8     006c55a4     kernel32:KERNEL32.dll
 0004:000005a8       __imp__IsBadReadPtr@8      006c55a8     kernel32:KERNEL32.dll
 0004:000005ac       __imp__HeapValidate@12     006c55ac     kernel32:KERNEL32.dll
 0004:000005b0       \177KERNEL32_NULL_THUNK_DATA 006c55b0     kernel32:KERNEL32.dll
 0004:0000062c       __imp__VariantChangeType@16 006c562c     oleaut32:OLEAUT32.dll
 0004:00000630       __imp__SetErrorInfo@8      006c5630     oleaut32:OLEAUT32.dll
 0004:00000634       __imp__CreateErrorInfo@4   006c5634     oleaut32:OLEAUT32.dll
 0004:00000638       __imp__VariantInit@4       006c5638     oleaut32:OLEAUT32.dll
 0004:0000063c       __imp__VariantClear@4      006c563c     oleaut32:OLEAUT32.dll
 0004:00000640       __imp__SysAllocStringByteLen@8 006c5640     oleaut32:OLEAUT32.dll
 0004:00000644       __imp__SysStringByteLen@4  006c5644     oleaut32:OLEAUT32.dll
 0004:00000648       __imp__SysFreeString@4     006c5648     oleaut32:OLEAUT32.dll
 0004:0000064c       __imp__SysAllocString@4    006c564c     oleaut32:OLEAUT32.dll
 0004:00000650       __imp__GetErrorInfo@8      006c5650     oleaut32:OLEAUT32.dll
 0004:00000654       \177OLEAUT32_NULL_THUNK_DATA 006c5654     oleaut32:OLEAUT32.dll
 0004:00000688       __imp__GetClientRect@8     006c5688     user32:USER32.dll
 0004:0000068c       __imp__ShowWindow@8        006c568c     user32:USER32.dll
 0004:00000690       __imp__UpdateWindow@4      006c5690     user32:USER32.dll
 0004:00000694       __imp__SetTimer@16         006c5694     user32:USER32.dll
 0004:00000698       __imp__SendMessageA@16     006c5698     user32:USER32.dll
 0004:0000069c       __imp__LoadIconA@8         006c569c     user32:USER32.dll
 0004:000006a0       __imp__LoadCursorA@8       006c56a0     user32:USER32.dll
 0004:000006a4       __imp__RegisterClassExA@4  006c56a4     user32:USER32.dll
 0004:000006a8       __imp__DialogBoxParamA@20  006c56a8     user32:USER32.dll
 0004:000006ac       __imp__DispatchMessageA@4  006c56ac     user32:USER32.dll
 0004:000006b0       __imp__TranslateMessage@4  006c56b0     user32:USER32.dll
 0004:000006b4       __imp__GetMessageA@16      006c56b4     user32:USER32.dll
 0004:000006b8       __imp__LoadStringA@16      006c56b8     user32:USER32.dll
 0004:000006bc       __imp__wsprintfA           006c56bc     user32:USER32.dll
 0004:000006c0       __imp__CreateWindowExA@48  006c56c0     user32:USER32.dll
 0004:000006c4       __imp__DefWindowProcA@16   006c56c4     user32:USER32.dll
 0004:000006c8       __imp__BeginPaint@8        006c56c8     user32:USER32.dll
 0004:000006cc       __imp__EndPaint@8          006c56cc     user32:USER32.dll
 0004:000006d0       __imp__KillTimer@8         006c56d0     user32:USER32.dll
 0004:000006d4       __imp__PostQuitMessage@4   006c56d4     user32:USER32.dll
 0004:000006d8       __imp__DestroyWindow@4     006c56d8     user32:USER32.dll
 0004:000006dc       __imp__MoveWindow@24       006c56dc     user32:USER32.dll
 0004:000006e0       __imp__EndDialog@8         006c56e0     user32:USER32.dll
 0004:000006e4       __imp__MessageBoxA@16      006c56e4     user32:USER32.dll
 0004:000006e8       \177USER32_NULL_THUNK_DATA 006c56e8     user32:USER32.dll
 0004:00000724       __imp__WSACleanup@0        006c5724     Ws2_32:WS2_32.dll
 0004:00000728       __imp__closesocket@4       006c5728     Ws2_32:WS2_32.dll
 0004:0000072c       __imp__bind@12             006c572c     Ws2_32:WS2_32.dll
 0004:00000730       __imp__htonl@4             006c5730     Ws2_32:WS2_32.dll
 0004:00000734       __imp__htons@4             006c5734     Ws2_32:WS2_32.dll
 0004:00000738       __imp__WSAStartup@8        006c5738     Ws2_32:WS2_32.dll
 0004:0000073c       __imp__inet_addr@4         006c573c     Ws2_32:WS2_32.dll
 0004:00000740       __imp__inet_ntoa@4         006c5740     Ws2_32:WS2_32.dll
 0004:00000744       __imp__socket@12           006c5744     Ws2_32:WS2_32.dll
 0004:00000748       \177WS2_32_NULL_THUNK_DATA 006c5748     Ws2_32:WS2_32.dll
 0004:00000778       __imp__OleRun@4            006c5778     ole32:ole32.dll
 0004:0000077c       __imp__CoCreateInstance@20 006c577c     ole32:ole32.dll
 0004:00000780       __imp__CoInitializeEx@8    006c5780     ole32:ole32.dll
 0004:00000784       __imp__CoUninitialize@0    006c5784     ole32:ole32.dll
 0004:00000788       __imp__CLSIDFromString@8   006c5788     ole32:ole32.dll
 0004:0000078c       __imp__CLSIDFromProgID@8   006c578c     ole32:ole32.dll
 0004:00000790       \177ole32_NULL_THUNK_DATA  006c5790     ole32:ole32.dll

 entry point at        0001:0001c3f0

