 Sword3PaySys

 Timestamp is 65dfd24b (Thu Feb 29 07:39:39 2024)

 Preferred load address is 00400000

 Start         Length     Name                   Class
 0001:00000000 0001b0d4H .text                   CODE
 0001:0001b0e0 0000084eH .text$x                 CODE
 0002:00000000 0000025cH .idata$5                DATA
 0002:00000260 00001118H .rdata                  DATA
 0002:00001378 000001c4H .rdata$r                DATA
 0002:00001540 000010b8H .xdata$x                DATA
 0002:000025f8 00000064H .idata$2                DATA
 0002:0000265c 00000014H .idata$3                DATA
 0002:00002670 0000025cH .idata$4                DATA
 0002:000028cc 000008d6H .idata$6                DATA
 0002:000031a2 00000000H .edata                  DATA
 0003:00000000 00000004H .CRT$XCA                DATA
 0003:00000004 00000050H .CRT$XCU                DATA
 0003:00000054 00000004H .CRT$XCZ                DATA
 0003:00000058 00000004H .CRT$XIA                DATA
 0003:0000005c 0000000cH .CRT$XIC                DATA
 0003:00000068 00000004H .CRT$XIY                DATA
 0003:0000006c 00000004H .CRT$XIZ                DATA
 0003:00000070 00000004H .CRT$XPA                DATA
 0003:00000074 00000004H .CRT$XPX                DATA
 0003:00000078 00000004H .CRT$XPZ                DATA
 0003:0000007c 00000004H .CRT$XTA                DATA
 0003:00000080 00000004H .CRT$XTB                DATA
 0003:00000084 00000004H .CRT$XTZ                DATA
 0003:00000090 0000295cH .data                   DATA
 0003:000029f0 00201961H .bss                    DATA
 0004:00000000 00000280H .rsrc$01                DATA
 0004:00000280 00000a58H .rsrc$02                DATA

  Address         Publics by Value              Rva+Base     Lib:Object

 0001:00000129       ?KPIWritePrivateProfileString@@YAHPBD000@Z 00401129 f   GlobalFun.obj
 0001:00000c1a       ?KPIGetPrivateProfileString@@YAKPBD00PADK0@Z 00401c1a f   GlobalFun.obj
 0001:00000ed8       ?KPIWaitForSingleObject@@YAKPAXK@Z 00401ed8 f   GlobalFun.obj
 0001:00000f3c       ?KPICloseHandle@@YAHPAX@Z  00401f3c f   GlobalFun.obj
 0001:00000f5b       ?KPITerminateThread@@YAHPAXK@Z 00401f5b f   GlobalFun.obj
 0001:00000f7e       ?KPICreateThread@@YAPAXP6GKPAX@Z0PAK@Z 00401f7e f   GlobalFun.obj
 0001:00000fc2       ?KPICreateUDPSocket@@YAIH@Z 00401fc2 f   GlobalFun.obj
 0001:00001065       ?KPICreateEvent@@YAPAXPAU_SECURITY_ATTRIBUTES@@HHPBD@Z 00402065 f   GlobalFun.obj
 0001:00001090       ?KPISetEvent@@YAHPAX@Z     00402090 f   GlobalFun.obj
 0001:000010af       ?KPIResetEvent@@YAHPAX@Z   004020af f   GlobalFun.obj
 0001:000010ce       ?KPIGetExePath@@YAXPADK@Z  004020ce f   GlobalFun.obj
 0001:0000113b       ?KPICreateMutex@@YAPAXPAU_SECURITY_ATTRIBUTES@@HPBD@Z 0040213b f   GlobalFun.obj
 0001:00001152       ?KPIReleaseMutex@@YAHPAX@Z 00402152 f   GlobalFun.obj
 0001:00001161       ?KPIHash@@YAKPADKK@Z       00402161 f   GlobalFun.obj
 0001:000011b7       ?KPIPrintToFile@@YAXPBD0ZZ 004021b7 f   GlobalFun.obj
 0001:00001226       ?KPIPrintToFile@@YAXPAU_iobuf@@PBDZZ 00402226 f   GlobalFun.obj
 0001:00001260       __tcsncmp                  00402260 f i GlobalFun.obj
 0001:00001280       ??0KThread@@QAE@XZ         00402280 f   KThread.obj
 0001:000012ab       ??1KThread@@UAE@XZ         004022ab f   KThread.obj
 0001:000012bf       ?Start@KThread@@UAEPAXXZ   004022bf f   KThread.obj
 0001:00001325       ?Stop@KThread@@UAEHXZ      00402325 f   KThread.obj
 0001:00001401       ?ThreadFun@KThread@@SGKPAX@Z 00402401 f   KThread.obj
 0001:00001420       ??0K_CS@@QAE@XZ            00402420 f   KThread.obj
 0001:0000144e       ??1K_CS@@UAE@XZ            0040244e f   KThread.obj
 0001:00001477       ?Lock@K_CS@@QAEHXZ         00402477 f   KThread.obj
 0001:0000149f       ?Unlock@K_CS@@QAEHXZ       0040249f f   KThread.obj
 0001:000014e0       ??_EKThread@@UAEPAXI@Z     004024e0 f i KThread.obj
 0001:000014e0       ??_GKThread@@UAEPAXI@Z     004024e0 f i KThread.obj
 0001:00001510       ??_EK_CS@@UAEPAXI@Z        00402510 f i KThread.obj
 0001:00001510       ??_GK_CS@@UAEPAXI@Z        00402510 f i KThread.obj
 0001:00001540       ??0CLogFile@@QAE@XZ        00402540 f   LogFile.obj
 0001:00001586       ??1CLogFile@@UAE@XZ        00402586 f   LogFile.obj
 0001:000015a5       ?Initialize@CLogFile@@QAEHABV?$basic_string@DU?$char_traits@D@std@@V?$allocator@D@2@@std@@I@Z 004025a5 f   LogFile.obj
 0001:000016a7       ?Uninitialize@CLogFile@@QAEHXZ 004026a7 f   LogFile.obj
 0001:000016f8       ?TraceLog@CLogFile@@QAEIPBXI@Z 004026f8 f   LogFile.obj
 0001:0000175a       ?PrepareFile@CLogFile@@AAEHXZ 0040275a f   LogFile.obj
 0001:00001a60       ?BeginBatch@CLogFile@@QAEKXZ 00402a60 f   LogFile.obj
 0001:00001aaa       ?EndBatch@CLogFile@@QAEKXZ 00402aaa f   LogFile.obj
 0001:00001ae6       ?IsBatched@CLogFile@@QAEHXZ 00402ae6 f   LogFile.obj
 0001:00001b04       ?OpenUniDirectory@CLogFile@@CAHABV?$basic_string@DU?$char_traits@D@std@@V?$allocator@D@2@@std@@PAV23@@Z 00402b04 f   LogFile.obj
 0001:00001cbd       ?CreateUniFile@CLogFile@@CAPAXABV?$basic_string@DU?$char_traits@D@std@@V?$allocator@D@2@@std@@PAV23@@Z 00402cbd f   LogFile.obj
 0001:00001e80       ??_GCLogFile@@UAEPAXI@Z    00402e80 f i LogFile.obj
 0001:00001e80       ??_ECLogFile@@UAEPAXI@Z    00402e80 f i LogFile.obj
 0001:00001eb0       ??0?$basic_string@DU?$char_traits@D@std@@V?$allocator@D@2@@std@@QAE@ABV?$allocator@D@1@@Z 00402eb0 f i LogFile.obj
 0001:00001ee0       ??0?$basic_string@DU?$char_traits@D@std@@V?$allocator@D@2@@std@@QAE@ABV01@@Z 00402ee0 f i LogFile.obj
 0001:00001f20       ??1?$basic_string@DU?$char_traits@D@std@@V?$allocator@D@2@@std@@QAE@XZ 00402f20 f i LogFile.obj
 0001:00001f40       ??4?$basic_string@DU?$char_traits@D@std@@V?$allocator@D@2@@std@@QAEAAV01@ABV01@@Z 00402f40 f i LogFile.obj
 0001:00001f60       ??Y?$basic_string@DU?$char_traits@D@std@@V?$allocator@D@2@@std@@QAEAAV01@PBD@Z 00402f60 f i LogFile.obj
 0001:00001f80       ??Y?$basic_string@DU?$char_traits@D@std@@V?$allocator@D@2@@std@@QAEAAV01@D@Z 00402f80 f i LogFile.obj
 0001:00001fa0       ?rbegin@?$basic_string@DU?$char_traits@D@std@@V?$allocator@D@2@@std@@QAE?AV?$reverse_iterator@PADDAADPADH@2@XZ 00402fa0 f i LogFile.obj
 0001:00001fd0       ?c_str@?$basic_string@DU?$char_traits@D@std@@V?$allocator@D@2@@std@@QBEPBDXZ 00402fd0 f i LogFile.obj
 0001:00002000       ?resize@?$basic_string@DU?$char_traits@D@std@@V?$allocator@D@2@@std@@QAEXI@Z 00403000 f i LogFile.obj
 0001:00002050       ?empty@?$basic_string@DU?$char_traits@D@std@@V?$allocator@D@2@@std@@QBE_NXZ 00403050 f i LogFile.obj
 0001:00002070       ??D?$reverse_iterator@PADDAADPADH@std@@QBEAADXZ 00403070 f i LogFile.obj
 0001:00002090       ?append@?$basic_string@DU?$char_traits@D@std@@V?$allocator@D@2@@std@@QAEAAV12@PBD@Z 00403090 f i LogFile.obj
 0001:000020c0       ?length@?$char_traits@D@std@@SAIPBD@Z 004030c0 f i LogFile.obj
 0001:000020e0       ?append@?$basic_string@DU?$char_traits@D@std@@V?$allocator@D@2@@std@@QAEAAV12@ID@Z 004030e0 f i LogFile.obj
 0001:00002160       ?assign@?$char_traits@D@std@@SAPADPADIABD@Z 00403160 f i LogFile.obj
 0001:00002180       ?assign@?$basic_string@DU?$char_traits@D@std@@V?$allocator@D@2@@std@@QAEAAV12@ABV12@@Z 00403180 f i LogFile.obj
 0001:000021b0       ?assign@?$basic_string@DU?$char_traits@D@std@@V?$allocator@D@2@@std@@QAEAAV12@ABV12@II@Z 004031b0 f i LogFile.obj
 0001:00002310       ?size@?$basic_string@DU?$char_traits@D@std@@V?$allocator@D@2@@std@@QBEIXZ 00403310 f i LogFile.obj
 0001:00002330       ?copy@?$char_traits@D@std@@SAPADPADPBDI@Z 00403330 f i LogFile.obj
 0001:00002350       ?erase@?$basic_string@DU?$char_traits@D@std@@V?$allocator@D@2@@std@@QAEAAV12@II@Z 00403350 f i LogFile.obj
 0001:00002400       ?move@?$char_traits@D@std@@SAPADPADPBDI@Z 00403400 f i LogFile.obj
 0001:00002420       ?end@?$basic_string@DU?$char_traits@D@std@@V?$allocator@D@2@@std@@QAEPADXZ 00403420 f i LogFile.obj
 0001:00002450       ?_Nullstr@?$basic_string@DU?$char_traits@D@std@@V?$allocator@D@2@@std@@CAPBDXZ 00403450 f i LogFile.obj
 0001:00002460       ?_Tidy@?$basic_string@DU?$char_traits@D@std@@V?$allocator@D@2@@std@@AAEX_N@Z 00403460 f i LogFile.obj
 0001:00002520       ??0?$reverse_iterator@PADDAADPADH@std@@QAE@PAD@Z 00403520 f i LogFile.obj
 0001:00002540       ?append@?$basic_string@DU?$char_traits@D@std@@V?$allocator@D@2@@std@@QAEAAV12@PBDI@Z 00403540 f i LogFile.obj
 0001:000025c0       ?capacity@?$basic_string@DU?$char_traits@D@std@@V?$allocator@D@2@@std@@QBEIXZ 004035c0 f i LogFile.obj
 0001:000025e0       ?_Eos@?$basic_string@DU?$char_traits@D@std@@V?$allocator@D@2@@std@@AAEXI@Z 004035e0 f i LogFile.obj
 0001:00002620       ?assign@?$char_traits@D@std@@SAXAADABD@Z 00403620 f i LogFile.obj
 0001:00002630       ?_Freeze@?$basic_string@DU?$char_traits@D@std@@V?$allocator@D@2@@std@@AAEXXZ 00403630 f i LogFile.obj
 0001:000026b0       ?_Grow@?$basic_string@DU?$char_traits@D@std@@V?$allocator@D@2@@std@@AAE_NI_N@Z 004036b0 f i LogFile.obj
 0001:000027f0       ?_Psum@?$basic_string@DU?$char_traits@D@std@@V?$allocator@D@2@@std@@CAPADPADI@Z 004037f0 f i LogFile.obj
 0001:00002820       ?_Refcnt@?$basic_string@DU?$char_traits@D@std@@V?$allocator@D@2@@std@@AAEAAEPBD@Z 00403820 f i LogFile.obj
 0001:00002840       ?_Split@?$basic_string@DU?$char_traits@D@std@@V?$allocator@D@2@@std@@AAEXXZ 00403840 f i LogFile.obj
 0001:000028b0       ?assign@?$basic_string@DU?$char_traits@D@std@@V?$allocator@D@2@@std@@QAEAAV12@PBD@Z 004038b0 f i LogFile.obj
 0001:000028e0       ?assign@?$basic_string@DU?$char_traits@D@std@@V?$allocator@D@2@@std@@QAEAAV12@PBDI@Z 004038e0 f i LogFile.obj
 0001:00002930       ?deallocate@?$allocator@D@std@@QAEXPAXI@Z 00403930 f i LogFile.obj
 0001:00002950       ?max_size@?$basic_string@DU?$char_traits@D@std@@V?$allocator@D@2@@std@@QBEIXZ 00403950 f i LogFile.obj
 0001:00002990       ?_Copy@?$basic_string@DU?$char_traits@D@std@@V?$allocator@D@2@@std@@AAEXI@Z 00403990 f i LogFile.obj
 0001:00002ad0       ?allocate@?$allocator@D@std@@QAEPADIPBX@Z 00403ad0 f i LogFile.obj
 0001:00002af0       ?max_size@?$allocator@D@std@@QBEIXZ 00403af0 f i LogFile.obj
 0001:00002b20       ??Hstd@@YA?AV?$basic_string@DU?$char_traits@D@std@@V?$allocator@D@2@@0@ABV10@PBD@Z 00403b20 f i LogFile.obj
 0001:00002ba0       ??8std@@YA_NABV?$allocator@D@0@0@Z 00403ba0 f i LogFile.obj
 0001:00002bb0       ?_Allocate@std@@YAPADHPAD@Z 00403bb0 f i LogFile.obj
 0001:00002bd0       ?id@?$ctype@G@std@@$D      00403bd0 f i LogFile.obj
 0001:00002c00       ?id@?$ctype@G@std@@$E      00403c00 f i LogFile.obj
 0001:00002c4f       ?ServerEventNotify@@YGXPAXABK1@Z 00403c4f f   main.obj
 0001:00002c9b       _WinMain@16                00403c9b f   main.obj
 0001:00003452       ?RegisterSysClass@@YAGPAUHINSTANCE__@@@Z 00404452 f   main.obj
 0001:00003511       ?gTrace@@YAHPBDZZ          00404511 f   main.obj
 0001:000035d2       ?gTraceLogFile@@YAXPBDJ@Z  004045d2 f   main.obj
 0001:00003648       ?gClearTrace@@YAXXZ        00404648 f   main.obj
 0001:0000366b       ?gTimeStamp@@YAHPAD0@Z     0040466b f   main.obj
 0001:000036d8       ?gShowTrace@@YAXXZ         004046d8 f   main.obj
 0001:000037ee       ?InitInstance@@YAHPAUHINSTANCE__@@HH@Z 004047ee f   main.obj
 0001:000038d5       ?About@@YGJPAUHWND__@@IIJ@Z 004048d5 f   main.obj
 0001:00003938       ?WndProc@@YGJPAUHWND__@@IIJ@Z 00404938 f   main.obj
 0001:00003b60       ??0TwoFixBuffer@@QAE@XZ    00404b60 f i main.obj
 0001:00003bf0       ??1TwoFixBuffer@@QAE@XZ    00404bf0 f i main.obj
 0001:00003c20       ?WriteInfo@TwoFixBuffer@@QAEHPAEK@Z 00404c20 f i main.obj
 0001:00003d60       ?ReadInfo@TwoFixBuffer@@QAEPAEXZ 00404d60 f i main.obj
 0001:00003e00       ?HasReadInfo@TwoFixBuffer@@IAEHXZ 00404e00 f i main.obj
 0001:00003e50       ?SwitchReadWrite@TwoFixBuffer@@QAEXXZ 00404e50 f i main.obj
 0001:00003f20       ?HasWriteInfo@TwoFixBuffer@@IAEHXZ 00404f20 f i main.obj
 0001:00003f50       ??0?$basic_string@DU?$char_traits@D@std@@V?$allocator@D@2@@std@@QAE@PBDABV?$allocator@D@1@@Z 00404f50 f i main.obj
 0001:00003f80       ?num_rows@S3P_MSSQLServer_Result@@UBEHXZ 00404f80 f   S3P_MSSQLServer_Result.obj
 0001:00004011       ?num_fields@S3P_MSSQLServer_Result@@UBEHXZ 00405011 f   S3P_MSSQLServer_Result.obj
 0001:000040cc       ?data_seek@S3P_MSSQLServer_Result@@UBEXIH@Z 004050cc f   S3P_MSSQLServer_Result.obj
 0001:00004217       ?get_field_data@S3P_MSSQLServer_Result@@UAE_NIPAXK@Z 00405217 f   S3P_MSSQLServer_Result.obj
 0001:0000439a       ?unuse@S3P_MSSQLServer_Result@@UAEHXZ 0040539a f   S3P_MSSQLServer_Result.obj
 0001:00004450       ??4?$_com_ptr_t@V?$_com_IIID@U_Recordset@@$1?_GUID_00000556_0000_0010_8000_00aa006d2ea4@@3U__s_GUID@@A@@@@QAEAAV0@H@Z 00405450 f i S3P_MSSQLServer_Result.obj
 0001:00004480       ??C?$_com_ptr_t@V?$_com_IIID@U_Recordset@@$1?_GUID_00000556_0000_0010_8000_00aa006d2ea4@@3U__s_GUID@@A@@@@QBEPAU_Recordset@@XZ 00405480 f i S3P_MSSQLServer_Result.obj
 0001:000044b0       ??B?$_com_ptr_t@V?$_com_IIID@U_Recordset@@$1?_GUID_00000556_0000_0010_8000_00aa006d2ea4@@3U__s_GUID@@A@@@@QBE_NXZ 004054b0 f i S3P_MSSQLServer_Result.obj
 0001:000044d0       ??1?$_com_ptr_t@V?$_com_IIID@UFields@@$1?_GUID_00000564_0000_0010_8000_00aa006d2ea4@@3U__s_GUID@@A@@@@QAE@XZ 004054d0 f i S3P_MSSQLServer_Result.obj
 0001:000044f0       ??C?$_com_ptr_t@V?$_com_IIID@UFields@@$1?_GUID_00000564_0000_0010_8000_00aa006d2ea4@@3U__s_GUID@@A@@@@QBEPAUFields@@XZ 004054f0 f i S3P_MSSQLServer_Result.obj
 0001:00004520       ??1?$_com_ptr_t@V?$_com_IIID@UField@@$1?_GUID_00000569_0000_0010_8000_00aa006d2ea4@@3U__s_GUID@@A@@@@QAE@XZ 00405520 f i S3P_MSSQLServer_Result.obj
 0001:00004540       ??C?$_com_ptr_t@V?$_com_IIID@UField@@$1?_GUID_00000569_0000_0010_8000_00aa006d2ea4@@3U__s_GUID@@A@@@@QBEPAUField@@XZ 00405540 f i S3P_MSSQLServer_Result.obj
 0001:00004570       ??4?$_com_ptr_t@V?$_com_IIID@U_Recordset@@$1?_GUID_00000556_0000_0010_8000_00aa006d2ea4@@3U__s_GUID@@A@@@@QAEAAV0@PAU_Recordset@@@Z 00405570 f i S3P_MSSQLServer_Result.obj
 0001:000045c0       ?_AddRef@?$_com_ptr_t@V?$_com_IIID@U_Recordset@@$1?_GUID_00000556_0000_0010_8000_00aa006d2ea4@@3U__s_GUID@@A@@@@AAEXXZ 004055c0 f i S3P_MSSQLServer_Result.obj
 0001:000045f0       ?_Release@?$_com_ptr_t@V?$_com_IIID@UFields@@$1?_GUID_00000564_0000_0010_8000_00aa006d2ea4@@3U__s_GUID@@A@@@@AAEXXZ 004055f0 f i S3P_MSSQLServer_Result.obj
 0001:00004620       ?_Release@?$_com_ptr_t@V?$_com_IIID@UField@@$1?_GUID_00000569_0000_0010_8000_00aa006d2ea4@@3U__s_GUID@@A@@@@AAEXXZ 00405620 f i S3P_MSSQLServer_Result.obj
 0001:00004650       ??9@YA_NHAAV?$_com_ptr_t@V?$_com_IIID@U_Recordset@@$1?_GUID_00000556_0000_0010_8000_00aa006d2ea4@@3U__s_GUID@@A@@@@@Z 00405650 f i S3P_MSSQLServer_Result.obj
 0001:00004670       ??9?$_com_ptr_t@V?$_com_IIID@U_Recordset@@$1?_GUID_00000556_0000_0010_8000_00aa006d2ea4@@3U__s_GUID@@A@@@@QAE_NH@Z 00405670 f i S3P_MSSQLServer_Result.obj
 0001:000046a0       ??8?$_com_ptr_t@V?$_com_IIID@U_Recordset@@$1?_GUID_00000556_0000_0010_8000_00aa006d2ea4@@3U__s_GUID@@A@@@@QAE_NH@Z 004056a0 f i S3P_MSSQLServer_Result.obj
 0001:000046d0       ??0_variant_t@@QAE@XZ      004056d0 f i S3P_MSSQLServer_Result.obj
 0001:000046f0       ??4_variant_t@@QAEAAV0@J@Z 004056f0 f i S3P_MSSQLServer_Result.obj
 0001:00004770       ?Clear@_variant_t@@QAEXXZ  00405770 f i S3P_MSSQLServer_Result.obj
 0001:00004790       ?CheckError@_com_util@@YAXJ@Z 00405790 f i S3P_MSSQLServer_Result.obj
 0001:000047b0       ??1_variant_t@@QAE@XZ      004057b0 f i S3P_MSSQLServer_Result.obj
 0001:000047d0       ??1_com_error@@UAE@XZ      004057d0 f i S3P_MSSQLServer_Result.obj
 0001:00004820       ??_G_com_error@@UAEPAXI@Z  00405820 f i S3P_MSSQLServer_Result.obj
 0001:00004820       ??_E_com_error@@UAEPAXI@Z  00405820 f i S3P_MSSQLServer_Result.obj
 0001:00004850       ?GetCount@_Collection@@QAEJXZ 00405850 f i S3P_MSSQLServer_Result.obj
 0001:00004890       ?GetFields@Recordset15@@QAE?AV?$_com_ptr_t@V?$_com_IIID@UFields@@$1?_GUID_00000564_0000_0010_8000_00aa006d2ea4@@3U__s_GUID@@A@@@@XZ 00405890 f i S3P_MSSQLServer_Result.obj
 0001:000048f0       ??0?$_com_ptr_t@V?$_com_IIID@UFields@@$1?_GUID_00000564_0000_0010_8000_00aa006d2ea4@@3U__s_GUID@@A@@@@QAE@PAUFields@@_N@Z 004058f0 f i S3P_MSSQLServer_Result.obj
 0001:00004920       ?_AddRef@?$_com_ptr_t@V?$_com_IIID@UFields@@$1?_GUID_00000564_0000_0010_8000_00aa006d2ea4@@3U__s_GUID@@A@@@@AAEXXZ 00405920 f i S3P_MSSQLServer_Result.obj
 0001:00004950       ?GetRecordCount@Recordset15@@QAEJXZ 00405950 f i S3P_MSSQLServer_Result.obj
 0001:00004990       ?Close@Recordset15@@QAEJXZ 00405990 f i S3P_MSSQLServer_Result.obj
 0001:000049d0       ?Move@Recordset15@@QAEJJABV_variant_t@@@Z 004059d0 f i S3P_MSSQLServer_Result.obj
 0001:00004a50       ?MoveNext@Recordset15@@QAEJXZ 00405a50 f i S3P_MSSQLServer_Result.obj
 0001:00004a90       ?MovePrevious@Recordset15@@QAEJXZ 00405a90 f i S3P_MSSQLServer_Result.obj
 0001:00004ad0       ?MoveFirst@Recordset15@@QAEJXZ 00405ad0 f i S3P_MSSQLServer_Result.obj
 0001:00004b10       ?MoveLast@Recordset15@@QAEJXZ 00405b10 f i S3P_MSSQLServer_Result.obj
 0001:00004b50       ?GetState@Recordset15@@QAEJXZ 00405b50 f i S3P_MSSQLServer_Result.obj
 0001:00004b90       ?GetItem@Fields15@@QAE?AV?$_com_ptr_t@V?$_com_IIID@UField@@$1?_GUID_00000569_0000_0010_8000_00aa006d2ea4@@3U__s_GUID@@A@@@@ABV_variant_t@@@Z 00405b90 f i S3P_MSSQLServer_Result.obj
 0001:00004c30       ??0?$_com_ptr_t@V?$_com_IIID@UField@@$1?_GUID_00000569_0000_0010_8000_00aa006d2ea4@@3U__s_GUID@@A@@@@QAE@PAUField@@_N@Z 00405c30 f i S3P_MSSQLServer_Result.obj
 0001:00004c60       ?_AddRef@?$_com_ptr_t@V?$_com_IIID@UField@@$1?_GUID_00000569_0000_0010_8000_00aa006d2ea4@@3U__s_GUID@@A@@@@AAEXXZ 00405c60 f i S3P_MSSQLServer_Result.obj
 0001:00004c90       ??0S3PAccount@@QAE@XZ      00405c90 f   S3PAccount.obj
 0001:00004ca7       ??1S3PAccount@@UAE@XZ      00405ca7 f   S3PAccount.obj
 0001:00004cbb       ?Login@S3PAccount@@SAHPAVS3PDBConVBC@@PBD1KAAGAAK@Z 00405cbb f   S3PAccount.obj
 0001:00005161       ?LoginGame@S3PAccount@@SAHPAVS3PDBConVBC@@KPBD@Z 00406161 f   S3PAccount.obj
 0001:000052b1       ?Logout@S3PAccount@@SAHPAVS3PDBConVBC@@KPBDG@Z 004062b1 f   S3PAccount.obj
 0001:00005541       ?ElapseTime@S3PAccount@@SAHPAVS3PDBConVBC@@KPBDK@Z 00406541 f   S3PAccount.obj
 0001:0000567b       ?QueryTime@S3PAccount@@SAHPAVS3PDBConVBC@@KPBDAAK@Z 0040667b f   S3PAccount.obj
 0001:000057a8       ?ServerLogin@S3PAccount@@SAHPAVS3PDBConVBC@@PBD1KFQBEAAK@Z 004067a8 f   S3PAccount.obj
 0001:00005b28       ?GetServerID@S3PAccount@@SAHPAVS3PDBConVBC@@PBDAAK@Z 00406b28 f   S3PAccount.obj
 0001:00005c56       ?CheckAddress@S3PAccount@@SAHPAVS3PDBConVBC@@KF@Z 00406c56 f   S3PAccount.obj
 0001:00005d2b       ?UnlockAll@S3PAccount@@SAHPAVS3PDBConVBC@@K@Z 00406d2b f   S3PAccount.obj
 0001:00005d7f       ?ElapseAll@S3PAccount@@SAHPAVS3PDBConVBC@@K@Z 00406d7f f   S3PAccount.obj
 0001:00005dd3       ?GetAccountGameID@S3PAccount@@SAHPAVS3PDBConVBC@@PBDAAK@Z 00406dd3 f   S3PAccount.obj
 0001:00005f9d       ?GetLeftSecondsOfDeposit@S3PAccount@@KAHPAVS3PDBConVBC@@PBDAAJ22@Z 00406f9d f   S3PAccount.obj
 0001:0000625c       ?VerifyUserModifyPassword@S3PAccount@@SAHPAVS3PDBConVBC@@KPBD1@Z 0040725c f   S3PAccount.obj
 0001:00006480       ??_GS3PAccount@@UAEPAXI@Z  00407480 f i S3PAccount.obj
 0001:00006480       ??_ES3PAccount@@UAEPAXI@Z  00407480 f i S3PAccount.obj
 0001:000064b0       ??1_bstr_t@@QAE@XZ         004074b0 f i S3PAccount.obj
 0001:000064d0       ??B_bstr_t@@QBEPBDXZ       004074d0 f i S3PAccount.obj
 0001:00006500       ?_Free@_bstr_t@@AAEXXZ     00407500 f i S3PAccount.obj
 0001:00006530       ?Release@Data_t@_bstr_t@@QAEKXZ 00407530 f i S3PAccount.obj
 0001:00006580       ??_GData_t@_bstr_t@@AAEPAXI@Z 00407580 f i S3PAccount.obj
 0001:000065b0       ?GetString@Data_t@_bstr_t@@QBEPBDXZ 004075b0 f i S3PAccount.obj
 0001:00006600       ??1Data_t@_bstr_t@@AAE@XZ  00407600 f i S3PAccount.obj
 0001:00006620       ?_Free@Data_t@_bstr_t@@AAEXXZ 00407620 f i S3PAccount.obj
 0001:00006660       ??0_variant_t@@QAE@JG@Z    00407660 f i S3PAccount.obj
 0001:00006700       ??0_bstr_t@@QAE@ABV_variant_t@@@Z 00407700 f i S3PAccount.obj
 0001:00006790       ??4_bstr_t@@QAEAAV0@PBG@Z  00407790 f i S3PAccount.obj
 0001:00006810       ??0Data_t@_bstr_t@@QAE@PBG@Z 00407810 f i S3PAccount.obj
 0001:00006860       ?ChangeType@_variant_t@@QAEXGPBV1@@Z 00407860 f i S3PAccount.obj
 0001:000068c0       ??0S3PDB_MSSQLServer_Connection@@QAE@XZ 004078c0 f   S3PDB_MSSQLServer_Connection.obj
 0001:0000696a       ??1S3PDB_MSSQLServer_Connection@@UAE@XZ 0040796a f   S3PDB_MSSQLServer_Connection.obj
 0001:00006a09       ?CloseConnect@S3PDB_MSSQLServer_Connection@@UAEXXZ 00407a09 f   S3PDB_MSSQLServer_Connection.obj
 0001:00006a5a       ?OpenConnect@S3PDB_MSSQLServer_Connection@@UAE_NPAUtag_DATABASEINFO@@@Z 00407a5a f   S3PDB_MSSQLServer_Connection.obj
 0001:00006d05       ?Do@S3PDB_MSSQLServer_Connection@@UAE_NPBD@Z 00407d05 f   S3PDB_MSSQLServer_Connection.obj
 0001:00006d40       ?DoCmd@S3PDB_MSSQLServer_Connection@@IAE_NPBD@Z 00407d40 f   S3PDB_MSSQLServer_Connection.obj
 0001:00006e99       ?DoResult@S3PDB_MSSQLServer_Connection@@IAE_NPBD@Z 00407e99 f   S3PDB_MSSQLServer_Connection.obj
 0001:00007051       ?QuerySql@S3PDB_MSSQLServer_Connection@@UAE_NPBDPAPAVS3PResultVBC@@@Z 00408051 f   S3PDB_MSSQLServer_Connection.obj
 0001:000070f6       ?QueryResult@S3PDB_MSSQLServer_Connection@@IAE_NPBDPAVS3P_MSSQLServer_Result@@@Z 004080f6 f   S3PDB_MSSQLServer_Connection.obj
 0001:000072a6       ?QueryCmd@S3PDB_MSSQLServer_Connection@@IAE_NPBDPAVS3P_MSSQLServer_Result@@@Z 004082a6 f   S3PDB_MSSQLServer_Connection.obj
 0001:00007433       ?GetFreeResult@S3PDB_MSSQLServer_Connection@@IAE_NPAPAVS3P_MSSQLServer_Result@@@Z 00408433 f   S3PDB_MSSQLServer_Connection.obj
 0001:000074b0       ??_ES3PDB_MSSQLServer_Connection@@UAEPAXI@Z 004084b0 f i S3PDB_MSSQLServer_Connection.obj
 0001:000074b0       ??_GS3PDB_MSSQLServer_Connection@@UAEPAXI@Z 004084b0 f i S3PDB_MSSQLServer_Connection.obj
 0001:000074e0       ??4?$basic_string@DU?$char_traits@D@std@@V?$allocator@D@2@@std@@QAEAAV01@PBD@Z 004084e0 f i S3PDB_MSSQLServer_Connection.obj
 0001:00007500       ??Y?$basic_string@DU?$char_traits@D@std@@V?$allocator@D@2@@std@@QAEAAV01@ABV01@@Z 00408500 f i S3PDB_MSSQLServer_Connection.obj
 0001:00007520       ??0?$_com_ptr_t@V?$_com_IIID@U_Connection@@$1?_GUID_00000550_0000_0010_8000_00aa006d2ea4@@3U__s_GUID@@A@@@@QAE@XZ 00408520 f i S3PDB_MSSQLServer_Connection.obj
 0001:00007540       ??0?$_com_ptr_t@V?$_com_IIID@U_Connection@@$1?_GUID_00000550_0000_0010_8000_00aa006d2ea4@@3U__s_GUID@@A@@@@QAE@H@Z 00408540 f i S3PDB_MSSQLServer_Connection.obj
 0001:00007570       ??4?$_com_ptr_t@V?$_com_IIID@U_Connection@@$1?_GUID_00000550_0000_0010_8000_00aa006d2ea4@@3U__s_GUID@@A@@@@QAEAAV0@ABV0@@Z 00408570 f i S3PDB_MSSQLServer_Connection.obj
 0001:00007590       ??4?$_com_ptr_t@V?$_com_IIID@U_Connection@@$1?_GUID_00000550_0000_0010_8000_00aa006d2ea4@@3U__s_GUID@@A@@@@QAEAAV0@H@Z 00408590 f i S3PDB_MSSQLServer_Connection.obj
 0001:000075c0       ??1?$_com_ptr_t@V?$_com_IIID@U_Connection@@$1?_GUID_00000550_0000_0010_8000_00aa006d2ea4@@3U__s_GUID@@A@@@@QAE@XZ 004085c0 f i S3PDB_MSSQLServer_Connection.obj
 0001:000075e0       ??B?$_com_ptr_t@V?$_com_IIID@U_Connection@@$1?_GUID_00000550_0000_0010_8000_00aa006d2ea4@@3U__s_GUID@@A@@@@QBEPAU_Connection@@XZ 004085e0 f i S3PDB_MSSQLServer_Connection.obj
 0001:000075f0       ??C?$_com_ptr_t@V?$_com_IIID@U_Connection@@$1?_GUID_00000550_0000_0010_8000_00aa006d2ea4@@3U__s_GUID@@A@@@@QBEPAU_Connection@@XZ 004085f0 f i S3PDB_MSSQLServer_Connection.obj
 0001:00007620       ??8?$_com_ptr_t@V?$_com_IIID@U_Connection@@$1?_GUID_00000550_0000_0010_8000_00aa006d2ea4@@3U__s_GUID@@A@@@@QAE_NH@Z 00408620 f i S3PDB_MSSQLServer_Connection.obj
 0001:00007650       ?CreateInstance@?$_com_ptr_t@V?$_com_IIID@U_Connection@@$1?_GUID_00000550_0000_0010_8000_00aa006d2ea4@@3U__s_GUID@@A@@@@QAEJPBDPAUIUnknown@@K@Z 00408650 f i S3PDB_MSSQLServer_Connection.obj
 0001:00007710       ??0?$_com_ptr_t@V?$_com_IIID@U_Recordset@@$1?_GUID_00000556_0000_0010_8000_00aa006d2ea4@@3U__s_GUID@@A@@@@QAE@XZ 00408710 f i S3PDB_MSSQLServer_Connection.obj
 0001:00007730       ??1?$_com_ptr_t@V?$_com_IIID@U_Recordset@@$1?_GUID_00000556_0000_0010_8000_00aa006d2ea4@@3U__s_GUID@@A@@@@QAE@XZ 00408730 f i S3PDB_MSSQLServer_Connection.obj
 0001:00007750       ?CreateInstance@?$_com_ptr_t@V?$_com_IIID@U_Recordset@@$1?_GUID_00000556_0000_0010_8000_00aa006d2ea4@@3U__s_GUID@@A@@@@QAEJPBDPAUIUnknown@@K@Z 00408750 f i S3PDB_MSSQLServer_Connection.obj
 0001:00007810       ??0?$_com_ptr_t@V?$_com_IIID@U_Command@@$1?_GUID_b08400bd_f9d1_4d02_b856_71d5dba123e9@@3U__s_GUID@@A@@@@QAE@H@Z 00408810 f i S3PDB_MSSQLServer_Connection.obj
 0001:00007840       ??4?$_com_ptr_t@V?$_com_IIID@U_Command@@$1?_GUID_b08400bd_f9d1_4d02_b856_71d5dba123e9@@3U__s_GUID@@A@@@@QAEAAV0@H@Z 00408840 f i S3PDB_MSSQLServer_Connection.obj
 0001:00007870       ??1?$_com_ptr_t@V?$_com_IIID@U_Command@@$1?_GUID_b08400bd_f9d1_4d02_b856_71d5dba123e9@@3U__s_GUID@@A@@@@QAE@XZ 00408870 f i S3PDB_MSSQLServer_Connection.obj
 0001:00007890       ??C?$_com_ptr_t@V?$_com_IIID@U_Command@@$1?_GUID_b08400bd_f9d1_4d02_b856_71d5dba123e9@@3U__s_GUID@@A@@@@QBEPAU_Command@@XZ 00408890 f i S3PDB_MSSQLServer_Connection.obj
 0001:000078c0       ??B?$_com_ptr_t@V?$_com_IIID@U_Command@@$1?_GUID_b08400bd_f9d1_4d02_b856_71d5dba123e9@@3U__s_GUID@@A@@@@QBE_NXZ 004088c0 f i S3PDB_MSSQLServer_Connection.obj
 0001:000078e0       ??8?$_com_ptr_t@V?$_com_IIID@U_Command@@$1?_GUID_b08400bd_f9d1_4d02_b856_71d5dba123e9@@3U__s_GUID@@A@@@@QAE_NH@Z 004088e0 f i S3PDB_MSSQLServer_Connection.obj
 0001:00007910       ?CreateInstance@?$_com_ptr_t@V?$_com_IIID@U_Command@@$1?_GUID_b08400bd_f9d1_4d02_b856_71d5dba123e9@@3U__s_GUID@@A@@@@QAEJPBDPAUIUnknown@@K@Z 00408910 f i S3PDB_MSSQLServer_Connection.obj
 0001:000079d0       ?append@?$basic_string@DU?$char_traits@D@std@@V?$allocator@D@2@@std@@QAEAAV12@ABV12@@Z 004089d0 f i S3PDB_MSSQLServer_Connection.obj
 0001:00007a00       ??4?$_com_ptr_t@V?$_com_IIID@U_Connection@@$1?_GUID_00000550_0000_0010_8000_00aa006d2ea4@@3U__s_GUID@@A@@@@QAEAAV0@PAU_Connection@@@Z 00408a00 f i S3PDB_MSSQLServer_Connection.obj
 0001:00007a50       ?CreateInstance@?$_com_ptr_t@V?$_com_IIID@U_Connection@@$1?_GUID_00000550_0000_0010_8000_00aa006d2ea4@@3U__s_GUID@@A@@@@QAEJPAGPAUIUnknown@@K@Z 00408a50 f i S3PDB_MSSQLServer_Connection.obj
 0001:00007ac0       ?_Release@?$_com_ptr_t@V?$_com_IIID@U_Connection@@$1?_GUID_00000550_0000_0010_8000_00aa006d2ea4@@3U__s_GUID@@A@@@@AAEXXZ 00408ac0 f i S3PDB_MSSQLServer_Connection.obj
 0001:00007af0       ?_AddRef@?$_com_ptr_t@V?$_com_IIID@U_Connection@@$1?_GUID_00000550_0000_0010_8000_00aa006d2ea4@@3U__s_GUID@@A@@@@AAEXXZ 00408af0 f i S3PDB_MSSQLServer_Connection.obj
 0001:00007b20       ?CreateInstance@?$_com_ptr_t@V?$_com_IIID@U_Recordset@@$1?_GUID_00000556_0000_0010_8000_00aa006d2ea4@@3U__s_GUID@@A@@@@QAEJPAGPAUIUnknown@@K@Z 00408b20 f i S3PDB_MSSQLServer_Connection.obj
 0001:00007b90       ?_Release@?$_com_ptr_t@V?$_com_IIID@U_Recordset@@$1?_GUID_00000556_0000_0010_8000_00aa006d2ea4@@3U__s_GUID@@A@@@@AAEXXZ 00408b90 f i S3PDB_MSSQLServer_Connection.obj
 0001:00007bc0       ??4?$_com_ptr_t@V?$_com_IIID@U_Command@@$1?_GUID_b08400bd_f9d1_4d02_b856_71d5dba123e9@@3U__s_GUID@@A@@@@QAEAAV0@PAU_Command@@@Z 00408bc0 f i S3PDB_MSSQLServer_Connection.obj
 0001:00007c10       ?CreateInstance@?$_com_ptr_t@V?$_com_IIID@U_Command@@$1?_GUID_b08400bd_f9d1_4d02_b856_71d5dba123e9@@3U__s_GUID@@A@@@@QAEJPAGPAUIUnknown@@K@Z 00408c10 f i S3PDB_MSSQLServer_Connection.obj
 0001:00007c80       ?_Release@?$_com_ptr_t@V?$_com_IIID@U_Command@@$1?_GUID_b08400bd_f9d1_4d02_b856_71d5dba123e9@@3U__s_GUID@@A@@@@AAEXXZ 00408c80 f i S3PDB_MSSQLServer_Connection.obj
 0001:00007cb0       ?append@?$basic_string@DU?$char_traits@D@std@@V?$allocator@D@2@@std@@QAEAAV12@ABV12@II@Z 00408cb0 f i S3PDB_MSSQLServer_Connection.obj
 0001:00007d60       ??0_bstr_t@@QAE@PBD@Z      00408d60 f i S3PDB_MSSQLServer_Connection.obj
 0001:00007df0       ?CreateInstance@?$_com_ptr_t@V?$_com_IIID@U_Connection@@$1?_GUID_00000550_0000_0010_8000_00aa006d2ea4@@3U__s_GUID@@A@@@@QAEJABU_GUID@@PAUIUnknown@@K@Z 00408df0 f i S3PDB_MSSQLServer_Connection.obj
 0001:00007ea0       ?CreateInstance@?$_com_ptr_t@V?$_com_IIID@U_Recordset@@$1?_GUID_00000556_0000_0010_8000_00aa006d2ea4@@3U__s_GUID@@A@@@@QAEJABU_GUID@@PAUIUnknown@@K@Z 00408ea0 f i S3PDB_MSSQLServer_Connection.obj
 0001:00007f50       ?CreateInstance@?$_com_ptr_t@V?$_com_IIID@U_Command@@$1?_GUID_b08400bd_f9d1_4d02_b856_71d5dba123e9@@3U__s_GUID@@A@@@@QAEJABU_GUID@@PAUIUnknown@@K@Z 00408f50 f i S3PDB_MSSQLServer_Connection.obj
 0001:00008000       ?_AddRef@?$_com_ptr_t@V?$_com_IIID@U_Command@@$1?_GUID_b08400bd_f9d1_4d02_b856_71d5dba123e9@@3U__s_GUID@@A@@@@AAEXXZ 00409000 f i S3PDB_MSSQLServer_Connection.obj
 0001:00008030       ??0Data_t@_bstr_t@@QAE@PBD@Z 00409030 f i S3PDB_MSSQLServer_Connection.obj
 0001:00008080       ?GetIID@?$_com_ptr_t@V?$_com_IIID@U_Connection@@$1?_GUID_00000550_0000_0010_8000_00aa006d2ea4@@3U__s_GUID@@A@@@@SAABU_GUID@@XZ 00409080 f i S3PDB_MSSQLServer_Connection.obj
 0001:00008090       ?GetIID@?$_com_ptr_t@V?$_com_IIID@U_Recordset@@$1?_GUID_00000556_0000_0010_8000_00aa006d2ea4@@3U__s_GUID@@A@@@@SAABU_GUID@@XZ 00409090 f i S3PDB_MSSQLServer_Connection.obj
 0001:000080a0       ?GetIID@?$_com_ptr_t@V?$_com_IIID@U_Command@@$1?_GUID_b08400bd_f9d1_4d02_b856_71d5dba123e9@@3U__s_GUID@@A@@@@SAABU_GUID@@XZ 004090a0 f i S3PDB_MSSQLServer_Connection.obj
 0001:000080b0       ?GetIID@?$_com_IIID@U_Connection@@$1?_GUID_00000550_0000_0010_8000_00aa006d2ea4@@3U__s_GUID@@A@@SAABU_GUID@@XZ 004090b0 f i S3PDB_MSSQLServer_Connection.obj
 0001:000080c0       ?GetIID@?$_com_IIID@U_Recordset@@$1?_GUID_00000556_0000_0010_8000_00aa006d2ea4@@3U__s_GUID@@A@@SAABU_GUID@@XZ 004090c0 f i S3PDB_MSSQLServer_Connection.obj
 0001:000080d0       ?GetIID@?$_com_IIID@U_Command@@$1?_GUID_b08400bd_f9d1_4d02_b856_71d5dba123e9@@3U__s_GUID@@A@@SAABU_GUID@@XZ 004090d0 f i S3PDB_MSSQLServer_Connection.obj
 0001:000080e0       ??9@YA_NHAAV?$_com_ptr_t@V?$_com_IIID@U_Connection@@$1?_GUID_00000550_0000_0010_8000_00aa006d2ea4@@3U__s_GUID@@A@@@@@Z 004090e0 f i S3PDB_MSSQLServer_Connection.obj
 0001:00008100       ??8@YA_NHAAV?$_com_ptr_t@V?$_com_IIID@U_Connection@@$1?_GUID_00000550_0000_0010_8000_00aa006d2ea4@@3U__s_GUID@@A@@@@@Z 00409100 f i S3PDB_MSSQLServer_Connection.obj
 0001:00008120       ??9@YA_NHAAV?$_com_ptr_t@V?$_com_IIID@U_Command@@$1?_GUID_b08400bd_f9d1_4d02_b856_71d5dba123e9@@3U__s_GUID@@A@@@@@Z 00409120 f i S3PDB_MSSQLServer_Connection.obj
 0001:00008140       ??9?$_com_ptr_t@V?$_com_IIID@U_Connection@@$1?_GUID_00000550_0000_0010_8000_00aa006d2ea4@@3U__s_GUID@@A@@@@QAE_NH@Z 00409140 f i S3PDB_MSSQLServer_Connection.obj
 0001:00008170       ??9?$_com_ptr_t@V?$_com_IIID@U_Command@@$1?_GUID_b08400bd_f9d1_4d02_b856_71d5dba123e9@@3U__s_GUID@@A@@@@QAE_NH@Z 00409170 f i S3PDB_MSSQLServer_Connection.obj
 0001:000081a0       ??0_variant_t@@QAE@PBD@Z   004091a0 f i S3PDB_MSSQLServer_Connection.obj
 0001:000081e0       ??0_variant_t@@QAE@PAUIDispatch@@_N@Z 004091e0 f i S3PDB_MSSQLServer_Connection.obj
 0001:00008220       ?ErrorMessage@_com_error@@QBEPBDXZ 00409220 f i S3PDB_MSSQLServer_Connection.obj
 0001:00008340       ?WCode@_com_error@@QBEGXZ  00409340 f i S3PDB_MSSQLServer_Connection.obj
 0001:00008360       ?HRESULTToWCode@_com_error@@SAGJ@Z 00409360 f i S3PDB_MSSQLServer_Connection.obj
 0001:000083a0       ?PutRefActiveConnection@Command15@@QAEXPAU_Connection@@@Z 004093a0 f i S3PDB_MSSQLServer_Connection.obj
 0001:000083e0       ?PutCommandText@Command15@@QAEXV_bstr_t@@@Z 004093e0 f i S3PDB_MSSQLServer_Connection.obj
 0001:00008460       ??B_bstr_t@@QBEPAGXZ       00409460 f i S3PDB_MSSQLServer_Connection.obj
 0001:00008490       ?GetWString@Data_t@_bstr_t@@QBEPBGXZ 00409490 f i S3PDB_MSSQLServer_Connection.obj
 0001:000084a0       ?Execute@Command15@@QAE?AV?$_com_ptr_t@V?$_com_IIID@U_Recordset@@$1?_GUID_00000556_0000_0010_8000_00aa006d2ea4@@3U__s_GUID@@A@@@@PAUtagVARIANT@@0J@Z 004094a0 f i S3PDB_MSSQLServer_Connection.obj
 0001:00008510       ??0?$_com_ptr_t@V?$_com_IIID@U_Recordset@@$1?_GUID_00000556_0000_0010_8000_00aa006d2ea4@@3U__s_GUID@@A@@@@QAE@PAU_Recordset@@_N@Z 00409510 f i S3PDB_MSSQLServer_Connection.obj
 0001:00008540       ?Close@Connection15@@QAEJXZ 00409540 f i S3PDB_MSSQLServer_Connection.obj
 0001:00008580       ?Open@Connection15@@QAEJV_bstr_t@@00J@Z 00409580 f i S3PDB_MSSQLServer_Connection.obj
 0001:00008630       ?PutCursorLocation@Connection15@@QAEXW4CursorLocationEnum@@@Z 00409630 f i S3PDB_MSSQLServer_Connection.obj
 0001:00008670       ?Open@Recordset15@@QAEJABV_variant_t@@0W4CursorTypeEnum@@W4LockTypeEnum@@J@Z 00409670 f i S3PDB_MSSQLServer_Connection.obj
 0001:00008730       ??0S3P_MSSQLServer_Result@@QAE@XZ 00409730 f i S3PDB_MSSQLServer_Connection.obj
 0001:000087a0       ??1S3P_MSSQLServer_Result@@UAE@XZ 004097a0 f i S3PDB_MSSQLServer_Connection.obj
 0001:00008810       ?AttachResult@S3P_MSSQLServer_Result@@QAEXAAV?$_com_ptr_t@V?$_com_IIID@U_Recordset@@$1?_GUID_00000556_0000_0010_8000_00aa006d2ea4@@3U__s_GUID@@A@@@@@Z 00409810 f i S3PDB_MSSQLServer_Connection.obj
 0001:00008830       ??4?$_com_ptr_t@V?$_com_IIID@U_Recordset@@$1?_GUID_00000556_0000_0010_8000_00aa006d2ea4@@3U__s_GUID@@A@@@@QAEAAV0@ABV0@@Z 00409830 f i S3PDB_MSSQLServer_Connection.obj
 0001:00008850       ??_GS3P_MSSQLServer_Result@@UAEPAXI@Z 00409850 f i S3PDB_MSSQLServer_Connection.obj
 0001:00008850       ??_ES3P_MSSQLServer_Result@@UAEPAXI@Z 00409850 f i S3PDB_MSSQLServer_Connection.obj
 0001:00008880       ?GetGMID@@YAKXZ            00409880 f   S3PDBConnectionPool.obj
 0001:0000888a       ??0S3PDBConnectionPool@@IAE@XZ 0040988a f   S3PDBConnectionPool.obj
 0001:000088f1       ??1S3PDBConnectionPool@@MAE@XZ 004098f1 f   S3PDBConnectionPool.obj
 0001:000089dd       ?Init@S3PDBConnectionPool@@QAEHABV?$basic_string@DU?$char_traits@D@std@@V?$allocator@D@2@@std@@0K@Z 004099dd f   S3PDBConnectionPool.obj
 0001:00008c42       ?RemoveDBCon@S3PDBConnectionPool@@QAEHPAPAVS3PDBConVBC@@@Z 00409c42 f   S3PDBConnectionPool.obj
 0001:00008d1c       ?ReturnDBCon@S3PDBConnectionPool@@QAEHPAVS3PDBConVBC@@@Z 00409d1c f   S3PDBConnectionPool.obj
 0001:00008ddf       ?Instance@S3PDBConnectionPool@@SAPAV1@XZ 00409ddf f   S3PDBConnectionPool.obj
 0001:00008e5a       ?ReleaseInstance@S3PDBConnectionPool@@SAXXZ 00409e5a f   S3PDBConnectionPool.obj
 0001:00008ea3       ?CreateConnection@S3PDBConnectionPool@@IAEHPAUtag_DATABASEINFO@@PAPAVS3PDBConVBC@@@Z 00409ea3 f   S3PDBConnectionPool.obj
 0001:00008f90       ??_ES3PDBConnectionPool@@MAEPAXI@Z 00409f90 f i S3PDBConnectionPool.obj
 0001:00008f90       ??_GS3PDBConnectionPool@@MAEPAXI@Z 00409f90 f i S3PDBConnectionPool.obj
 0001:00008fc0       ??0tag_DATABASEINFO@@QAE@XZ 00409fc0 f i S3PDBConnectionPool.obj
 0001:00009040       ??1tag_DATABASEINFO@@QAE@XZ 0040a040 f i S3PDBConnectionPool.obj
 0001:000090b0       ??0?$vector@PAVS3PDBConVBC@@V?$allocator@PAVS3PDBConVBC@@@std@@@std@@QAE@ABV?$allocator@PAVS3PDBConVBC@@@1@@Z 0040a0b0 f i S3PDBConnectionPool.obj
 0001:000090f0       ??1?$vector@PAVS3PDBConVBC@@V?$allocator@PAVS3PDBConVBC@@@std@@@std@@QAE@XZ 0040a0f0 f i S3PDBConnectionPool.obj
 0001:00009150       ?size@?$vector@PAVS3PDBConVBC@@V?$allocator@PAVS3PDBConVBC@@@std@@@std@@QBEIXZ 0040a150 f i S3PDBConnectionPool.obj
 0001:00009190       ??A?$vector@PAVS3PDBConVBC@@V?$allocator@PAVS3PDBConVBC@@@std@@@std@@QAEAAPAVS3PDBConVBC@@I@Z 0040a190 f i S3PDBConnectionPool.obj
 0001:000091b0       ?push_back@?$vector@PAVS3PDBConVBC@@V?$allocator@PAVS3PDBConVBC@@@std@@@std@@QAEXABQAVS3PDBConVBC@@@Z 0040a1b0 f i S3PDBConnectionPool.obj
 0001:000091e0       ?IsLocked@K_CS@@QAEHXZ     0040a1e0 f i S3PDBConnectionPool.obj
 0001:00009200       ?begin@?$vector@PAVS3PDBConVBC@@V?$allocator@PAVS3PDBConVBC@@@std@@@std@@QAEPAPAVS3PDBConVBC@@XZ 0040a200 f i S3PDBConnectionPool.obj
 0001:00009220       ?end@?$vector@PAVS3PDBConVBC@@V?$allocator@PAVS3PDBConVBC@@@std@@@std@@QAEPAPAVS3PDBConVBC@@XZ 0040a220 f i S3PDBConnectionPool.obj
 0001:00009240       ?insert@?$vector@PAVS3PDBConVBC@@V?$allocator@PAVS3PDBConVBC@@@std@@@std@@QAEPAPAVS3PDBConVBC@@PAPAV3@ABQAV3@@Z 0040a240 f i S3PDBConnectionPool.obj
 0001:00009290       ?_Destroy@?$vector@PAVS3PDBConVBC@@V?$allocator@PAVS3PDBConVBC@@@std@@@std@@IAEXPAPAVS3PDBConVBC@@0@Z 0040a290 f i S3PDBConnectionPool.obj
 0001:000092c0       ?deallocate@?$allocator@PAVS3PDBConVBC@@@std@@QAEXPAXI@Z 0040a2c0 f i S3PDBConnectionPool.obj
 0001:000092e0       ?insert@?$vector@PAVS3PDBConVBC@@V?$allocator@PAVS3PDBConVBC@@@std@@@std@@QAEXPAPAVS3PDBConVBC@@IABQAV3@@Z 0040a2e0 f i S3PDBConnectionPool.obj
 0001:00009500       ?destroy@?$allocator@PAVS3PDBConVBC@@@std@@QAEXPAPAVS3PDBConVBC@@@Z 0040a500 f i S3PDBConnectionPool.obj
 0001:00009520       ?_Ucopy@?$vector@PAVS3PDBConVBC@@V?$allocator@PAVS3PDBConVBC@@@std@@@std@@IAEPAPAVS3PDBConVBC@@PBQAV3@0PAPAV3@@Z 0040a520 f i S3PDBConnectionPool.obj
 0001:00009560       ?_Ufill@?$vector@PAVS3PDBConVBC@@V?$allocator@PAVS3PDBConVBC@@@std@@@std@@IAEXPAPAVS3PDBConVBC@@IABQAV3@@Z 0040a560 f i S3PDBConnectionPool.obj
 0001:000095a0       ?allocate@?$allocator@PAVS3PDBConVBC@@@std@@QAEPAPAVS3PDBConVBC@@IPBX@Z 0040a5a0 f i S3PDBConnectionPool.obj
 0001:000095c0       ?construct@?$allocator@PAVS3PDBConVBC@@@std@@QAEXPAPAVS3PDBConVBC@@ABQAV3@@Z 0040a5c0 f i S3PDBConnectionPool.obj
 0001:000095e0       ?fill@std@@YAXPAPAVS3PDBConVBC@@0ABQAV2@@Z 0040a5e0 f i S3PDBConnectionPool.obj
 0001:00009610       ?copy_backward@std@@YAPAPAVS3PDBConVBC@@PAPAV2@00@Z 0040a610 f i S3PDBConnectionPool.obj
 0001:00009640       ?_Destroy@std@@YAXPAPAVS3PDBConVBC@@@Z 0040a640 f i S3PDBConnectionPool.obj
 0001:00009650       ?_Allocate@std@@YAPAPAVS3PDBConVBC@@HPAPAV2@@Z 0040a650 f i S3PDBConnectionPool.obj
 0001:00009680       ?_Construct@std@@YAXPAPAVS3PDBConVBC@@ABQAV2@@Z 0040a680 f i S3PDBConnectionPool.obj
 0001:000096c0       ??2@YAPAXIPAX@Z            0040a6c0 f i S3PDBConnectionPool.obj
 0001:000096d0       ??0S3PDBConVBC@@IAE@XZ     0040a6d0 f   S3PDBConVBC.obj
 0001:000096ef       ??1S3PDBConVBC@@UAE@XZ     0040a6ef f   S3PDBConVBC.obj
 0001:00009730       ??_ES3PDBConVBC@@UAEPAXI@Z 0040a730 f i S3PDBConVBC.obj
 0001:00009730       ??_GS3PDBConVBC@@UAEPAXI@Z 0040a730 f i S3PDBConVBC.obj
 0001:00009760       ??0S3PDBSocketPool@@IAE@XZ 0040a760 f   S3PDBSocketPool.obj
 0001:000097c7       ??1S3PDBSocketPool@@UAE@XZ 0040a7c7 f   S3PDBSocketPool.obj
 0001:0000981b       ?Instance@S3PDBSocketPool@@SAPAV1@XZ 0040a81b f   S3PDBSocketPool.obj
 0001:00009896       ?ReleaseInstance@S3PDBSocketPool@@SAXXZ 0040a896 f   S3PDBSocketPool.obj
 0001:000098d6       ?Start@S3PDBSocketPool@@UAEPAXPAUIServer@@H@Z 0040a8d6 f   S3PDBSocketPool.obj
 0001:000099c6       ?Stop@S3PDBSocketPool@@UAEHXZ 0040a9c6 f   S3PDBSocketPool.obj
 0001:00009ab9       ?SendData@S3PDBSocketPool@@QAEHKQBXABI@Z 0040aab9 f   S3PDBSocketPool.obj
 0001:00009b65       ?CustomSend@S3PDBSocketPool@@QAEHKDPAUKAccountHead@@@Z 0040ab65 f   S3PDBSocketPool.obj
 0001:00009c5a       ?AddUserClientID@S3PDBSocketPool@@QAEHK@Z 0040ac5a f   S3PDBSocketPool.obj
 0001:00009f28       ?RemoveUserClientID@S3PDBSocketPool@@QAEHK@Z 0040af28 f   S3PDBSocketPool.obj
 0001:00009fbf       ?ShowAllClientInfo@S3PDBSocketPool@@QAEHXZ 0040afbf f   S3PDBSocketPool.obj
 0001:0000a1c5       ??0KGatewayDataProcess@@QAE@XZ 0040b1c5 f   S3PDBSocketPool.obj
 0001:0000a33c       ??1KGatewayDataProcess@@UAE@XZ 0040b33c f   S3PDBSocketPool.obj
 0001:0000a39d       ?AutoTime@KGatewayDataProcess@@IAEXXZ 0040b39d f   S3PDBSocketPool.obj
 0001:0000a544       ?CheckConnectAddress@KGatewayDataProcess@@IAEHK@Z 0040b544 f   S3PDBSocketPool.obj
 0001:0000a58a       ?SendPing@KGatewayDataProcess@@IAEXK@Z 0040b58a f   S3PDBSocketPool.obj
 0001:0000a5c9       ?ProcessClientData@KGatewayDataProcess@@IAEXPBXK@Z 0040b5c9 f   S3PDBSocketPool.obj
 0001:0000a68d       ?ProcessData@KGatewayDataProcess@@IAEKPAVS3PDBConVBC@@PBXK@Z 0040b68d f   S3PDBSocketPool.obj
 0001:0000a9d4       ?ProAccountLogin@KGatewayDataProcess@@IAEHPAVS3PDBConVBC@@PBDK@Z 0040b9d4 f   S3PDBSocketPool.obj
 0001:0000acb8       ?ProGameLogin@KGatewayDataProcess@@IAEHPAVS3PDBConVBC@@PBDK@Z 0040bcb8 f   S3PDBSocketPool.obj
 0001:0000ae09       ?ProAccountLogout@KGatewayDataProcess@@IAEHPAVS3PDBConVBC@@PBDK@Z 0040be09 f   S3PDBSocketPool.obj
 0001:0000af94       ?ProGetwayVerify@KGatewayDataProcess@@IAEHPAVS3PDBConVBC@@PBDK@Z 0040bf94 f   S3PDBSocketPool.obj
 0001:0000b1ba       ?ProUndefine@KGatewayDataProcess@@IAEHPBDK@Z 0040c1ba f   S3PDBSocketPool.obj
 0001:0000b1d3       ?GetDB@KGatewayDataProcess@@IAEPAVS3PDBConVBC@@K@Z 0040c1d3 f   S3PDBSocketPool.obj
 0001:0000b234       ?Main@KGatewayDataProcess@@MAEKPAX@Z 0040c234 f   S3PDBSocketPool.obj
 0001:0000b3a8       ?Start@KGatewayDataProcess@@UAEPAXPAUIServer@@K@Z 0040c3a8 f   S3PDBSocketPool.obj
 0001:0000b3fe       ?Stop@KGatewayDataProcess@@UAEHXZ 0040c3fe f   S3PDBSocketPool.obj
 0001:0000b450       ?ConnectErrorWork@KGatewayDataProcess@@QAEHKKF@Z 0040c450 f   S3PDBSocketPool.obj
 0001:0000b4bb       ?ConnectFreeWork@KGatewayDataProcess@@QAEHKKF@Z 0040c4bb f   S3PDBSocketPool.obj
 0001:0000b537       ?ConnectAgainWork@KGatewayDataProcess@@QAEHKKF@Z 0040c537 f   S3PDBSocketPool.obj
 0001:0000b5be       ?ConnectFreeForErrorWork@KGatewayDataProcess@@QAEHKKF@Z 0040c5be f   S3PDBSocketPool.obj
 0001:0000b62a       ?OutofWork@KGatewayDataProcess@@QAEHK@Z 0040c62a f   S3PDBSocketPool.obj
 0001:0000b76a       ?IsWork@KGatewayDataProcess@@QAEHXZ 0040c76a f   S3PDBSocketPool.obj
 0001:0000b7a7       ?IsWorkAgain@KGatewayDataProcess@@QAEHXZ 0040c7a7 f   S3PDBSocketPool.obj
 0001:0000b7e4       ?IsWantData@KGatewayDataProcess@@QAEHXZ 0040c7e4 f   S3PDBSocketPool.obj
 0001:0000b83c       ?IsError@KGatewayDataProcess@@QAEHXZ 0040c83c f   S3PDBSocketPool.obj
 0001:0000b879       ?GetStatus@KGatewayDataProcess@@QAEHXZ 0040c879 f   S3PDBSocketPool.obj
 0001:0000b8af       ?SetStatus@KGatewayDataProcess@@IAE_NH@Z 0040c8af f   S3PDBSocketPool.obj
 0001:0000b9a5       ?IsVerifyTimeout@KGatewayDataProcess@@IAE_NXZ 0040c9a5 f   S3PDBSocketPool.obj
 0001:0000ba20       ??_ES3PDBSocketPool@@UAEPAXI@Z 0040ca20 f i S3PDBSocketPool.obj
 0001:0000ba20       ??_GS3PDBSocketPool@@UAEPAXI@Z 0040ca20 f i S3PDBSocketPool.obj
 0001:0000ba50       ??0KThread_CS@@QAE@XZ      0040ca50 f i S3PDBSocketPool.obj
 0001:0000bac0       ??1KThread_CS@@UAE@XZ      0040cac0 f i S3PDBSocketPool.obj
 0001:0000bb40       ??_GKThread_CS@@UAEPAXI@Z  0040cb40 f i S3PDBSocketPool.obj
 0001:0000bb40       ??_EKThread_CS@@UAEPAXI@Z  0040cb40 f i S3PDBSocketPool.obj
 0001:0000bb70       ??_GKGatewayDataProcess@@UAEPAXI@Z 0040cb70 f i S3PDBSocketPool.obj
 0001:0000bb70       ??_EKGatewayDataProcess@@UAEPAXI@Z 0040cb70 f i S3PDBSocketPool.obj
 0001:0000bba0       ??1?$map@UUserName@@KUUserNameCmp@@V?$allocator@K@std@@@std@@QAE@XZ 0040cba0 f i S3PDBSocketPool.obj
 0001:0000bbc0       ??0?$map@UUserName@@KUUserNameCmp@@V?$allocator@K@std@@@std@@QAE@ABUUserNameCmp@@ABV?$allocator@K@1@@Z 0040cbc0 f i S3PDBSocketPool.obj
 0001:0000bbf0       ?begin@?$map@UUserName@@KUUserNameCmp@@V?$allocator@K@std@@@std@@QAE?AViterator@?$_Tree@UUserName@@U?$pair@$$CBUUserName@@K@std@@U_Kfn@?$map@UUserName@@KUUserNameCmp@@V?$allocator@K@std@@@3@UUserNameCmp@@V?$allocator@K@3@@2@XZ 0040cbf0 f i S3PDBSocketPool.obj
 0001:0000bc20       ?end@?$map@UUserName@@KUUserNameCmp@@V?$allocator@K@std@@@std@@QAE?AViterator@?$_Tree@UUserName@@U?$pair@$$CBUUserName@@K@std@@U_Kfn@?$map@UUserName@@KUUserNameCmp@@V?$allocator@K@std@@@3@UUserNameCmp@@V?$allocator@K@3@@2@XZ 0040cc20 f i S3PDBSocketPool.obj
 0001:0000bc50       ??A?$map@UUserName@@KUUserNameCmp@@V?$allocator@K@std@@@std@@QAEAAKABUUserName@@@Z 0040cc50 f i S3PDBSocketPool.obj
 0001:0000bca0       ?erase@?$map@UUserName@@KUUserNameCmp@@V?$allocator@K@std@@@std@@QAE?AViterator@?$_Tree@UUserName@@U?$pair@$$CBUUserName@@K@std@@U_Kfn@?$map@UUserName@@KUUserNameCmp@@V?$allocator@K@std@@@3@UUserNameCmp@@V?$allocator@K@3@@2@V342@@Z 0040cca0 f i S3PDBSocketPool.obj
 0001:0000bcd0       ?erase@?$map@UUserName@@KUUserNameCmp@@V?$allocator@K@std@@@std@@QAEIABUUserName@@@Z 0040ccd0 f i S3PDBSocketPool.obj
 0001:0000bcf0       ?find@?$map@UUserName@@KUUserNameCmp@@V?$allocator@K@std@@@std@@QAE?AViterator@?$_Tree@UUserName@@U?$pair@$$CBUUserName@@K@std@@U_Kfn@?$map@UUserName@@KUUserNameCmp@@V?$allocator@K@std@@@3@UUserNameCmp@@V?$allocator@K@3@@2@ABUUserName@@@Z 0040ccf0 f i S3PDBSocketPool.obj
 0001:0000bd20       ??1?$_Tree@UUserName@@U?$pair@$$CBUUserName@@K@std@@U_Kfn@?$map@UUserName@@KUUserNameCmp@@V?$allocator@K@std@@@3@UUserNameCmp@@V?$allocator@K@3@@std@@QAE@XZ 0040cd20 f i S3PDBSocketPool.obj
 0001:0000bdf0       ??Citerator@?$_Tree@UUserName@@U?$pair@$$CBUUserName@@K@std@@U_Kfn@?$map@UUserName@@KUUserNameCmp@@V?$allocator@K@std@@@3@UUserNameCmp@@V?$allocator@K@3@@std@@QBEPAU?$pair@$$CBUUserName@@K@2@XZ 0040cdf0 f i S3PDBSocketPool.obj
 0001:0000be10       ??Eiterator@?$_Tree@UUserName@@U?$pair@$$CBUUserName@@K@std@@U_Kfn@?$map@UUserName@@KUUserNameCmp@@V?$allocator@K@std@@@3@UUserNameCmp@@V?$allocator@K@3@@std@@QAE?AV012@H@Z 0040ce10 f i S3PDBSocketPool.obj
 0001:0000be40       ??8iterator@?$_Tree@UUserName@@U?$pair@$$CBUUserName@@K@std@@U_Kfn@?$map@UUserName@@KUUserNameCmp@@V?$allocator@K@std@@@3@UUserNameCmp@@V?$allocator@K@3@@std@@QBE_NABV012@@Z 0040ce40 f i S3PDBSocketPool.obj
 0001:0000be60       ??9iterator@?$_Tree@UUserName@@U?$pair@$$CBUUserName@@K@std@@U_Kfn@?$map@UUserName@@KUUserNameCmp@@V?$allocator@K@std@@@3@UUserNameCmp@@V?$allocator@K@3@@std@@QBE_NABV012@@Z 0040ce60 f i S3PDBSocketPool.obj
 0001:0000be90       ??0?$list@PAVKGatewayDataProcess@@V?$allocator@PAVKGatewayDataProcess@@@std@@@std@@QAE@ABV?$allocator@PAVKGatewayDataProcess@@@1@@Z 0040ce90 f i S3PDBSocketPool.obj
 0001:0000bed0       ??1?$list@PAVKGatewayDataProcess@@V?$allocator@PAVKGatewayDataProcess@@@std@@@std@@QAE@XZ 0040ced0 f i S3PDBSocketPool.obj
 0001:0000bf30       ?begin@?$list@PAVKGatewayDataProcess@@V?$allocator@PAVKGatewayDataProcess@@@std@@@std@@QAE?AViterator@12@XZ 0040cf30 f i S3PDBSocketPool.obj
 0001:0000bf70       ?end@?$list@PAVKGatewayDataProcess@@V?$allocator@PAVKGatewayDataProcess@@@std@@@std@@QAE?AViterator@12@XZ 0040cf70 f i S3PDBSocketPool.obj
 0001:0000bfa0       ?push_back@?$list@PAVKGatewayDataProcess@@V?$allocator@PAVKGatewayDataProcess@@@std@@@std@@QAEXABQAVKGatewayDataProcess@@@Z 0040cfa0 f i S3PDBSocketPool.obj
 0001:0000bfd0       ?clear@?$list@PAVKGatewayDataProcess@@V?$allocator@PAVKGatewayDataProcess@@@std@@@std@@QAEXXZ 0040cfd0 f i S3PDBSocketPool.obj
 0001:0000c010       ??Diterator@?$list@PAVKGatewayDataProcess@@V?$allocator@PAVKGatewayDataProcess@@@std@@@std@@QBEAAPAVKGatewayDataProcess@@XZ 0040d010 f i S3PDBSocketPool.obj
 0001:0000c030       ??Eiterator@?$list@PAVKGatewayDataProcess@@V?$allocator@PAVKGatewayDataProcess@@@std@@@std@@QAE?AV012@H@Z 0040d030 f i S3PDBSocketPool.obj
 0001:0000c060       ??9iterator@?$list@PAVKGatewayDataProcess@@V?$allocator@PAVKGatewayDataProcess@@@std@@@std@@QBE_NABV012@@Z 0040d060 f i S3PDBSocketPool.obj
 0001:0000c090       ?insert@?$map@UUserName@@KUUserNameCmp@@V?$allocator@K@std@@@std@@QAE?AU?$pair@Viterator@?$_Tree@UUserName@@U?$pair@$$CBUUserName@@K@std@@U_Kfn@?$map@UUserName@@KUUserNameCmp@@V?$allocator@K@std@@@3@UUserNameCmp@@V?$allocator@K@3@@std@@_N@2@ABU?$pair@$$CBUUserName@@K@2@@Z 0040d090 f i S3PDBSocketPool.obj
 0001:0000c0e0       ??0?$_Tree@UUserName@@U?$pair@$$CBUUserName@@K@std@@U_Kfn@?$map@UUserName@@KUUserNameCmp@@V?$allocator@K@std@@@3@UUserNameCmp@@V?$allocator@K@3@@std@@QAE@ABUUserNameCmp@@_NABV?$allocator@K@1@@Z 0040d0e0 f i S3PDBSocketPool.obj
 0001:0000c120       ?begin@?$_Tree@UUserName@@U?$pair@$$CBUUserName@@K@std@@U_Kfn@?$map@UUserName@@KUUserNameCmp@@V?$allocator@K@std@@@3@UUserNameCmp@@V?$allocator@K@3@@std@@QAE?AViterator@12@XZ 0040d120 f i S3PDBSocketPool.obj
 0001:0000c150       ?end@?$_Tree@UUserName@@U?$pair@$$CBUUserName@@K@std@@U_Kfn@?$map@UUserName@@KUUserNameCmp@@V?$allocator@K@std@@@3@UUserNameCmp@@V?$allocator@K@3@@std@@QAE?AViterator@12@XZ 0040d150 f i S3PDBSocketPool.obj
 0001:0000c180       ?erase@?$_Tree@UUserName@@U?$pair@$$CBUUserName@@K@std@@U_Kfn@?$map@UUserName@@KUUserNameCmp@@V?$allocator@K@std@@@3@UUserNameCmp@@V?$allocator@K@3@@std@@QAE?AViterator@12@V312@@Z 0040d180 f i S3PDBSocketPool.obj
 0001:0000c9d0       ?erase@?$_Tree@UUserName@@U?$pair@$$CBUUserName@@K@std@@U_Kfn@?$map@UUserName@@KUUserNameCmp@@V?$allocator@K@std@@@3@UUserNameCmp@@V?$allocator@K@3@@std@@QAE?AViterator@12@V312@0@Z 0040d9d0 f i S3PDBSocketPool.obj
 0001:0000cb10       ?erase@?$_Tree@UUserName@@U?$pair@$$CBUUserName@@K@std@@U_Kfn@?$map@UUserName@@KUUserNameCmp@@V?$allocator@K@std@@@3@UUserNameCmp@@V?$allocator@K@3@@std@@QAEIABUUserName@@@Z 0040db10 f i S3PDBSocketPool.obj
 0001:0000cb70       ?find@?$_Tree@UUserName@@U?$pair@$$CBUUserName@@K@std@@U_Kfn@?$map@UUserName@@KUUserNameCmp@@V?$allocator@K@std@@@3@UUserNameCmp@@V?$allocator@K@3@@std@@QAE?AViterator@12@ABUUserName@@@Z 0040db70 f i S3PDBSocketPool.obj
 0001:0000cc10       ??RUserNameCmp@@QBE_NABUUserName@@0@Z 0040dc10 f i S3PDBSocketPool.obj
 0001:0000cc40       ?_Freenode@?$_Tree@UUserName@@U?$pair@$$CBUUserName@@K@std@@U_Kfn@?$map@UUserName@@KUUserNameCmp@@V?$allocator@K@std@@@3@UUserNameCmp@@V?$allocator@K@3@@std@@IAEXPAU_Node@12@@Z 0040dc40 f i S3PDBSocketPool.obj
 0001:0000cc60       ??0?$pair@$$CBUUserName@@K@std@@QAE@ABUUserName@@ABK@Z 0040dc60 f i S3PDBSocketPool.obj
 0001:0000cc90       ??_EKThread_CS@@WM@AEPAXI@Z 0040dc90 f i S3PDBSocketPool.obj
 0001:0000cca0       ??Diterator@?$_Tree@UUserName@@U?$pair@$$CBUUserName@@K@std@@U_Kfn@?$map@UUserName@@KUUserNameCmp@@V?$allocator@K@std@@@3@UUserNameCmp@@V?$allocator@K@3@@std@@QBEAAU?$pair@$$CBUUserName@@K@2@XZ 0040dca0 f i S3PDBSocketPool.obj
 0001:0000ccc0       ??Eiterator@?$_Tree@UUserName@@U?$pair@$$CBUUserName@@K@std@@U_Kfn@?$map@UUserName@@KUUserNameCmp@@V?$allocator@K@std@@@3@UUserNameCmp@@V?$allocator@K@3@@std@@QAEAAV012@XZ 0040dcc0 f i S3PDBSocketPool.obj
 0001:0000cce0       ?insert@?$list@PAVKGatewayDataProcess@@V?$allocator@PAVKGatewayDataProcess@@@std@@@std@@QAE?AViterator@12@V312@ABQAVKGatewayDataProcess@@@Z 0040dce0 f i S3PDBSocketPool.obj
 0001:0000cda0       ?erase@?$list@PAVKGatewayDataProcess@@V?$allocator@PAVKGatewayDataProcess@@@std@@@std@@QAE?AViterator@12@V312@0@Z 0040dda0 f i S3PDBSocketPool.obj
 0001:0000cdf0       ?_Buynode@?$list@PAVKGatewayDataProcess@@V?$allocator@PAVKGatewayDataProcess@@@std@@@std@@IAEPAU_Node@12@PAU312@0@Z 0040ddf0 f i S3PDBSocketPool.obj
 0001:0000ce60       ?_Freenode@?$list@PAVKGatewayDataProcess@@V?$allocator@PAVKGatewayDataProcess@@@std@@@std@@IAEXPAU_Node@12@@Z 0040de60 f i S3PDBSocketPool.obj
 0001:0000ce80       ?_Next@_Acc@?$list@PAVKGatewayDataProcess@@V?$allocator@PAVKGatewayDataProcess@@@std@@@std@@SAAAPAU_Node@23@PAU423@@Z 0040de80 f i S3PDBSocketPool.obj
 0001:0000ce90       ?_Value@_Acc@?$list@PAVKGatewayDataProcess@@V?$allocator@PAVKGatewayDataProcess@@@std@@@std@@SAAAPAVKGatewayDataProcess@@PAU_Node@23@@Z 0040de90 f i S3PDBSocketPool.obj
 0001:0000cea0       ??0iterator@?$list@PAVKGatewayDataProcess@@V?$allocator@PAVKGatewayDataProcess@@@std@@@std@@QAE@PAU_Node@12@@Z 0040dea0 f i S3PDBSocketPool.obj
 0001:0000cec0       ??Eiterator@?$list@PAVKGatewayDataProcess@@V?$allocator@PAVKGatewayDataProcess@@@std@@@std@@QAEAAV012@XZ 0040dec0 f i S3PDBSocketPool.obj
 0001:0000cef0       ??8iterator@?$list@PAVKGatewayDataProcess@@V?$allocator@PAVKGatewayDataProcess@@@std@@@std@@QBE_NABV012@@Z 0040def0 f i S3PDBSocketPool.obj
 0001:0000cf10       ?deallocate@?$allocator@K@std@@QAEXPAXI@Z 0040df10 f i S3PDBSocketPool.obj
 0001:0000cf30       ?_Color@?$_Tree@UUserName@@U?$pair@$$CBUUserName@@K@std@@U_Kfn@?$map@UUserName@@KUUserNameCmp@@V?$allocator@K@std@@@3@UUserNameCmp@@V?$allocator@K@3@@std@@KAAAW4_Redbl@12@PAU_Node@12@@Z 0040df30 f i S3PDBSocketPool.obj
 0001:0000cf40       ?_Key@?$_Tree@UUserName@@U?$pair@$$CBUUserName@@K@std@@U_Kfn@?$map@UUserName@@KUUserNameCmp@@V?$allocator@K@std@@@3@UUserNameCmp@@V?$allocator@K@3@@std@@KAABUUserName@@PAU_Node@12@@Z 0040df40 f i S3PDBSocketPool.obj
 0001:0000cf60       ?_Left@?$_Tree@UUserName@@U?$pair@$$CBUUserName@@K@std@@U_Kfn@?$map@UUserName@@KUUserNameCmp@@V?$allocator@K@std@@@3@UUserNameCmp@@V?$allocator@K@3@@std@@KAAAPAU_Node@12@PAU312@@Z 0040df60 f i S3PDBSocketPool.obj
 0001:0000cf70       ?_Parent@?$_Tree@UUserName@@U?$pair@$$CBUUserName@@K@std@@U_Kfn@?$map@UUserName@@KUUserNameCmp@@V?$allocator@K@std@@@3@UUserNameCmp@@V?$allocator@K@3@@std@@KAAAPAU_Node@12@PAU312@@Z 0040df70 f i S3PDBSocketPool.obj
 0001:0000cf80       ?_Right@?$_Tree@UUserName@@U?$pair@$$CBUUserName@@K@std@@U_Kfn@?$map@UUserName@@KUUserNameCmp@@V?$allocator@K@std@@@3@UUserNameCmp@@V?$allocator@K@3@@std@@KAAAPAU_Node@12@PAU312@@Z 0040df80 f i S3PDBSocketPool.obj
 0001:0000cf90       ?_Value@?$_Tree@UUserName@@U?$pair@$$CBUUserName@@K@std@@U_Kfn@?$map@UUserName@@KUUserNameCmp@@V?$allocator@K@std@@@3@UUserNameCmp@@V?$allocator@K@3@@std@@KAAAU?$pair@$$CBUUserName@@K@2@PAU_Node@12@@Z 0040df90 f i S3PDBSocketPool.obj
 0001:0000cfa0       ?size@?$_Tree@UUserName@@U?$pair@$$CBUUserName@@K@std@@U_Kfn@?$map@UUserName@@KUUserNameCmp@@V?$allocator@K@std@@@3@UUserNameCmp@@V?$allocator@K@3@@std@@QBEIXZ 0040dfa0 f i S3PDBSocketPool.obj
 0001:0000cfc0       ?insert@?$_Tree@UUserName@@U?$pair@$$CBUUserName@@K@std@@U_Kfn@?$map@UUserName@@KUUserNameCmp@@V?$allocator@K@std@@@3@UUserNameCmp@@V?$allocator@K@3@@std@@QAE?AU?$pair@Viterator@?$_Tree@UUserName@@U?$pair@$$CBUUserName@@K@std@@U_Kfn@?$map@UUserName@@KUUserNameCmp@@V?$allocator@K@std@@@3@UUserNameCmp@@V?$allocator@K@3@@std@@_N@2@ABU?$pair@$$CBUUserName@@K@2@@Z 0040dfc0 f i S3PDBSocketPool.obj
 0001:0000d200       ?lower_bound@?$_Tree@UUserName@@U?$pair@$$CBUUserName@@K@std@@U_Kfn@?$map@UUserName@@KUUserNameCmp@@V?$allocator@K@std@@@3@UUserNameCmp@@V?$allocator@K@3@@std@@QAE?AViterator@12@ABUUserName@@@Z 0040e200 f i S3PDBSocketPool.obj
 0001:0000d230       ?equal_range@?$_Tree@UUserName@@U?$pair@$$CBUUserName@@K@std@@U_Kfn@?$map@UUserName@@KUUserNameCmp@@V?$allocator@K@std@@@3@UUserNameCmp@@V?$allocator@K@3@@std@@QAE?AU?$pair@Viterator@?$_Tree@UUserName@@U?$pair@$$CBUUserName@@K@std@@U_Kfn@?$map@UUserName@@KUUserNameCmp@@V?$allocator@K@std@@@3@UUserNameCmp@@V?$allocator@K@3@@std@@V123@@2@ABUUserName@@@Z 0040e230 f i S3PDBSocketPool.obj
 0001:0000d280       ?_Erase@?$_Tree@UUserName@@U?$pair@$$CBUUserName@@K@std@@U_Kfn@?$map@UUserName@@KUUserNameCmp@@V?$allocator@K@std@@@3@UUserNameCmp@@V?$allocator@K@3@@std@@IAEXPAU_Node@12@@Z 0040e280 f i S3PDBSocketPool.obj
 0001:0000d330       ?_Init@?$_Tree@UUserName@@U?$pair@$$CBUUserName@@K@std@@U_Kfn@?$map@UUserName@@KUUserNameCmp@@V?$allocator@K@std@@@3@UUserNameCmp@@V?$allocator@K@3@@std@@IAEXXZ 0040e330 f i S3PDBSocketPool.obj
 0001:0000d410       ?_Lmost@?$_Tree@UUserName@@U?$pair@$$CBUUserName@@K@std@@U_Kfn@?$map@UUserName@@KUUserNameCmp@@V?$allocator@K@std@@@3@UUserNameCmp@@V?$allocator@K@3@@std@@IAEAAPAU_Node@12@XZ 0040e410 f i S3PDBSocketPool.obj
 0001:0000d430       ?_Lrotate@?$_Tree@UUserName@@U?$pair@$$CBUUserName@@K@std@@U_Kfn@?$map@UUserName@@KUUserNameCmp@@V?$allocator@K@std@@@3@UUserNameCmp@@V?$allocator@K@3@@std@@IAEXPAU_Node@12@@Z 0040e430 f i S3PDBSocketPool.obj
 0001:0000d5a0       ?_Max@?$_Tree@UUserName@@U?$pair@$$CBUUserName@@K@std@@U_Kfn@?$map@UUserName@@KUUserNameCmp@@V?$allocator@K@std@@@3@UUserNameCmp@@V?$allocator@K@3@@std@@KAPAU_Node@12@PAU312@@Z 0040e5a0 f i S3PDBSocketPool.obj
 0001:0000d620       ?_Min@?$_Tree@UUserName@@U?$pair@$$CBUUserName@@K@std@@U_Kfn@?$map@UUserName@@KUUserNameCmp@@V?$allocator@K@std@@@3@UUserNameCmp@@V?$allocator@K@3@@std@@KAPAU_Node@12@PAU312@@Z 0040e620 f i S3PDBSocketPool.obj
 0001:0000d6a0       ?_Rmost@?$_Tree@UUserName@@U?$pair@$$CBUUserName@@K@std@@U_Kfn@?$map@UUserName@@KUUserNameCmp@@V?$allocator@K@std@@@3@UUserNameCmp@@V?$allocator@K@3@@std@@IAEAAPAU_Node@12@XZ 0040e6a0 f i S3PDBSocketPool.obj
 0001:0000d6c0       ?_Root@?$_Tree@UUserName@@U?$pair@$$CBUUserName@@K@std@@U_Kfn@?$map@UUserName@@KUUserNameCmp@@V?$allocator@K@std@@@3@UUserNameCmp@@V?$allocator@K@3@@std@@IAEAAPAU_Node@12@XZ 0040e6c0 f i S3PDBSocketPool.obj
 0001:0000d6e0       ?_Rrotate@?$_Tree@UUserName@@U?$pair@$$CBUUserName@@K@std@@U_Kfn@?$map@UUserName@@KUUserNameCmp@@V?$allocator@K@std@@@3@UUserNameCmp@@V?$allocator@K@3@@std@@IAEXPAU_Node@12@@Z 0040e6e0 f i S3PDBSocketPool.obj
 0001:0000d850       ?_Destval@?$_Tree@UUserName@@U?$pair@$$CBUUserName@@K@std@@U_Kfn@?$map@UUserName@@KUUserNameCmp@@V?$allocator@K@std@@@3@UUserNameCmp@@V?$allocator@K@3@@std@@IAEXPAU?$pair@$$CBUUserName@@K@2@@Z 0040e850 f i S3PDBSocketPool.obj
 0001:0000d870       ?_Inc@const_iterator@?$_Tree@UUserName@@U?$pair@$$CBUUserName@@K@std@@U_Kfn@?$map@UUserName@@KUUserNameCmp@@V?$allocator@K@std@@@3@UUserNameCmp@@V?$allocator@K@3@@std@@QAEXXZ 0040e870 f i S3PDBSocketPool.obj
 0001:0000d950       ?_Mynode@const_iterator@?$_Tree@UUserName@@U?$pair@$$CBUUserName@@K@std@@U_Kfn@?$map@UUserName@@KUUserNameCmp@@V?$allocator@K@std@@@3@UUserNameCmp@@V?$allocator@K@3@@std@@QBEPAU_Node@23@XZ 0040e950 f i S3PDBSocketPool.obj
 0001:0000d960       ??0iterator@?$_Tree@UUserName@@U?$pair@$$CBUUserName@@K@std@@U_Kfn@?$map@UUserName@@KUUserNameCmp@@V?$allocator@K@std@@@3@UUserNameCmp@@V?$allocator@K@3@@std@@QAE@PAU_Node@12@@Z 0040e960 f i S3PDBSocketPool.obj
 0001:0000d980       ?erase@?$list@PAVKGatewayDataProcess@@V?$allocator@PAVKGatewayDataProcess@@@std@@@std@@QAE?AViterator@12@V312@@Z 0040e980 f i S3PDBSocketPool.obj
 0001:0000da40       ?_Prev@_Acc@?$list@PAVKGatewayDataProcess@@V?$allocator@PAVKGatewayDataProcess@@@std@@@std@@SAAAPAU_Node@23@PAU423@@Z 0040ea40 f i S3PDBSocketPool.obj
 0001:0000da50       ?_Charalloc@?$allocator@PAVKGatewayDataProcess@@@std@@QAEPADI@Z 0040ea50 f i S3PDBSocketPool.obj
 0001:0000da70       ?deallocate@?$allocator@PAVKGatewayDataProcess@@@std@@QAEXPAXI@Z 0040ea70 f i S3PDBSocketPool.obj
 0001:0000da90       ?construct@?$allocator@PAVKGatewayDataProcess@@@std@@QAEXPAPAVKGatewayDataProcess@@ABQAV3@@Z 0040ea90 f i S3PDBSocketPool.obj
 0001:0000dab0       ??0const_iterator@?$list@PAVKGatewayDataProcess@@V?$allocator@PAVKGatewayDataProcess@@@std@@@std@@QAE@PAU_Node@12@@Z 0040eab0 f i S3PDBSocketPool.obj
 0001:0000dad0       ?_Mynode@const_iterator@?$list@PAVKGatewayDataProcess@@V?$allocator@PAVKGatewayDataProcess@@@std@@@std@@QBEPAU_Node@23@XZ 0040ead0 f i S3PDBSocketPool.obj
 0001:0000dae0       ??0?$pair@Viterator@?$_Tree@UUserName@@U?$pair@$$CBUUserName@@K@std@@U_Kfn@?$map@UUserName@@KUUserNameCmp@@V?$allocator@K@std@@@3@UUserNameCmp@@V?$allocator@K@3@@std@@_N@std@@QAE@ABViterator@?$_Tree@UUserName@@U?$pair@$$CBUUserName@@K@std@@U_Kfn@?$map@UUserName@@KUUserNameCmp@@V?$allocator@K@std@@@3@UUserNameCmp@@V?$allocator@K@3@@1@AB_N@Z 0040eae0 f i S3PDBSocketPool.obj
 0001:0000db10       ??R_Kfn@?$map@UUserName@@KUUserNameCmp@@V?$allocator@K@std@@@std@@QBEABUUserName@@ABU?$pair@$$CBUUserName@@K@2@@Z 0040eb10 f i S3PDBSocketPool.obj
 0001:0000db20       ?upper_bound@?$_Tree@UUserName@@U?$pair@$$CBUUserName@@K@std@@U_Kfn@?$map@UUserName@@KUUserNameCmp@@V?$allocator@K@std@@@3@UUserNameCmp@@V?$allocator@K@3@@std@@QAE?AViterator@12@ABUUserName@@@Z 0040eb20 f i S3PDBSocketPool.obj
 0001:0000db50       ?_Insert@?$_Tree@UUserName@@U?$pair@$$CBUUserName@@K@std@@U_Kfn@?$map@UUserName@@KUUserNameCmp@@V?$allocator@K@std@@@3@UUserNameCmp@@V?$allocator@K@3@@std@@IAE?AViterator@12@PAU_Node@12@0ABU?$pair@$$CBUUserName@@K@2@@Z 0040eb50 f i S3PDBSocketPool.obj
 0001:0000e020       ?_Lbound@?$_Tree@UUserName@@U?$pair@$$CBUUserName@@K@std@@U_Kfn@?$map@UUserName@@KUUserNameCmp@@V?$allocator@K@std@@@3@UUserNameCmp@@V?$allocator@K@3@@std@@IBEPAU_Node@12@ABUUserName@@@Z 0040f020 f i S3PDBSocketPool.obj
 0001:0000e0f0       ?_Buynode@?$_Tree@UUserName@@U?$pair@$$CBUUserName@@K@std@@U_Kfn@?$map@UUserName@@KUUserNameCmp@@V?$allocator@K@std@@@3@UUserNameCmp@@V?$allocator@K@3@@std@@IAEPAU_Node@12@PAU312@W4_Redbl@12@@Z 0040f0f0 f i S3PDBSocketPool.obj
 0001:0000e140       ??0const_iterator@?$_Tree@UUserName@@U?$pair@$$CBUUserName@@K@std@@U_Kfn@?$map@UUserName@@KUUserNameCmp@@V?$allocator@K@std@@@3@UUserNameCmp@@V?$allocator@K@3@@std@@QAE@PAU_Node@12@@Z 0040f140 f i S3PDBSocketPool.obj
 0001:0000e160       ??Fiterator@?$_Tree@UUserName@@U?$pair@$$CBUUserName@@K@std@@U_Kfn@?$map@UUserName@@KUUserNameCmp@@V?$allocator@K@std@@@3@UUserNameCmp@@V?$allocator@K@3@@std@@QAEAAV012@XZ 0040f160 f i S3PDBSocketPool.obj
 0001:0000e180       ?destroy@?$allocator@PAVKGatewayDataProcess@@@std@@QAEXPAPAVKGatewayDataProcess@@@Z 0040f180 f i S3PDBSocketPool.obj
 0001:0000e1a0       ??0?$pair@Viterator@?$_Tree@UUserName@@U?$pair@$$CBUUserName@@K@std@@U_Kfn@?$map@UUserName@@KUUserNameCmp@@V?$allocator@K@std@@@3@UUserNameCmp@@V?$allocator@K@3@@std@@V123@@std@@QAE@ABViterator@?$_Tree@UUserName@@U?$pair@$$CBUUserName@@K@std@@U_Kfn@?$map@UUserName@@KUUserNameCmp@@V?$allocator@K@std@@@3@UUserNameCmp@@V?$allocator@K@3@@1@0@Z 0040f1a0 f i S3PDBSocketPool.obj
 0001:0000e1d0       ?_Charalloc@?$allocator@K@std@@QAEPADI@Z 0040f1d0 f i S3PDBSocketPool.obj
 0001:0000e1f0       ?_Root@?$_Tree@UUserName@@U?$pair@$$CBUUserName@@K@std@@U_Kfn@?$map@UUserName@@KUUserNameCmp@@V?$allocator@K@std@@@3@UUserNameCmp@@V?$allocator@K@3@@std@@IBEAAPAU_Node@12@XZ 0040f1f0 f i S3PDBSocketPool.obj
 0001:0000e210       ?_Ubound@?$_Tree@UUserName@@U?$pair@$$CBUUserName@@K@std@@U_Kfn@?$map@UUserName@@KUUserNameCmp@@V?$allocator@K@std@@@3@UUserNameCmp@@V?$allocator@K@3@@std@@IBEPAU_Node@12@ABUUserName@@@Z 0040f210 f i S3PDBSocketPool.obj
 0001:0000e2e0       ?_Consval@?$_Tree@UUserName@@U?$pair@$$CBUUserName@@K@std@@U_Kfn@?$map@UUserName@@KUUserNameCmp@@V?$allocator@K@std@@@3@UUserNameCmp@@V?$allocator@K@3@@std@@IAEXPAU?$pair@$$CBUUserName@@K@2@ABU32@@Z 0040f2e0 f i S3PDBSocketPool.obj
 0001:0000e300       ?_Dec@const_iterator@?$_Tree@UUserName@@U?$pair@$$CBUUserName@@K@std@@U_Kfn@?$map@UUserName@@KUUserNameCmp@@V?$allocator@K@std@@@3@UUserNameCmp@@V?$allocator@K@3@@std@@QAEXXZ 0040f300 f i S3PDBSocketPool.obj
 0001:0000e410       ?swap@std@@YAXAAW4_Redbl@?$_Tree@UUserName@@U?$pair@$$CBUUserName@@K@std@@U_Kfn@?$map@UUserName@@KUUserNameCmp@@V?$allocator@K@std@@@3@UUserNameCmp@@V?$allocator@K@3@@1@0@Z 0040f410 f i S3PDBSocketPool.obj
 0001:0000e440       ?_Distance@std@@YAXViterator@?$_Tree@UUserName@@U?$pair@$$CBUUserName@@K@std@@U_Kfn@?$map@UUserName@@KUUserNameCmp@@V?$allocator@K@std@@@3@UUserNameCmp@@V?$allocator@K@3@@1@0AAI@Z 0040f440 f i S3PDBSocketPool.obj
 0001:0000e470       ?_Destroy@std@@YAXPAU?$pair@$$CBUUserName@@K@1@@Z 0040f470 f i S3PDBSocketPool.obj
 0001:0000e480       ?_Construct@std@@YAXPAPAVKGatewayDataProcess@@ABQAV2@@Z 0040f480 f i S3PDBSocketPool.obj
 0001:0000e4c0       ?_Destroy@std@@YAXPAPAVKGatewayDataProcess@@@Z 0040f4c0 f i S3PDBSocketPool.obj
 0001:0000e4d0       ?_Construct@std@@YAXPAU?$pair@$$CBUUserName@@K@1@ABU21@@Z 0040f4d0 f i S3PDBSocketPool.obj
 0001:0000e520       ?_Iter_cat@std@@YA?AUbidirectional_iterator_tag@1@ABU?$iterator@Ubidirectional_iterator_tag@std@@U?$pair@$$CBUUserName@@K@2@H@1@@Z 0040f520 f i S3PDBSocketPool.obj
 0001:0000e540       ?_Distance@std@@YAXViterator@?$_Tree@UUserName@@U?$pair@$$CBUUserName@@K@std@@U_Kfn@?$map@UUserName@@KUUserNameCmp@@V?$allocator@K@std@@@3@UUserNameCmp@@V?$allocator@K@3@@1@0AAIUbidirectional_iterator_tag@1@@Z 0040f540 f i S3PDBSocketPool.obj
 0001:0000e580       ??_EKGatewayDataProcess@@WM@AEPAXI@Z 0040f580 f i S3PDBSocketPool.obj
 0001:0000e590       ??0S3PResultVBC@@IAE@XZ    0040f590 f   S3PResultVBC.obj
 0001:0000e5a7       ??1S3PResultVBC@@MAE@XZ    0040f5a7 f   S3PResultVBC.obj
 0001:0000e5c0       ??_GS3PResultVBC@@MAEPAXI@Z 0040f5c0 f i S3PResultVBC.obj
 0001:0000e5c0       ??_ES3PResultVBC@@MAEPAXI@Z 0040f5c0 f i S3PResultVBC.obj
 0001:0000e5ee       _WaitForSingleObject@8     0040f5ee f   kernel32:KERNEL32.dll
 0001:0000e5f4       _CloseHandle@4             0040f5f4 f   kernel32:KERNEL32.dll
 0001:0000e5fa       _TerminateThread@8         0040f5fa f   kernel32:KERNEL32.dll
 0001:0000e600       _CreateEventA@16           0040f600 f   kernel32:KERNEL32.dll
 0001:0000e606       _SetEvent@4                0040f606 f   kernel32:KERNEL32.dll
 0001:0000e60c       _ResetEvent@4              0040f60c f   kernel32:KERNEL32.dll
 0001:0000e612       _GetModuleFileNameA@12     0040f612 f   kernel32:KERNEL32.dll
 0001:0000e618       _CreateMutexA@12           0040f618 f   kernel32:KERNEL32.dll
 0001:0000e61e       _ReleaseMutex@4            0040f61e f   kernel32:KERNEL32.dll
 0001:0000e624       _InitializeCriticalSection@4 0040f624 f   kernel32:KERNEL32.dll
 0001:0000e62a       _DeleteCriticalSection@4   0040f62a f   kernel32:KERNEL32.dll
 0001:0000e630       _EnterCriticalSection@4    0040f630 f   kernel32:KERNEL32.dll
 0001:0000e636       _LeaveCriticalSection@4    0040f636 f   kernel32:KERNEL32.dll
 0001:0000e63c       _GetFileAttributesA@4      0040f63c f   kernel32:KERNEL32.dll
 0001:0000e642       _WriteFile@20              0040f642 f   kernel32:KERNEL32.dll
 0001:0000e648       _GetLocalTime@4            0040f648 f   kernel32:KERNEL32.dll
 0001:0000e64e       _GetFileSize@8             0040f64e f   kernel32:KERNEL32.dll
 0001:0000e654       _CreateDirectoryA@8        0040f654 f   kernel32:KERNEL32.dll
 0001:0000e65a       _CreateFileA@28            0040f65a f   kernel32:KERNEL32.dll
 0001:0000e660       _FreeLibrary@4             0040f660 f   kernel32:KERNEL32.dll
 0001:0000e666       _GetProcAddress@8          0040f666 f   kernel32:KERNEL32.dll
 0001:0000e66c       _LoadLibraryA@4            0040f66c f   kernel32:KERNEL32.dll
 0001:0000e672       _LocalFree@4               0040f672 f   kernel32:KERNEL32.dll
 0001:0000e678       _InterlockedDecrement@4    0040f678 f   kernel32:KERNEL32.dll
 0001:0000e67e       _GetLastError@0            0040f67e f   kernel32:KERNEL32.dll
 0001:0000e684       _MultiByteToWideChar@24    0040f684 f   kernel32:KERNEL32.dll
 0001:0000e68a       _lstrlenA@4                0040f68a f   kernel32:KERNEL32.dll
 0001:0000e690       _LocalAlloc@8              0040f690 f   kernel32:KERNEL32.dll
 0001:0000e696       _FormatMessageA@28         0040f696 f   kernel32:KERNEL32.dll
 0001:0000e69c       _Sleep@4                   0040f69c f   kernel32:KERNEL32.dll
 0001:0000e6a2       _GetTickCount@0            0040f6a2 f   kernel32:KERNEL32.dll
 0001:0000e6a8       _DispatchMessageA@4        0040f6a8 f   user32:USER32.dll
 0001:0000e6ae       _TranslateMessage@4        0040f6ae f   user32:USER32.dll
 0001:0000e6b4       _GetMessageA@16            0040f6b4 f   user32:USER32.dll
 0001:0000e6ba       _LoadStringA@16            0040f6ba f   user32:USER32.dll
 0001:0000e6c0       _MessageBoxA@16            0040f6c0 f   user32:USER32.dll
 0001:0000e6c6       _RegisterClassExA@4        0040f6c6 f   user32:USER32.dll
 0001:0000e6cc       _LoadCursorA@8             0040f6cc f   user32:USER32.dll
 0001:0000e6d2       _LoadIconA@8               0040f6d2 f   user32:USER32.dll
 0001:0000e6d8       _SendMessageA@16           0040f6d8 f   user32:USER32.dll
 0001:0000e6de       _SetTimer@16               0040f6de f   user32:USER32.dll
 0001:0000e6e4       _UpdateWindow@4            0040f6e4 f   user32:USER32.dll
 0001:0000e6ea       _ShowWindow@8              0040f6ea f   user32:USER32.dll
 0001:0000e6f0       _GetClientRect@8           0040f6f0 f   user32:USER32.dll
 0001:0000e6f6       _CreateWindowExA@48        0040f6f6 f   user32:USER32.dll
 0001:0000e6fc       _EndDialog@8               0040f6fc f   user32:USER32.dll
 0001:0000e702       _MoveWindow@24             0040f702 f   user32:USER32.dll
 0001:0000e708       _DestroyWindow@4           0040f708 f   user32:USER32.dll
 0001:0000e70e       _PostQuitMessage@4         0040f70e f   user32:USER32.dll
 0001:0000e714       _KillTimer@8               0040f714 f   user32:USER32.dll
 0001:0000e71a       _EndPaint@8                0040f71a f   user32:USER32.dll
 0001:0000e720       _BeginPaint@8              0040f720 f   user32:USER32.dll
 0001:0000e726       _DefWindowProcA@16         0040f726 f   user32:USER32.dll
 0001:0000e72c       _DialogBoxParamA@20        0040f72c f   user32:USER32.dll
 0001:0000e732       _wsprintfA                 0040f732 f   user32:USER32.dll
 0001:0000e738       _CoInitializeEx@8          0040f738 f   ole32:ole32.dll
 0001:0000e73e       _CoUninitialize@0          0040f73e f   ole32:ole32.dll
 0001:0000e744       _CLSIDFromProgID@8         0040f744 f   ole32:ole32.dll
 0001:0000e74a       _CLSIDFromString@8         0040f74a f   ole32:ole32.dll
 0001:0000e750       _OleRun@4                  0040f750 f   ole32:ole32.dll
 0001:0000e756       _CoCreateInstance@20       0040f756 f   ole32:ole32.dll
 0001:0000e75c       _VariantInit@4             0040f75c f   oleaut32:OLEAUT32.dll
 0001:0000e762       _VariantClear@4            0040f762 f   oleaut32:OLEAUT32.dll
 0001:0000e768       _SysFreeString@4           0040f768 f   oleaut32:OLEAUT32.dll
 0001:0000e76e       _SysAllocString@4          0040f76e f   oleaut32:OLEAUT32.dll
 0001:0000e774       _VariantChangeType@16      0040f774 f   oleaut32:OLEAUT32.dll
 0001:0000e77a       _WSACleanup@0              0040f77a f   Ws2_32:WS2_32.dll
 0001:0000e780       _closesocket@4             0040f780 f   Ws2_32:WS2_32.dll
 0001:0000e786       _bind@12                   0040f786 f   Ws2_32:WS2_32.dll
 0001:0000e78c       _htonl@4                   0040f78c f   Ws2_32:WS2_32.dll
 0001:0000e792       _htons@4                   0040f792 f   Ws2_32:WS2_32.dll
 0001:0000e798       _socket@12                 0040f798 f   Ws2_32:WS2_32.dll
 0001:0000e79e       _WSAStartup@8              0040f79e f   Ws2_32:WS2_32.dll
 0001:0000e7a4       _inet_addr@4               0040f7a4 f   Ws2_32:WS2_32.dll
 0001:0000e7aa       _inet_ntoa@4               0040f7aa f   Ws2_32:WS2_32.dll
 0001:0000e7b0       _strlen                    0040f7b0 f   LIBCMT:strlen.obj
 0001:0000e82b       ??3@YAXPAX@Z               0040f82b f   LIBCMT:delete.obj
 0001:0000e840       _memcpy                    0040f840 f   LIBCMT:memcpy.obj
 0001:0000eb75       _fwrite                    0040fb75 f   LIBCMT:fwrite.obj
 0001:0000eba4       __fwrite_lk                0040fba4 f   LIBCMT:fwrite.obj
 0001:0000ecae       _fclose                    0040fcae f   LIBCMT:fclose.obj
 0001:0000ecdf       __fclose_lk                0040fcdf f   LIBCMT:fclose.obj
 0001:0000ed2b       _fread                     0040fd2b f   LIBCMT:fread.obj
 0001:0000ed5a       __fread_lk                 0040fd5a f   LIBCMT:fread.obj
 0001:0000ee42       ??2@YAPAXI@Z               0040fe42 f   LIBCMT:new.obj
 0001:0000ee50       _ftell                     0040fe50 f   LIBCMT:ftell.obj
 0001:0000ee72       __ftell_lk                 0040fe72 f   LIBCMT:ftell.obj
 0001:0000efd3       _fseek                     0040ffd3 f   LIBCMT:fseek.obj
 0001:0000efff       __fseek_lk                 0040ffff f   LIBCMT:fseek.obj
 0001:0000f08c       __fsopen                   0041008c f   LIBCMT:fopen.obj
 0001:0000f0bd       _fopen                     004100bd f   LIBCMT:fopen.obj
 0001:0000f0d0       ?_JumpToContinuation@@YGXPAXPAUEHRegistrationNode@@@Z 004100d0 f   LIBCMT:trnsctrl.obj
 0001:0000f104       ?_CallMemberFunction0@@YGXPAX0@Z 00410104 f   LIBCMT:trnsctrl.obj
 0001:0000f10b       ?_CallMemberFunction1@@YGXPAX00@Z 0041010b f   LIBCMT:trnsctrl.obj
 0001:0000f112       ?_CallMemberFunction2@@YGXPAX00H@Z 00410112 f   LIBCMT:trnsctrl.obj
 0001:0000f119       ?_UnwindNestedFrames@@YGXPAUEHRegistrationNode@@PAUEHExceptionRecord@@@Z 00410119 f   LIBCMT:trnsctrl.obj
 0001:0000f168       ___CxxFrameHandler         00410168 f   LIBCMT:trnsctrl.obj
 0001:0000f19e       ___CxxLongjmpUnwind@4      0041019e f   LIBCMT:trnsctrl.obj
 0001:0000f1b8       ?_CallCatchBlock2@@YAPAXPAUEHRegistrationNode@@PBU_s_FuncInfo@@PAXHK@Z 004101b8 f   LIBCMT:trnsctrl.obj
 0001:0000f231       ?_CallSETranslator@@YAHPAUEHExceptionRecord@@PAUEHRegistrationNode@@PAX2PBU_s_FuncInfo@@H1@Z 00410231 f   LIBCMT:trnsctrl.obj
 0001:0000f35c       ?_GetRangeOfTrysToCheck@@YAPBU_s_TryBlockMapEntry@@PBU_s_FuncInfo@@HHPAI1@Z 0041035c f   LIBCMT:trnsctrl.obj
 0001:0000f3d8       __global_unwind2           004103d8 f   LIBCMT:exsup.obj
 0001:0000f41a       __local_unwind2            0041041a f   LIBCMT:exsup.obj
 0001:0000f472       __NLG_Return2              00410472 f   LIBCMT:exsup.obj
 0001:0000f482       __abnormal_termination     00410482 f   LIBCMT:exsup.obj
 0001:0000f4a5       __NLG_Notify1              004104a5 f   LIBCMT:exsup.obj
 0001:0000f4ae       __NLG_Notify               004104ae f   LIBCMT:exsup.obj
 0001:0000f4c1       __NLG_Dispatch             004104c1 f   LIBCMT:exsup.obj
 0001:0000f4c6       __mbsnbcmp                 004104c6 f   LIBCMT:mbsnbcmp.obj
 0001:0000f5c0       _strcpy                    004105c0 f   LIBCMT:strcat.obj
 0001:0000f5d0       _strcat                    004105d0 f   LIBCMT:strcat.obj
 0001:0000f6b0       __beginthreadex            004106b0 f   LIBCMT:threadex.obj
 0001:0000f7b7       __endthreadex              004107b7 f   LIBCMT:threadex.obj
 0001:0000f7f0       _memset                    004107f0 f   LIBCMT:memset.obj
 0001:0000f848       _vfprintf                  00410848 f   LIBCMT:vfprintf.obj
 0001:0000f883       __purecall                 00410883 f   LIBCMT:purevirt.obj
 0001:0000f88c       _sprintf                   0041088c f   LIBCMT:sprintf.obj
 0001:0000f8e0       _memmove                   004108e0 f   LIBCMT:memmove.obj
 0001:0000fc15       __onexit                   00410c15 f   LIBCMT:onexit.obj
 0001:0000fc93       _atexit                    00410c93 f   LIBCMT:onexit.obj
 0001:0000fca5       ___onexitinit              00410ca5 f   LIBCMT:onexit.obj
 0001:0000fcd4       _atol                      00410cd4 f   LIBCMT:atox.obj
 0001:0000fd5f       _atoi                      00410d5f f   LIBCMT:atox.obj
 0001:0000fd6a       __atoi64                   00410d6a f   LIBCMT:atox.obj
 0001:0000fe24       _vsprintf                  00410e24 f   LIBCMT:vsprintf.obj
 0001:0000fe75       _localtime                 00410e75 f   LIBCMT:localtim.obj
 0001:0000ffd5       _time                      00410fd5 f   LIBCMT:time.obj
 0001:000100b1       ??1type_info@@UAE@XZ       004110b1 f   LIBCMT:typinfo.obj
 0001:000100da       ??_Gtype_info@@UAEPAXI@Z   004110da f i LIBCMT:typinfo.obj
 0001:000100da       ??_Etype_info@@UAEPAXI@Z   004110da f i LIBCMT:typinfo.obj
 0001:000100f6       ??8type_info@@QBEHABV0@@Z  004110f6 f   LIBCMT:typinfo.obj
 0001:00010111       ??9type_info@@QBEHABV0@@Z  00411111 f   LIBCMT:typinfo.obj
 0001:0001012d       ?before@type_info@@QBEHABV1@@Z 0041112d f   LIBCMT:typinfo.obj
 0001:0001014c       ?raw_name@type_info@@QBEPBDXZ 0041114c f   LIBCMT:typinfo.obj
 0001:00010150       ??0type_info@@AAE@ABV0@@Z  00411150 f   LIBCMT:typinfo.obj
 0001:0001015b       ??4type_info@@AAEAAV0@ABV0@@Z 0041115b f   LIBCMT:typinfo.obj
 0001:00010160       __alloca_probe             00411160 f   LIBCMT:chkstk.obj
 0001:00010160       __chkstk                   00411160 f   LIBCMT:chkstk.obj
 0001:00010190       _strncpy                   00411190 f   LIBCMT:strncpy.obj
 0001:0001028e       _WinMainCRTStartup         0041128e f   LIBCMT:wincrt0.obj
 0001:00010396       __amsg_exit                00411396 f   LIBCMT:wincrt0.obj
 0001:000103df       _free                      004113df f   LIBCMT:free.obj
 0001:00010427       ___initstdio               00411427 f   LIBCMT:_file.obj
 0001:000104cf       ___endstdio                004114cf f   LIBCMT:_file.obj
 0001:000104e3       __lock_file                004114e3 f   LIBCMT:_file.obj
 0001:00010512       __lock_file2               00411512 f   LIBCMT:_file.obj
 0001:00010535       __unlock_file              00411535 f   LIBCMT:_file.obj
 0001:00010564       __unlock_file2             00411564 f   LIBCMT:_file.obj
 0001:00010587       __flsbuf                   00411587 f   LIBCMT:_flsbuf.obj
 0001:0001069f       __write                    0041169f f   LIBCMT:write.obj
 0001:00010704       __write_lk                 00411704 f   LIBCMT:write.obj
 0001:0001088f       _fflush                    0041188f f   LIBCMT:fflush.obj
 0001:000108be       __fflush_lk                004118be f   LIBCMT:fflush.obj
 0001:000108ec       __flush                    004118ec f   LIBCMT:fflush.obj
 0001:00010948       __flushall                 00411948 f   LIBCMT:fflush.obj
 0001:000109f5       __close                    004119f5 f   LIBCMT:close.obj
 0001:00010a52       __close_lk                 00411a52 f   LIBCMT:close.obj
 0001:00010ad5       __freebuf                  00411ad5 f   LIBCMT:_freebuf.obj
 0001:00010b00       __filbuf                   00411b00 f   LIBCMT:_filbuf.obj
 0001:00010bdc       __read                     00411bdc f   LIBCMT:read.obj
 0001:00010c41       __read_lk                  00411c41 f   LIBCMT:read.obj
 0001:00010e1a       _malloc                    00411e1a f   LIBCMT:malloc.obj
 0001:00010e2c       __nh_malloc                00411e2c f   LIBCMT:malloc.obj
 0001:00010e58       __heap_alloc               00411e58 f   LIBCMT:malloc.obj
 0001:00010ea6       __dosmaperr                00411ea6 f   LIBCMT:dosmap.obj
 0001:00010f19       __errno                    00411f19 f   LIBCMT:dosmap.obj
 0001:00010f22       ___doserrno                00411f22 f   LIBCMT:dosmap.obj
 0001:00010f2b       __ioinit                   00411f2b f   LIBCMT:ioinit.obj
 0001:000110e7       __ioterm                   004120e7 f   LIBCMT:ioinit.obj
 0001:0001113b       __lseek                    0041213b f   LIBCMT:lseek.obj
 0001:000111a0       __lseek_lk                 004121a0 f   LIBCMT:lseek.obj
 0001:00011213       __openfile                 00412213 f   LIBCMT:_open.obj
 0001:00011383       __getstream                00412383 f   LIBCMT:stream.obj
 0001:0001144b       ___InternalCxxFrameHandler 0041244b f   LIBCMT:frame.obj
 0001:000117a0       ___FrameUnwindToState      004127a0 f   LIBCMT:frame.obj
 0001:00011bd8       ?_DestructExceptionObject@@YAXPAUEHExceptionRecord@@E@Z 00412bd8 f   LIBCMT:frame.obj
 0001:00011c70       __CallSettingFrame@12      00412c70 f   LIBCMT:lowhelpr.obj
 0001:00011c97       __NLG_Return               00412c97 f   LIBCMT:lowhelpr.obj
 0001:00011cbc       __mtinit                   00412cbc f   LIBCMT:tidtable.obj
 0001:00011d10       __mtterm                   00412d10 f   LIBCMT:tidtable.obj
 0001:00011d2e       __initptd                  00412d2e f   LIBCMT:tidtable.obj
 0001:00011d41       __getptd                   00412d41 f   LIBCMT:tidtable.obj
 0001:00011da8       __freeptd                  00412da8 f   LIBCMT:tidtable.obj
 0001:00011e48       ___threadid                00412e48 f   LIBCMT:tidtable.obj
 0001:00011e4e       ___threadhandle            00412e4e f   LIBCMT:tidtable.obj
 0001:00011e54       ?terminate@@YAXXZ          00412e54 f   LIBCMT:hooks.obj
 0001:00011eb5       ?unexpected@@YAXXZ         00412eb5 f   LIBCMT:hooks.obj
 0001:00011ecd       ?_inconsistency@@YAXXZ     00412ecd f   LIBCMT:hooks.obj
 0001:00011f23       __mtinitlocks              00412f23 f   LIBCMT:mlock.obj
 0001:00011f4c       __mtdeletelocks            00412f4c f   LIBCMT:mlock.obj
 0001:00011fb8       __lock                     00412fb8 f   LIBCMT:mlock.obj
 0001:00012019       __unlock                   00413019 f   LIBCMT:mlock.obj
 0001:0001202e       __lockerr_exit             0041302e f   LIBCMT:mlock.obj
 0001:00012046       __setmbcp                  00413046 f   LIBCMT:mbctype.obj
 0001:0001241e       __getmbcp                  0041341e f   LIBCMT:mbctype.obj
 0001:0001242e       ___initmbctable            0041342e f   LIBCMT:mbctype.obj
 0001:00012450       _strncmp                   00413450 f   LIBCMT:strncmp.obj
 0001:00012488       _calloc                    00413488 f   LIBCMT:calloc.obj
[...]
 0003:00202c44       __winver                   00623c44     LIBCMT:crt0dat.obj
 0003:00202c48       __winmajor                 00623c48     LIBCMT:crt0dat.obj
 0003:00202c4c       __winminor                 00623c4c     LIBCMT:crt0dat.obj
 0003:00202c50       ___argc                    00623c50     LIBCMT:crt0dat.obj
 0003:00202c54       ___argv                    00623c54     LIBCMT:crt0dat.obj
 0003:00202c58       ___wargv                   00623c58     LIBCMT:crt0dat.obj
 0003:00202c5c       __environ                  00623c5c     LIBCMT:crt0dat.obj
 0003:00202c60       ___initenv                 00623c60     LIBCMT:crt0dat.obj
 0003:00202c64       __wenviron                 00623c64     LIBCMT:crt0dat.obj
 0003:00202c68       ___winitenv                00623c68     LIBCMT:crt0dat.obj
 0003:00202c6c       __pgmptr                   00623c6c     LIBCMT:crt0dat.obj
 0003:00202c70       __wpgmptr                  00623c70     LIBCMT:crt0dat.obj
 0003:00202c74       __exitflag                 00623c74     LIBCMT:crt0dat.obj
 0003:00202c78       __C_Termination_Done       00623c78     LIBCMT:crt0dat.obj
 0003:00202c7c       __C_Exit_Done              00623c7c     LIBCMT:crt0dat.obj
 0003:00202c80       __stdbuf                   00623c80     LIBCMT:_sftbuf.obj
 0003:00202e74       __adbgmsg                  00623e74     LIBCMT:crt0msg.obj
 0003:00202e78       __newmode                  00623e78     LIBCMT:_newmode.obj
 0003:00202e7c       ?_pnhHeap@@3P6AHI@ZA       00623e7c     LIBCMT:handler.obj
 0003:00202e80       __commode                  00623e80     LIBCMT:ncommode.obj
 0003:00202e88       ___lc_handle               00623e88     LIBCMT:nlsdata2.obj
 0003:00202ea0       ___lc_codepage             00623ea0     LIBCMT:nlsdata2.obj
 0003:00202ea4       ___lc_collate_cp           00623ea4     LIBCMT:nlsdata2.obj
 0003:00202ebc       __fmode                    00623ebc     LIBCMT:txtmode.obj
 0003:00202ee0       ___lc_time_intl            00623ee0     LIBCMT:inittime.obj
 0003:00202efc       ___lc_id                   00623efc     LIBCMT:nlsdata3.obj
 0003:00202f50       ___lconv_static_null       00623f50     LIBCMT:lconv.obj
 0003:00202f80       ?vtMissing@@3V_variant_t@@A 00623f80     comsupp:comutil.obj
 0003:00202f90       __GUID_00000000_0000_0000_0000_000000000000 00623f90     comsupp:comsupp.obj
 0003:00202fa0       ??_B?1???id@?$ctype@G@std@@$D@@9@51 00623fa0     <common>
 0003:00202fa4       ___alternate_form          00623fa4     <common>
 0003:00202fa8       ___no_lead_zeros           00623fa8     <common>
 0003:00202fac       ___setlc_active            00623fac     <common>
 0003:00202fb0       ___unguarded_readlc_active 00623fb0     <common>
 0003:00202fb4       ___sbh_sizeHeaderList      00623fb4     <common>
 0003:00202fb8       ___sbh_indGroupDefer       00623fb8     <common>
 0003:00202fbc       ___sbh_pHeaderScan         00623fbc     <common>
 0003:00202fc0       ___sbh_pHeaderDefer        00623fc0     <common>
 0003:00202fc4       ___sbh_cntHeaderList       00623fc4     <common>
 0003:00202fc8       ___sbh_pHeaderList         00623fc8     <common>
 0003:00202fcc       __crtheap                  00623fcc     <common>
 0003:00202fd0       ___env_initialized         00623fd0     <common>
 0003:00202fd4       ___mbctype_initialized     00623fd4     <common>
 0003:00202fd8       ___onexitend               00623fd8     <common>
 0003:00202fdc       ___onexitbegin             00623fdc     <common>
 0003:00202fe0       __FPinit                   00623fe0     <common>
 0003:00202fe4       ___mbcodepage              00623fe4     <common>
 0003:00202ff0       ___mbulinfo                00623ff0     <common>
 0003:00202ffc       ___ismbcodepage            00623ffc     <common>
 0003:00203000       __mbcasemap                00624000     <common>
 0003:00203100       __mbctype                  00624100     <common>
 0003:00203204       ___mblcid                  00624204     <common>
 0003:00203220       ___pioinfo                 00624220     <common>
 0003:00203320       __nhandle                  00624320     <common>
 0003:00203324       ___piob                    00624324     <common>
 0003:00203340       __bufin                    00624340     <common>
 0003:00204340       __nstream                  00625340     <common>
 0003:00204344       __acmdln                   00625344     <common>
 0003:00204348       __FPmtinit                 00625348     <common>
 0003:0020434c       __FPmtterm                 0062534c     <common>
 0003:00204350       ??_B?1???id@?$collate@D@std@@$D@@9@51 00625350     <common>

 entry point at        0001:0001028e

 Static symbols

 0001:0000b9f9       _$E23                      0040c9f9 f   S3PDBSocketPool.obj
 0001:0000ba08       _$E22                      0040ca08 f   S3PDBSocketPool.obj
 0001:0000970b       _$E19                      0040a70b f   S3PDBConVBC.obj
 0001:0000971a       _$E18                      0040a71a f   S3PDBConVBC.obj
 0001:00008f6c       _$E20                      00409f6c f   S3PDBConnectionPool.obj
 0001:00008f7b       _$E19                      00409f7b f   S3PDBConnectionPool.obj
 0001:0000748c       _$E19                      0040848c f   S3PDB_MSSQLServer_Connection.obj
 0001:0000749b       _$E18                      0040849b f   S3PDB_MSSQLServer_Connection.obj
 0001:00006450       _$E19                      00407450 f   S3PAccount.obj
 0001:0000645f       _$E18                      0040745f f   S3PAccount.obj
 0001:00002c10       _$E21                      00403c10 f   main.obj
 0001:00002c1f       _$E18                      00403c1f f   main.obj
 0001:00002c2e       _$E20                      00403c2e f   main.obj
 0001:00002c40       _$E19                      00403c40 f   main.obj
 0001:00003329       ?sLogProgram@@YAHH@Z       00404329 f   main.obj
 0001:000034d2       _$E26                      004044d2 f   main.obj
 0001:000034e1       _$E23                      004044e1 f   main.obj
 0001:000034f0       _$E25                      004044f0 f   main.obj
 0001:00003502       _$E24                      00404502 f   main.obj
 0001:00003b30       _$E33                      00404b30 f   main.obj
 0001:00003b3f       _$E32                      00404b3f f   main.obj
 0001:00001e52       _$E19                      00402e52 f   LogFile.obj
 0001:00001e61       _$E18                      00402e61 f   LogFile.obj
 0001:00000000       _$E2                       00401000 f   GlobalFun.obj
 0001:0000000a       _$E1                       0040100a f   GlobalFun.obj
 0001:00000021       _$E5                       00401021 f   GlobalFun.obj
 0001:0000002b       _$E4                       0040102b f   GlobalFun.obj
 0001:00000042       _$E8                       00401042 f   GlobalFun.obj
 0001:0000004c       _$E7                       0040104c f   GlobalFun.obj
 0001:00000063       _$E11                      00401063 f   GlobalFun.obj
 0001:0000006d       _$E10                      0040106d f   GlobalFun.obj
 0001:00000084       _$E14                      00401084 f   GlobalFun.obj
 0001:0000008e       _$E13                      0040108e f   GlobalFun.obj
 0001:000000a5       _$E17                      004010a5 f   GlobalFun.obj
 0001:000000af       _$E16                      004010af f   GlobalFun.obj
 0001:000000c6       _$E20                      004010c6 f   GlobalFun.obj
 0001:000000d0       _$E19                      004010d0 f   GlobalFun.obj
 0001:000000e7       _$E23                      004010e7 f   GlobalFun.obj
 0001:000000f1       _$E22                      004010f1 f   GlobalFun.obj
 0001:00000108       _$E26                      00401108 f   GlobalFun.obj
 0001:00000112       _$E25                      00401112 f   GlobalFun.obj
 0001:00000747       ?IsEnterKey@@YAHPBDPAH@Z   00401747 f   GlobalFun.obj
 0001:00000826       ?GetFirstLineLen@@YAJPBD@Z 00401826 f   GlobalFun.obj
 0001:000008fc       ?GetPrivateProfileKeyPos@@YAHPBD00AAJ1@Z 004018fc f   GlobalFun.obj
 0001:00000a7e       ?GetStrInStrPos@@YAHPBD0AAJ@Z 00401a7e f   GlobalFun.obj
 0001:00000b19       ?GetKeyValue@@YAPADPBDAAJ@Z 00401b19 f   GlobalFun.obj
 0001:00019937       _xtoa                      0041a937 f   LIBCMT:xtoa.obj
 0001:00019a09       _x64toa@20                 0041aa09 f   LIBCMT:xtoa.obj
 0001:00018e6a       __expandtime               00419e6a f   LIBCMT:strftime.obj
 0001:00019259       __store_str                0041a259 f   LIBCMT:strftime.obj
 0001:00019280       __store_num                0041a280 f   LIBCMT:strftime.obj
 0001:000192ef       __store_number             0041a2ef f   LIBCMT:strftime.obj
 0001:00019338       __store_winword            0041a338 f   LIBCMT:strftime.obj
 0001:00018940       _findenv                   00419940 f   LIBCMT:setenv.obj
 0001:00018998       _copy_environ              00419998 f   LIBCMT:setenv.obj
 0001:0001878e       _strncnt                   0041978e f   LIBCMT:a_cmp.obj
 0001:00017de7       _TranslateName             00418de7 f   LIBCMT:getqloc.obj
 0001:00017e3f       _GetLcidFromLangCountry    00418e3f f   LIBCMT:getqloc.obj
 0001:00017ec6       _LangCountryEnumProc@4     00418ec6 f   LIBCMT:getqloc.obj
 0001:000180ca       _GetLcidFromLanguage       004190ca f   LIBCMT:getqloc.obj
 0001:00018120       _LanguageEnumProc@4        00419120 f   LIBCMT:getqloc.obj
 0001:000181dd       _GetLcidFromCountry        004191dd f   LIBCMT:getqloc.obj
 0001:00018214       _CountryEnumProc@4         00419214 f   LIBCMT:getqloc.obj
 0001:0001829a       _GetLcidFromDefault        0041929a f   LIBCMT:getqloc.obj
 0001:000182b4       _ProcessCodePage           004192b4 f   LIBCMT:getqloc.obj
 0001:0001831a       _TestDefaultCountry        0041931a f   LIBCMT:getqloc.obj
 0001:00018339       _TestDefaultLanguage       00419339 f   LIBCMT:getqloc.obj
 0001:0001839b       _IsThisWindowsNT           0041939b f   LIBCMT:getqloc.obj
 0001:000183d1       _crtGetLocaleInfoA@16      004193d1 f   LIBCMT:getqloc.obj
 0001:000184b7       _LcidFromHexString         004194b7 f   LIBCMT:getqloc.obj
 0001:000184f0       _GetPrimaryLen             004194f0 f   LIBCMT:getqloc.obj
 0001:000177fc       __get_lc_lconv             004187fc f   LIBCMT:initmon.obj
 0001:0001791e       _fix_grouping              0041891e f   LIBCMT:initmon.obj
 0001:00017955       __free_lc_lconv            00418955 f   LIBCMT:initmon.obj
 0001:000176fa       _fix_grouping              004186fa f   LIBCMT:initnum.obj
 0001:00017047       __get_lc_time              00418047 f   LIBCMT:inittime.obj
 0001:00017395       __free_lc_time             00418395 f   LIBCMT:inittime.obj
 0001:00016a1c       __setlocale_set_cat        00417a1c f   LIBCMT:setlocal.obj
 0001:00016b37       __setlocale_get_all        00417b37 f   LIBCMT:setlocal.obj
 0001:0001659a       _ctrlevent_capture@4       0041759a f   LIBCMT:winsig.obj
 0001:0001677e       _siglookup                 0041777e f   LIBCMT:winsig.obj
 0001:000161e0       _x_ismbbtype               004171e0 f   LIBCMT:ismbbyte.obj
 0001:00015d41       _strncnt                   00416d41 f   LIBCMT:a_map.obj
 0001:00013d6e       _parse_cmdline             00414d6e f   LIBCMT:stdargv.obj
 0001:000133d8       __tzset_lk                 004143d8 f   LIBCMT:tzset.obj
 0001:00013680       __isindst_lk               00414680 f   LIBCMT:tzset.obj
 0001:0001382c       _cvtdate                   0041482c f   LIBCMT:tzset.obj
 0001:000130a4       _write_char                004140a4 f   LIBCMT:output.obj
 0001:000130d9       _write_multi_char          004140d9 f   LIBCMT:output.obj
 0001:0001310a       _write_string              0041410a f   LIBCMT:output.obj
 0001:00013142       _get_int_arg               00414142 f   LIBCMT:output.obj
 0001:0001314f       _get_int64_arg             0041414f f   LIBCMT:output.obj
 0001:0001315f       _get_short_arg             0041415f f   LIBCMT:output.obj
 0001:00012791       _xcptlookup                00413791 f   LIBCMT:winxfltr.obj
 0001:00012582       _doexit                    00413582 f   LIBCMT:crt0dat.obj
 0001:00012639       __initterm                 00413639 f   LIBCMT:crt0dat.obj
 0001:000121f3       _getSystemCP               004131f3 f   LIBCMT:mbctype.obj
 0001:0001223d       _CPtoLCID                  0041323d f   LIBCMT:mbctype.obj
 0001:00012270       _setSBCS                   00413270 f   LIBCMT:mbctype.obj
 0001:00012299       _setSBUpLow                00413299 f   LIBCMT:mbctype.obj
 0001:000114e6       ?FindHandler@@YAXPAUEHExceptionRecord@@PAUEHRegistrationNode@@PAU_CONTEXT@@PAXPBU_s_FuncInfo@@EH1@Z 004124e6 f   LIBCMT:frame.obj
 0001:00011699       ?FindHandlerForForeignException@@YAXPAUEHExceptionRecord@@PAUEHRegistrationNode@@PAU_CONTEXT@@PAXPBU_s_FuncInfo@@HH1@Z 00412699 f   LIBCMT:frame.obj
 0001:00011743       ?TypeMatch@@YAHPBU_s_HandlerType@@PBU_s_CatchableType@@PBU_s_ThrowInfo@@@Z 00412743 f   LIBCMT:frame.obj
 0001:0001183e       ?FrameUnwindFilter@@YAHPAU_EXCEPTION_POINTERS@@@Z 0041283e f   LIBCMT:frame.obj
 0001:00011854       ?CatchIt@@YAXPAUEHExceptionRecord@@PAUEHRegistrationNode@@PAU_CONTEXT@@PAXPBU_s_FuncInfo@@PBU_s_HandlerType@@PBU_s_CatchableType@@PBU_s_TryBlockMapEntry@@H1E@Z 00412854 f   LIBCMT:frame.obj
 0001:000118cf       ?CallCatchBlock@@YAPAXPAUEHExceptionRecord@@PAUEHRegistrationNode@@PAU_CONTEXT@@PBU_s_FuncInfo@@PAXHK@Z 004128cf f   LIBCMT:frame.obj
 0001:000119ea       ?ExFilterRethrow@@YAHPAU_EXCEPTION_POINTERS@@@Z 004129ea f   LIBCMT:frame.obj
 0001:00011a14       ?BuildCatchObject@@YAXPAUEHExceptionRecord@@PAUEHRegistrationNode@@PBU_s_HandlerType@@PBU_s_CatchableType@@@Z 00412a14 f   LIBCMT:frame.obj
 0001:00011c3f       ?AdjustPointer@@YAPAXPAXABUPMD@@@Z 00412c3f f   LIBCMT:frame.obj
 0001:00010951       _flsall                    00411951 f   LIBCMT:fflush.obj
 0001:000103bb       _fast_error_exit           004113bb f   LIBCMT:wincrt0.obj
 0001:0000f950       LeadUp1                    00410950 f   LIBCMT:memmove.obj
 0001:0000f97c       LeadUp2                    0041097c f   LIBCMT:memmove.obj
 0001:0000f9a0       LeadUp3                    004109a0 f   LIBCMT:memmove.obj
 0001:0000fa1f       UnwindUp0                  00410a1f f   LIBCMT:memmove.obj
 0001:0000fa0c       UnwindUp1                  00410a0c f   LIBCMT:memmove.obj
 0001:0000fa04       UnwindUp2                  00410a04 f   LIBCMT:memmove.obj
 0001:0000f9fc       UnwindUp3                  004109fc f   LIBCMT:memmove.obj
 0001:0000f9f4       UnwindUp4                  004109f4 f   LIBCMT:memmove.obj
 0001:0000f9ec       UnwindUp5                  004109ec f   LIBCMT:memmove.obj
 0001:0000f9e4       UnwindUp6                  004109e4 f   LIBCMT:memmove.obj
 0001:0000f9dc       UnwindUp7                  004109dc f   LIBCMT:memmove.obj
 0001:0000fa38       TrailUp0                   00410a38 f   LIBCMT:memmove.obj
 0001:0000fa40       TrailUp1                   00410a40 f   LIBCMT:memmove.obj
 0001:0000fa4c       TrailUp2                   00410a4c f   LIBCMT:memmove.obj
 0001:0000fa60       TrailUp3                   00410a60 f   LIBCMT:memmove.obj
 0001:0000fad8       LeadDown1                  00410ad8 f   LIBCMT:memmove.obj
 0001:0000faf8       LeadDown2                  00410af8 f   LIBCMT:memmove.obj
 0001:0000fb20       LeadDown3                  00410b20 f   LIBCMT:memmove.obj
 0001:0000fb74       UnwindDown7                00410b74 f   LIBCMT:memmove.obj
 0001:0000fb7c       UnwindDown6                00410b7c f   LIBCMT:memmove.obj
 0001:0000fb84       UnwindDown5                00410b84 f   LIBCMT:memmove.obj
 0001:0000fb8c       UnwindDown4                00410b8c f   LIBCMT:memmove.obj
 0001:0000fb94       UnwindDown3                00410b94 f   LIBCMT:memmove.obj
 0001:0000fb9c       UnwindDown2                00410b9c f   LIBCMT:memmove.obj
 0001:0000fba4       UnwindDown1                00410ba4 f   LIBCMT:memmove.obj
 0001:0000fbb7       UnwindDown0                00410bb7 f   LIBCMT:memmove.obj
 0001:0000fbd0       TrailDown0                 00410bd0 f   LIBCMT:memmove.obj
 0001:0000fbd8       TrailDown1                 00410bd8 f   LIBCMT:memmove.obj
 0001:0000fbe8       TrailDown2                 00410be8 f   LIBCMT:memmove.obj
 0001:0000fbfc       TrailDown3                 00410bfc f   LIBCMT:memmove.obj
 0001:0000f71b       __threadstartex@4          0041071b f   LIBCMT:threadex.obj
 0001:0000f3f0       _gu_return                 004103f0 f   LIBCMT:exsup.obj
 0001:0000f3f8       __unwind_handler           004103f8 f   LIBCMT:exsup.obj
 0001:0000f20c       ?CatchGuardHandler@@YA?AW4_EXCEPTION_DISPOSITION@@PAUEHExceptionRecord@@PAUCatchGuardRN@@PAX2@Z 0041020c f   LIBCMT:trnsctrl.obj
 0001:0000f2e7       ?TranslatorGuardHandler@@YA?AW4_EXCEPTION_DISPOSITION@@PAUEHExceptionRecord@@PAUTranslatorGuardRN@@PAX2@Z 004102e7 f   LIBCMT:trnsctrl.obj
 0001:0000e8b0       LeadUp1                    0040f8b0 f   LIBCMT:memcpy.obj
 0001:0000e8dc       LeadUp2                    0040f8dc f   LIBCMT:memcpy.obj
 0001:0000e900       LeadUp3                    0040f900 f   LIBCMT:memcpy.obj
 0001:0000e97f       UnwindUp0                  0040f97f f   LIBCMT:memcpy.obj
 0001:0000e96c       UnwindUp1                  0040f96c f   LIBCMT:memcpy.obj
 0001:0000e964       UnwindUp2                  0040f964 f   LIBCMT:memcpy.obj
 0001:0000e95c       UnwindUp3                  0040f95c f   LIBCMT:memcpy.obj
 0001:0000e954       UnwindUp4                  0040f954 f   LIBCMT:memcpy.obj
 0001:0000e94c       UnwindUp5                  0040f94c f   LIBCMT:memcpy.obj
 0001:0000e944       UnwindUp6                  0040f944 f   LIBCMT:memcpy.obj
 0001:0000e93c       UnwindUp7                  0040f93c f   LIBCMT:memcpy.obj
 0001:0000e998       TrailUp0                   0040f998 f   LIBCMT:memcpy.obj
 0001:0000e9a0       TrailUp1                   0040f9a0 f   LIBCMT:memcpy.obj
 0001:0000e9ac       TrailUp2                   0040f9ac f   LIBCMT:memcpy.obj
 0001:0000e9c0       TrailUp3                   0040f9c0 f   LIBCMT:memcpy.obj
 0001:0000ea38       LeadDown1                  0040fa38 f   LIBCMT:memcpy.obj
 0001:0000ea58       LeadDown2                  0040fa58 f   LIBCMT:memcpy.obj
 0001:0000ea80       LeadDown3                  0040fa80 f   LIBCMT:memcpy.obj
 0001:0000ead4       UnwindDown7                0040fad4 f   LIBCMT:memcpy.obj
 0001:0000eadc       UnwindDown6                0040fadc f   LIBCMT:memcpy.obj
 0001:0000eae4       UnwindDown5                0040fae4 f   LIBCMT:memcpy.obj
 0001:0000eaec       UnwindDown4                0040faec f   LIBCMT:memcpy.obj
 0001:0000eaf4       UnwindDown3                0040faf4 f   LIBCMT:memcpy.obj
 0001:0000eafc       UnwindDown2                0040fafc f   LIBCMT:memcpy.obj
 0001:0000eb04       UnwindDown1                0040fb04 f   LIBCMT:memcpy.obj
 0001:0000eb17       UnwindDown0                0040fb17 f   LIBCMT:memcpy.obj
 0001:0000eb30       TrailDown0                 0040fb30 f   LIBCMT:memcpy.obj
 0001:0000eb38       TrailDown1                 0040fb38 f   LIBCMT:memcpy.obj
 0001:0000eb48       TrailDown2                 0040fb48 f   LIBCMT:memcpy.obj
 0001:0000eb5c       TrailDown3                 0040fb5c f   LIBCMT:memcpy.obj
 0001:0001a565       ?_CleanUp@std@@YAXXZ       0041b565 f   libcpmt:xlock.obj
 0001:0001a4a4       _$E24                      0041b4a4 f   libcpmt:string.obj
 0001:0001a4ce       _$E20                      0041b4ce f   libcpmt:string.obj
 0001:0001a4da       _$E23                      0041b4da f   libcpmt:string.obj
 0001:0001a76a       ?_com_invoke_helper@@YAJPAUIDispatch@@JGGPAXPBGPADPAPAUIErrorInfo@@@Z 0041b76a f   comsupp:comsupp.obj
 0001:0001a598       _$E4                       0041b598 f   comsupp:comutil.obj
 0001:0001a5a2       _$E1                       0041b5a2 f   comsupp:comutil.obj
 0001:0001a5b4       _$E3                       0041b5b4 f   comsupp:comutil.obj
 0001:0001a5c0       _$E2                       0041b5c0 f   comsupp:comutil.obj
