 Bishop

 Timestamp is 65dfd1d5 (Thu Feb 29 07:37:41 2024)

 Preferred load address is 00400000

 Start         Length     Name                   Class
 0001:00000000 00045e1eH .text                   CODE
 0001:00045e20 00003d32H .text$x                 CODE
 0002:00000000 0000025cH .idata$5                DATA
 0002:00000260 00001964H .rdata                  DATA
 0002:00001bc8 0000122cH .rdata$r                DATA
 0002:00002df8 000062d0H .xdata$x                DATA
 0002:000090c8 000000a0H .idata$2                DATA
 0002:00009168 00000014H .idata$3                DATA
 0002:0000917c 0000025cH .idata$4                DATA
 0002:000093d8 00000a10H .idata$6                DATA
 0002:00009de8 00000000H .edata                  DATA
 0003:00000000 00000004H .CRT$XCA                DATA
 0003:00000004 00000108H .CRT$XCU                DATA
 0003:0000010c 00000004H .CRT$XCZ                DATA
 0003:00000110 00000004H .CRT$XIA                DATA
 0003:00000114 0000000cH .CRT$XIC                DATA
 0003:00000120 00000004H .CRT$XIY                DATA
 0003:00000124 00000004H .CRT$XIZ                DATA
 0003:00000128 00000004H .CRT$XPA                DATA
 0003:0000012c 00000004H .CRT$XPX                DATA
 0003:00000130 00000004H .CRT$XPZ                DATA
 0003:00000134 00000004H .CRT$XTA                DATA
 0003:00000138 00000004H .CRT$XTB                DATA
 0003:0000013c 00000004H .CRT$XTZ                DATA
 0003:00000140 00003340H .data                   DATA
 0003:00003480 000049d0H .bss                    DATA
 0004:00000000 000001a8H .rsrc$01                DATA
 0004:000001b0 00001f90H .rsrc$02                DATA

  Address         Publics by Value              Rva+Base     Lib:Object

 0001:0000005c       ??0CBishopApp@@QAE@XZ      0040105c f   Application.obj
 0001:00000089       ??0CBishopApp@@QAE@PAUHINSTANCE__@@@Z 00401089 f   Application.obj
 0001:000000c1       ??1CBishopApp@@UAE@XZ      004010c1 f   Application.obj
 0001:000000e0       ?Run@CBishopApp@@QAEHXZ    004010e0 f   Application.obj
 0001:0000019c       ?LoginSystem@CBishopApp@@IAE_NXZ 0040119c f   Application.obj
 0001:000001ce       ?LoginDlgProc@CBishopApp@@KGHPAUHWND__@@IIJ@Z 004011ce f   Application.obj
 0001:00000424       ?EnterToAffirm@CBishopApp@@KAXPAUHWND__@@@Z 00401424 f   Application.obj
 0001:000004bc       ?LeaveToAffirm@CBishopApp@@KAXPAUHWND__@@@Z 004014bc f   Application.obj
 0001:0000054b       ?CheckUserInfo@CBishopApp@@KA_NPAUHWND__@@@Z 0040154b f   Application.obj
 0001:0000067c       ?ServerLoginRoutine@CBishopApp@@KGKPAUHWND__@@@Z 0040167c f   Application.obj
 0001:00000751       ?RegisterMainWndClass@CBishopApp@@IAEHXZ 00401751 f   Application.obj
 0001:000007fc       ?MainDialog@CBishopApp@@IAEIXZ 004017fc f   Application.obj
 0001:0000088e       ?MainWndProc@CBishopApp@@KGHPAUHWND__@@IIJ@Z 0040188e f   Application.obj
 0001:00000fa5       ?AddGameServerInfo@CBishopApp@@CAXPAUHWND__@@IPBD@Z 00401fa5 f   Application.obj
 0001:0000101a       ?DelGameServerInfo@CBishopApp@@CAXPAUHWND__@@I@Z 0040201a f   Application.obj
 0001:000010c4       ?InitMainDlg@CBishopApp@@KAXPAUHWND__@@@Z 004020c4 f   Application.obj
 0001:000011ac       ?CloseMainDlg@CBishopApp@@KAXPAUHWND__@@@Z 004021ac f   Application.obj
 0001:000011c7       ?UpdateVariable@CBishopApp@@KAXPAUHWND__@@@Z 004021c7 f   Application.obj
 0001:000012a4       ?EnableGameSvrCtrl@CBishopApp@@KAXPAUHWND__@@H@Z 004022a4 f   Application.obj
 0001:00001366       ?EnableCtrl@CBishopApp@@KAXPAUHWND__@@IH@Z 00402366 f   Application.obj
 0001:000013a1       ?SendAnnounceText@CBishopApp@@KAXPAUHWND__@@PBDIIH@Z 004023a1 f   Application.obj
 0001:000014d0       ??_ECBishopApp@@UAEPAXI@Z  004024d0 f i Application.obj
 0001:000014d0       ??_GCBishopApp@@UAEPAXI@Z  004024d0 f i Application.obj
 0001:00001500       ?GetAccSvrIP@CNetwork@@QAEPBDXZ 00402500 f i Application.obj
 0001:00001520       ?GetAccSvrPort@CNetwork@@QAEGXZ 00402520 f i Application.obj
 0001:00001540       ?Valid@CSmartClient@@QAE_NXZ 00402540 f i Application.obj
 0001:00001560       ?GetCapability@CGamePlayer@@SAJXZ 00402560 f i Application.obj
 0001:00001580       ?GetWorking@CGamePlayer@@SAJXZ 00402580 f i Application.obj
 0001:000015a0       ?GetRoleSvrIP@CNetwork@@QAEPBDXZ 004025a0 f i Application.obj
 0001:000015c0       ?GetRoleSvrPort@CNetwork@@QAEGXZ 004025c0 f i Application.obj
 0001:000015e0       ?GetClientOpenPort@CNetwork@@QAEGXZ 004025e0 f i Application.obj
 0001:00001600       ?GetGameSvrOpenPort@CNetwork@@QAEGXZ 00402600 f i Application.obj
 0001:00001620       ?SetRoleSvrIP@CNetwork@@QAEXPBD@Z 00402620 f i Application.obj
 0001:00001650       ?SetRoleSvrPort@CNetwork@@QAEXG@Z 00402650 f i Application.obj
 0001:00001670       ?SetClientOpenPort@CNetwork@@QAEXG@Z 00402670 f i Application.obj
 0001:00001690       ?SetGameSvrOpenPort@CNetwork@@QAEXG@Z 00402690 f i Application.obj
 0001:000016b0       ??4?$basic_string@DU?$char_traits@D@std@@V?$allocator@D@2@@std@@QAEAAV01@PBD@Z 004026b0 f i Application.obj
 0001:000016d0       ?c_str@?$basic_string@DU?$char_traits@D@std@@V?$allocator@D@2@@std@@QBEPBDXZ 004026d0 f i Application.obj
 0001:00001700       ?assign@?$basic_string@DU?$char_traits@D@std@@V?$allocator@D@2@@std@@QAEAAV12@PBD@Z 00402700 f i Application.obj
 0001:00001730       ?length@?$char_traits@D@std@@SAIPBD@Z 00402730 f i Application.obj
 0001:00001750       ?_Nullstr@?$basic_string@DU?$char_traits@D@std@@V?$allocator@D@2@@std@@CAPBDXZ 00402750 f i Application.obj
 0001:00001760       ?assign@?$basic_string@DU?$char_traits@D@std@@V?$allocator@D@2@@std@@QAEAAV12@PBDI@Z 00402760 f i Application.obj
 0001:000017b0       ?copy@?$char_traits@D@std@@SAPADPADPBDI@Z 004027b0 f i Application.obj
 0001:000017d0       ?_Eos@?$basic_string@DU?$char_traits@D@std@@V?$allocator@D@2@@std@@AAEXI@Z 004027d0 f i Application.obj
 0001:00001810       ?assign@?$char_traits@D@std@@SAXAADABD@Z 00402810 f i Application.obj
 0001:00001820       ?_Grow@?$basic_string@DU?$char_traits@D@std@@V?$allocator@D@2@@std@@AAE_NI_N@Z 00402820 f i Application.obj
 0001:00001960       ?_Tidy@?$basic_string@DU?$char_traits@D@std@@V?$allocator@D@2@@std@@AAEX_N@Z 00402960 f i Application.obj
 0001:00001a20       ?_Refcnt@?$basic_string@DU?$char_traits@D@std@@V?$allocator@D@2@@std@@AAEAAEPBD@Z 00402a20 f i Application.obj
 0001:00001a40       ?deallocate@?$allocator@D@std@@QAEXPAXI@Z 00402a40 f i Application.obj
 0001:00001a60       ?max_size@?$basic_string@DU?$char_traits@D@std@@V?$allocator@D@2@@std@@QBEIXZ 00402a60 f i Application.obj
 0001:00001aa0       ?_Copy@?$basic_string@DU?$char_traits@D@std@@V?$allocator@D@2@@std@@AAEXI@Z 00402aa0 f i Application.obj
 0001:00001be0       ?allocate@?$allocator@D@std@@QAEPADIPBX@Z 00402be0 f i Application.obj
 0001:00001c00       ?max_size@?$allocator@D@std@@QBEIXZ 00402c00 f i Application.obj
 0001:00001c30       ?_Allocate@std@@YAPADHPAD@Z 00402c30 f i Application.obj
 0001:00001c50       ?id@?$ctype@G@std@@$D      00402c50 f i Application.obj
 0001:00001c80       ?id@?$ctype@G@std@@$E      00402c80 f i Application.obj
 0001:00001c90       _WinMain@16                00402c90 f   Bishop.obj
 0001:00001cf0       ??0CEvent@Win32@OnlineGameLib@@QAE@PAU_SECURITY_ATTRIBUTES@@_N1@Z 00402cf0 f   Event.obj
 0001:00001db5       ??0CEvent@Win32@OnlineGameLib@@QAE@PAU_SECURITY_ATTRIBUTES@@_N1PBD@Z 00402db5 f   Event.obj
 0001:00001dec       ??1CEvent@Win32@OnlineGameLib@@UAE@XZ 00402dec f   Event.obj
 0001:00001e0d       ?Wait@CEvent@Win32@OnlineGameLib@@QBEXXZ 00402e0d f   Event.obj
 0001:00001e97       ?Wait@CEvent@Win32@OnlineGameLib@@QBE_NK@Z 00402e97 f   Event.obj
 0001:00001f30       ?Reset@CEvent@Win32@OnlineGameLib@@QAEXXZ 00402f30 f   Event.obj
 0001:00001fa6       ?Set@CEvent@Win32@OnlineGameLib@@QAEXXZ 00402fa6 f   Event.obj
 0001:0000201c       ?Pulse@CEvent@Win32@OnlineGameLib@@QAEXXZ 0040301c f   Event.obj
 0001:000020c0       ??1CWin32Exception@Win32@OnlineGameLib@@UAE@XZ 004030c0 f i Event.obj
 0001:000020e0       ??1CException@Win32@OnlineGameLib@@UAE@XZ 004030e0 f i Event.obj
 0001:00002140       ??_GCException@Win32@OnlineGameLib@@UAEPAXI@Z 00403140 f i Event.obj
 0001:00002140       ??_ECException@Win32@OnlineGameLib@@UAEPAXI@Z 00403140 f i Event.obj
 0001:00002170       ??0CWin32Exception@Win32@OnlineGameLib@@QAE@ABV012@@Z 00403170 f i Event.obj
 0001:000021b0       ??0CException@Win32@OnlineGameLib@@QAE@ABV012@@Z 004031b0 f i Event.obj
 0001:00002220       ??_GCWin32Exception@Win32@OnlineGameLib@@UAEPAXI@Z 00403220 f i Event.obj
 0001:00002220       ??_ECWin32Exception@Win32@OnlineGameLib@@UAEPAXI@Z 00403220 f i Event.obj
 0001:00002250       ??_GCEvent@Win32@OnlineGameLib@@UAEPAXI@Z 00403250 f i Event.obj
 0001:00002250       ??_ECEvent@Win32@OnlineGameLib@@UAEPAXI@Z 00403250 f i Event.obj
 0001:00002280       ??0?$basic_string@DU?$char_traits@D@std@@V?$allocator@D@2@@std@@QAE@ABV01@@Z 00403280 f i Event.obj
 0001:000022c0       ??0?$basic_string@DU?$char_traits@D@std@@V?$allocator@D@2@@std@@QAE@PBDABV?$allocator@D@1@@Z 004032c0 f i Event.obj
 0001:000022f0       ??1?$basic_string@DU?$char_traits@D@std@@V?$allocator@D@2@@std@@QAE@XZ 004032f0 f i Event.obj
 0001:00002310       ?assign@?$basic_string@DU?$char_traits@D@std@@V?$allocator@D@2@@std@@QAEAAV12@ABV12@II@Z 00403310 f i Event.obj
 0001:00002470       ?size@?$basic_string@DU?$char_traits@D@std@@V?$allocator@D@2@@std@@QBEIXZ 00403470 f i Event.obj
 0001:00002490       ?erase@?$basic_string@DU?$char_traits@D@std@@V?$allocator@D@2@@std@@QAEAAV12@II@Z 00403490 f i Event.obj
 0001:00002540       ?move@?$char_traits@D@std@@SAPADPADPBDI@Z 00403540 f i Event.obj
 0001:00002560       ?capacity@?$basic_string@DU?$char_traits@D@std@@V?$allocator@D@2@@std@@QBEIXZ 00403560 f i Event.obj
 0001:00002580       ?_Split@?$basic_string@DU?$char_traits@D@std@@V?$allocator@D@2@@std@@AAEXXZ 00403580 f i Event.obj
 0001:000025f0       ??8std@@YA_NABV?$allocator@D@0@0@Z 004035f0 f i Event.obj
 0001:000027e3       ?SetupGlobalAllocator@CGamePlayer@@SA_NII@Z 004037e3 f   GamePlayer.obj
 0001:000027fa       ??0CTask@CGamePlayer@@IAE@XZ 004037fa f   GamePlayer.obj
 0001:00002819       ??1CTask@CGamePlayer@@QAE@XZ 00403819 f   GamePlayer.obj
 0001:00002920       ??0CTask@CGamePlayer@@QAE@PAV1@I@Z 00403920 f   GamePlayer.obj
 0001:0000295c       ?AddCmd@CTask@CGamePlayer@@QAEIP82@AEIXZ@Z 0040395c f   GamePlayer.obj
 0001:000029f5       ?Execute@CTask@CGamePlayer@@QAEIXZ 004039f5 f   GamePlayer.obj
 0001:00002ab4       ??0CDataQueue@CGamePlayer@@QAE@II@Z 00403ab4 f   GamePlayer.obj
 0001:00002b25       ??1CDataQueue@CGamePlayer@@QAE@XZ 00403b25 f   GamePlayer.obj
 0001:00002b8b       ?Empty@CDataQueue@CGamePlayer@@QAEXXZ 00403b8b f   GamePlayer.obj
 0001:00002cc1       ?AddData@CDataQueue@CGamePlayer@@QAE_NJPBEI@Z 00403cc1 f   GamePlayer.obj
 0001:00002ebb       ?Attach@CDataQueue@CGamePlayer@@QAEPAVCBuffer@Win32@OnlineGameLib@@J@Z 00403ebb f   GamePlayer.obj
 0001:00002f8d       ?Detach@CDataQueue@CGamePlayer@@QAEXJ@Z 00403f8d f   GamePlayer.obj
 0001:00002f9a       ?Clear@CDataQueue@CGamePlayer@@QAEXJ@Z 00403f9a f   GamePlayer.obj
 0001:0000309c       ??0CGamePlayer@@QAE@I@Z    0040409c f   GamePlayer.obj
 0001:000032e0       ??1CGamePlayer@@UAE@XZ     004042e0 f   GamePlayer.obj
 0001:00003485       ?Active@CGamePlayer@@UAE_NXZ 00404485 f   GamePlayer.obj
 0001:00003540       ?Inactive@CGamePlayer@@UAE_NXZ 00404540 f   GamePlayer.obj
 0001:00003681       ?SafeClose@CGamePlayer@@IAEIXZ 00404681 f   GamePlayer.obj
 0001:00003691       ?_UnlockAccount@CGamePlayer@@IAE_NXZ 00404691 f   GamePlayer.obj
 0001:00003800       ?FreezeMoney@CGamePlayer@@IAE_NPBDHH@Z 00404800 f   GamePlayer.obj
 0001:00003962       ?ATTACH_NETWORK@CGamePlayer@@SAXPAUIClient@@PAUIServer@@0@Z 00404962 f   GamePlayer.obj
 0001:00003978       ?DETACH_NETWORK@CGamePlayer@@SAXXZ 00404978 f   GamePlayer.obj
 0001:00003a64       ?DispatchTask@CGamePlayer@@UAE_NI@Z 00404a64 f   GamePlayer.obj
 0001:00003ab6       ?IsWorking@CGamePlayer@@UAE_NXZ 00404ab6 f   GamePlayer.obj
 0001:00003ad3       ?Run@CGamePlayer@@UAE_NXZ  00404ad3 f   GamePlayer.obj
 0001:00003c85       ?AppendData@CGamePlayer@@UAE_NIPBXI@Z 00404c85 f   GamePlayer.obj
 0001:00003d07       ?SmallPackProcess@CGamePlayer@@IAE_NIPBXI@Z 00404d07 f   GamePlayer.obj
 0001:00003d68       ?LargePackProcess@CGamePlayer@@IAE_NIPBXI@Z 00404d68 f   GamePlayer.obj
 0001:00003e45       ?DispatchTaskForAccount@CGamePlayer@@IAE_NPBXI@Z 00404e45 f   GamePlayer.obj
 0001:00003e96       ?DispatchTaskForDBRole@CGamePlayer@@IAE_NPBXI@Z 00404e96 f   GamePlayer.obj
 0001:00003ee7       ?DispatchTaskForPlayer@CGamePlayer@@IAE_NPBXI@Z 00404ee7 f   GamePlayer.obj
 0001:00003f38       ?_ClearTaskQueue@CGamePlayer@@IAEXXZ 00404f38 f   GamePlayer.obj
 0001:00003f82       ?InitTaskProcessor@CGamePlayer@@AAEXXZ 00404f82 f   GamePlayer.obj
 0001:0000408a       ?TaskCompleted@CGamePlayer@@IAE_NXZ 0040508a f   GamePlayer.obj
 0001:0000411b       ?WaitForAccPwd@CGamePlayer@@IAEIXZ 0040511b f   GamePlayer.obj
 0001:00004319       ?QueryAccPwd@CGamePlayer@@IAEIXZ 00405319 f   GamePlayer.obj
 0001:0000461b       ?VerifyAccount@CGamePlayer@@IAEIXZ 0040561b f   GamePlayer.obj
 0001:000048c6       ?_VerifyAccount_ToPlayer@CGamePlayer@@IAE_NIK@Z 004058c6 f   GamePlayer.obj
 0001:00004a8c       ?QueryRoleList@CGamePlayer@@IAEIXZ 00405a8c f   GamePlayer.obj
 0001:00004bc8       ?ProcessRoleList@CGamePlayer@@IAEIXZ 00405bc8 f   GamePlayer.obj
 0001:00004e6d       ?SelAddDelRole@CGamePlayer@@IAEIXZ 00405e6d f   GamePlayer.obj
 0001:0000528b       ?DelRole_WaitForVerify@CGamePlayer@@IAEIXZ 0040628b f   GamePlayer.obj
 0001:000054fb       ?WaitForCreateResult@CGamePlayer@@IAEIXZ 004064fb f   GamePlayer.obj
 0001:000056b1       ?WaitForDeleteResult@CGamePlayer@@IAEIXZ 004066b1 f   GamePlayer.obj
 0001:00005867       ?_QueryRoleInfo_ToDBRole@CGamePlayer@@IAE_NPBD0@Z 00406867 f   GamePlayer.obj
 0001:0000598b       ?_CreateNewPlayer_ToDBRole@CGamePlayer@@IAE_NPBDHHG@Z 0040698b f   GamePlayer.obj
 0001:00005cd1       ?_DeleteRole_ToDBRole@CGamePlayer@@IAEIPBXI@Z 00406cd1 f   GamePlayer.obj
 0001:00005da1       ?ProcessRoleInfo@CGamePlayer@@IAEIXZ 00406da1 f   GamePlayer.obj
 0001:00005f2c       ?_SyncRoleInfo_ToGameServer@CGamePlayer@@IAE_NPBXI@Z 00406f2c f   GamePlayer.obj
 0001:00006045       ?WaitForGameSvrPermit@CGamePlayer@@IAEIXZ 00407045 f   GamePlayer.obj
 0001:00006172       ?Attach@CGamePlayer@@UAE_NPBD@Z 00407172 f   GamePlayer.obj
 0001:000061a7       ?Add@CGamePlayer@@SA_NPBDPAVIPlayer@@@Z 004071a7 f   GamePlayer.obj
 0001:000062b4       ?Del@CGamePlayer@@SA_NPBD@Z 004072b4 f   GamePlayer.obj
 0001:000063b8       ?Get@CGamePlayer@@SAPAVIPlayer@@PBD@Z 004073b8 f   GamePlayer.obj
 0001:00006510       ??0CCriticalSection@Win32@OnlineGameLib@@QAE@XZ 00407510 f i GamePlayer.obj
 0001:00006530       ??1CCriticalSection@Win32@OnlineGameLib@@QAE@XZ 00407530 f i GamePlayer.obj
 0001:00006550       ??1?$map@V?$basic_string@DU?$char_traits@D@std@@V?$allocator@D@2@@std@@PAVIPlayer@@U?$less@V?$basic_string@DU?$char_traits@D@std@@V?$allocator@D@2@@std@@@2@V?$allocator@PAVIPlayer@@@2@@std@@QAE@XZ 00407550 f i GamePlayer.obj
 0001:00006570       ??_F?$basic_string@DU?$char_traits@D@std@@V?$allocator@D@2@@std@@QAEXXZ 00407570 f i GamePlayer.obj
 0001:00006590       ?ReSet@Allocator@CBuffer@Win32@OnlineGameLib@@QAE_NII@Z 00407590 f i GamePlayer.obj
 0001:000065d0       ?_trace@@YAXPBDZZ          004075d0 f i GamePlayer.obj
 0001:000065e0       ?Reset@CTask@CGamePlayer@@QAEXXZ 004075e0 f i GamePlayer.obj
 0001:00006600       ??1?$map@JPAVCBuffer@Win32@OnlineGameLib@@U?$less@J@std@@V?$allocator@PAVCBuffer@Win32@OnlineGameLib@@@5@@std@@QAE@XZ 00407600 f i GamePlayer.obj
 0001:00006620       ??0Owner@CCriticalSection@Win32@OnlineGameLib@@QAE@AAV123@@Z 00407620 f i GamePlayer.obj
 0001:00006650       ?Enter@CCriticalSection@Win32@OnlineGameLib@@QAEXXZ 00407650 f i GamePlayer.obj
 0001:00006670       ??1Owner@CCriticalSection@Win32@OnlineGameLib@@QAE@XZ 00407670 f i GamePlayer.obj
 0001:00006690       ?Leave@CCriticalSection@Win32@OnlineGameLib@@QAEXXZ 00407690 f i GamePlayer.obj
 0001:000066b0       ?AddRef@CBuffer@Win32@OnlineGameLib@@QAEXXZ 004076b0 f i GamePlayer.obj
 0001:000066d0       ??1IPlayer@@UAE@XZ         004076d0 f i GamePlayer.obj
 0001:000066f0       ??_EIPlayer@@UAEPAXI@Z     004076f0 f i GamePlayer.obj
 0001:000066f0       ??_GIPlayer@@UAEPAXI@Z     004076f0 f i GamePlayer.obj
 0001:00006720       ?IsActive@CGamePlayer@@UAE_NXZ 00407720 f i GamePlayer.obj
 0001:00006740       ?SetCurrentTask@CGamePlayer@@AAEXJ@Z 00407740 f i GamePlayer.obj
 0001:00006770       ??_ECGamePlayer@@UAEPAXI@Z 00407770 f i GamePlayer.obj
 0001:00006770       ??_GCGamePlayer@@UAEPAXI@Z 00407770 f i GamePlayer.obj
 0001:000067a0       ??0IPlayer@@QAE@XZ         004077a0 f i GamePlayer.obj
 0001:000067c0       ??_FCDataQueue@CGamePlayer@@QAEXXZ 004077c0 f i GamePlayer.obj
 0001:000067e0       ?GetBuffer@CBuffer@Win32@OnlineGameLib@@QBEPBEXZ 004077e0 f i GamePlayer.obj
 0001:00006800       ?GetCurrentTask@CGamePlayer@@AAEIXZ 00407800 f i GamePlayer.obj
 0001:00006830       ?Peek@CPackager@Win32@OnlineGameLib@@SAEPBXI@Z 00407830 f i GamePlayer.obj
 0001:00006850       ?GetUsed@CBuffer@Win32@OnlineGameLib@@QBEIXZ 00407850 f i GamePlayer.obj
 0001:00006870       ??1?$pair@$$CBV?$basic_string@DU?$char_traits@D@std@@V?$allocator@D@2@@std@@PAVIPlayer@@@std@@QAE@XZ 00407870 f i GamePlayer.obj
 0001:00006890       ??0?$basic_string@DU?$char_traits@D@std@@V?$allocator@D@2@@std@@QAE@ABV?$allocator@D@1@@Z 00407890 f i GamePlayer.obj
 0001:000068c0       ?length@?$basic_string@DU?$char_traits@D@std@@V?$allocator@D@2@@std@@QBEIXZ 004078c0 f i GamePlayer.obj
 0001:000068e0       ?compare@?$basic_string@DU?$char_traits@D@std@@V?$allocator@D@2@@std@@QBEHPBD@Z 004078e0 f i GamePlayer.obj
 0001:00006910       ??0?$vector@PAVICommand@@V?$allocator@PAVICommand@@@std@@@std@@QAE@ABV?$allocator@PAVICommand@@@1@@Z 00407910 f i GamePlayer.obj
 0001:00006950       ??1?$vector@PAVICommand@@V?$allocator@PAVICommand@@@std@@@std@@QAE@XZ 00407950 f i GamePlayer.obj
 0001:000069b0       ?begin@?$vector@PAVICommand@@V?$allocator@PAVICommand@@@std@@@std@@QAEPAPAVICommand@@XZ 004079b0 f i GamePlayer.obj
 0001:000069d0       ?end@?$vector@PAVICommand@@V?$allocator@PAVICommand@@@std@@@std@@QAEPAPAVICommand@@XZ 004079d0 f i GamePlayer.obj
 0001:000069f0       ?size@?$vector@PAVICommand@@V?$allocator@PAVICommand@@@std@@@std@@QBEIXZ 004079f0 f i GamePlayer.obj
 0001:00006a30       ??A?$vector@PAVICommand@@V?$allocator@PAVICommand@@@std@@@std@@QAEAAPAVICommand@@I@Z 00407a30 f i GamePlayer.obj
 0001:00006a50       ?push_back@?$vector@PAVICommand@@V?$allocator@PAVICommand@@@std@@@std@@QAEXABQAVICommand@@@Z 00407a50 f i GamePlayer.obj
 0001:00006a80       ?clear@?$vector@PAVICommand@@V?$allocator@PAVICommand@@@std@@@std@@QAEXXZ 00407a80 f i GamePlayer.obj
 0001:00006ab0       ??0?$map@V?$basic_string@DU?$char_traits@D@std@@V?$allocator@D@2@@std@@PAVIPlayer@@U?$less@V?$basic_string@DU?$char_traits@D@std@@V?$allocator@D@2@@std@@@2@V?$allocator@PAVIPlayer@@@2@@std@@QAE@ABU?$less@V?$basic_string@DU?$char_traits@D@std@@V?$allocator@D@2@@std@@@1@ABV?$allocator@PAVIPlayer@@@1@@Z 00407ab0 f i GamePlayer.obj
 0001:00006ae0       ?begin@?$map@V?$basic_string@DU?$char_traits@D@std@@V?$allocator@D@2@@std@@PAVIPlayer@@U?$less@V?$basic_string@DU?$char_traits@D@std@@V?$allocator@D@2@@std@@@2@V?$allocator@PAVIPlayer@@@2@@std@@QAE?AViterator@?$_Tree@V?$basic_string@DU?$char_traits@D@std@@V?$allocator@D@2@@std@@U?$pair@$$CBV?$basic_string@DU?$char_traits@D@std@@V?$allocator@D@2@@std@@PAVIPlayer@@@2@U_Kfn@?$map@V?$basic_string@DU?$char_traits@D@std@@V?$allocator@D@2@@std@@PAVIPlayer@@U?$less@V?$basic_string@DU?$char_traits@D@std@@V?$allocator@D@2@@std@@@2@V?$allocator@PAVIPlayer@@@2@@2@U?$less@V?$basic_string@DU?$char_traits@D@std@@V?$allocator@D@2@@std@@@2@V?$allocator@PAVIPlayer@@@2@@2@XZ 00407ae0 f i GamePlayer.obj
 0001:00006b10       ?end@?$map@V?$basic_string@DU?$char_traits@D@std@@V?$allocator@D@2@@std@@PAVIPlayer@@U?$less@V?$basic_string@DU?$char_traits@D@std@@V?$allocator@D@2@@std@@@2@V?$allocator@PAVIPlayer@@@2@@std@@QAE?AViterator@?$_Tree@V?$basic_string@DU?$char_traits@D@std@@V?$allocator@D@2@@std@@U?$pair@$$CBV?$basic_string@DU?$char_traits@D@std@@V?$allocator@D@2@@std@@PAVIPlayer@@@2@U_Kfn@?$map@V?$basic_string@DU?$char_traits@D@std@@V?$allocator@D@2@@std@@PAVIPlayer@@U?$less@V?$basic_string@DU?$char_traits@D@std@@V?$allocator@D@2@@std@@@2@V?$allocator@PAVIPlayer@@@2@@2@U?$less@V?$basic_string@DU?$char_traits@D@std@@V?$allocator@D@2@@std@@@2@V?$allocator@PAVIPlayer@@@2@@2@XZ 00407b10 f i GamePlayer.obj
 0001:00006b40       ?insert@?$map@V?$basic_string@DU?$char_traits@D@std@@V?$allocator@D@2@@std@@PAVIPlayer@@U?$less@V?$basic_string@DU?$char_traits@D@std@@V?$allocator@D@2@@std@@@2@V?$allocator@PAVIPlayer@@@2@@std@@QAE?AU?$pair@Viterator@?$_Tree@V?$basic_string@DU?$char_traits@D@std@@V?$allocator@D@2@@std@@U?$pair@$$CBV?$basic_string@DU?$char_traits@D@std@@V?$allocator@D@2@@std@@PAVIPlayer@@@2@U_Kfn@?$map@V?$basic_string@DU?$char_traits@D@std@@V?$allocator@D@2@@std@@PAVIPlayer@@U?$less@V?$basic_string@DU?$char_traits@D@std@@V?$allocator@D@2@@std@@@2@V?$allocator@PAVIPlayer@@@2@@2@U?$less@V?$basic_string@DU?$char_traits@D@std@@V?$allocator@D@2@@std@@@2@V?$allocator@PAVIPlayer@@@2@@std@@_N@2@ABU?$pair@$$CBV?$basic_string@DU?$char_traits@D@std@@V?$allocator@D@2@@std@@PAVIPlayer@@@2@@Z 00407b40 f i GamePlayer.obj
 0001:00006b90       ?erase@?$map@V?$basic_string@DU?$char_traits@D@std@@V?$allocator@D@2@@std@@PAVIPlayer@@U?$less@V?$basic_string@DU?$char_traits@D@std@@V?$allocator@D@2@@std@@@2@V?$allocator@PAVIPlayer@@@2@@std@@QAE?AViterator@?$_Tree@V?$basic_string@DU?$char_traits@D@std@@V?$allocator@D@2@@std@@U?$pair@$$CBV?$basic_string@DU?$char_traits@D@std@@V?$allocator@D@2@@std@@PAVIPlayer@@@2@U_Kfn@?$map@V?$basic_string@DU?$char_traits@D@std@@V?$allocator@D@2@@std@@PAVIPlayer@@U?$less@V?$basic_string@DU?$char_traits@D@std@@V?$allocator@D@2@@std@@@2@V?$allocator@PAVIPlayer@@@2@@2@U?$less@V?$basic_string@DU?$char_traits@D@std@@V?$allocator@D@2@@std@@@2@V?$allocator@PAVIPlayer@@@2@@2@V342@@Z 00407b90 f i GamePlayer.obj
 0001:00006bc0       ?erase@?$map@V?$basic_string@DU?$char_traits@D@std@@V?$allocator@D@2@@std@@PAVIPlayer@@U?$less@V?$basic_string@DU?$char_traits@D@std@@V?$allocator@D@2@@std@@@2@V?$allocator@PAVIPlayer@@@2@@std@@QAE?AViterator@?$_Tree@V?$basic_string@DU?$char_traits@D@std@@V?$allocator@D@2@@std@@U?$pair@$$CBV?$basic_string@DU?$char_traits@D@std@@V?$allocator@D@2@@std@@PAVIPlayer@@@2@U_Kfn@?$map@V?$basic_string@DU?$char_traits@D@std@@V?$allocator@D@2@@std@@PAVIPlayer@@U?$less@V?$basic_string@DU?$char_traits@D@std@@V?$allocator@D@2@@std@@@2@V?$allocator@PAVIPlayer@@@2@@2@U?$less@V?$basic_string@DU?$char_traits@D@std@@V?$allocator@D@2@@std@@@2@V?$allocator@PAVIPlayer@@@2@@2@V342@0@Z 00407bc0 f i GamePlayer.obj
 0001:00006bf0       ?find@?$map@V?$basic_string@DU?$char_traits@D@std@@V?$allocator@D@2@@std@@PAVIPlayer@@U?$less@V?$basic_string@DU?$char_traits@D@std@@V?$allocator@D@2@@std@@@2@V?$allocator@PAVIPlayer@@@2@@std@@QAE?AViterator@?$_Tree@V?$basic_string@DU?$char_traits@D@std@@V?$allocator@D@2@@std@@U?$pair@$$CBV?$basic_string@DU?$char_traits@D@std@@V?$allocator@D@2@@std@@PAVIPlayer@@@2@U_Kfn@?$map@V?$basic_string@DU?$char_traits@D@std@@V?$allocator@D@2@@std@@PAVIPlayer@@U?$less@V?$basic_string@DU?$char_traits@D@std@@V?$allocator@D@2@@std@@@2@V?$allocator@PAVIPlayer@@@2@@2@U?$less@V?$basic_string@DU?$char_traits@D@std@@V?$allocator@D@2@@std@@@2@V?$allocator@PAVIPlayer@@@2@@2@ABV?$basic_string@DU?$char_traits@D@std@@V?$allocator@D@2@@2@@Z 00407bf0 f i GamePlayer.obj
 0001:00006c20       ??1?$_Tree@V?$basic_string@DU?$char_traits@D@std@@V?$allocator@D@2@@std@@U?$pair@$$CBV?$basic_string@DU?$char_traits@D@std@@V?$allocator@D@2@@std@@PAVIPlayer@@@2@U_Kfn@?$map@V?$basic_string@DU?$char_traits@D@std@@V?$allocator@D@2@@std@@PAVIPlayer@@U?$less@V?$basic_string@DU?$char_traits@D@std@@V?$allocator@D@2@@std@@@2@V?$allocator@PAVIPlayer@@@2@@2@U?$less@V?$basic_string@DU?$char_traits@D@std@@V?$allocator@D@2@@std@@@2@V?$allocator@PAVIPlayer@@@2@@std@@QAE@XZ 00407c20 f i GamePlayer.obj
 0001:00006cf0       ??0?$pair@$$CBV?$basic_string@DU?$char_traits@D@std@@V?$allocator@D@2@@std@@PAVIPlayer@@@std@@QAE@ABV?$basic_string@DU?$char_traits@D@std@@V?$allocator@D@2@@1@ABQAVIPlayer@@@Z 00407cf0 f i GamePlayer.obj
 0001:00006d20       ??0iterator@?$_Tree@V?$basic_string@DU?$char_traits@D@std@@V?$allocator@D@2@@std@@U?$pair@$$CBV?$basic_string@DU?$char_traits@D@std@@V?$allocator@D@2@@std@@PAVIPlayer@@@2@U_Kfn@?$map@V?$basic_string@DU?$char_traits@D@std@@V?$allocator@D@2@@std@@PAVIPlayer@@U?$less@V?$basic_string@DU?$char_traits@D@std@@V?$allocator@D@2@@std@@@2@V?$allocator@PAVIPlayer@@@2@@2@U?$less@V?$basic_string@DU?$char_traits@D@std@@V?$allocator@D@2@@std@@@2@V?$allocator@PAVIPlayer@@@2@@std@@QAE@XZ 00407d20 f i GamePlayer.obj
 0001:00006d40       ??Diterator@?$_Tree@V?$basic_string@DU?$char_traits@D@std@@V?$allocator@D@2@@std@@U?$pair@$$CBV?$basic_string@DU?$char_traits@D@std@@V?$allocator@D@2@@std@@PAVIPlayer@@@2@U_Kfn@?$map@V?$basic_string@DU?$char_traits@D@std@@V?$allocator@D@2@@std@@PAVIPlayer@@U?$less@V?$basic_string@DU?$char_traits@D@std@@V?$allocator@D@2@@std@@@2@V?$allocator@PAVIPlayer@@@2@@2@U?$less@V?$basic_string@DU?$char_traits@D@std@@V?$allocator@D@2@@std@@@2@V?$allocator@PAVIPlayer@@@2@@std@@QBEAAU?$pair@$$CBV?$basic_string@DU?$char_traits@D@std@@V?$allocator@D@2@@std@@PAVIPlayer@@@2@XZ 00407d40 f i GamePlayer.obj
 0001:00006d60       ??9iterator@?$_Tree@V?$basic_string@DU?$char_traits@D@std@@V?$allocator@D@2@@std@@U?$pair@$$CBV?$basic_string@DU?$char_traits@D@std@@V?$allocator@D@2@@std@@PAVIPlayer@@@2@U_Kfn@?$map@V?$basic_string@DU?$char_traits@D@std@@V?$allocator@D@2@@std@@PAVIPlayer@@U?$less@V?$basic_string@DU?$char_traits@D@std@@V?$allocator@D@2@@std@@@2@V?$allocator@PAVIPlayer@@@2@@2@U?$less@V?$basic_string@DU?$char_traits@D@std@@V?$allocator@D@2@@std@@@2@V?$allocator@PAVIPlayer@@@2@@std@@QBE_NABV012@@Z 00407d60 f i GamePlayer.obj
 0001:00006d90       ??0?$map@JPAVCBuffer@Win32@OnlineGameLib@@U?$less@J@std@@V?$allocator@PAVCBuffer@Win32@OnlineGameLib@@@5@@std@@QAE@ABU?$less@J@1@ABV?$allocator@PAVCBuffer@Win32@OnlineGameLib@@@1@@Z 00407d90 f i GamePlayer.obj
 0001:00006dc0       ?begin@?$map@JPAVCBuffer@Win32@OnlineGameLib@@U?$less@J@std@@V?$allocator@PAVCBuffer@Win32@OnlineGameLib@@@5@@std@@QAE?AViterator@?$_Tree@JU?$pair@$$CBJPAVCBuffer@Win32@OnlineGameLib@@@std@@U_Kfn@?$map@JPAVCBuffer@Win32@OnlineGameLib@@U?$less@J@std@@V?$allocator@PAVCBuffer@Win32@OnlineGameLib@@@5@@2@U?$less@J@2@V?$allocator@PAVCBuffer@Win32@OnlineGameLib@@@2@@2@XZ 00407dc0 f i GamePlayer.obj
 0001:00006df0       ?end@?$map@JPAVCBuffer@Win32@OnlineGameLib@@U?$less@J@std@@V?$allocator@PAVCBuffer@Win32@OnlineGameLib@@@5@@std@@QAE?AViterator@?$_Tree@JU?$pair@$$CBJPAVCBuffer@Win32@OnlineGameLib@@@std@@U_Kfn@?$map@JPAVCBuffer@Win32@OnlineGameLib@@U?$less@J@std@@V?$allocator@PAVCBuffer@Win32@OnlineGameLib@@@5@@2@U?$less@J@2@V?$allocator@PAVCBuffer@Win32@OnlineGameLib@@@2@@2@XZ 00407df0 f i GamePlayer.obj
 0001:00006e20       ?insert@?$map@JPAVCBuffer@Win32@OnlineGameLib@@U?$less@J@std@@V?$allocator@PAVCBuffer@Win32@OnlineGameLib@@@5@@std@@QAE?AU?$pair@Viterator@?$_Tree@JU?$pair@$$CBJPAVCBuffer@Win32@OnlineGameLib@@@std@@U_Kfn@?$map@JPAVCBuffer@Win32@OnlineGameLib@@U?$less@J@std@@V?$allocator@PAVCBuffer@Win32@OnlineGameLib@@@5@@2@U?$less@J@2@V?$allocator@PAVCBuffer@Win32@OnlineGameLib@@@2@@std@@_N@2@ABU?$pair@$$CBJPAVCBuffer@Win32@OnlineGameLib@@@2@@Z 00407e20 f i GamePlayer.obj
 0001:00006e70       ?erase@?$map@JPAVCBuffer@Win32@OnlineGameLib@@U?$less@J@std@@V?$allocator@PAVCBuffer@Win32@OnlineGameLib@@@5@@std@@QAE?AViterator@?$_Tree@JU?$pair@$$CBJPAVCBuffer@Win32@OnlineGameLib@@@std@@U_Kfn@?$map@JPAVCBuffer@Win32@OnlineGameLib@@U?$less@J@std@@V?$allocator@PAVCBuffer@Win32@OnlineGameLib@@@5@@2@U?$less@J@2@V?$allocator@PAVCBuffer@Win32@OnlineGameLib@@@2@@2@V342@@Z 00407e70 f i GamePlayer.obj
 0001:00006ea0       ?erase@?$map@JPAVCBuffer@Win32@OnlineGameLib@@U?$less@J@std@@V?$allocator@PAVCBuffer@Win32@OnlineGameLib@@@5@@std@@QAE?AViterator@?$_Tree@JU?$pair@$$CBJPAVCBuffer@Win32@OnlineGameLib@@@std@@U_Kfn@?$map@JPAVCBuffer@Win32@OnlineGameLib@@U?$less@J@std@@V?$allocator@PAVCBuffer@Win32@OnlineGameLib@@@5@@2@U?$less@J@2@V?$allocator@PAVCBuffer@Win32@OnlineGameLib@@@2@@2@V342@0@Z 00407ea0 f i GamePlayer.obj
 0001:00006ed0       ?find@?$map@JPAVCBuffer@Win32@OnlineGameLib@@U?$less@J@std@@V?$allocator@PAVCBuffer@Win32@OnlineGameLib@@@5@@std@@QAE?AViterator@?$_Tree@JU?$pair@$$CBJPAVCBuffer@Win32@OnlineGameLib@@@std@@U_Kfn@?$map@JPAVCBuffer@Win32@OnlineGameLib@@U?$less@J@std@@V?$allocator@PAVCBuffer@Win32@OnlineGameLib@@@5@@2@U?$less@J@2@V?$allocator@PAVCBuffer@Win32@OnlineGameLib@@@2@@2@ABJ@Z 00407ed0 f i GamePlayer.obj
 0001:00006f00       ??1?$_Tree@JU?$pair@$$CBJPAVCBuffer@Win32@OnlineGameLib@@@std@@U_Kfn@?$map@JPAVCBuffer@Win32@OnlineGameLib@@U?$less@J@std@@V?$allocator@PAVCBuffer@Win32@OnlineGameLib@@@5@@2@U?$less@J@2@V?$allocator@PAVCBuffer@Win32@OnlineGameLib@@@2@@std@@QAE@XZ 00407f00 f i GamePlayer.obj
 0001:00006fd0       ??0?$pair@$$CBJPAVCBuffer@Win32@OnlineGameLib@@@std@@QAE@ABJABQAVCBuffer@Win32@OnlineGameLib@@@Z 00407fd0 f i GamePlayer.obj
 0001:00007000       ??0iterator@?$_Tree@JU?$pair@$$CBJPAVCBuffer@Win32@OnlineGameLib@@@std@@U_Kfn@?$map@JPAVCBuffer@Win32@OnlineGameLib@@U?$less@J@std@@V?$allocator@PAVCBuffer@Win32@OnlineGameLib@@@5@@2@U?$less@J@2@V?$allocator@PAVCBuffer@Win32@OnlineGameLib@@@2@@std@@QAE@XZ 00408000 f i GamePlayer.obj
 0001:00007020       ??Diterator@?$_Tree@JU?$pair@$$CBJPAVCBuffer@Win32@OnlineGameLib@@@std@@U_Kfn@?$map@JPAVCBuffer@Win32@OnlineGameLib@@U?$less@J@std@@V?$allocator@PAVCBuffer@Win32@OnlineGameLib@@@5@@2@U?$less@J@2@V?$allocator@PAVCBuffer@Win32@OnlineGameLib@@@2@@std@@QBEAAU?$pair@$$CBJPAVCBuffer@Win32@OnlineGameLib@@@2@XZ 00408020 f i GamePlayer.obj
 0001:00007040       ??Eiterator@?$_Tree@JU?$pair@$$CBJPAVCBuffer@Win32@OnlineGameLib@@@std@@U_Kfn@?$map@JPAVCBuffer@Win32@OnlineGameLib@@U?$less@J@std@@V?$allocator@PAVCBuffer@Win32@OnlineGameLib@@@5@@2@U?$less@J@2@V?$allocator@PAVCBuffer@Win32@OnlineGameLib@@@2@@std@@QAE?AV012@H@Z 00408040 f i GamePlayer.obj
 0001:00007070       ??9iterator@?$_Tree@JU?$pair@$$CBJPAVCBuffer@Win32@OnlineGameLib@@@std@@U_Kfn@?$map@JPAVCBuffer@Win32@OnlineGameLib@@U?$less@J@std@@V?$allocator@PAVCBuffer@Win32@OnlineGameLib@@@5@@2@U?$less@J@2@V?$allocator@PAVCBuffer@Win32@OnlineGameLib@@@2@@std@@QBE_NABV012@@Z 00408070 f i GamePlayer.obj
 0001:000070a0       ?compare@?$basic_string@DU?$char_traits@D@std@@V?$allocator@D@2@@std@@QBEHIIPBDI@Z 004080a0 f i GamePlayer.obj
 0001:00007150       ?compare@?$char_traits@D@std@@SAHPBD0I@Z 00408150 f i GamePlayer.obj
 0001:00007170       ?insert@?$vector@PAVICommand@@V?$allocator@PAVICommand@@@std@@@std@@QAEPAPAVICommand@@PAPAV3@ABQAV3@@Z 00408170 f i GamePlayer.obj
 0001:000071c0       ?erase@?$vector@PAVICommand@@V?$allocator@PAVICommand@@@std@@@std@@QAEPAPAVICommand@@PAPAV3@0@Z 004081c0 f i GamePlayer.obj
 0001:00007210       ?_Destroy@?$vector@PAVICommand@@V?$allocator@PAVICommand@@@std@@@std@@IAEXPAPAVICommand@@0@Z 00408210 f i GamePlayer.obj
 0001:00007240       ?deallocate@?$allocator@PAVICommand@@@std@@QAEXPAXI@Z 00408240 f i GamePlayer.obj
 0001:00007260       ?_Value@?$_Tree@V?$basic_string@DU?$char_traits@D@std@@V?$allocator@D@2@@std@@U?$pair@$$CBV?$basic_string@DU?$char_traits@D@std@@V?$allocator@D@2@@std@@PAVIPlayer@@@2@U_Kfn@?$map@V?$basic_string@DU?$char_traits@D@std@@V?$allocator@D@2@@std@@PAVIPlayer@@U?$less@V?$basic_string@DU?$char_traits@D@std@@V?$allocator@D@2@@std@@@2@V?$allocator@PAVIPlayer@@@2@@2@U?$less@V?$basic_string@DU?$char_traits@D@std@@V?$allocator@D@2@@std@@@2@V?$allocator@PAVIPlayer@@@2@@std@@KAAAU?$pair@$$CBV?$basic_string@DU?$char_traits@D@std@@V?$allocator@D@2@@std@@PAVIPlayer@@@2@PAU_Node@12@@Z 00408260 f i GamePlayer.obj
 0001:00007270       ??0?$_Tree@V?$basic_string@DU?$char_traits@D@std@@V?$allocator@D@2@@std@@U?$pair@$$CBV?$basic_string@DU?$char_traits@D@std@@V?$allocator@D@2@@std@@PAVIPlayer@@@2@U_Kfn@?$map@V?$basic_string@DU?$char_traits@D@std@@V?$allocator@D@2@@std@@PAVIPlayer@@U?$less@V?$basic_string@DU?$char_traits@D@std@@V?$allocator@D@2@@std@@@2@V?$allocator@PAVIPlayer@@@2@@2@U?$less@V?$basic_string@DU?$char_traits@D@std@@V?$allocator@D@2@@std@@@2@V?$allocator@PAVIPlayer@@@2@@std@@QAE@ABU?$less@V?$basic_string@DU?$char_traits@D@std@@V?$allocator@D@2@@std@@@1@_NABV?$allocator@PAVIPlayer@@@1@@Z 00408270 f i GamePlayer.obj
 0001:000072b0       ?begin@?$_Tree@V?$basic_string@DU?$char_traits@D@std@@V?$allocator@D@2@@std@@U?$pair@$$CBV?$basic_string@DU?$char_traits@D@std@@V?$allocator@D@2@@std@@PAVIPlayer@@@2@U_Kfn@?$map@V?$basic_string@DU?$char_traits@D@std@@V?$allocator@D@2@@std@@PAVIPlayer@@U?$less@V?$basic_string@DU?$char_traits@D@std@@V?$allocator@D@2@@std@@@2@V?$allocator@PAVIPlayer@@@2@@2@U?$less@V?$basic_string@DU?$char_traits@D@std@@V?$allocator@D@2@@std@@@2@V?$allocator@PAVIPlayer@@@2@@std@@QAE?AViterator@12@XZ 004082b0 f i GamePlayer.obj
 0001:000072e0       ?end@?$_Tree@V?$basic_string@DU?$char_traits@D@std@@V?$allocator@D@2@@std@@U?$pair@$$CBV?$basic_string@DU?$char_traits@D@std@@V?$allocator@D@2@@std@@PAVIPlayer@@@2@U_Kfn@?$map@V?$basic_string@DU?$char_traits@D@std@@V?$allocator@D@2@@std@@PAVIPlayer@@U?$less@V?$basic_string@DU?$char_traits@D@std@@V?$allocator@D@2@@std@@@2@V?$allocator@PAVIPlayer@@@2@@2@U?$less@V?$basic_string@DU?$char_traits@D@std@@V?$allocator@D@2@@std@@@2@V?$allocator@PAVIPlayer@@@2@@std@@QAE?AViterator@12@XZ 004082e0 f i GamePlayer.obj
 0001:00007310       ?insert@?$_Tree@V?$basic_string@DU?$char_traits@D@std@@V?$allocator@D@2@@std@@U?$pair@$$CBV?$basic_string@DU?$char_traits@D@std@@V?$allocator@D@2@@std@@PAVIPlayer@@@2@U_Kfn@?$map@V?$basic_string@DU?$char_traits@D@std@@V?$allocator@D@2@@std@@PAVIPlayer@@U?$less@V?$basic_string@DU?$char_traits@D@std@@V?$allocator@D@2@@std@@@2@V?$allocator@PAVIPlayer@@@2@@2@U?$less@V?$basic_string@DU?$char_traits@D@std@@V?$allocator@D@2@@std@@@2@V?$allocator@PAVIPlayer@@@2@@std@@QAE?AU?$pair@Viterator@?$_Tree@V?$basic_string@DU?$char_traits@D@std@@V?$allocator@D@2@@std@@U?$pair@$$CBV?$basic_string@DU?$char_traits@D@std@@V?$allocator@D@2@@std@@PAVIPlayer@@@2@U_Kfn@?$map@V?$basic_string@DU?$char_traits@D@std@@V?$allocator@D@2@@std@@PAVIPlayer@@U?$less@V?$basic_string@DU?$char_traits@D@std@@V?$allocator@D@2@@std@@@2@V?$allocator@PAVIPlayer@@@2@@2@U?$less@V?$basic_string@DU?$char_traits@D@std@@V?$allocator@D@2@@std@@@2@V?$allocator@PAVIPlayer@@@2@@std@@_N@2@ABU?$pair@$$CBV?$basic_string@DU?$char_traits@D@std@@V?$allocator@D@2@@std@@PAVIPlayer@@@2@@Z 00408310 f i GamePlayer.obj
 0001:00007550       ?erase@?$_Tree@V?$basic_string@DU?$char_traits@D@std@@V?$allocator@D@2@@std@@U?$pair@$$CBV?$basic_string@DU?$char_traits@D@std@@V?$allocator@D@2@@std@@PAVIPlayer@@@2@U_Kfn@?$map@V?$basic_string@DU?$char_traits@D@std@@V?$allocator@D@2@@std@@PAVIPlayer@@U?$less@V?$basic_string@DU?$char_traits@D@std@@V?$allocator@D@2@@std@@@2@V?$allocator@PAVIPlayer@@@2@@2@U?$less@V?$basic_string@DU?$char_traits@D@std@@V?$allocator@D@2@@std@@@2@V?$allocator@PAVIPlayer@@@2@@std@@QAE?AViterator@12@V312@@Z 00408550 f i GamePlayer.obj
 0001:00007da0       ?erase@?$_Tree@V?$basic_string@DU?$char_traits@D@std@@V?$allocator@D@2@@std@@U?$pair@$$CBV?$basic_string@DU?$char_traits@D@std@@V?$allocator@D@2@@std@@PAVIPlayer@@@2@U_Kfn@?$map@V?$basic_string@DU?$char_traits@D@std@@V?$allocator@D@2@@std@@PAVIPlayer@@U?$less@V?$basic_string@DU?$char_traits@D@std@@V?$allocator@D@2@@std@@@2@V?$allocator@PAVIPlayer@@@2@@2@U?$less@V?$basic_string@DU?$char_traits@D@std@@V?$allocator@D@2@@std@@@2@V?$allocator@PAVIPlayer@@@2@@std@@QAE?AViterator@12@V312@0@Z 00408da0 f i GamePlayer.obj
 0001:00007ee0       ?find@?$_Tree@V?$basic_string@DU?$char_traits@D@std@@V?$allocator@D@2@@std@@U?$pair@$$CBV?$basic_string@DU?$char_traits@D@std@@V?$allocator@D@2@@std@@PAVIPlayer@@@2@U_Kfn@?$map@V?$basic_string@DU?$char_traits@D@std@@V?$allocator@D@2@@std@@PAVIPlayer@@U?$less@V?$basic_string@DU?$char_traits@D@std@@V?$allocator@D@2@@std@@@2@V?$allocator@PAVIPlayer@@@2@@2@U?$less@V?$basic_string@DU?$char_traits@D@std@@V?$allocator@D@2@@std@@@2@V?$allocator@PAVIPlayer@@@2@@std@@QAE?AViterator@12@ABV?$basic_string@DU?$char_traits@D@std@@V?$allocator@D@2@@2@@Z 00408ee0 f i GamePlayer.obj
 0001:00007f80       ?_Freenode@?$_Tree@V?$basic_string@DU?$char_traits@D@std@@V?$allocator@D@2@@std@@U?$pair@$$CBV?$basic_string@DU?$char_traits@D@std@@V?$allocator@D@2@@std@@PAVIPlayer@@@2@U_Kfn@?$map@V?$basic_string@DU?$char_traits@D@std@@V?$allocator@D@2@@std@@PAVIPlayer@@U?$less@V?$basic_string@DU?$char_traits@D@std@@V?$allocator@D@2@@std@@@2@V?$allocator@PAVIPlayer@@@2@@2@U?$less@V?$basic_string@DU?$char_traits@D@std@@V?$allocator@D@2@@std@@@2@V?$allocator@PAVIPlayer@@@2@@std@@IAEXPAU_Node@12@@Z 00408f80 f i GamePlayer.obj
 0001:00007fa0       ??0const_iterator@?$_Tree@V?$basic_string@DU?$char_traits@D@std@@V?$allocator@D@2@@std@@U?$pair@$$CBV?$basic_string@DU?$char_traits@D@std@@V?$allocator@D@2@@std@@PAVIPlayer@@@2@U_Kfn@?$map@V?$basic_string@DU?$char_traits@D@std@@V?$allocator@D@2@@std@@PAVIPlayer@@U?$less@V?$basic_string@DU?$char_traits@D@std@@V?$allocator@D@2@@std@@@2@V?$allocator@PAVIPlayer@@@2@@2@U?$less@V?$basic_string@DU?$char_traits@D@std@@V?$allocator@D@2@@std@@@2@V?$allocator@PAVIPlayer@@@2@@std@@QAE@XZ 00408fa0 f i GamePlayer.obj
 0001:00007fb0       ??8iterator@?$_Tree@V?$basic_string@DU?$char_traits@D@std@@V?$allocator@D@2@@std@@U?$pair@$$CBV?$basic_string@DU?$char_traits@D@std@@V?$allocator@D@2@@std@@PAVIPlayer@@@2@U_Kfn@?$map@V?$basic_string@DU?$char_traits@D@std@@V?$allocator@D@2@@std@@PAVIPlayer@@U?$less@V?$basic_string@DU?$char_traits@D@std@@V?$allocator@D@2@@std@@@2@V?$allocator@PAVIPlayer@@@2@@2@U?$less@V?$basic_string@DU?$char_traits@D@std@@V?$allocator@D@2@@std@@@2@V?$allocator@PAVIPlayer@@@2@@std@@QBE_NABV012@@Z 00408fb0 f i GamePlayer.obj
 0001:00007fd0       ?_Value@?$_Tree@JU?$pair@$$CBJPAVCBuffer@Win32@OnlineGameLib@@@std@@U_Kfn@?$map@JPAVCBuffer@Win32@OnlineGameLib@@U?$less@J@std@@V?$allocator@PAVCBuffer@Win32@OnlineGameLib@@@5@@2@U?$less@J@2@V?$allocator@PAVCBuffer@Win32@OnlineGameLib@@@2@@std@@KAAAU?$pair@$$CBJPAVCBuffer@Win32@OnlineGameLib@@@2@PAU_Node@12@@Z 00408fd0 f i GamePlayer.obj
 0001:00007fe0       ??0?$_Tree@JU?$pair@$$CBJPAVCBuffer@Win32@OnlineGameLib@@@std@@U_Kfn@?$map@JPAVCBuffer@Win32@OnlineGameLib@@U?$less@J@std@@V?$allocator@PAVCBuffer@Win32@OnlineGameLib@@@5@@2@U?$less@J@2@V?$allocator@PAVCBuffer@Win32@OnlineGameLib@@@2@@std@@QAE@ABU?$less@J@1@_NABV?$allocator@PAVCBuffer@Win32@OnlineGameLib@@@1@@Z 00408fe0 f i GamePlayer.obj
 0001:00008020       ?begin@?$_Tree@JU?$pair@$$CBJPAVCBuffer@Win32@OnlineGameLib@@@std@@U_Kfn@?$map@JPAVCBuffer@Win32@OnlineGameLib@@U?$less@J@std@@V?$allocator@PAVCBuffer@Win32@OnlineGameLib@@@5@@2@U?$less@J@2@V?$allocator@PAVCBuffer@Win32@OnlineGameLib@@@2@@std@@QAE?AViterator@12@XZ 00409020 f i GamePlayer.obj
 0001:00008050       ?end@?$_Tree@JU?$pair@$$CBJPAVCBuffer@Win32@OnlineGameLib@@@std@@U_Kfn@?$map@JPAVCBuffer@Win32@OnlineGameLib@@U?$less@J@std@@V?$allocator@PAVCBuffer@Win32@OnlineGameLib@@@5@@2@U?$less@J@2@V?$allocator@PAVCBuffer@Win32@OnlineGameLib@@@2@@std@@QAE?AViterator@12@XZ 00409050 f i GamePlayer.obj
 0001:00008080       ?insert@?$_Tree@JU?$pair@$$CBJPAVCBuffer@Win32@OnlineGameLib@@@std@@U_Kfn@?$map@JPAVCBuffer@Win32@OnlineGameLib@@U?$less@J@std@@V?$allocator@PAVCBuffer@Win32@OnlineGameLib@@@5@@2@U?$less@J@2@V?$allocator@PAVCBuffer@Win32@OnlineGameLib@@@2@@std@@QAE?AU?$pair@Viterator@?$_Tree@JU?$pair@$$CBJPAVCBuffer@Win32@OnlineGameLib@@@std@@U_Kfn@?$map@JPAVCBuffer@Win32@OnlineGameLib@@U?$less@J@std@@V?$allocator@PAVCBuffer@Win32@OnlineGameLib@@@5@@2@U?$less@J@2@V?$allocator@PAVCBuffer@Win32@OnlineGameLib@@@2@@std@@_N@2@ABU?$pair@$$CBJPAVCBuffer@Win32@OnlineGameLib@@@2@@Z 00409080 f i GamePlayer.obj
 0001:000082c0       ?erase@?$_Tree@JU?$pair@$$CBJPAVCBuffer@Win32@OnlineGameLib@@@std@@U_Kfn@?$map@JPAVCBuffer@Win32@OnlineGameLib@@U?$less@J@std@@V?$allocator@PAVCBuffer@Win32@OnlineGameLib@@@5@@2@U?$less@J@2@V?$allocator@PAVCBuffer@Win32@OnlineGameLib@@@2@@std@@QAE?AViterator@12@V312@@Z 004092c0 f i GamePlayer.obj
 0001:00008b10       ?erase@?$_Tree@JU?$pair@$$CBJPAVCBuffer@Win32@OnlineGameLib@@@std@@U_Kfn@?$map@JPAVCBuffer@Win32@OnlineGameLib@@U?$less@J@std@@V?$allocator@PAVCBuffer@Win32@OnlineGameLib@@@5@@2@U?$less@J@2@V?$allocator@PAVCBuffer@Win32@OnlineGameLib@@@2@@std@@QAE?AViterator@12@V312@0@Z 00409b10 f i GamePlayer.obj
 0001:00008c50       ?find@?$_Tree@JU?$pair@$$CBJPAVCBuffer@Win32@OnlineGameLib@@@std@@U_Kfn@?$map@JPAVCBuffer@Win32@OnlineGameLib@@U?$less@J@std@@V?$allocator@PAVCBuffer@Win32@OnlineGameLib@@@5@@2@U?$less@J@2@V?$allocator@PAVCBuffer@Win32@OnlineGameLib@@@2@@std@@QAE?AViterator@12@ABJ@Z 00409c50 f i GamePlayer.obj
 0001:00008cf0       ?_Freenode@?$_Tree@JU?$pair@$$CBJPAVCBuffer@Win32@OnlineGameLib@@@std@@U_Kfn@?$map@JPAVCBuffer@Win32@OnlineGameLib@@U?$less@J@std@@V?$allocator@PAVCBuffer@Win32@OnlineGameLib@@@5@@2@U?$less@J@2@V?$allocator@PAVCBuffer@Win32@OnlineGameLib@@@2@@std@@IAEXPAU_Node@12@@Z 00409cf0 f i GamePlayer.obj
 0001:00008d10       ??0const_iterator@?$_Tree@JU?$pair@$$CBJPAVCBuffer@Win32@OnlineGameLib@@@std@@U_Kfn@?$map@JPAVCBuffer@Win32@OnlineGameLib@@U?$less@J@std@@V?$allocator@PAVCBuffer@Win32@OnlineGameLib@@@5@@2@U?$less@J@2@V?$allocator@PAVCBuffer@Win32@OnlineGameLib@@@2@@std@@QAE@XZ 00409d10 f i GamePlayer.obj
 0001:00008d20       ??Eiterator@?$_Tree@JU?$pair@$$CBJPAVCBuffer@Win32@OnlineGameLib@@@std@@U_Kfn@?$map@JPAVCBuffer@Win32@OnlineGameLib@@U?$less@J@std@@V?$allocator@PAVCBuffer@Win32@OnlineGameLib@@@5@@2@U?$less@J@2@V?$allocator@PAVCBuffer@Win32@OnlineGameLib@@@2@@std@@QAEAAV012@XZ 00409d20 f i GamePlayer.obj
 0001:00008d40       ??8iterator@?$_Tree@JU?$pair@$$CBJPAVCBuffer@Win32@OnlineGameLib@@@std@@U_Kfn@?$map@JPAVCBuffer@Win32@OnlineGameLib@@U?$less@J@std@@V?$allocator@PAVCBuffer@Win32@OnlineGameLib@@@5@@2@U?$less@J@2@V?$allocator@PAVCBuffer@Win32@OnlineGameLib@@@2@@std@@QBE_NABV012@@Z 00409d40 f i GamePlayer.obj
 0001:00008d60       ??0?$pair@Viterator@?$_Tree@JU?$pair@$$CBJPAVCBuffer@Win32@OnlineGameLib@@@std@@U_Kfn@?$map@JPAVCBuffer@Win32@OnlineGameLib@@U?$less@J@std@@V?$allocator@PAVCBuffer@Win32@OnlineGameLib@@@5@@2@U?$less@J@2@V?$allocator@PAVCBuffer@Win32@OnlineGameLib@@@2@@std@@_N@std@@QAE@ABViterator@?$_Tree@JU?$pair@$$CBJPAVCBuffer@Win32@OnlineGameLib@@@std@@U_Kfn@?$map@JPAVCBuffer@Win32@OnlineGameLib@@U?$less@J@std@@V?$allocator@PAVCBuffer@Win32@OnlineGameLib@@@5@@2@U?$less@J@2@V?$allocator@PAVCBuffer@Win32@OnlineGameLib@@@2@@1@AB_N@Z 00409d60 f i GamePlayer.obj
 0001:00008d90       ??0?$pair@Viterator@?$_Tree@V?$basic_string@DU?$char_traits@D@std@@V?$allocator@D@2@@std@@U?$pair@$$CBV?$basic_string@DU?$char_traits@D@std@@V?$allocator@D@2@@std@@PAVIPlayer@@@2@U_Kfn@?$map@V?$basic_string@DU?$char_traits@D@std@@V?$allocator@D@2@@std@@PAVIPlayer@@U?$less@V?$basic_string@DU?$char_traits@D@std@@V?$allocator@D@2@@std@@@2@V?$allocator@PAVIPlayer@@@2@@2@U?$less@V?$basic_string@DU?$char_traits@D@std@@V?$allocator@D@2@@std@@@2@V?$allocator@PAVIPlayer@@@2@@std@@_N@std@@QAE@ABViterator@?$_Tree@V?$basic_string@DU?$char_traits@D@std@@V?$allocator@D@2@@std@@U?$pair@$$CBV?$basic_string@DU?$char_traits@D@std@@V?$allocator@D@2@@std@@PAVIPlayer@@@2@U_Kfn@?$map@V?$basic_string@DU?$char_traits@D@std@@V?$allocator@D@2@@std@@PAVIPlayer@@U?$less@V?$basic_string@DU?$char_traits@D@std@@V?$allocator@D@2@@std@@@2@V?$allocator@PAVIPlayer@@@2@@2@U?$less@V?$basic_string@DU?$char_traits@D@std@@V?$allocator@D@2@@std@@@2@V?$allocator@PAVIPlayer@@@2@@1@AB_N@Z 00409d90 f i GamePlayer.obj
 0001:00008dc0       ?_Psum@?$basic_string@DU?$char_traits@D@std@@V?$allocator@D@2@@std@@CAPADPADI@Z 00409dc0 f i GamePlayer.obj
 0001:00008df0       ?deallocate@?$allocator@PAVCBuffer@Win32@OnlineGameLib@@@std@@QAEXPAXI@Z 00409df0 f i GamePlayer.obj
 0001:00008e10       ??R?$less@V?$basic_string@DU?$char_traits@D@std@@V?$allocator@D@2@@std@@@std@@QBE_NABV?$basic_string@DU?$char_traits@D@std@@V?$allocator@D@2@@1@0@Z 00409e10 f i GamePlayer.obj
 0001:00008e30       ?insert@?$vector@PAVICommand@@V?$allocator@PAVICommand@@@std@@@std@@QAEXPAPAVICommand@@IABQAV3@@Z 00409e30 f i GamePlayer.obj
 0001:00009050       ?destroy@?$allocator@PAVICommand@@@std@@QAEXPAPAVICommand@@@Z 0040a050 f i GamePlayer.obj
 0001:00009070       ??R_Kfn@?$map@V?$basic_string@DU?$char_traits@D@std@@V?$allocator@D@2@@std@@PAVIPlayer@@U?$less@V?$basic_string@DU?$char_traits@D@std@@V?$allocator@D@2@@std@@@2@V?$allocator@PAVIPlayer@@@2@@std@@QBEABV?$basic_string@DU?$char_traits@D@std@@V?$allocator@D@2@@2@ABU?$pair@$$CBV?$basic_string@DU?$char_traits@D@std@@V?$allocator@D@2@@std@@PAVIPlayer@@@2@@Z 0040a070 f i GamePlayer.obj
 0001:00009080       ?deallocate@?$allocator@PAVIPlayer@@@std@@QAEXPAXI@Z 0040a080 f i GamePlayer.obj
 0001:000090a0       ?_Color@?$_Tree@V?$basic_string@DU?$char_traits@D@std@@V?$allocator@D@2@@std@@U?$pair@$$CBV?$basic_string@DU?$char_traits@D@std@@V?$allocator@D@2@@std@@PAVIPlayer@@@2@U_Kfn@?$map@V?$basic_string@DU?$char_traits@D@std@@V?$allocator@D@2@@std@@PAVIPlayer@@U?$less@V?$basic_string@DU?$char_traits@D@std@@V?$allocator@D@2@@std@@@2@V?$allocator@PAVIPlayer@@@2@@2@U?$less@V?$basic_string@DU?$char_traits@D@std@@V?$allocator@D@2@@std@@@2@V?$allocator@PAVIPlayer@@@2@@std@@KAAAW4_Redbl@12@PAU_Node@12@@Z 0040a0a0 f i GamePlayer.obj
 0001:000090b0       ?_Key@?$_Tree@V?$basic_string@DU?$char_traits@D@std@@V?$allocator@D@2@@std@@U?$pair@$$CBV?$basic_string@DU?$char_traits@D@std@@V?$allocator@D@2@@std@@PAVIPlayer@@@2@U_Kfn@?$map@V?$basic_string@DU?$char_traits@D@std@@V?$allocator@D@2@@std@@PAVIPlayer@@U?$less@V?$basic_string@DU?$char_traits@D@std@@V?$allocator@D@2@@std@@@2@V?$allocator@PAVIPlayer@@@2@@2@U?$less@V?$basic_string@DU?$char_traits@D@std@@V?$allocator@D@2@@std@@@2@V?$allocator@PAVIPlayer@@@2@@std@@KAABV?$basic_string@DU?$char_traits@D@std@@V?$allocator@D@2@@2@PAU_Node@12@@Z 0040a0b0 f i GamePlayer.obj
 0001:000090d0       ?_Left@?$_Tree@V?$basic_string@DU?$char_traits@D@std@@V?$allocator@D@2@@std@@U?$pair@$$CBV?$basic_string@DU?$char_traits@D@std@@V?$allocator@D@2@@std@@PAVIPlayer@@@2@U_Kfn@?$map@V?$basic_string@DU?$char_traits@D@std@@V?$allocator@D@2@@std@@PAVIPlayer@@U?$less@V?$basic_string@DU?$char_traits@D@std@@V?$allocator@D@2@@std@@@2@V?$allocator@PAVIPlayer@@@2@@2@U?$less@V?$basic_string@DU?$char_traits@D@std@@V?$allocator@D@2@@std@@@2@V?$allocator@PAVIPlayer@@@2@@std@@KAAAPAU_Node@12@PAU312@@Z 0040a0d0 f i GamePlayer.obj
 0001:000090e0       ?_Parent@?$_Tree@V?$basic_string@DU?$char_traits@D@std@@V?$allocator@D@2@@std@@U?$pair@$$CBV?$basic_string@DU?$char_traits@D@std@@V?$allocator@D@2@@std@@PAVIPlayer@@@2@U_Kfn@?$map@V?$basic_string@DU?$char_traits@D@std@@V?$allocator@D@2@@std@@PAVIPlayer@@U?$less@V?$basic_string@DU?$char_traits@D@std@@V?$allocator@D@2@@std@@@2@V?$allocator@PAVIPlayer@@@2@@2@U?$less@V?$basic_string@DU?$char_traits@D@std@@V?$allocator@D@2@@std@@@2@V?$allocator@PAVIPlayer@@@2@@std@@KAAAPAU_Node@12@PAU312@@Z 0040a0e0 f i GamePlayer.obj
 0001:000090f0       ?_Right@?$_Tree@V?$basic_string@DU?$char_traits@D@std@@V?$allocator@D@2@@std@@U?$pair@$$CBV?$basic_string@DU?$char_traits@D@std@@V?$allocator@D@2@@std@@PAVIPlayer@@@2@U_Kfn@?$map@V?$basic_string@DU?$char_traits@D@std@@V?$allocator@D@2@@std@@PAVIPlayer@@U?$less@V?$basic_string@DU?$char_traits@D@std@@V?$allocator@D@2@@std@@@2@V?$allocator@PAVIPlayer@@@2@@2@U?$less@V?$basic_string@DU?$char_traits@D@std@@V?$allocator@D@2@@std@@@2@V?$allocator@PAVIPlayer@@@2@@std@@KAAAPAU_Node@12@PAU312@@Z 0040a0f0 f i GamePlayer.obj
 0001:00009100       ?size@?$_Tree@V?$basic_string@DU?$char_traits@D@std@@V?$allocator@D@2@@std@@U?$pair@$$CBV?$basic_string@DU?$char_traits@D@std@@V?$allocator@D@2@@std@@PAVIPlayer@@@2@U_Kfn@?$map@V?$basic_string@DU?$char_traits@D@std@@V?$allocator@D@2@@std@@PAVIPlayer@@U?$less@V?$basic_string@DU?$char_traits@D@std@@V?$allocator@D@2@@std@@@2@V?$allocator@PAVIPlayer@@@2@@2@U?$less@V?$basic_string@DU?$char_traits@D@std@@V?$allocator@D@2@@std@@@2@V?$allocator@PAVIPlayer@@@2@@std@@QBEIXZ 0040a100 f i GamePlayer.obj
 0001:00009120       ?lower_bound@?$_Tree@V?$basic_string@DU?$char_traits@D@std@@V?$allocator@D@2@@std@@U?$pair@$$CBV?$basic_string@DU?$char_traits@D@std@@V?$allocator@D@2@@std@@PAVIPlayer@@@2@U_Kfn@?$map@V?$basic_string@DU?$char_traits@D@std@@V?$allocator@D@2@@std@@PAVIPlayer@@U?$less@V?$basic_string@DU?$char_traits@D@std@@V?$allocator@D@2@@std@@@2@V?$allocator@PAVIPlayer@@@2@@2@U?$less@V?$basic_string@DU?$char_traits@D@std@@V?$allocator@D@2@@std@@@2@V?$allocator@PAVIPlayer@@@2@@std@@QAE?AViterator@12@ABV?$basic_string@DU?$char_traits@D@std@@V?$allocator@D@2@@2@@Z 0040a120 f i GamePlayer.obj
 0001:00009150       ?_Erase@?$_Tree@V?$basic_string@DU?$char_traits@D@std@@V?$allocator@D@2@@std@@U?$pair@$$CBV?$basic_string@DU?$char_traits@D@std@@V?$allocator@D@2@@std@@PAVIPlayer@@@2@U_Kfn@?$map@V?$basic_string@DU?$char_traits@D@std@@V?$allocator@D@2@@std@@PAVIPlayer@@U?$less@V?$basic_string@DU?$char_traits@D@std@@V?$allocator@D@2@@std@@@2@V?$allocator@PAVIPlayer@@@2@@2@U?$less@V?$basic_string@DU?$char_traits@D@std@@V?$allocator@D@2@@std@@@2@V?$allocator@PAVIPlayer@@@2@@std@@IAEXPAU_Node@12@@Z 0040a150 f i GamePlayer.obj
 0001:00009200       ?_Init@?$_Tree@V?$basic_string@DU?$char_traits@D@std@@V?$allocator@D@2@@std@@U?$pair@$$CBV?$basic_string@DU?$char_traits@D@std@@V?$allocator@D@2@@std@@PAVIPlayer@@@2@U_Kfn@?$map@V?$basic_string@DU?$char_traits@D@std@@V?$allocator@D@2@@std@@PAVIPlayer@@U?$less@V?$basic_string@DU?$char_traits@D@std@@V?$allocator@D@2@@std@@@2@V?$allocator@PAVIPlayer@@@2@@2@U?$less@V?$basic_string@DU?$char_traits@D@std@@V?$allocator@D@2@@std@@@2@V?$allocator@PAVIPlayer@@@2@@std@@IAEXXZ 0040a200 f i GamePlayer.obj
 0001:000092e0       ?_Insert@?$_Tree@V?$basic_string@DU?$char_traits@D@std@@V?$allocator@D@2@@std@@U?$pair@$$CBV?$basic_string@DU?$char_traits@D@std@@V?$allocator@D@2@@std@@PAVIPlayer@@@2@U_Kfn@?$map@V?$basic_string@DU?$char_traits@D@std@@V?$allocator@D@2@@std@@PAVIPlayer@@U?$less@V?$basic_string@DU?$char_traits@D@std@@V?$allocator@D@2@@std@@@2@V?$allocator@PAVIPlayer@@@2@@2@U?$less@V?$basic_string@DU?$char_traits@D@std@@V?$allocator@D@2@@std@@@2@V?$allocator@PAVIPlayer@@@2@@std@@IAE?AViterator@12@PAU_Node@12@0ABU?$pair@$$CBV?$basic_string@DU?$char_traits@D@std@@V?$allocator@D@2@@std@@PAVIPlayer@@@2@@Z 0040a2e0 f i GamePlayer.obj
 0001:000097b0       ?_Lmost@?$_Tree@V?$basic_string@DU?$char_traits@D@std@@V?$allocator@D@2@@std@@U?$pair@$$CBV?$basic_string@DU?$char_traits@D@std@@V?$allocator@D@2@@std@@PAVIPlayer@@@2@U_Kfn@?$map@V?$basic_string@DU?$char_traits@D@std@@V?$allocator@D@2@@std@@PAVIPlayer@@U?$less@V?$basic_string@DU?$char_traits@D@std@@V?$allocator@D@2@@std@@@2@V?$allocator@PAVIPlayer@@@2@@2@U?$less@V?$basic_string@DU?$char_traits@D@std@@V?$allocator@D@2@@std@@@2@V?$allocator@PAVIPlayer@@@2@@std@@IAEAAPAU_Node@12@XZ 0040a7b0 f i GamePlayer.obj
 0001:000097d0       ?_Lrotate@?$_Tree@V?$basic_string@DU?$char_traits@D@std@@V?$allocator@D@2@@std@@U?$pair@$$CBV?$basic_string@DU?$char_traits@D@std@@V?$allocator@D@2@@std@@PAVIPlayer@@@2@U_Kfn@?$map@V?$basic_string@DU?$char_traits@D@std@@V?$allocator@D@2@@std@@PAVIPlayer@@U?$less@V?$basic_string@DU?$char_traits@D@std@@V?$allocator@D@2@@std@@@2@V?$allocator@PAVIPlayer@@@2@@2@U?$less@V?$basic_string@DU?$char_traits@D@std@@V?$allocator@D@2@@std@@@2@V?$allocator@PAVIPlayer@@@2@@std@@IAEXPAU_Node@12@@Z 0040a7d0 f i GamePlayer.obj
 0001:00009940       ?_Max@?$_Tree@V?$basic_string@DU?$char_traits@D@std@@V?$allocator@D@2@@std@@U?$pair@$$CBV?$basic_string@DU?$char_traits@D@std@@V?$allocator@D@2@@std@@PAVIPlayer@@@2@U_Kfn@?$map@V?$basic_string@DU?$char_traits@D@std@@V?$allocator@D@2@@std@@PAVIPlayer@@U?$less@V?$basic_string@DU?$char_traits@D@std@@V?$allocator@D@2@@std@@@2@V?$allocator@PAVIPlayer@@@2@@2@U?$less@V?$basic_string@DU?$char_traits@D@std@@V?$allocator@D@2@@std@@@2@V?$allocator@PAVIPlayer@@@2@@std@@KAPAU_Node@12@PAU312@@Z 0040a940 f i GamePlayer.obj
 0001:000099c0       ?_Min@?$_Tree@V?$basic_string@DU?$char_traits@D@std@@V?$allocator@D@2@@std@@U?$pair@$$CBV?$basic_string@DU?$char_traits@D@std@@V?$allocator@D@2@@std@@PAVIPlayer@@@2@U_Kfn@?$map@V?$basic_string@DU?$char_traits@D@std@@V?$allocator@D@2@@std@@PAVIPlayer@@U?$less@V?$basic_string@DU?$char_traits@D@std@@V?$allocator@D@2@@std@@@2@V?$allocator@PAVIPlayer@@@2@@2@U?$less@V?$basic_string@DU?$char_traits@D@std@@V?$allocator@D@2@@std@@@2@V?$allocator@PAVIPlayer@@@2@@std@@KAPAU_Node@12@PAU312@@Z 0040a9c0 f i GamePlayer.obj
 0001:00009a40       ?_Rmost@?$_Tree@V?$basic_string@DU?$char_traits@D@std@@V?$allocator@D@2@@std@@U?$pair@$$CBV?$basic_string@DU?$char_traits@D@std@@V?$allocator@D@2@@std@@PAVIPlayer@@@2@U_Kfn@?$map@V?$basic_string@DU?$char_traits@D@std@@V?$allocator@D@2@@std@@PAVIPlayer@@U?$less@V?$basic_string@DU?$char_traits@D@std@@V?$allocator@D@2@@std@@@2@V?$allocator@PAVIPlayer@@@2@@2@U?$less@V?$basic_string@DU?$char_traits@D@std@@V?$allocator@D@2@@std@@@2@V?$allocator@PAVIPlayer@@@2@@std@@IAEAAPAU_Node@12@XZ 0040aa40 f i GamePlayer.obj
 0001:00009a60       ?_Root@?$_Tree@V?$basic_string@DU?$char_traits@D@std@@V?$allocator@D@2@@std@@U?$pair@$$CBV?$basic_string@DU?$char_traits@D@std@@V?$allocator@D@2@@std@@PAVIPlayer@@@2@U_Kfn@?$map@V?$basic_string@DU?$char_traits@D@std@@V?$allocator@D@2@@std@@PAVIPlayer@@U?$less@V?$basic_string@DU?$char_traits@D@std@@V?$allocator@D@2@@std@@@2@V?$allocator@PAVIPlayer@@@2@@2@U?$less@V?$basic_string@DU?$char_traits@D@std@@V?$allocator@D@2@@std@@@2@V?$allocator@PAVIPlayer@@@2@@std@@IAEAAPAU_Node@12@XZ 0040aa60 f i GamePlayer.obj
 0001:00009a80       ?_Rrotate@?$_Tree@V?$basic_string@DU?$char_traits@D@std@@V?$allocator@D@2@@std@@U?$pair@$$CBV?$basic_string@DU?$char_traits@D@std@@V?$allocator@D@2@@std@@PAVIPlayer@@@2@U_Kfn@?$map@V?$basic_string@DU?$char_traits@D@std@@V?$allocator@D@2@@std@@PAVIPlayer@@U?$less@V?$basic_string@DU?$char_traits@D@std@@V?$allocator@D@2@@std@@@2@V?$allocator@PAVIPlayer@@@2@@2@U?$less@V?$basic_string@DU?$char_traits@D@std@@V?$allocator@D@2@@std@@@2@V?$allocator@PAVIPlayer@@@2@@std@@IAEXPAU_Node@12@@Z 0040aa80 f i GamePlayer.obj
 0001:00009bf0       ?_Destval@?$_Tree@V?$basic_string@DU?$char_traits@D@std@@V?$allocator@D@2@@std@@U?$pair@$$CBV?$basic_string@DU?$char_traits@D@std@@V?$allocator@D@2@@std@@PAVIPlayer@@@2@U_Kfn@?$map@V?$basic_string@DU?$char_traits@D@std@@V?$allocator@D@2@@std@@PAVIPlayer@@U?$less@V?$basic_string@DU?$char_traits@D@std@@V?$allocator@D@2@@std@@@2@V?$allocator@PAVIPlayer@@@2@@2@U?$less@V?$basic_string@DU?$char_traits@D@std@@V?$allocator@D@2@@std@@@2@V?$allocator@PAVIPlayer@@@2@@std@@IAEXPAU?$pair@$$CBV?$basic_string@DU?$char_traits@D@std@@V?$allocator@D@2@@std@@PAVIPlayer@@@2@@Z 0040abf0 f i GamePlayer.obj
 0001:00009c10       ?_Mynode@const_iterator@?$_Tree@V?$basic_string@DU?$char_traits@D@std@@V?$allocator@D@2@@std@@U?$pair@$$CBV?$basic_string@DU?$char_traits@D@std@@V?$allocator@D@2@@std@@PAVIPlayer@@@2@U_Kfn@?$map@V?$basic_string@DU?$char_traits@D@std@@V?$allocator@D@2@@std@@PAVIPlayer@@U?$less@V?$basic_string@DU?$char_traits@D@std@@V?$allocator@D@2@@std@@@2@V?$allocator@PAVIPlayer@@@2@@2@U?$less@V?$basic_string@DU?$char_traits@D@std@@V?$allocator@D@2@@std@@@2@V?$allocator@PAVIPlayer@@@2@@std@@QBEPAU_Node@23@XZ 0040ac10 f i GamePlayer.obj
 0001:00009c20       ??0iterator@?$_Tree@V?$basic_string@DU?$char_traits@D@std@@V?$allocator@D@2@@std@@U?$pair@$$CBV?$basic_string@DU?$char_traits@D@std@@V?$allocator@D@2@@std@@PAVIPlayer@@@2@U_Kfn@?$map@V?$basic_string@DU?$char_traits@D@std@@V?$allocator@D@2@@std@@PAVIPlayer@@U?$less@V?$basic_string@DU?$char_traits@D@std@@V?$allocator@D@2@@std@@@2@V?$allocator@PAVIPlayer@@@2@@2@U?$less@V?$basic_string@DU?$char_traits@D@std@@V?$allocator@D@2@@std@@@2@V?$allocator@PAVIPlayer@@@2@@std@@QAE@PAU_Node@12@@Z 0040ac20 f i GamePlayer.obj
 0001:00009c40       ??Eiterator@?$_Tree@V?$basic_string@DU?$char_traits@D@std@@V?$allocator@D@2@@std@@U?$pair@$$CBV?$basic_string@DU?$char_traits@D@std@@V?$allocator@D@2@@std@@PAVIPlayer@@@2@U_Kfn@?$map@V?$basic_string@DU?$char_traits@D@std@@V?$allocator@D@2@@std@@PAVIPlayer@@U?$less@V?$basic_string@DU?$char_traits@D@std@@V?$allocator@D@2@@std@@@2@V?$allocator@PAVIPlayer@@@2@@2@U?$less@V?$basic_string@DU?$char_traits@D@std@@V?$allocator@D@2@@std@@@2@V?$allocator@PAVIPlayer@@@2@@std@@QAE?AV012@H@Z 0040ac40 f i GamePlayer.obj
 0001:00009c70       ??Fiterator@?$_Tree@V?$basic_string@DU?$char_traits@D@std@@V?$allocator@D@2@@std@@U?$pair@$$CBV?$basic_string@DU?$char_traits@D@std@@V?$allocator@D@2@@std@@PAVIPlayer@@@2@U_Kfn@?$map@V?$basic_string@DU?$char_traits@D@std@@V?$allocator@D@2@@std@@PAVIPlayer@@U?$less@V?$basic_string@DU?$char_traits@D@std@@V?$allocator@D@2@@std@@@2@V?$allocator@PAVIPlayer@@@2@@2@U?$less@V?$basic_string@DU?$char_traits@D@std@@V?$allocator@D@2@@std@@@2@V?$allocator@PAVIPlayer@@@2@@std@@QAEAAV012@XZ 0040ac70 f i GamePlayer.obj
 0001:00009c90       ??R_Kfn@?$map@JPAVCBuffer@Win32@OnlineGameLib@@U?$less@J@std@@V?$allocator@PAVCBuffer@Win32@OnlineGameLib@@@5@@std@@QBEABJABU?$pair@$$CBJPAVCBuffer@Win32@OnlineGameLib@@@2@@Z 0040ac90 f i GamePlayer.obj
 0001:00009ca0       ??R?$less@J@std@@QBE_NABJ0@Z 0040aca0 f i GamePlayer.obj
 0001:00009cc0       ?_Color@?$_Tree@JU?$pair@$$CBJPAVCBuffer@Win32@OnlineGameLib@@@std@@U_Kfn@?$map@JPAVCBuffer@Win32@OnlineGameLib@@U?$less@J@std@@V?$allocator@PAVCBuffer@Win32@OnlineGameLib@@@5@@2@U?$less@J@2@V?$allocator@PAVCBuffer@Win32@OnlineGameLib@@@2@@std@@KAAAW4_Redbl@12@PAU_Node@12@@Z 0040acc0 f i GamePlayer.obj
 0001:00009cd0       ?_Key@?$_Tree@JU?$pair@$$CBJPAVCBuffer@Win32@OnlineGameLib@@@std@@U_Kfn@?$map@JPAVCBuffer@Win32@OnlineGameLib@@U?$less@J@std@@V?$allocator@PAVCBuffer@Win32@OnlineGameLib@@@5@@2@U?$less@J@2@V?$allocator@PAVCBuffer@Win32@OnlineGameLib@@@2@@std@@KAABJPAU_Node@12@@Z 0040acd0 f i GamePlayer.obj
 0001:00009cf0       ?_Left@?$_Tree@JU?$pair@$$CBJPAVCBuffer@Win32@OnlineGameLib@@@std@@U_Kfn@?$map@JPAVCBuffer@Win32@OnlineGameLib@@U?$less@J@std@@V?$allocator@PAVCBuffer@Win32@OnlineGameLib@@@5@@2@U?$less@J@2@V?$allocator@PAVCBuffer@Win32@OnlineGameLib@@@2@@std@@KAAAPAU_Node@12@PAU312@@Z 0040acf0 f i GamePlayer.obj
 0001:00009d00       ?_Parent@?$_Tree@JU?$pair@$$CBJPAVCBuffer@Win32@OnlineGameLib@@@std@@U_Kfn@?$map@JPAVCBuffer@Win32@OnlineGameLib@@U?$less@J@std@@V?$allocator@PAVCBuffer@Win32@OnlineGameLib@@@5@@2@U?$less@J@2@V?$allocator@PAVCBuffer@Win32@OnlineGameLib@@@2@@std@@KAAAPAU_Node@12@PAU312@@Z 0040ad00 f i GamePlayer.obj
 0001:00009d10       ?_Right@?$_Tree@JU?$pair@$$CBJPAVCBuffer@Win32@OnlineGameLib@@@std@@U_Kfn@?$map@JPAVCBuffer@Win32@OnlineGameLib@@U?$less@J@std@@V?$allocator@PAVCBuffer@Win32@OnlineGameLib@@@5@@2@U?$less@J@2@V?$allocator@PAVCBuffer@Win32@OnlineGameLib@@@2@@std@@KAAAPAU_Node@12@PAU312@@Z 0040ad10 f i GamePlayer.obj
 0001:00009d20       ?size@?$_Tree@JU?$pair@$$CBJPAVCBuffer@Win32@OnlineGameLib@@@std@@U_Kfn@?$map@JPAVCBuffer@Win32@OnlineGameLib@@U?$less@J@std@@V?$allocator@PAVCBuffer@Win32@OnlineGameLib@@@5@@2@U?$less@J@2@V?$allocator@PAVCBuffer@Win32@OnlineGameLib@@@2@@std@@QBEIXZ 0040ad20 f i GamePlayer.obj
 0001:00009d40       ?lower_bound@?$_Tree@JU?$pair@$$CBJPAVCBuffer@Win32@OnlineGameLib@@@std@@U_Kfn@?$map@JPAVCBuffer@Win32@OnlineGameLib@@U?$less@J@std@@V?$allocator@PAVCBuffer@Win32@OnlineGameLib@@@5@@2@U?$less@J@2@V?$allocator@PAVCBuffer@Win32@OnlineGameLib@@@2@@std@@QAE?AViterator@12@ABJ@Z 0040ad40 f i GamePlayer.obj
 0001:00009d70       ?_Erase@?$_Tree@JU?$pair@$$CBJPAVCBuffer@Win32@OnlineGameLib@@@std@@U_Kfn@?$map@JPAVCBuffer@Win32@OnlineGameLib@@U?$less@J@std@@V?$allocator@PAVCBuffer@Win32@OnlineGameLib@@@5@@2@U?$less@J@2@V?$allocator@PAVCBuffer@Win32@OnlineGameLib@@@2@@std@@IAEXPAU_Node@12@@Z 0040ad70 f i GamePlayer.obj
 0001:00009e20       ?_Init@?$_Tree@JU?$pair@$$CBJPAVCBuffer@Win32@OnlineGameLib@@@std@@U_Kfn@?$map@JPAVCBuffer@Win32@OnlineGameLib@@U?$less@J@std@@V?$allocator@PAVCBuffer@Win32@OnlineGameLib@@@5@@2@U?$less@J@2@V?$allocator@PAVCBuffer@Win32@OnlineGameLib@@@2@@std@@IAEXXZ 0040ae20 f i GamePlayer.obj
 0001:00009f00       ?_Insert@?$_Tree@JU?$pair@$$CBJPAVCBuffer@Win32@OnlineGameLib@@@std@@U_Kfn@?$map@JPAVCBuffer@Win32@OnlineGameLib@@U?$less@J@std@@V?$allocator@PAVCBuffer@Win32@OnlineGameLib@@@5@@2@U?$less@J@2@V?$allocator@PAVCBuffer@Win32@OnlineGameLib@@@2@@std@@IAE?AViterator@12@PAU_Node@12@0ABU?$pair@$$CBJPAVCBuffer@Win32@OnlineGameLib@@@2@@Z 0040af00 f i GamePlayer.obj
 0001:0000a3d0       ?_Lmost@?$_Tree@JU?$pair@$$CBJPAVCBuffer@Win32@OnlineGameLib@@@std@@U_Kfn@?$map@JPAVCBuffer@Win32@OnlineGameLib@@U?$less@J@std@@V?$allocator@PAVCBuffer@Win32@OnlineGameLib@@@5@@2@U?$less@J@2@V?$allocator@PAVCBuffer@Win32@OnlineGameLib@@@2@@std@@IAEAAPAU_Node@12@XZ 0040b3d0 f i GamePlayer.obj
 0001:0000a3f0       ?_Lrotate@?$_Tree@JU?$pair@$$CBJPAVCBuffer@Win32@OnlineGameLib@@@std@@U_Kfn@?$map@JPAVCBuffer@Win32@OnlineGameLib@@U?$less@J@std@@V?$allocator@PAVCBuffer@Win32@OnlineGameLib@@@5@@2@U?$less@J@2@V?$allocator@PAVCBuffer@Win32@OnlineGameLib@@@2@@std@@IAEXPAU_Node@12@@Z 0040b3f0 f i GamePlayer.obj
 0001:0000a560       ?_Max@?$_Tree@JU?$pair@$$CBJPAVCBuffer@Win32@OnlineGameLib@@@std@@U_Kfn@?$map@JPAVCBuffer@Win32@OnlineGameLib@@U?$less@J@std@@V?$allocator@PAVCBuffer@Win32@OnlineGameLib@@@5@@2@U?$less@J@2@V?$allocator@PAVCBuffer@Win32@OnlineGameLib@@@2@@std@@KAPAU_Node@12@PAU312@@Z 0040b560 f i GamePlayer.obj
 0001:0000a5e0       ?_Min@?$_Tree@JU?$pair@$$CBJPAVCBuffer@Win32@OnlineGameLib@@@std@@U_Kfn@?$map@JPAVCBuffer@Win32@OnlineGameLib@@U?$less@J@std@@V?$allocator@PAVCBuffer@Win32@OnlineGameLib@@@5@@2@U?$less@J@2@V?$allocator@PAVCBuffer@Win32@OnlineGameLib@@@2@@std@@KAPAU_Node@12@PAU312@@Z 0040b5e0 f i GamePlayer.obj
 0001:0000a660       ?_Rmost@?$_Tree@JU?$pair@$$CBJPAVCBuffer@Win32@OnlineGameLib@@@std@@U_Kfn@?$map@JPAVCBuffer@Win32@OnlineGameLib@@U?$less@J@std@@V?$allocator@PAVCBuffer@Win32@OnlineGameLib@@@5@@2@U?$less@J@2@V?$allocator@PAVCBuffer@Win32@OnlineGameLib@@@2@@std@@IAEAAPAU_Node@12@XZ 0040b660 f i GamePlayer.obj
 0001:0000a680       ?_Root@?$_Tree@JU?$pair@$$CBJPAVCBuffer@Win32@OnlineGameLib@@@std@@U_Kfn@?$map@JPAVCBuffer@Win32@OnlineGameLib@@U?$less@J@std@@V?$allocator@PAVCBuffer@Win32@OnlineGameLib@@@5@@2@U?$less@J@2@V?$allocator@PAVCBuffer@Win32@OnlineGameLib@@@2@@std@@IAEAAPAU_Node@12@XZ 0040b680 f i GamePlayer.obj
 0001:0000a6a0       ?_Rrotate@?$_Tree@JU?$pair@$$CBJPAVCBuffer@Win32@OnlineGameLib@@@std@@U_Kfn@?$map@JPAVCBuffer@Win32@OnlineGameLib@@U?$less@J@std@@V?$allocator@PAVCBuffer@Win32@OnlineGameLib@@@5@@2@U?$less@J@2@V?$allocator@PAVCBuffer@Win32@OnlineGameLib@@@2@@std@@IAEXPAU_Node@12@@Z 0040b6a0 f i GamePlayer.obj
 0001:0000a810       ?_Destval@?$_Tree@JU?$pair@$$CBJPAVCBuffer@Win32@OnlineGameLib@@@std@@U_Kfn@?$map@JPAVCBuffer@Win32@OnlineGameLib@@U?$less@J@std@@V?$allocator@PAVCBuffer@Win32@OnlineGameLib@@@5@@2@U?$less@J@2@V?$allocator@PAVCBuffer@Win32@OnlineGameLib@@@2@@std@@IAEXPAU?$pair@$$CBJPAVCBuffer@Win32@OnlineGameLib@@@2@@Z 0040b810 f i GamePlayer.obj
 0001:0000a830       ?_Inc@const_iterator@?$_Tree@JU?$pair@$$CBJPAVCBuffer@Win32@OnlineGameLib@@@std@@U_Kfn@?$map@JPAVCBuffer@Win32@OnlineGameLib@@U?$less@J@std@@V?$allocator@PAVCBuffer@Win32@OnlineGameLib@@@5@@2@U?$less@J@2@V?$allocator@PAVCBuffer@Win32@OnlineGameLib@@@2@@std@@QAEXXZ 0040b830 f i GamePlayer.obj
 0001:0000a910       ?_Mynode@const_iterator@?$_Tree@JU?$pair@$$CBJPAVCBuffer@Win32@OnlineGameLib@@@std@@U_Kfn@?$map@JPAVCBuffer@Win32@OnlineGameLib@@U?$less@J@std@@V?$allocator@PAVCBuffer@Win32@OnlineGameLib@@@5@@2@U?$less@J@2@V?$allocator@PAVCBuffer@Win32@OnlineGameLib@@@2@@std@@QBEPAU_Node@23@XZ 0040b910 f i GamePlayer.obj
 0001:0000a920       ??0iterator@?$_Tree@JU?$pair@$$CBJPAVCBuffer@Win32@OnlineGameLib@@@std@@U_Kfn@?$map@JPAVCBuffer@Win32@OnlineGameLib@@U?$less@J@std@@V?$allocator@PAVCBuffer@Win32@OnlineGameLib@@@5@@2@U?$less@J@2@V?$allocator@PAVCBuffer@Win32@OnlineGameLib@@@2@@std@@QAE@PAU_Node@12@@Z 0040b920 f i GamePlayer.obj
 0001:0000a940       ??Fiterator@?$_Tree@JU?$pair@$$CBJPAVCBuffer@Win32@OnlineGameLib@@@std@@U_Kfn@?$map@JPAVCBuffer@Win32@OnlineGameLib@@U?$less@J@std@@V?$allocator@PAVCBuffer@Win32@OnlineGameLib@@@5@@2@U?$less@J@2@V?$allocator@PAVCBuffer@Win32@OnlineGameLib@@@2@@std@@QAEAAV012@XZ 0040b940 f i GamePlayer.obj
 0001:0000a960       ?_Ucopy@?$vector@PAVICommand@@V?$allocator@PAVICommand@@@std@@@std@@IAEPAPAVICommand@@PBQAV3@0PAPAV3@@Z 0040b960 f i GamePlayer.obj
 0001:0000a9a0       ?_Ufill@?$vector@PAVICommand@@V?$allocator@PAVICommand@@@std@@@std@@IAEXPAPAVICommand@@IABQAV3@@Z 0040b9a0 f i GamePlayer.obj
 0001:0000a9e0       ?allocate@?$allocator@PAVICommand@@@std@@QAEPAPAVICommand@@IPBX@Z 0040b9e0 f i GamePlayer.obj
 0001:0000aa00       ?_Lbound@?$_Tree@V?$basic_string@DU?$char_traits@D@std@@V?$allocator@D@2@@std@@U?$pair@$$CBV?$basic_string@DU?$char_traits@D@std@@V?$allocator@D@2@@std@@PAVIPlayer@@@2@U_Kfn@?$map@V?$basic_string@DU?$char_traits@D@std@@V?$allocator@D@2@@std@@PAVIPlayer@@U?$less@V?$basic_string@DU?$char_traits@D@std@@V?$allocator@D@2@@std@@@2@V?$allocator@PAVIPlayer@@@2@@2@U?$less@V?$basic_string@DU?$char_traits@D@std@@V?$allocator@D@2@@std@@@2@V?$allocator@PAVIPlayer@@@2@@std@@IBEPAU_Node@12@ABV?$basic_string@DU?$char_traits@D@std@@V?$allocator@D@2@@2@@Z 0040ba00 f i GamePlayer.obj
 0001:0000aad0       ?_Buynode@?$_Tree@V?$basic_string@DU?$char_traits@D@std@@V?$allocator@D@2@@std@@U?$pair@$$CBV?$basic_string@DU?$char_traits@D@std@@V?$allocator@D@2@@std@@PAVIPlayer@@@2@U_Kfn@?$map@V?$basic_string@DU?$char_traits@D@std@@V?$allocator@D@2@@std@@PAVIPlayer@@U?$less@V?$basic_string@DU?$char_traits@D@std@@V?$allocator@D@2@@std@@@2@V?$allocator@PAVIPlayer@@@2@@2@U?$less@V?$basic_string@DU?$char_traits@D@std@@V?$allocator@D@2@@std@@@2@V?$allocator@PAVIPlayer@@@2@@std@@IAEPAU_Node@12@PAU312@W4_Redbl@12@@Z 0040bad0 f i GamePlayer.obj
 0001:0000ab20       ?_Consval@?$_Tree@V?$basic_string@DU?$char_traits@D@std@@V?$allocator@D@2@@std@@U?$pair@$$CBV?$basic_string@DU?$char_traits@D@std@@V?$allocator@D@2@@std@@PAVIPlayer@@@2@U_Kfn@?$map@V?$basic_string@DU?$char_traits@D@std@@V?$allocator@D@2@@std@@PAVIPlayer@@U?$less@V?$basic_string@DU?$char_traits@D@std@@V?$allocator@D@2@@std@@@2@V?$allocator@PAVIPlayer@@@2@@2@U?$less@V?$basic_string@DU?$char_traits@D@std@@V?$allocator@D@2@@std@@@2@V?$allocator@PAVIPlayer@@@2@@std@@IAEXPAU?$pair@$$CBV?$basic_string@DU?$char_traits@D@std@@V?$allocator@D@2@@std@@PAVIPlayer@@@2@ABU32@@Z 0040bb20 f i GamePlayer.obj
 0001:0000ab40       ??0const_iterator@?$_Tree@V?$basic_string@DU?$char_traits@D@std@@V?$allocator@D@2@@std@@U?$pair@$$CBV?$basic_string@DU?$char_traits@D@std@@V?$allocator@D@2@@std@@PAVIPlayer@@@2@U_Kfn@?$map@V?$basic_string@DU?$char_traits@D@std@@V?$allocator@D@2@@std@@PAVIPlayer@@U?$less@V?$basic_string@DU?$char_traits@D@std@@V?$allocator@D@2@@std@@@2@V?$allocator@PAVIPlayer@@@2@@2@U?$less@V?$basic_string@DU?$char_traits@D@std@@V?$allocator@D@2@@std@@@2@V?$allocator@PAVIPlayer@@@2@@std@@QAE@PAU_Node@12@@Z 0040bb40 f i GamePlayer.obj
 0001:0000ab60       ?_Dec@const_iterator@?$_Tree@V?$basic_string@DU?$char_traits@D@std@@V?$allocator@D@2@@std@@U?$pair@$$CBV?$basic_string@DU?$char_traits@D@std@@V?$allocator@D@2@@std@@PAVIPlayer@@@2@U_Kfn@?$map@V?$basic_string@DU?$char_traits@D@std@@V?$allocator@D@2@@std@@PAVIPlayer@@U?$less@V?$basic_string@DU?$char_traits@D@std@@V?$allocator@D@2@@std@@@2@V?$allocator@PAVIPlayer@@@2@@2@U?$less@V?$basic_string@DU?$char_traits@D@std@@V?$allocator@D@2@@std@@@2@V?$allocator@PAVIPlayer@@@2@@std@@QAEXXZ 0040bb60 f i GamePlayer.obj
 0001:0000ac70       ??Eiterator@?$_Tree@V?$basic_string@DU?$char_traits@D@std@@V?$allocator@D@2@@std@@U?$pair@$$CBV?$basic_string@DU?$char_traits@D@std@@V?$allocator@D@2@@std@@PAVIPlayer@@@2@U_Kfn@?$map@V?$basic_string@DU?$char_traits@D@std@@V?$allocator@D@2@@std@@PAVIPlayer@@U?$less@V?$basic_string@DU?$char_traits@D@std@@V?$allocator@D@2@@std@@@2@V?$allocator@PAVIPlayer@@@2@@2@U?$less@V?$basic_string@DU?$char_traits@D@std@@V?$allocator@D@2@@std@@@2@V?$allocator@PAVIPlayer@@@2@@std@@QAEAAV012@XZ 0040bc70 f i GamePlayer.obj
 0001:0000ac90       ?_Lbound@?$_Tree@JU?$pair@$$CBJPAVCBuffer@Win32@OnlineGameLib@@@std@@U_Kfn@?$map@JPAVCBuffer@Win32@OnlineGameLib@@U?$less@J@std@@V?$allocator@PAVCBuffer@Win32@OnlineGameLib@@@5@@2@U?$less@J@2@V?$allocator@PAVCBuffer@Win32@OnlineGameLib@@@2@@std@@IBEPAU_Node@12@ABJ@Z 0040bc90 f i GamePlayer.obj
 0001:0000ad60       ?_Buynode@?$_Tree@JU?$pair@$$CBJPAVCBuffer@Win32@OnlineGameLib@@@std@@U_Kfn@?$map@JPAVCBuffer@Win32@OnlineGameLib@@U?$less@J@std@@V?$allocator@PAVCBuffer@Win32@OnlineGameLib@@@5@@2@U?$less@J@2@V?$allocator@PAVCBuffer@Win32@OnlineGameLib@@@2@@std@@IAEPAU_Node@12@PAU312@W4_Redbl@12@@Z 0040bd60 f i GamePlayer.obj
 0001:0000adb0       ?_Consval@?$_Tree@JU?$pair@$$CBJPAVCBuffer@Win32@OnlineGameLib@@@std@@U_Kfn@?$map@JPAVCBuffer@Win32@OnlineGameLib@@U?$less@J@std@@V?$allocator@PAVCBuffer@Win32@OnlineGameLib@@@5@@2@U?$less@J@2@V?$allocator@PAVCBuffer@Win32@OnlineGameLib@@@2@@std@@IAEXPAU?$pair@$$CBJPAVCBuffer@Win32@OnlineGameLib@@@2@ABU32@@Z 0040bdb0 f i GamePlayer.obj
 0001:0000add0       ??0const_iterator@?$_Tree@JU?$pair@$$CBJPAVCBuffer@Win32@OnlineGameLib@@@std@@U_Kfn@?$map@JPAVCBuffer@Win32@OnlineGameLib@@U?$less@J@std@@V?$allocator@PAVCBuffer@Win32@OnlineGameLib@@@5@@2@U?$less@J@2@V?$allocator@PAVCBuffer@Win32@OnlineGameLib@@@2@@std@@QAE@PAU_Node@12@@Z 0040bdd0 f i GamePlayer.obj
 0001:0000adf0       ?_Dec@const_iterator@?$_Tree@JU?$pair@$$CBJPAVCBuffer@Win32@OnlineGameLib@@@std@@U_Kfn@?$map@JPAVCBuffer@Win32@OnlineGameLib@@U?$less@J@std@@V?$allocator@PAVCBuffer@Win32@OnlineGameLib@@@5@@2@U?$less@J@2@V?$allocator@PAVCBuffer@Win32@OnlineGameLib@@@2@@std@@QAEXXZ 0040bdf0 f i GamePlayer.obj
 0001:0000af00       ?_Charalloc@?$allocator@PAVCBuffer@Win32@OnlineGameLib@@@std@@QAEPADI@Z 0040bf00 f i GamePlayer.obj
 0001:0000af20       ?construct@?$allocator@PAVICommand@@@std@@QAEXPAPAVICommand@@ABQAV3@@Z 0040bf20 f i GamePlayer.obj
 0001:0000af40       ?_Charalloc@?$allocator@PAVIPlayer@@@std@@QAEPADI@Z 0040bf40 f i GamePlayer.obj
 0001:0000af60       ?_Root@?$_Tree@V?$basic_string@DU?$char_traits@D@std@@V?$allocator@D@2@@std@@U?$pair@$$CBV?$basic_string@DU?$char_traits@D@std@@V?$allocator@D@2@@std@@PAVIPlayer@@@2@U_Kfn@?$map@V?$basic_string@DU?$char_traits@D@std@@V?$allocator@D@2@@std@@PAVIPlayer@@U?$less@V?$basic_string@DU?$char_traits@D@std@@V?$allocator@D@2@@std@@@2@V?$allocator@PAVIPlayer@@@2@@2@U?$less@V?$basic_string@DU?$char_traits@D@std@@V?$allocator@D@2@@std@@@2@V?$allocator@PAVIPlayer@@@2@@std@@IBEAAPAU_Node@12@XZ 0040bf60 f i GamePlayer.obj
 0001:0000af80       ?_Inc@const_iterator@?$_Tree@V?$basic_string@DU?$char_traits@D@std@@V?$allocator@D@2@@std@@U?$pair@$$CBV?$basic_string@DU?$char_traits@D@std@@V?$allocator@D@2@@std@@PAVIPlayer@@@2@U_Kfn@?$map@V?$basic_string@DU?$char_traits@D@std@@V?$allocator@D@2@@std@@PAVIPlayer@@U?$less@V?$basic_string@DU?$char_traits@D@std@@V?$allocator@D@2@@std@@@2@V?$allocator@PAVIPlayer@@@2@@2@U?$less@V?$basic_string@DU?$char_traits@D@std@@V?$allocator@D@2@@std@@@2@V?$allocator@PAVIPlayer@@@2@@std@@QAEXXZ 0040bf80 f i GamePlayer.obj
 0001:0000b060       ?_Root@?$_Tree@JU?$pair@$$CBJPAVCBuffer@Win32@OnlineGameLib@@@std@@U_Kfn@?$map@JPAVCBuffer@Win32@OnlineGameLib@@U?$less@J@std@@V?$allocator@PAVCBuffer@Win32@OnlineGameLib@@@5@@2@U?$less@J@2@V?$allocator@PAVCBuffer@Win32@OnlineGameLib@@@2@@std@@IBEAAPAU_Node@12@XZ 0040c060 f i GamePlayer.obj
 0001:0000b080       ??0?$CTaskCommand@VCGamePlayer@@@@QAE@PAVCGamePlayer@@P81@AEIXZ@Z 0040c080 f i GamePlayer.obj
 0001:0000b0c0       ?Execute@?$CTaskCommand@VCGamePlayer@@@@UAEIXZ 0040c0c0 f i GamePlayer.obj
 0001:0000b0e0       ?ToString@Win32@OnlineGameLib@@YA?AV?$basic_string@DU?$char_traits@D@std@@V?$allocator@D@2@@std@@J@Z 0040c0e0 f i GamePlayer.obj
 0001:0000b1c0       ?ends@std@@YAAAV?$basic_ostream@DU?$char_traits@D@std@@@1@AAV21@@Z 0040c1c0 f i GamePlayer.obj
 0001:0000b1e0       ??0strstream@std@@QAE@XZ   0040c1e0 f i GamePlayer.obj
 0001:0000b290       ??0strstreambuf@std@@QAE@H@Z 0040c290 f i GamePlayer.obj
 0001:0000b2f0       ??_Gstrstreambuf@std@@UAEPAXI@Z 0040c2f0 f i GamePlayer.obj
 0001:0000b2f0       ??_Estrstreambuf@std@@UAEPAXI@Z 0040c2f0 f i GamePlayer.obj
 0001:0000b320       ?freeze@strstream@std@@QAEX_N@Z 0040c320 f i GamePlayer.obj
 0001:0000b340       ?str@strstream@std@@QAEPADXZ 0040c340 f i GamePlayer.obj
 0001:0000b360       ?str@strstreambuf@std@@QAEPADXZ 0040c360 f i GamePlayer.obj
 0001:0000b380       ??_Gstrstream@std@@UAEPAXI@Z 0040c380 f i GamePlayer.obj
 0001:0000b380       ??_Estrstream@std@@UAEPAXI@Z 0040c380 f i GamePlayer.obj
 0001:0000b3c0       ??_Dstrstream@std@@QAEXXZ  0040c3c0 f i GamePlayer.obj
 0001:0000b3f0       ?put@?$basic_ostream@DU?$char_traits@D@std@@@std@@QAEAAV12@D@Z 0040c3f0 f i GamePlayer.obj
 0001:0000b520       ?eq_int_type@?$char_traits@D@std@@SA_NABH0@Z 0040c520 f i GamePlayer.obj
 0001:0000b540       ?eof@?$char_traits@D@std@@SAHXZ 0040c540 f i GamePlayer.obj
 0001:0000b550       ??1?$basic_ios@DU?$char_traits@D@std@@@std@@UAE@XZ 0040c550 f i GamePlayer.obj
 0001:0000b570       ?setstate@?$basic_ios@DU?$char_traits@D@std@@@std@@QAEXH_N@Z 0040c570 f i GamePlayer.obj
 0001:0000b5a0       ?rdstate@ios_base@std@@QBEHXZ 0040c5a0 f i GamePlayer.obj
 0001:0000b5c0       ?rdbuf@?$basic_ios@DU?$char_traits@D@std@@@std@@QBEPAV?$basic_streambuf@DU?$char_traits@D@std@@@2@XZ 0040c5c0 f i GamePlayer.obj
 0001:0000b5e0       ??0?$basic_ios@DU?$char_traits@D@std@@@std@@IAE@XZ 0040c5e0 f i GamePlayer.obj
 0001:0000b600       ??0ios_base@std@@IAE@XZ    0040c600 f i GamePlayer.obj
 0001:0000b630       ??0locale@std@@QAE@W4_Uninitialized@1@@Z 0040c630 f i GamePlayer.obj
 0001:0000b640       ??_Gios_base@std@@UAEPAXI@Z 0040c640 f i GamePlayer.obj
 0001:0000b640       ??_Eios_base@std@@UAEPAXI@Z 0040c640 f i GamePlayer.obj
 0001:0000b670       ??0?$basic_streambuf@DU?$char_traits@D@std@@@std@@IAE@XZ 0040c670 f i GamePlayer.obj
 0001:0000b6d0       ??0locale@std@@QAE@XZ      0040c6d0 f i GamePlayer.obj
 0001:0000b710       ?_Incref@facet@locale@std@@QAEXXZ 0040c710 f i GamePlayer.obj
 0001:0000b750       ??1locale@std@@QAE@XZ      0040c750 f i GamePlayer.obj
 0001:0000b7a0       ?_Decref@facet@locale@std@@QAEPAV123@XZ 0040c7a0 f i GamePlayer.obj
 0001:0000b800       ??1?$basic_streambuf@DU?$char_traits@D@std@@@std@@UAE@XZ 0040c800 f i GamePlayer.obj
 0001:0000b820       ?gptr@?$basic_streambuf@DU?$char_traits@D@std@@@std@@IBEPADXZ 0040c820 f i GamePlayer.obj
 0001:0000b840       ?overflow@?$basic_streambuf@DU?$char_traits@D@std@@@std@@MAEHH@Z 0040c840 f i GamePlayer.obj
 0001:0000b860       ?pbackfail@?$basic_streambuf@DU?$char_traits@D@std@@@std@@MAEHH@Z 0040c860 f i GamePlayer.obj
 0001:0000b880       ?showmanyc@?$basic_streambuf@DU?$char_traits@D@std@@@std@@MAEHXZ 0040c880 f i GamePlayer.obj
 0001:0000b890       ?underflow@?$basic_streambuf@DU?$char_traits@D@std@@@std@@MAEHXZ 0040c890 f i GamePlayer.obj
 0001:0000b8a0       ?uflow@?$basic_streambuf@DU?$char_traits@D@std@@@std@@MAEHXZ 0040c8a0 f i GamePlayer.obj
 0001:0000b900       ?to_int_type@?$char_traits@D@std@@SAHABD@Z 0040c900 f i GamePlayer.obj
 0001:0000b910       ?xsgetn@?$basic_streambuf@DU?$char_traits@D@std@@@std@@MAEHPADH@Z 0040c910 f i GamePlayer.obj
 0001:0000ba10       ?to_char_type@?$char_traits@D@std@@SADABH@Z 0040ca10 f i GamePlayer.obj
 0001:0000ba20       ?xsputn@?$basic_streambuf@DU?$char_traits@D@std@@@std@@MAEHPBDH@Z 0040ca20 f i GamePlayer.obj
 0001:0000bb20       ?pptr@?$basic_streambuf@DU?$char_traits@D@std@@@std@@IBEPADXZ 0040cb20 f i GamePlayer.obj
 0001:0000bb40       ?seekoff@?$basic_streambuf@DU?$char_traits@D@std@@@std@@MAE?AV?$fpos@H@2@JW4seekdir@ios_base@2@H@Z 0040cb40 f i GamePlayer.obj
 0001:0000bb70       ?seekpos@?$basic_streambuf@DU?$char_traits@D@std@@@std@@MAE?AV?$fpos@H@2@V32@H@Z 0040cb70 f i GamePlayer.obj
 0001:0000bba0       ?setbuf@?$basic_streambuf@DU?$char_traits@D@std@@@std@@MAEPAV12@PADH@Z 0040cba0 f i GamePlayer.obj
 0001:0000bbb0       ?sync@?$basic_streambuf@DU?$char_traits@D@std@@@std@@MAEHXZ 0040cbb0 f i GamePlayer.obj
 0001:0000bbc0       ?imbue@?$basic_streambuf@DU?$char_traits@D@std@@@std@@MAEXABVlocale@2@@Z 0040cbc0 f i GamePlayer.obj
 0001:0000bbd0       ??0?$basic_iostream@DU?$char_traits@D@std@@@std@@QAE@PAV?$basic_streambuf@DU?$char_traits@D@std@@@1@@Z 0040cbd0 f i GamePlayer.obj
 0001:0000bc90       ??0?$basic_ostream@DU?$char_traits@D@std@@@std@@QAE@PAV?$basic_streambuf@DU?$char_traits@D@std@@@1@_N1@Z 0040cc90 f i GamePlayer.obj
 0001:0000bd40       ??0?$basic_istream@DU?$char_traits@D@std@@@std@@QAE@PAV?$basic_streambuf@DU?$char_traits@D@std@@@1@_N@Z 0040cd40 f i GamePlayer.obj
 0001:0000bde0       ??1?$basic_istream@DU?$char_traits@D@std@@@std@@UAE@XZ 0040cde0 f i GamePlayer.obj
 0001:0000be00       ??1?$basic_iostream@DU?$char_traits@D@std@@@std@@UAE@XZ 0040ce00 f i GamePlayer.obj
 0001:0000be80       ??1?$basic_ostream@DU?$char_traits@D@std@@@std@@UAE@XZ 0040ce80 f i GamePlayer.obj
 0001:0000bea0       ??_E?$basic_ostream@DU?$char_traits@D@std@@@std@@UAEPAXI@Z 0040cea0 f i GamePlayer.obj
 0001:0000bea0       ??_G?$basic_ostream@DU?$char_traits@D@std@@@std@@UAEPAXI@Z 0040cea0 f i GamePlayer.obj
 0001:0000bee0       ??_E?$basic_ios@DU?$char_traits@D@std@@@std@@UAEPAXI@Z 0040cee0 f i GamePlayer.obj
 0001:0000bee0       ??_G?$basic_ios@DU?$char_traits@D@std@@@std@@UAEPAXI@Z 0040cee0 f i GamePlayer.obj
 0001:0000bf10       ??_G?$basic_istream@DU?$char_traits@D@std@@@std@@UAEPAXI@Z 0040cf10 f i GamePlayer.obj
 0001:0000bf10       ??_E?$basic_istream@DU?$char_traits@D@std@@@std@@UAEPAXI@Z 0040cf10 f i GamePlayer.obj
 0001:0000bf50       ??_E?$basic_streambuf@DU?$char_traits@D@std@@@std@@UAEPAXI@Z 0040cf50 f i GamePlayer.obj
 0001:0000bf50       ??_G?$basic_streambuf@DU?$char_traits@D@std@@@std@@UAEPAXI@Z 0040cf50 f i GamePlayer.obj
 0001:0000bf80       ??_E?$basic_iostream@DU?$char_traits@D@std@@@std@@UAEPAXI@Z 0040cf80 f i GamePlayer.obj
 0001:0000bf80       ??_G?$basic_iostream@DU?$char_traits@D@std@@@std@@UAEPAXI@Z 0040cf80 f i GamePlayer.obj
 0001:0000bfc0       ??_D?$basic_ostream@DU?$char_traits@D@std@@@std@@QAEXXZ 0040cfc0 f i GamePlayer.obj
 0001:0000bff0       ??_D?$basic_istream@DU?$char_traits@D@std@@@std@@QAEXXZ 0040cff0 f i GamePlayer.obj
 0001:0000c020       ??_D?$basic_iostream@DU?$char_traits@D@std@@@std@@QAEXXZ 0040d020 f i GamePlayer.obj
 0001:0000c050       ?clear@?$basic_ios@DU?$char_traits@D@std@@@std@@QAEXH_N@Z 0040d050 f i GamePlayer.obj
 0001:0000c090       ?init@?$basic_ios@DU?$char_traits@D@std@@@std@@IAEXPAV?$basic_streambuf@DU?$char_traits@D@std@@@2@_N@Z 0040d090 f i GamePlayer.obj
 0001:0000c100       ??0sentry@?$basic_ostream@DU?$char_traits@D@std@@@std@@QAE@AAV12@@Z 0040d100 f i GamePlayer.obj
 0001:0000c130       ??1sentry@?$basic_ostream@DU?$char_traits@D@std@@@std@@QAE@XZ 0040d130 f i GamePlayer.obj
 0001:0000c160       ??Bsentry@?$basic_ostream@DU?$char_traits@D@std@@@std@@QBE_NXZ 0040d160 f i GamePlayer.obj
 0001:0000c170       ??0?$fpos@H@std@@QAE@J@Z   0040d170 f i GamePlayer.obj
 0001:0000c1c0       ?sputc@?$basic_streambuf@DU?$char_traits@D@std@@@std@@QAEHD@Z 0040d1c0 f i GamePlayer.obj
 0001:0000c240       ?egptr@?$basic_streambuf@DU?$char_traits@D@std@@@std@@IBEPADXZ 0040d240 f i GamePlayer.obj
 0001:0000c260       ?gbump@?$basic_streambuf@DU?$char_traits@D@std@@@std@@IAEXH@Z 0040d260 f i GamePlayer.obj
 0001:0000c2a0       ?epptr@?$basic_streambuf@DU?$char_traits@D@std@@@std@@IBEPADXZ 0040d2a0 f i GamePlayer.obj
 0001:0000c2c0       ?_Gninc@?$basic_streambuf@DU?$char_traits@D@std@@@std@@IAEPADXZ 0040d2c0 f i GamePlayer.obj
 0001:0000c300       ?pbump@?$basic_streambuf@DU?$char_traits@D@std@@@std@@IAEXH@Z 0040d300 f i GamePlayer.obj
 0001:0000c340       ?_Init@?$basic_streambuf@DU?$char_traits@D@std@@@std@@IAEXXZ 0040d340 f i GamePlayer.obj
[...]
 0001:0002363b       _$E23                      0042463b f   common:Buffer.obj
 0001:0002364a       _$E22                      0042464a f   common:Buffer.obj
 0001:000221f8       _$E19                      004231f8 f   common:Exception.obj
 0001:00022207       _$E18                      00423207 f   common:Exception.obj
 0001:00022066       _$E21                      00423066 f   common:Win32Exception.obj
 0001:00022075       _$E20                      00423075 f   common:Win32Exception.obj
 0001:00021d41       ?Create@Win32@OnlineGameLib@@YAPAXPAU_SECURITY_ATTRIBUTES@@HHPBD@Z 00422d41 f   common:Mutex.obj
 0001:00021f8c       _$E19                      00422f8c f   common:Mutex.obj
 0001:00021f9b       _$E18                      00422f9b f   common:Mutex.obj
 0001:000378b2       __Mbrtowc_lk               004388b2 f   libcpmt:xmbtowc.obj
 0001:0003717e       _$E37                      0043817e f   libcpmt:xlocale.obj
 0001:00037193       _$E36                      00438193 f   libcpmt:xlocale.obj
 0001:000342db       _$E47                      004352db f   libcpmt:wlocale.obj
 0001:000342f0       _$E46                      004352f0 f   libcpmt:wlocale.obj
 0001:0002e0ed       _$E2                       0042f0ed f   libcpmt:nomemory.obj
 0001:0002d166       _$E18                      0042e166 f   libcpmt:wiostrea.obj
 0001:0002d170       _$E15                      0042e170 f   libcpmt:wiostrea.obj
 0001:0002d17a       _$E17                      0042e17a f   libcpmt:wiostrea.obj
 0001:0002d186       _$E16                      0042e186 f   libcpmt:wiostrea.obj
 0001:0002d190       _$E24                      0042e190 f   libcpmt:wiostrea.obj
 0001:0002d19a       _$E21                      0042e19a f   libcpmt:wiostrea.obj
 0001:0002d1a4       _$E23                      0042e1a4 f   libcpmt:wiostrea.obj
 0001:0002d1b0       _$E22                      0042e1b0 f   libcpmt:wiostrea.obj
 0001:0002d1ba       _$E29                      0042e1ba f   libcpmt:wiostrea.obj
 0001:0002d1c4       _$E26                      0042e1c4 f   libcpmt:wiostrea.obj
 0001:0002d1d1       _$E28                      0042e1d1 f   libcpmt:wiostrea.obj
 0001:0002d1dd       _$E27                      0042e1dd f   libcpmt:wiostrea.obj
 0001:0002d1e7       _$E34                      0042e1e7 f   libcpmt:wiostrea.obj
 0001:0002d1f1       _$E31                      0042e1f1 f   libcpmt:wiostrea.obj
 0001:0002d1fe       _$E33                      0042e1fe f   libcpmt:wiostrea.obj
 0001:0002d20a       _$E32                      0042e20a f   libcpmt:wiostrea.obj
 0001:0002d214       _$E39                      0042e214 f   libcpmt:wiostrea.obj
 0001:0002d21e       _$E36                      0042e21e f   libcpmt:wiostrea.obj
 0001:0002d22b       _$E38                      0042e22b f   libcpmt:wiostrea.obj
 0001:0002d237       _$E37                      0042e237 f   libcpmt:wiostrea.obj
 0001:0002d241       _$E44                      0042e241 f   libcpmt:wiostrea.obj
 0001:0002d24b       _$E41                      0042e24b f   libcpmt:wiostrea.obj
 0001:0002d25a       _$E43                      0042e25a f   libcpmt:wiostrea.obj
 0001:0002d266       _$E42                      0042e266 f   libcpmt:wiostrea.obj
 0001:0002d285       _$E49                      0042e285 f   libcpmt:wiostrea.obj
 0001:0002d28f       _$E46                      0042e28f f   libcpmt:wiostrea.obj
 0001:0002d29e       _$E48                      0042e29e f   libcpmt:wiostrea.obj
 0001:0002d2aa       _$E47                      0042e2aa f   libcpmt:wiostrea.obj
 0001:0002d2c9       _$E54                      0042e2c9 f   libcpmt:wiostrea.obj
 0001:0002d2d3       _$E51                      0042e2d3 f   libcpmt:wiostrea.obj
 0001:0002d2e2       _$E53                      0042e2e2 f   libcpmt:wiostrea.obj
 0001:0002d2ee       _$E52                      0042e2ee f   libcpmt:wiostrea.obj
 0001:0002d2f8       _$E59                      0042e2f8 f   libcpmt:wiostrea.obj
 0001:0002d302       _$E56                      0042e302 f   libcpmt:wiostrea.obj
 0001:0002d311       _$E58                      0042e311 f   libcpmt:wiostrea.obj
 0001:0002d31d       _$E57                      0042e31d f   libcpmt:wiostrea.obj
 0001:0002dfeb       _$E70                      0042efeb f   libcpmt:wiostrea.obj
 0001:0002e015       _$E66                      0042f015 f   libcpmt:wiostrea.obj
 0001:0002e021       _$E69                      0042f021 f   libcpmt:wiostrea.obj
 0001:0002cd56       _$E18                      0042dd56 f   libcpmt:iostream.obj
 0001:0002cd60       _$E15                      0042dd60 f   libcpmt:iostream.obj
 0001:0002cd6d       _$E17                      0042dd6d f   libcpmt:iostream.obj
 0001:0002cd79       _$E16                      0042dd79 f   libcpmt:iostream.obj
 0001:0002cd83       _$E23                      0042dd83 f   libcpmt:iostream.obj
 0001:0002cd8d       _$E20                      0042dd8d f   libcpmt:iostream.obj
 0001:0002cd9a       _$E22                      0042dd9a f   libcpmt:iostream.obj
 0001:0002cda6       _$E21                      0042dda6 f   libcpmt:iostream.obj
 0001:0002cdb0       _$E28                      0042ddb0 f   libcpmt:iostream.obj
 0001:0002cdba       _$E25                      0042ddba f   libcpmt:iostream.obj
 0001:0002cdc9       _$E27                      0042ddc9 f   libcpmt:iostream.obj
 0001:0002cdd5       _$E26                      0042ddd5 f   libcpmt:iostream.obj
 0001:0002cddf       _$E33                      0042dddf f   libcpmt:iostream.obj
 0001:0002cde9       _$E30                      0042dde9 f   libcpmt:iostream.obj
 0001:0002cdf8       _$E32                      0042ddf8 f   libcpmt:iostream.obj
 0001:0002ce04       _$E31                      0042de04 f   libcpmt:iostream.obj
 0001:0002ce0e       _$E38                      0042de0e f   libcpmt:iostream.obj
 0001:0002ce18       _$E35                      0042de18 f   libcpmt:iostream.obj
 0001:0002ce25       _$E37                      0042de25 f   libcpmt:iostream.obj
 0001:0002ce31       _$E36                      0042de31 f   libcpmt:iostream.obj
 0001:0002ce3b       _$E43                      0042de3b f   libcpmt:iostream.obj
 0001:0002ce45       _$E40                      0042de45 f   libcpmt:iostream.obj
 0001:0002ce54       _$E42                      0042de54 f   libcpmt:iostream.obj
 0001:0002ce60       _$E41                      0042de60 f   libcpmt:iostream.obj
 0001:0002ce6a       _$E48                      0042de6a f   libcpmt:iostream.obj
 0001:0002ce74       _$E45                      0042de74 f   libcpmt:iostream.obj
 0001:0002ce83       _$E47                      0042de83 f   libcpmt:iostream.obj
 0001:0002ce8f       _$E46                      0042de8f f   libcpmt:iostream.obj
 0001:0002d124       _$E60                      0042e124 f   libcpmt:iostream.obj
 0001:0002d14e       _$E56                      0042e14e f   libcpmt:iostream.obj
 0001:0002d15a       _$E59                      0042e15a f   libcpmt:iostream.obj
 0001:0002cd14       _$E32                      0042dd14 f   libcpmt:locale.obj
 0001:0002cd3e       _$E28                      0042dd3e f   libcpmt:locale.obj
 0001:0002cd4a       _$E31                      0042dd4a f   libcpmt:locale.obj
 0001:0002a5bc       _$E18                      0042b5bc f   libcpmt:locale0.obj
 0001:0002a5c6       _$E15                      0042b5c6 f   libcpmt:locale0.obj
 0001:0002a5c7       _$E17                      0042b5c7 f   libcpmt:locale0.obj
 0001:0002a5d3       _$E16                      0042b5d3 f   libcpmt:locale0.obj
 0001:0002aa05       _$E29                      0042ba05 f   libcpmt:locale0.obj
 0001:0002aa2f       _$E25                      0042ba2f f   libcpmt:locale0.obj
 0001:0002aa3b       _$E28                      0042ba3b f   libcpmt:locale0.obj
 0001:00029fac       _$E24                      0042afac f   libcpmt:strstrea.obj
 0001:00029fd6       _$E20                      0042afd6 f   libcpmt:strstrea.obj
 0001:00029fe2       _$E23                      0042afe2 f   libcpmt:strstrea.obj
 0001:00029766       ?_CleanUp@std@@YAXXZ       0042a766 f   libcpmt:xlock.obj
 0001:000296a5       _$E24                      0042a6a5 f   libcpmt:string.obj
 0001:000296cf       _$E20                      0042a6cf f   libcpmt:string.obj
 0001:000296db       _$E23                      0042a6db f   libcpmt:string.obj
 0001:000459d8       _findenv                   004469d8 f   LIBCMT:setenv.obj
 0001:00045a30       _copy_environ              00446a30 f   LIBCMT:setenv.obj
 0001:00044c70       _ctrlevent_capture@4       00445c70 f   LIBCMT:winsig.obj
 0001:00044e54       _siglookup                 00445e54 f   LIBCMT:winsig.obj
 0001:0004436b       _xtoa                      0044536b f   LIBCMT:xtoa.obj
 0001:0004443d       _x64toa@20                 0044543d f   LIBCMT:xtoa.obj
 0001:000436a5       _getSystemCP               004446a5 f   LIBCMT:mbctype.obj
 0001:000436ef       _CPtoLCID                  004446ef f   LIBCMT:mbctype.obj
 0001:00043722       _setSBCS                   00444722 f   LIBCMT:mbctype.obj
 0001:0004374b       _setSBUpLow                0044474b f   LIBCMT:mbctype.obj
 0001:000434c7       _x_ismbbtype               004444c7 f   LIBCMT:ismbbyte.obj
 0001:00042b32       __abstract_cw              00443b32 f   LIBCMT:ieee87.obj
 0001:00042bc4       __hw_cw                    00443bc4 f   LIBCMT:ieee87.obj
 0001:00042c4d       __abstract_sw              00443c4d f   LIBCMT:ieee87.obj
 0001:00041967       _TranslateName             00442967 f   LIBCMT:getqloc.obj
 0001:000419bf       _GetLcidFromLangCountry    004429bf f   LIBCMT:getqloc.obj
 0001:00041a46       _LangCountryEnumProc@4     00442a46 f   LIBCMT:getqloc.obj
 0001:00041c4a       _GetLcidFromLanguage       00442c4a f   LIBCMT:getqloc.obj
 0001:00041ca0       _LanguageEnumProc@4        00442ca0 f   LIBCMT:getqloc.obj
 0001:00041d5d       _GetLcidFromCountry        00442d5d f   LIBCMT:getqloc.obj
 0001:00041d94       _CountryEnumProc@4         00442d94 f   LIBCMT:getqloc.obj
 0001:00041e1a       _GetLcidFromDefault        00442e1a f   LIBCMT:getqloc.obj
 0001:00041e34       _ProcessCodePage           00442e34 f   LIBCMT:getqloc.obj
 0001:00041e9a       _TestDefaultCountry        00442e9a f   LIBCMT:getqloc.obj
 0001:00041eb9       _TestDefaultLanguage       00442eb9 f   LIBCMT:getqloc.obj
 0001:00041f1b       _IsThisWindowsNT           00442f1b f   LIBCMT:getqloc.obj
 0001:00041f51       _crtGetLocaleInfoA@16      00442f51 f   LIBCMT:getqloc.obj
 0001:00042037       _LcidFromHexString         00443037 f   LIBCMT:getqloc.obj
 0001:00042070       _GetPrimaryLen             00443070 f   LIBCMT:getqloc.obj
 0001:00041374       __get_lc_lconv             00442374 f   LIBCMT:initmon.obj
 0001:00041496       _fix_grouping              00442496 f   LIBCMT:initmon.obj
 0001:000414cd       __free_lc_lconv            004424cd f   LIBCMT:initmon.obj
 0001:00041272       _fix_grouping              00442272 f   LIBCMT:initnum.obj
 0001:00040bbf       __get_lc_time              00441bbf f   LIBCMT:inittime.obj
 0001:00040f0d       __free_lc_time             00441f0d f   LIBCMT:inittime.obj
 0001:0003eaed       _parse_cmdline             0043faed f   LIBCMT:stdargv.obj
 0001:0003e909       _xcptlookup                0043f909 f   LIBCMT:winxfltr.obj
 0001:0003e504       __cftoe2                   0043f504 f   LIBCMT:cvt.obj
 0001:0003e61b       __cftof2                   0043f61b f   LIBCMT:cvt.obj
 0001:0003e7a6       __shift                    0043f7a6 f   LIBCMT:cvt.obj
 0001:0003e11f       _write_char                0043f11f f   LIBCMT:output.obj
 0001:0003e154       _write_multi_char          0043f154 f   LIBCMT:output.obj
 0001:0003e185       _write_string              0043f185 f   LIBCMT:output.obj
 0001:0003e1bd       _get_int_arg               0043f1bd f   LIBCMT:output.obj
 0001:0003e1ca       _get_int64_arg             0043f1ca f   LIBCMT:output.obj
 0001:0003e1da       _get_short_arg             0043f1da f   LIBCMT:output.obj
 0001:0003d228       __tzset_lk                 0043e228 f   LIBCMT:tzset.obj
 0001:0003d4d0       __isindst_lk               0043e4d0 f   LIBCMT:tzset.obj
 0001:0003d67c       _cvtdate                   0043e67c f   LIBCMT:tzset.obj
 0001:0003c913       ?FindHandler@@YAXPAUEHExceptionRecord@@PAUEHRegistrationNode@@PAU_CONTEXT@@PAXPBU_s_FuncInfo@@EH1@Z 0043d913 f   LIBCMT:frame.obj
 0001:0003cac6       ?FindHandlerForForeignException@@YAXPAUEHExceptionRecord@@PAUEHRegistrationNode@@PAU_CONTEXT@@PAXPBU_s_FuncInfo@@HH1@Z 0043dac6 f   LIBCMT:frame.obj
 0001:0003cb70       ?TypeMatch@@YAHPBU_s_HandlerType@@PBU_s_CatchableType@@PBU_s_ThrowInfo@@@Z 0043db70 f   LIBCMT:frame.obj
 0001:0003cc6b       ?FrameUnwindFilter@@YAHPAU_EXCEPTION_POINTERS@@@Z 0043dc6b f   LIBCMT:frame.obj
 0001:0003cc81       ?CatchIt@@YAXPAUEHExceptionRecord@@PAUEHRegistrationNode@@PAU_CONTEXT@@PAXPBU_s_FuncInfo@@PBU_s_HandlerType@@PBU_s_CatchableType@@PBU_s_TryBlockMapEntry@@H1E@Z 0043dc81 f   LIBCMT:frame.obj
 0001:0003ccfc       ?CallCatchBlock@@YAPAXPAUEHExceptionRecord@@PAUEHRegistrationNode@@PAU_CONTEXT@@PBU_s_FuncInfo@@PAXHK@Z 0043dcfc f   LIBCMT:frame.obj
 0001:0003ce17       ?ExFilterRethrow@@YAHPAU_EXCEPTION_POINTERS@@@Z 0043de17 f   LIBCMT:frame.obj
 0001:0003ce41       ?BuildCatchObject@@YAXPAUEHExceptionRecord@@PAUEHRegistrationNode@@PBU_s_HandlerType@@PBU_s_CatchableType@@@Z 0043de41 f   LIBCMT:frame.obj
 0001:0003d06c       ?AdjustPointer@@YAPAXPAXABUPMD@@@Z 0043e06c f   LIBCMT:frame.obj
 0001:0003c508       _doexit                    0043d508 f   LIBCMT:crt0dat.obj
 0001:0003c5bf       __initterm                 0043d5bf f   LIBCMT:crt0dat.obj
 0001:0003c470       _strncnt                   0043d470 f   LIBCMT:a_cmp.obj
 0001:0003c0a9       _strncnt                   0043d0a9 f   LIBCMT:a_map.obj
 0001:0003b5a8       __expandtime               0043c5a8 f   LIBCMT:strftime.obj
 0001:0003b997       __store_str                0043c997 f   LIBCMT:strftime.obj
 0001:0003b9be       __store_num                0043c9be f   LIBCMT:strftime.obj
 0001:0003ba2d       __store_number             0043ca2d f   LIBCMT:strftime.obj
 0001:0003ba76       __store_winword            0043ca76 f   LIBCMT:strftime.obj
 0001:0003a9d3       _strtoxl                   0043b9d3 f   LIBCMT:strtol.obj
 0001:0003a3c5       __setlocale_set_cat        0043b3c5 f   LIBCMT:setlocal.obj
 0001:0003a4e0       __setlocale_get_all        0043b4e0 f   LIBCMT:setlocal.obj
 0001:00039ff6       _flsall                    0043aff6 f   LIBCMT:fflush.obj
 0001:000396cc       _fast_error_exit           0043a6cc f   LIBCMT:wincrt0.obj
 0001:00038f65       ?ArrayUnwindFilter@@YAHPAU_EXCEPTION_POINTERS@@@Z 00439f65 f   LIBCMT:ehvecdtr.obj
 0001:00038b40       LeadUp1                    00439b40 f   LIBCMT:memmove.obj
 0001:00038b6c       LeadUp2                    00439b6c f   LIBCMT:memmove.obj
 0001:00038b90       LeadUp3                    00439b90 f   LIBCMT:memmove.obj
 0001:00038c0f       UnwindUp0                  00439c0f f   LIBCMT:memmove.obj
 0001:00038bfc       UnwindUp1                  00439bfc f   LIBCMT:memmove.obj
 0001:00038bf4       UnwindUp2                  00439bf4 f   LIBCMT:memmove.obj
 0001:00038bec       UnwindUp3                  00439bec f   LIBCMT:memmove.obj
 0001:00038be4       UnwindUp4                  00439be4 f   LIBCMT:memmove.obj
 0001:00038bdc       UnwindUp5                  00439bdc f   LIBCMT:memmove.obj
 0001:00038bd4       UnwindUp6                  00439bd4 f   LIBCMT:memmove.obj
 0001:00038bcc       UnwindUp7                  00439bcc f   LIBCMT:memmove.obj
 0001:00038c28       TrailUp0                   00439c28 f   LIBCMT:memmove.obj
 0001:00038c30       TrailUp1                   00439c30 f   LIBCMT:memmove.obj
 0001:00038c3c       TrailUp2                   00439c3c f   LIBCMT:memmove.obj
 0001:00038c50       TrailUp3                   00439c50 f   LIBCMT:memmove.obj
 0001:00038cc8       LeadDown1                  00439cc8 f   LIBCMT:memmove.obj
 0001:00038ce8       LeadDown2                  00439ce8 f   LIBCMT:memmove.obj
 0001:00038d10       LeadDown3                  00439d10 f   LIBCMT:memmove.obj
 0001:00038d64       UnwindDown7                00439d64 f   LIBCMT:memmove.obj
 0001:00038d6c       UnwindDown6                00439d6c f   LIBCMT:memmove.obj
 0001:00038d74       UnwindDown5                00439d74 f   LIBCMT:memmove.obj
 0001:00038d7c       UnwindDown4                00439d7c f   LIBCMT:memmove.obj
 0001:00038d84       UnwindDown3                00439d84 f   LIBCMT:memmove.obj
 0001:00038d8c       UnwindDown2                00439d8c f   LIBCMT:memmove.obj
 0001:00038d94       UnwindDown1                00439d94 f   LIBCMT:memmove.obj
 0001:00038da7       UnwindDown0                00439da7 f   LIBCMT:memmove.obj
 0001:00038dc0       TrailDown0                 00439dc0 f   LIBCMT:memmove.obj
 0001:00038dc8       TrailDown1                 00439dc8 f   LIBCMT:memmove.obj
 0001:00038dd8       TrailDown2                 00439dd8 f   LIBCMT:memmove.obj
 0001:00038dec       TrailDown3                 00439dec f   LIBCMT:memmove.obj
 0001:00038720       LeadUp1                    00439720 f   LIBCMT:memcpy.obj
 0001:0003874c       LeadUp2                    0043974c f   LIBCMT:memcpy.obj
 0001:00038770       LeadUp3                    00439770 f   LIBCMT:memcpy.obj
 0001:000387ef       UnwindUp0                  004397ef f   LIBCMT:memcpy.obj
 0001:000387dc       UnwindUp1                  004397dc f   LIBCMT:memcpy.obj
 0001:000387d4       UnwindUp2                  004397d4 f   LIBCMT:memcpy.obj
 0001:000387cc       UnwindUp3                  004397cc f   LIBCMT:memcpy.obj
 0001:000387c4       UnwindUp4                  004397c4 f   LIBCMT:memcpy.obj
 0001:000387bc       UnwindUp5                  004397bc f   LIBCMT:memcpy.obj
 0001:000387b4       UnwindUp6                  004397b4 f   LIBCMT:memcpy.obj
 0001:000387ac       UnwindUp7                  004397ac f   LIBCMT:memcpy.obj
 0001:00038808       TrailUp0                   00439808 f   LIBCMT:memcpy.obj
 0001:00038810       TrailUp1                   00439810 f   LIBCMT:memcpy.obj
 0001:0003881c       TrailUp2                   0043981c f   LIBCMT:memcpy.obj
 0001:00038830       TrailUp3                   00439830 f   LIBCMT:memcpy.obj
 0001:000388a8       LeadDown1                  004398a8 f   LIBCMT:memcpy.obj
 0001:000388c8       LeadDown2                  004398c8 f   LIBCMT:memcpy.obj
 0001:000388f0       LeadDown3                  004398f0 f   LIBCMT:memcpy.obj
 0001:00038944       UnwindDown7                00439944 f   LIBCMT:memcpy.obj
 0001:0003894c       UnwindDown6                0043994c f   LIBCMT:memcpy.obj
 0001:00038954       UnwindDown5                00439954 f   LIBCMT:memcpy.obj
 0001:0003895c       UnwindDown4                0043995c f   LIBCMT:memcpy.obj
 0001:00038964       UnwindDown3                00439964 f   LIBCMT:memcpy.obj
 0001:0003896c       UnwindDown2                0043996c f   LIBCMT:memcpy.obj
 0001:00038974       UnwindDown1                00439974 f   LIBCMT:memcpy.obj
 0001:00038987       UnwindDown0                00439987 f   LIBCMT:memcpy.obj
 0001:000389a0       TrailDown0                 004399a0 f   LIBCMT:memcpy.obj
 0001:000389a8       TrailDown1                 004399a8 f   LIBCMT:memcpy.obj
 0001:000389b8       TrailDown2                 004399b8 f   LIBCMT:memcpy.obj
 0001:000389cc       TrailDown3                 004399cc f   LIBCMT:memcpy.obj
 0001:00038250       _gu_return                 00439250 f   LIBCMT:exsup.obj
 0001:00038258       __unwind_handler           00439258 f   LIBCMT:exsup.obj
 0001:0003806a       ?CatchGuardHandler@@YA?AW4_EXCEPTION_DISPOSITION@@PAUEHExceptionRecord@@PAUCatchGuardRN@@PAX2@Z 0043906a f   LIBCMT:trnsctrl.obj
 0001:00038145       ?TranslatorGuardHandler@@YA?AW4_EXCEPTION_DISPOSITION@@PAUEHExceptionRecord@@PAUTranslatorGuardRN@@PAX2@Z 00439145 f   LIBCMT:trnsctrl.obj
